app/(tabs)/(home)/index.tsx(88,27): error TS2339: Property 'onboarding_completed' does not exist on type 'SelectQueryError<"column 'onboarding_completed' does not exist on 'profiles'.">'.
app/(tabs)/_layout.ios.tsx(12,17): error TS2304: Cannot find name 'useLocale'.
app/(tabs)/calendar/add-event.tsx(149,13): error TS2322: Type '{ onLocationSelect: (details: any) => void; initialValue: string; placeholder: string; }' is not assignable to type 'IntrinsicAttributes & Props'.
  Property 'onLocationSelect' does not exist on type 'IntrinsicAttributes & Props'.
app/(tabs)/calendar/add-event.tsx(149,32): error TS7006: Parameter 'details' implicitly has an 'any' type.
app/(tabs)/documents/index.tsx(169,66): error TS2339: Property 'message' does not exist on type '{}'.
app/(tabs)/pets/[id]/album.tsx(164,29): error TS2820: Type '"expand_more"' is not assignable to type '"sort" | "map" | "filter" | "abc" | "web" | "tag" | "group" | "download" | "style" | "accessible" | "scale" | "animation" | "opacity" | "visibility" | "height" | "margin" | "padding" | ... 2216 more ... | "zoom-out-map"'. Did you mean '"expand-more"'?
app/(tabs)/pets/[id]/documents.tsx(62,31): error TS2339: Property 'name' does not exist on type '{ archived: boolean | null; auto_archive_date: string | null; confidentiality_level: string | null; created_at: string; document_date: string | null; document_range_end: string | null; ... 18 more ...; visibility: string | null; }'.
app/(tabs)/pets/[id]/documents.tsx(126,71): error TS2339: Property 'name' does not exist on type '{ archived: boolean | null; auto_archive_date: string | null; confidentiality_level: string | null; created_at: string; document_date: string | null; document_range_end: string | null; ... 18 more ...; visibility: string | null; }'.
app/(tabs)/pets/[id]/documents.tsx(138,79): error TS2339: Property 'mime_type' does not exist on type '{ archived: boolean | null; auto_archive_date: string | null; confidentiality_level: string | null; created_at: string; document_date: string | null; document_range_end: string | null; ... 18 more ...; visibility: string | null; }'.
app/(tabs)/pets/[id]/documents.tsx(140,31): error TS2339: Property 'size_bytes' does not exist on type '{ archived: boolean | null; auto_archive_date: string | null; confidentiality_level: string | null; created_at: string; document_date: string | null; document_range_end: string | null; ... 18 more ...; visibility: string | null; }'.
app/(tabs)/pets/[id]/documents.tsx(142,28): error TS2339: Property 'size_bytes' does not exist on type '{ archived: boolean | null; auto_archive_date: string | null; confidentiality_level: string | null; created_at: string; document_date: string | null; document_range_end: string | null; ... 18 more ...; visibility: string | null; }'.
app/(tabs)/pets/[id]/documents.tsx(143,35): error TS2339: Property 'size_bytes' does not exist on type '{ archived: boolean | null; auto_archive_date: string | null; confidentiality_level: string | null; created_at: string; document_date: string | null; document_range_end: string | null; ... 18 more ...; visibility: string | null; }'.
app/(tabs)/pets/[id]/documents.tsx(144,35): error TS2339: Property 'size_bytes' does not exist on type '{ archived: boolean | null; auto_archive_date: string | null; confidentiality_level: string | null; created_at: string; document_date: string | null; document_range_end: string | null; ... 18 more ...; visibility: string | null; }'.
app/(tabs)/pets/[id]/documents.tsx(196,13): error TS2304: Cannot find name 'Alert'.
app/(tabs)/pets/[id]/documents.tsx(196,50): error TS2339: Property 'message' does not exist on type '{}'.
app/(tabs)/pets/[id]/edit.tsx(54,34): error TS2339: Property 'weight_unit' does not exist on type 'Pet'.
app/(tabs)/pets/[id]/edit.tsx(56,28): error TS2339: Property 'notes' does not exist on type 'Pet'.
app/(tabs)/pets/[id]/events.tsx(56,57): error TS2339: Property 'date' does not exist on type 'CalendarEvent'.
app/(tabs)/pets/[id]/events.tsx(57,53): error TS2339: Property 'date' does not exist on type 'CalendarEvent'.
app/(tabs)/pets/[id]/events.tsx(64,24): error TS2304: Cannot find name 'styles'.
app/(tabs)/pets/[id]/events.tsx(65,26): error TS2304: Cannot find name 'styles'.
app/(tabs)/pets/[id]/events.tsx(66,28): error TS2304: Cannot find name 'styles'.
app/(tabs)/pets/[id]/events.tsx(67,28): error TS2304: Cannot find name 'styles'.
app/(tabs)/pets/[id]/events.tsx(70,22): error TS2304: Cannot find name 'styles'.
app/(tabs)/pets/[id]/events.tsx(74,28): error TS2304: Cannot find name 'styles'.
app/(tabs)/pets/[id]/events.tsx(81,28): error TS2304: Cannot find name 'styles'.
app/(tabs)/pets/[id]/events.tsx(83,30): error TS2304: Cannot find name 'styles'.
app/(tabs)/pets/[id]/events.tsx(87,63): error TS2339: Property 'date' does not exist on type 'CalendarEvent'.
app/(tabs)/pets/[id]/events.tsx(118,41): error TS2322: Type '{ name: string; size: number; }' is not assignable to type 'IntrinsicAttributes & { ios_icon_name?: string | undefined; android_material_icon_name: "sort" | "map" | "filter" | "abc" | "web" | "tag" | "group" | "download" | ... 2225 more ... | "zoom-out-map"; size?: number | undefined; color: string | OpaqueColorValue; style?: StyleProp<...>; weight?: SymbolWeight | undefined...'.
  Property 'name' does not exist on type 'IntrinsicAttributes & { ios_icon_name?: string | undefined; android_material_icon_name: "sort" | "map" | "filter" | "abc" | "web" | "tag" | "group" | "download" | ... 2225 more ... | "zoom-out-map"; size?: number | undefined; color: string | OpaqueColorValue; style?: StyleProp<...>; weight?: SymbolWeight | undefined...'.
app/(tabs)/pets/[id]/events.tsx(128,43): error TS2820: Type '"calendar_today"' is not assignable to type '"sort" | "map" | "filter" | "abc" | "web" | "tag" | "group" | "download" | "style" | "accessible" | "scale" | "animation" | "opacity" | "visibility" | "height" | "margin" | "padding" | ... 2216 more ... | "zoom-out-map"'. Did you mean '"calendar-today"'?
app/(tabs)/pets/[id]/events.tsx(129,44): error TS2304: Cannot find name 'styles'.
app/(tabs)/pets/[id]/events.tsx(129,84): error TS2339: Property 'date' does not exist on type 'CalendarEvent'.
app/(tabs)/pets/[id]/events.tsx(130,43): error TS2820: Type '"access_time"' is not assignable to type '"sort" | "map" | "filter" | "abc" | "web" | "tag" | "group" | "download" | "style" | "accessible" | "scale" | "animation" | "opacity" | "visibility" | "height" | "margin" | "padding" | ... 2216 more ... | "zoom-out-map"'. Did you mean '"access-time"'?
app/(tabs)/pets/[id]/events.tsx(131,44): error TS2304: Cannot find name 'styles'.
app/(tabs)/pets/[id]/events.tsx(132,40): error TS2339: Property 'allDay' does not exist on type 'CalendarEvent'.
app/(tabs)/pets/[id]/events.tsx(132,105): error TS2339: Property 'date' does not exist on type 'CalendarEvent'.
app/(tabs)/pets/[id]/events.tsx(154,28): error TS2304: Cannot find name 'styles'.
app/(tabs)/pets/[id]/events.tsx(156,30): error TS2304: Cannot find name 'styles'.
app/(tabs)/pets/[id]/events.tsx(190,41): error TS2322: Type '{ name: string; size: number; }' is not assignable to type 'IntrinsicAttributes & { ios_icon_name?: string | undefined; android_material_icon_name: "sort" | "map" | "filter" | "abc" | "web" | "tag" | "group" | "download" | ... 2225 more ... | "zoom-out-map"; size?: number | undefined; color: string | OpaqueColorValue; style?: StyleProp<...>; weight?: SymbolWeight | undefined...'.
  Property 'name' does not exist on type 'IntrinsicAttributes & { ios_icon_name?: string | undefined; android_material_icon_name: "sort" | "map" | "filter" | "abc" | "web" | "tag" | "group" | "download" | ... 2225 more ... | "zoom-out-map"; size?: number | undefined; color: string | OpaqueColorValue; style?: StyleProp<...>; weight?: SymbolWeight | undefined...'.
app/(tabs)/pets/[id]/events.tsx(195,113): error TS2339: Property 'date' does not exist on type 'CalendarEvent'.
app/(tabs)/pets/[id]/events.tsx(198,43): error TS2820: Type '"access_time"' is not assignable to type '"sort" | "map" | "filter" | "abc" | "web" | "tag" | "group" | "download" | "style" | "accessible" | "scale" | "animation" | "opacity" | "visibility" | "height" | "margin" | "padding" | ... 2216 more ... | "zoom-out-map"'. Did you mean '"access-time"'?
app/(tabs)/pets/[id]/events.tsx(199,44): error TS2304: Cannot find name 'styles'.
app/(tabs)/pets/[id]/events.tsx(200,40): error TS2339: Property 'allDay' does not exist on type 'CalendarEvent'.
app/(tabs)/pets/[id]/events.tsx(200,105): error TS2339: Property 'date' does not exist on type 'CalendarEvent'.
app/(tabs)/pets/[id]/events.tsx(221,26): error TS2304: Cannot find name 'styles'.
app/(tabs)/pets/[id]/events.tsx(223,28): error TS2304: Cannot find name 'styles'.
app/(tabs)/pets/[id]/events.tsx(224,28): error TS2304: Cannot find name 'styles'.
app/(tabs)/pets/[id]/events.tsx(226,24): error TS2304: Cannot find name 'styles'.
app/(tabs)/pets/[id]/events.tsx(230,30): error TS2304: Cannot find name 'styles'.
app/(tabs)/pets/[id]/history.tsx(67,17): error TS1117: An object literal cannot have multiple properties with the same name.
app/(tabs)/pets/[id]/history.tsx(68,17): error TS1117: An object literal cannot have multiple properties with the same name.
app/(tabs)/pets/[id]/history.tsx(83,17): error TS1117: An object literal cannot have multiple properties with the same name.
app/(tabs)/pets/[id]/history.tsx(84,17): error TS1117: An object literal cannot have multiple properties with the same name.
app/(tabs)/pets/[id]/history.tsx(99,17): error TS1117: An object literal cannot have multiple properties with the same name.
app/(tabs)/pets/[id]/history.tsx(100,17): error TS1117: An object literal cannot have multiple properties with the same name.
app/(tabs)/pets/[id]/history.tsx(115,17): error TS1117: An object literal cannot have multiple properties with the same name.
app/(tabs)/pets/[id]/history.tsx(116,17): error TS1117: An object literal cannot have multiple properties with the same name.
app/(tabs)/pets/[id]/index.tsx(49,18): error TS2339: Property 'birth_date' does not exist on type 'Pet'.
app/(tabs)/pets/[id]/index.tsx(50,36): error TS2339: Property 'birth_date' does not exist on type 'Pet'.
app/(tabs)/pets/[id]/index.tsx(191,17): error TS2322: Type '{ visible: boolean; onClose: () => void; petId: string; onLinkGenerated: () => void; }' is not assignable to type 'IntrinsicAttributes & ShareModalProps'.
  Property 'onLinkGenerated' does not exist on type 'IntrinsicAttributes & ShareModalProps'.
app/(tabs)/pets/[id]/overview.tsx(171,36): error TS2345: Argument of type 'Allergy' is not assignable to parameter of type 'SetStateAction<Allergy | null>'.
  Type 'import("/Users/antonkhrabrov/Workspace/Projects/Waggly/Waggly/types/v2/schema").Allergy' is not assignable to type 'import("/Users/antonkhrabrov/Workspace/Projects/Waggly/Waggly/types/index").Allergy'.
    Type 'Allergy' is missing the following properties from type '{ allergen: string; allergy_alert_enabled: boolean | null; allergy_type: string | null; avoidance_measures: Json; created_at: string | null; current_treatment: Json; ... 26 more ...; vet_aware: boolean | null; }': allergen, allergy_alert_enabled, allergy_type, avoidance_measures, and 23 more.
app/(tabs)/pets/[id]/overview.tsx(181,38): error TS2345: Argument of type 'Allergy' is not assignable to parameter of type 'SetStateAction<Allergy | null>'.
  Type 'import("/Users/antonkhrabrov/Workspace/Projects/Waggly/Waggly/types/v2/schema").Allergy' is not assignable to type 'import("/Users/antonkhrabrov/Workspace/Projects/Waggly/Waggly/types/index").Allergy'.
    Type 'Allergy' is missing the following properties from type '{ allergen: string; allergy_alert_enabled: boolean | null; allergy_type: string | null; avoidance_measures: Json; created_at: string | null; current_treatment: Json; ... 26 more ...; vet_aware: boolean | null; }': allergen, allergy_alert_enabled, allergy_type, avoidance_measures, and 23 more.
app/(tabs)/pets/[id]/overview.tsx(208,46): error TS2345: Argument of type 'Condition' is not assignable to parameter of type 'SetStateAction<Condition | null>'.
  Type 'import("/Users/antonkhrabrov/Workspace/Projects/Waggly/Waggly/types/v2/schema").Condition' is not assignable to type 'import("/Users/antonkhrabrov/Workspace/Projects/Waggly/Waggly/types/index").Condition'.
    Types of property 'status' are incompatible.
      Type '"active" | "resolved" | "unknown" | "managed"' is not assignable to type '"active" | "resolved" | "recurring"'.
        Type '"unknown"' is not assignable to type '"active" | "resolved" | "recurring"'.
app/(tabs)/pets/[id]/overview.tsx(273,48): error TS2345: Argument of type 'Vaccination & { provider_name?: string | undefined; }' is not assignable to parameter of type 'SetStateAction<{ administered_by: string | null; administered_time: string | null; administering_vet: string | null; batch_number: string | null; category: string; certificate_document_id: string | null; ... 28 more ...; vaccine_name: string; } | null>'.
  Type 'Vaccination & { provider_name?: string | undefined; }' is missing the following properties from type '{ administered_by: string | null; administered_time: string | null; administering_vet: string | null; batch_number: string | null; category: string; certificate_document_id: string | null; ... 28 more ...; vaccine_name: string; }': administered_by, administered_time, administering_vet, category, and 22 more.
app/(tabs)/pets/[id]/overview.tsx(317,48): error TS2345: Argument of type 'Vaccination & { provider_name?: string | undefined; }' is not assignable to parameter of type 'SetStateAction<{ administered_by: string | null; administered_time: string | null; administering_vet: string | null; batch_number: string | null; category: string; certificate_document_id: string | null; ... 28 more ...; vaccine_name: string; } | null>'.
  Type 'Vaccination & { provider_name?: string | undefined; }' is missing the following properties from type '{ administered_by: string | null; administered_time: string | null; administering_vet: string | null; batch_number: string | null; category: string; certificate_document_id: string | null; ... 28 more ...; vaccine_name: string; }': administered_by, administered_time, administering_vet, category, and 22 more.
app/(tabs)/pets/[id]/overview.tsx(366,45): error TS2339: Property 'is_active' does not exist on type 'Medication'.
app/(tabs)/pets/[id]/overview.tsx(366,60): error TS2339: Property 'category' does not exist on type 'Medication'.
app/(tabs)/pets/[id]/overview.tsx(367,46): error TS2339: Property 'is_active' does not exist on type 'Medication'.
app/(tabs)/pets/[id]/overview.tsx(367,61): error TS2339: Property 'category' does not exist on type 'Medication'.
app/(tabs)/pets/[id]/overview.tsx(372,48): error TS2345: Argument of type 'Medication' is not assignable to parameter of type 'SetStateAction<{ category: string; cost: number | null; created_at: string | null; currency: string | null; dosage: string | null; dosage_unit: string | null; dosage_value: number | null; end_date: string | null; ... 11 more ...; vet: string | null; } | null>'.
  Type 'Medication' is missing the following properties from type '{ category: string; cost: number | null; created_at: string | null; currency: string | null; dosage: string | null; dosage_unit: string | null; dosage_value: number | null; end_date: string | null; ... 11 more ...; vet: string | null; }': category, cost, currency, dosage_unit, and 8 more.
app/(tabs)/pets/[id]/overview.tsx(402,50): error TS2345: Argument of type 'Medication' is not assignable to parameter of type 'SetStateAction<{ category: string; cost: number | null; created_at: string | null; currency: string | null; dosage: string | null; dosage_unit: string | null; dosage_value: number | null; end_date: string | null; ... 11 more ...; vet: string | null; } | null>'.
  Type 'Medication' is missing the following properties from type '{ category: string; cost: number | null; created_at: string | null; currency: string | null; dosage: string | null; dosage_unit: string | null; dosage_value: number | null; end_date: string | null; ... 11 more ...; vet: string | null; }': category, cost, currency, dosage_unit, and 8 more.
app/(tabs)/pets/[id]/overview.tsx(409,109): error TS2339: Property 'category' does not exist on type 'Medication'.
app/(tabs)/pets/[id]/overview.tsx(482,66): error TS2339: Property 'timestamp' does not exist on type 'ActivityLog'.
app/(tabs)/pets/[id]/overview.tsx(538,9): error TS2322: Type '{ administered_by: string | null; administered_time: string | null; administering_vet: string | null; batch_number: string | null; category: string; certificate_document_id: string | null; ... 28 more ...; vaccine_name: string; } | null' is not assignable to type 'Vaccination | null | undefined'.
  Type '{ administered_by: string | null; administered_time: string | null; administering_vet: string | null; batch_number: string | null; category: string; certificate_document_id: string | null; ... 28 more ...; vaccine_name: string; }' is missing the following properties from type 'Vaccination': administered_date, valid_until, provider_id, status
app/(tabs)/pets/[id]/overview.tsx(548,9): error TS2322: Type '{ category: string; cost: number | null; created_at: string | null; currency: string | null; dosage: string | null; dosage_unit: string | null; dosage_value: number | null; end_date: string | null; ... 11 more ...; vet: string | null; } | null' is not assignable to type 'Medication | null | undefined'.
  Type '{ category: string; cost: number | null; created_at: string | null; currency: string | null; dosage: string | null; dosage_unit: string | null; dosage_value: number | null; end_date: string | null; ... 11 more ...; vet: string | null; }' is missing the following properties from type 'Medication': name, instructions, is_ongoing, provider_id
app/(tabs)/pets/[id]/overview.tsx(573,9): error TS2322: Type 'Condition | null' is not assignable to type 'Condition | null | undefined'.
  Type 'Condition' is missing the following properties from type 'Condition': description, created_at, updated_at
app/(tabs)/pets/[id]/overview.tsx(591,9): error TS2322: Type 'Allergy | null' is not assignable to type 'Allergy | null | undefined'.
  Type 'Allergy' is not assignable to type 'Allergy | null | undefined'.
    Type 'Allergy' is missing the following properties from type 'Allergy': name, reaction
app/(tabs)/pets/[id]/passport.tsx(107,50): error TS2304: Cannot find name 'VaccinationFormData'.
app/(tabs)/pets/[id]/passport.tsx(132,48): error TS2304: Cannot find name 'TreatmentFormData'.
app/(tabs)/pets/[id]/passport.tsx(171,46): error TS2304: Cannot find name 'AllergyFormData'.
app/(tabs)/pets/[id]/passport.tsx(196,46): error TS2304: Cannot find name 'EmergencyContactFormData'.
app/(tabs)/pets/[id]/passport.tsx(304,151): error TS2322: Type '{ administered_by: string | null; administered_time: string | null; administering_vet: string | null; batch_number: string | null; category: string; certificate_document_id: string | null; ... 28 more ...; vaccine_name: string; } | undefined' is not assignable to type 'Partial<VaccinationFormData> | undefined'.
  Type '{ administered_by: string | null; administered_time: string | null; administering_vet: string | null; batch_number: string | null; category: string; certificate_document_id: string | null; ... 28 more ...; vaccine_name: string; }' is not assignable to type 'Partial<VaccinationFormData>'.
    Types of property 'category' are incompatible.
      Type 'string' is not assignable to type 'VaccineCategory | undefined'.
app/(tabs)/pets/[id]/passport.tsx(305,144): error TS2322: Type '{ category: string; cost: number | null; created_at: string | null; currency: string | null; dosage: string | null; dosage_unit: string | null; dosage_value: number | null; end_date: string | null; ... 11 more ...; vet: string | null; } | undefined' is not assignable to type 'Partial<TreatmentFormData> | undefined'.
  Type '{ category: string; cost: number | null; created_at: string | null; currency: string | null; dosage: string | null; dosage_unit: string | null; dosage_value: number | null; end_date: string | null; ... 11 more ...; vet: string | null; }' is not assignable to type 'Partial<TreatmentFormData>'.
    Types of property 'category' are incompatible.
      Type 'string' is not assignable to type 'TreatmentCategory | undefined'.
app/(tabs)/pets/[id]/passport.tsx(306,135): error TS2322: Type 'Allergy | undefined' is not assignable to type 'Partial<AllergyFormData> | undefined'.
  Type 'Allergy' is not assignable to type 'Partial<AllergyFormData> | undefined'.
    Type 'Allergy' is not assignable to type 'Partial<AllergyFormData>'.
      Types of property 'type' are incompatible.
        Type '"medication" | "food" | "environment"' is not assignable to type 'AllergyType | undefined'.
          Type '"medication"' is not assignable to type 'AllergyType | undefined'.
app/(tabs)/pets/[id]/passport.tsx(307,148): error TS2322: Type 'EmergencyContact | undefined' is not assignable to type 'Partial<EmergencyContactFormData> | undefined'.
  Type 'EmergencyContact' is not assignable to type 'Partial<EmergencyContactFormData>'.
    Types of property 'phone' are incompatible.
      Type 'string | null | undefined' is not assignable to type 'string | undefined'.
        Type 'null' is not assignable to type 'string | undefined'.
app/(tabs)/pets/[id]/settings.tsx(44,86): error TS2339: Property 'default' does not exist on type '{ primary: string; secondary: string; tertiary: string; gradient: { start: string; end: string; }; }'.
app/(tabs)/pets/[id]/settings.tsx(51,82): error TS2339: Property 'card' does not exist on type '{ primary: string; secondary: string; tertiary: string; gradient: { start: string; end: string; }; }'.
app/(tabs)/pets/[id]/settings.tsx(91,82): error TS2339: Property 'card' does not exist on type '{ primary: string; secondary: string; tertiary: string; gradient: { start: string; end: string; }; }'.
app/(tabs)/pets/[id]/settings.tsx(112,82): error TS2339: Property 'card' does not exist on type '{ primary: string; secondary: string; tertiary: string; gradient: { start: string; end: string; }; }'.
app/(tabs)/pets/[id]/share.tsx(227,33): error TS2339: Property 'medium' does not exist on type '{ sm: { shadowColor: string; shadowOffset: { width: number; height: number; }; shadowOpacity: number; shadowRadius: number; elevation?: undefined; boxShadow?: undefined; } | { elevation: number; shadowColor?: undefined; shadowOffset?: undefined; shadowOpacity?: undefined; shadowRadius?: undefined; boxShadow?: undefi...'.
app/(tabs)/pets/[id]/share.tsx(249,33): error TS2339: Property 'small' does not exist on type '{ sm: { shadowColor: string; shadowOffset: { width: number; height: number; }; shadowOpacity: number; shadowRadius: number; elevation?: undefined; boxShadow?: undefined; } | { elevation: number; shadowColor?: undefined; shadowOffset?: undefined; shadowOpacity?: undefined; shadowRadius?: undefined; boxShadow?: undefi...'.
app/(tabs)/pets/add-pet.tsx(536,29): error TS2339: Property 'primaryBackground' does not exist on type '{ primary: string; primaryLight: string; primaryDark: string; background: string; backgroundGradientStart: string; backgroundGradientEnd: string; card: string; text: string; textSecondary: string; ... 12 more ...; errorLight: string; }'.
app/(tabs)/pets/add-treatment.tsx(104,10): error TS2769: No overload matches this call.
  Overload 1 of 2, '(values: { category: string; cost?: number | null | undefined; created_at?: string | null | undefined; currency?: string | null | undefined; dosage?: string | null | undefined; dosage_unit?: string | ... 1 more ... | undefined; ... 13 more ...; vet?: string | ... 1 more ... | undefined; }, options?: { ...; } | undefined): PostgrestFilterBuilder<...>', gave the following error.
    Argument of type '{ pet_id: string; medication_name: string; dosage: string; frequency: string | null; start_date: string; end_date: string | null; instructions: string | null; prescribing_vet: null; }[]' is not assignable to parameter of type '{ category: string; cost?: number | null | undefined; created_at?: string | null | undefined; currency?: string | null | undefined; dosage?: string | null | undefined; dosage_unit?: string | null | undefined; ... 13 more ...; vet?: string | ... 1 more ... | undefined; }'.
      Type '{ pet_id: string; medication_name: string; dosage: string; frequency: string | null; start_date: string; end_date: string | null; instructions: string | null; prescribing_vet: null; }[]' is missing the following properties from type '{ category: string; cost?: number | null | undefined; created_at?: string | null | undefined; currency?: string | null | undefined; dosage?: string | null | undefined; dosage_unit?: string | null | undefined; ... 13 more ...; vet?: string | ... 1 more ... | undefined; }': category, pet_id, start_date, treatment_name
  Overload 2 of 2, '(values: { category: string; cost?: number | null | undefined; created_at?: string | null | undefined; currency?: string | null | undefined; dosage?: string | null | undefined; dosage_unit?: string | ... 1 more ... | undefined; ... 13 more ...; vet?: string | ... 1 more ... | undefined; }[], options?: { ...; } | undefined): PostgrestFilterBuilder<...>', gave the following error.
    Object literal may only specify known properties, and 'medication_name' does not exist in type '{ category: string; cost?: number | null | undefined; created_at?: string | null | undefined; currency?: string | null | undefined; dosage?: string | null | undefined; dosage_unit?: string | null | undefined; ... 13 more ...; vet?: string | ... 1 more ... | undefined; }'.
app/(tabs)/pets/add-vaccination.tsx(138,10): error TS2769: No overload matches this call.
  Overload 1 of 2, '(values: { administered_by?: string | null | undefined; administered_time?: string | null | undefined; administering_vet?: string | null | undefined; batch_number?: string | null | undefined; ... 30 more ...; vaccine_name: string; }, options?: { ...; } | undefined): PostgrestFilterBuilder<...>', gave the following error.
    Argument of type '{ pet_id: string; vaccine_name: string; date_given: string; next_due_date: string | null; manufacturer: string | null; lot_number: string | null; notes: string | null; }[]' is not assignable to parameter of type '{ administered_by?: string | null | undefined; administered_time?: string | null | undefined; administering_vet?: string | null | undefined; batch_number?: string | null | undefined; ... 30 more ...; vaccine_name: string; }'.
      Type '{ pet_id: string; vaccine_name: string; date_given: string; next_due_date: string | null; manufacturer: string | null; lot_number: string | null; notes: string | null; }[]' is missing the following properties from type '{ administered_by?: string | null | undefined; administered_time?: string | null | undefined; administering_vet?: string | null | undefined; batch_number?: string | null | undefined; ... 30 more ...; vaccine_name: string; }': category, date_given, pet_id, vaccine_name
  Overload 2 of 2, '(values: { administered_by?: string | null | undefined; administered_time?: string | null | undefined; administering_vet?: string | null | undefined; batch_number?: string | null | undefined; ... 30 more ...; vaccine_name: string; }[], options?: { ...; } | undefined): PostgrestFilterBuilder<...>', gave the following error.
    Object literal may only specify known properties, and 'lot_number' does not exist in type '{ administered_by?: string | null | undefined; administered_time?: string | null | undefined; administering_vet?: string | null | undefined; batch_number?: string | null | undefined; ... 30 more ...; vaccine_name: string; }'.
app/(tabs)/pets/add-visit.tsx(153,51): error TS2322: Type 'string' is not assignable to type '"sort" | "map" | "filter" | "abc" | "web" | "tag" | "group" | "download" | "style" | "accessible" | "scale" | "animation" | "opacity" | "visibility" | "height" | "margin" | "padding" | ... 2216 more ... | "zoom-out-map"'.
app/(tabs)/pets/add-visit.tsx(173,46): error TS2322: Type 'string' is not assignable to type '"sort" | "map" | "filter" | "abc" | "web" | "tag" | "group" | "download" | "style" | "accessible" | "scale" | "animation" | "opacity" | "visibility" | "height" | "margin" | "padding" | ... 2216 more ... | "zoom-out-map"'.
app/(tabs)/pets/add-visit.tsx(191,9): error TS2304: Cannot find name 'setShowPlaceDropdown'.
app/(tabs)/pets/health-wizard.tsx(21,10): error TS2305: Module '"@/hooks/useReferenceData"' has no exported member 'useReferenceData'.
app/(tabs)/pets/health-wizard.tsx(73,34): error TS7006: Parameter 'v' implicitly has an 'any' type.
app/(tabs)/pets/health-wizard.tsx(87,36): error TS7006: Parameter 't' implicitly has an 'any' type.
app/(tabs)/pets/health-wizard.tsx(131,11): error TS2353: Object literal may only specify known properties, and 'reference_vaccination_id' does not exist in type 'Omit<{ administered_by?: string | null | undefined; administered_time?: string | null | undefined; administering_vet?: string | null | undefined; batch_number?: string | null | undefined; ... 30 more ...; vaccine_name: string; }, "id" | ... 2 more ... | "updated_at">'.
app/(tabs)/pets/health-wizard.tsx(137,11): error TS2353: Object literal may only specify known properties, and 'medication' does not exist in type 'Partial<{ category: string; cost: number | null; created_at: string | null; currency: string | null; dosage: string | null; dosage_unit: string | null; dosage_value: number | null; end_date: string | null; ... 11 more ...; vet: string | null; }>'.
app/(tabs)/pets/health-wizard.tsx(174,11): error TS2304: Cannot find name 'isMountedRef'.
app/(tabs)/pets/health-wizard.tsx(202,48): error TS2322: Type '{ name: string; size: number; color: string; }' is not assignable to type 'IntrinsicAttributes & { ios_icon_name?: string | undefined; android_material_icon_name: "sort" | "map" | "filter" | "abc" | "web" | "tag" | "group" | "download" | ... 2225 more ... | "zoom-out-map"; size?: number | undefined; color: string | OpaqueColorValue; style?: StyleProp<...>; weight?: SymbolWeight | undefined...'.
  Property 'name' does not exist on type 'IntrinsicAttributes & { ios_icon_name?: string | undefined; android_material_icon_name: "sort" | "map" | "filter" | "abc" | "web" | "tag" | "group" | "download" | ... 2225 more ... | "zoom-out-map"; size?: number | undefined; color: string | OpaqueColorValue; style?: StyleProp<...>; weight?: SymbolWeight | undefined...'.
app/(tabs)/pets/health-wizard.tsx(223,46): error TS2322: Type '{ name: string; size: number; color: string; }' is not assignable to type 'IntrinsicAttributes & { ios_icon_name?: string | undefined; android_material_icon_name: "sort" | "map" | "filter" | "abc" | "web" | "tag" | "group" | "download" | ... 2225 more ... | "zoom-out-map"; size?: number | undefined; color: string | OpaqueColorValue; style?: StyleProp<...>; weight?: SymbolWeight | undefined...'.
  Property 'name' does not exist on type 'IntrinsicAttributes & { ios_icon_name?: string | undefined; android_material_icon_name: "sort" | "map" | "filter" | "abc" | "web" | "tag" | "group" | "download" | ... 2225 more ... | "zoom-out-map"; size?: number | undefined; color: string | OpaqueColorValue; style?: StyleProp<...>; weight?: SymbolWeight | undefined...'.
app/(tabs)/pets/health-wizard.tsx(244,42): error TS2322: Type '{ name: string; size: number; color: string; }' is not assignable to type 'IntrinsicAttributes & { ios_icon_name?: string | undefined; android_material_icon_name: "sort" | "map" | "filter" | "abc" | "web" | "tag" | "group" | "download" | ... 2225 more ... | "zoom-out-map"; size?: number | undefined; color: string | OpaqueColorValue; style?: StyleProp<...>; weight?: SymbolWeight | undefined...'.
  Property 'name' does not exist on type 'IntrinsicAttributes & { ios_icon_name?: string | undefined; android_material_icon_name: "sort" | "map" | "filter" | "abc" | "web" | "tag" | "group" | "download" | ... 2225 more ... | "zoom-out-map"; size?: number | undefined; color: string | OpaqueColorValue; style?: StyleProp<...>; weight?: SymbolWeight | undefined...'.
app/(tabs)/pets/health-wizard.tsx(258,38): error TS7006: Parameter 'v' implicitly has an 'any' type.
app/(tabs)/pets/health-wizard.tsx(294,40): error TS7006: Parameter 't' implicitly has an 'any' type.
app/(tabs)/pets/index.tsx(75,10): error TS2741: Property 'petName' is missing in type '{ visible: boolean; onClose: () => void; petId: string; }' but required in type 'ShareModalProps'.
app/(tabs)/pets/new.tsx(34,5): error TS2353: Object literal may only specify known properties, and 'vetClinicName' does not exist in type 'WizardData'.
app/(tabs)/pets/new.tsx(126,26): error TS2339: Property 'vetClinicName' does not exist on type 'WizardData'.
app/(tabs)/pets/new.tsx(131,47): error TS2339: Property 'vetClinicName' does not exist on type 'WizardData'.
app/(tabs)/pets/new.tsx(132,44): error TS2339: Property 'vetName' does not exist on type 'WizardData'.
app/(tabs)/pets/new.tsx(133,43): error TS2339: Property 'vetAddress' does not exist on type 'WizardData'.
app/(tabs)/pets/new.tsx(134,43): error TS2339: Property 'vetCountry' does not exist on type 'WizardData'.
app/(tabs)/pets/new.tsx(135,41): error TS2339: Property 'vetPhone' does not exist on type 'WizardData'.
app/(tabs)/pets/new.tsx(211,21): error TS2322: Type 'WizardData' is not assignable to type 'Step1Data & Step2Data & Step3Data & Step4Data'.
  Type 'WizardData' is missing the following properties from type 'Step4Data': vetName, vetClinicName, vetAddress, vetCountry, vetPhone
app/(tabs)/pets/record-detail.tsx(116,64): error TS2339: Property 'medication' does not exist on type '{ category: string; cost: number | null; created_at: string | null; currency: string | null; dosage: string | null; dosage_unit: string | null; dosage_value: number | null; end_date: string | null; ... 11 more ...; vet: string | null; }'.
app/_layout.tsx(76,25): error TS2345: Argument of type '"/(tabs)/profile/co-owners"' is not assignable to parameter of type '"/(tabs)/health" | "/" | RelativePathString | ExternalPathString | `/#${string}` | `/?${string}` | "/_sitemap" | `/_sitemap#${string}` | `/_sitemap?${string}` | "/(auth)/forgot-password" | ... 227 more ... | { ...; }'.
app/_layout.tsx(101,54): error TS2367: This comparison appears to be unintentional because the types '"profile" | "login" | "share" | "notifications" | "pets" | "documents" | "events" | "pet" | "health" | "calendar" | "(tabs)" | "_sitemap" | "forgot-password" | "signup" | "auth" | "demo"' and '"web"' have no overlap.
app/_layout.tsx(102,31): error TS2367: This comparison appears to be unintentional because the types '"profile" | "login" | "share" | "notifications" | "pets" | "documents" | "events" | "pet" | "health" | "calendar" | "(tabs)" | "(auth)" | "_sitemap" | "forgot-password" | "signup" | "auth" | "demo"' and '"(onboarding)"' have no overlap.
app/auth/callback.tsx(36,28): error TS2345: Argument of type '"/(onboarding)/language-selection"' is not assignable to parameter of type '"/(tabs)/health" | "/" | RelativePathString | ExternalPathString | `/#${string}` | `/?${string}` | "/_sitemap" | `/_sitemap#${string}` | `/_sitemap?${string}` | "/(auth)/forgot-password" | ... 227 more ... | { ...; }'.
app/demo/design-system.tsx(35,37): error TS2322: Type '"$lg"' is not assignable to type '"unset" | GetThemeValueForKey<"fontSize"> | undefined'.
app/demo/design-system.tsx(37,45): error TS2322: Type '"primary"' is not assignable to type 'ThemeName | null | undefined'.
app/demo/design-system.tsx(38,45): error TS2322: Type '"secondary"' is not assignable to type 'ThemeName | null | undefined'.
app/demo/design-system.tsx(39,45): error TS2322: Type '"success"' is not assignable to type 'ThemeName | null | undefined'.
app/demo/design-system.tsx(40,45): error TS2322: Type '"danger"' is not assignable to type 'ThemeName | null | undefined'.
app/demo/design-system.tsx(41,45): error TS2322: Type '"outline"' is not assignable to type 'ThemeName | null | undefined'.
app/demo/design-system.tsx(42,45): error TS2322: Type '"ghost"' is not assignable to type 'ThemeName | null | undefined'.
app/demo/design-system.tsx(47,37): error TS2322: Type '"$lg"' is not assignable to type '"unset" | GetThemeValueForKey<"fontSize"> | undefined'.
app/demo/design-system.tsx(56,37): error TS2322: Type '"$lg"' is not assignable to type '"unset" | GetThemeValueForKey<"fontSize"> | undefined'.
app/demo/design-system.tsx(59,45): error TS2322: Type '"success"' is not assignable to type 'ThemeName | null | undefined'.
app/demo/design-system.tsx(97,40): error TS2322: Type '{ error: true; placeholder: string; }' is not assignable to type 'IntrinsicAttributes & Omit<TamaguiComponentPropsBaseBase & TextInputProps & InputExtraProps, "disabled" | ... 4 more ... | "placeholderTextColor"> & ... 5 more ... & RefAttributes<...>'.
  Property 'error' does not exist on type 'IntrinsicAttributes & Omit<TamaguiComponentPropsBaseBase & TextInputProps & InputExtraProps, "disabled" | ... 4 more ... | "placeholderTextColor"> & ... 5 more ... & RefAttributes<...>'.
app/demo/design-system.tsx(108,37): error TS2322: Type '"$lg"' is not assignable to type '"unset" | GetThemeValueForKey<"fontSize"> | undefined'.
app/demo/design-system.tsx(111,44): error TS2322: Type '{ children: string; variant: string; }' is not assignable to type 'IntrinsicAttributes & Omit<RNTamaguiTextNonStyleProps, "unstyled" | keyof TextStylePropsBase> & ... 5 more ... & RefAttributes<...>'.
  Property 'variant' does not exist on type 'IntrinsicAttributes & Omit<RNTamaguiTextNonStyleProps, "unstyled" | keyof TextStylePropsBase> & ... 5 more ... & RefAttributes<...>'.
app/demo/design-system.tsx(112,44): error TS2322: Type '{ children: string; variant: string; }' is not assignable to type 'IntrinsicAttributes & Omit<RNTamaguiTextNonStyleProps, "unstyled" | keyof TextStylePropsBase> & ... 5 more ... & RefAttributes<...>'.
  Property 'variant' does not exist on type 'IntrinsicAttributes & Omit<RNTamaguiTextNonStyleProps, "unstyled" | keyof TextStylePropsBase> & ... 5 more ... & RefAttributes<...>'.
app/demo/design-system.tsx(113,44): error TS2322: Type '{ children: string; variant: string; }' is not assignable to type 'IntrinsicAttributes & Omit<RNTamaguiTextNonStyleProps, "unstyled" | keyof TextStylePropsBase> & ... 5 more ... & RefAttributes<...>'.
  Property 'variant' does not exist on type 'IntrinsicAttributes & Omit<RNTamaguiTextNonStyleProps, "unstyled" | keyof TextStylePropsBase> & ... 5 more ... & RefAttributes<...>'.
app/demo/design-system.tsx(114,44): error TS2322: Type '{ children: string; variant: string; }' is not assignable to type 'IntrinsicAttributes & Omit<RNTamaguiTextNonStyleProps, "unstyled" | keyof TextStylePropsBase> & ... 5 more ... & RefAttributes<...>'.
  Property 'variant' does not exist on type 'IntrinsicAttributes & Omit<RNTamaguiTextNonStyleProps, "unstyled" | keyof TextStylePropsBase> & ... 5 more ... & RefAttributes<...>'.
app/demo/design-system.tsx(115,44): error TS2322: Type '{ children: string; variant: string; }' is not assignable to type 'IntrinsicAttributes & Omit<RNTamaguiTextNonStyleProps, "unstyled" | keyof TextStylePropsBase> & ... 5 more ... & RefAttributes<...>'.
  Property 'variant' does not exist on type 'IntrinsicAttributes & Omit<RNTamaguiTextNonStyleProps, "unstyled" | keyof TextStylePropsBase> & ... 5 more ... & RefAttributes<...>'.
app/demo/design-system.tsx(116,44): error TS2322: Type '{ children: string; variant: string; }' is not assignable to type 'IntrinsicAttributes & Omit<RNTamaguiTextNonStyleProps, "unstyled" | keyof TextStylePropsBase> & ... 5 more ... & RefAttributes<...>'.
  Property 'variant' does not exist on type 'IntrinsicAttributes & Omit<RNTamaguiTextNonStyleProps, "unstyled" | keyof TextStylePropsBase> & ... 5 more ... & RefAttributes<...>'.
app/demo/design-system.tsx(121,37): error TS2322: Type '"$lg"' is not assignable to type '"unset" | GetThemeValueForKey<"fontSize"> | undefined'.
app/demo/design-system.tsx(123,44): error TS2322: Type '{ children: string; size: string; }' is not assignable to type 'IntrinsicAttributes & Omit<RNTamaguiTextNonStyleProps, "unstyled" | keyof TextStylePropsBase> & ... 5 more ... & RefAttributes<...>'.
  Property 'size' does not exist on type 'IntrinsicAttributes & Omit<RNTamaguiTextNonStyleProps, "unstyled" | keyof TextStylePropsBase> & ... 5 more ... & RefAttributes<...>'.
app/demo/design-system.tsx(124,44): error TS2322: Type '{ children: string; size: string; }' is not assignable to type 'IntrinsicAttributes & Omit<RNTamaguiTextNonStyleProps, "unstyled" | keyof TextStylePropsBase> & ... 5 more ... & RefAttributes<...>'.
  Property 'size' does not exist on type 'IntrinsicAttributes & Omit<RNTamaguiTextNonStyleProps, "unstyled" | keyof TextStylePropsBase> & ... 5 more ... & RefAttributes<...>'.
app/demo/design-system.tsx(125,44): error TS2322: Type '{ children: string; size: string; }' is not assignable to type 'IntrinsicAttributes & Omit<RNTamaguiTextNonStyleProps, "unstyled" | keyof TextStylePropsBase> & ... 5 more ... & RefAttributes<...>'.
  Property 'size' does not exist on type 'IntrinsicAttributes & Omit<RNTamaguiTextNonStyleProps, "unstyled" | keyof TextStylePropsBase> & ... 5 more ... & RefAttributes<...>'.
app/demo/design-system.tsx(136,37): error TS2322: Type '"$lg"' is not assignable to type '"unset" | GetThemeValueForKey<"fontSize"> | undefined'.
app/demo/design-system.tsx(147,37): error TS2322: Type '"$lg"' is not assignable to type '"unset" | GetThemeValueForKey<"fontSize"> | undefined'.
app/demo/design-system.tsx(169,37): error TS2322: Type '"$lg"' is not assignable to type '"unset" | GetThemeValueForKey<"fontSize"> | undefined'.
app/demo/design-system.tsx(184,37): error TS2322: Type '"$lg"' is not assignable to type '"unset" | GetThemeValueForKey<"fontSize"> | undefined'.
app/demo/design-system.tsx(205,47): error TS2322: Type '"$xl"' is not assignable to type '"unset" | GetThemeValueForKey<"fontSize"> | undefined'.
app/demo/design-system.tsx(208,44): error TS2322: Type '{ children: string; variant: string; }' is not assignable to type 'IntrinsicAttributes & Omit<RNTamaguiTextNonStyleProps, "unstyled" | keyof TextStylePropsBase> & ... 5 more ... & RefAttributes<...>'.
  Property 'variant' does not exist on type 'IntrinsicAttributes & Omit<RNTamaguiTextNonStyleProps, "unstyled" | keyof TextStylePropsBase> & ... 5 more ... & RefAttributes<...>'.
app/demo/design-system.tsx(219,45): error TS2322: Type '"primary"' is not assignable to type 'ThemeName | null | undefined'.
app/demo/design-system.tsx(220,45): error TS2322: Type '"outline"' is not assignable to type 'ThemeName | null | undefined'.
app/events/[id].tsx(50,36): error TS2339: Property 'displayType' does not exist on type '{ administered_by: string | null; administered_time: string | null; administering_vet: string | null; batch_number: string | null; category: string; certificate_document_id: string | null; ... 28 more ...; vaccine_name: string; }'.
app/events/[id].tsx(59,36): error TS2339: Property 'displayType' does not exist on type '{ category: string; cost: number | null; created_at: string | null; currency: string | null; dosage: string | null; dosage_unit: string | null; dosage_value: number | null; end_date: string | null; ... 11 more ...; vet: string | null; }'.
app/events/[id].tsx(67,36): error TS2339: Property 'displayType' does not exist on type '{ attachments: Json; business_email: string | null; business_lat: number | null; business_lng: number | null; business_name: string | null; business_phone: string | null; ... 31 more ...; visit_time: string | null; }'.
app/events/[id].tsx(75,36): error TS2339: Property 'displayType' does not exist on type '{ cost: number | null; created_at: string | null; currency: string | null; description: string | null; end_time: string | null; id: string; location: string | null; location_lat: number | null; ... 8 more ...; user_id: string; }'.
app/events/[id].tsx(80,64): error TS2769: No overload matches this call.
  Overload 1 of 4, '(value: string | number | Date): Date', gave the following error.
    Argument of type 'string | null' is not assignable to parameter of type 'string | number | Date'.
      Type 'null' is not assignable to type 'string | number | Date'.
  Overload 2 of 4, '(value: string | number): Date', gave the following error.
    Argument of type 'string | null' is not assignable to parameter of type 'string | number'.
      Type 'null' is not assignable to type 'string | number'.
app/events/[id].tsx(85,63): error TS2769: No overload matches this call.
  Overload 1 of 4, '(value: string | number | Date): Date', gave the following error.
    Argument of type 'string | null' is not assignable to parameter of type 'string | number | Date'.
      Type 'null' is not assignable to type 'string | number | Date'.
  Overload 2 of 4, '(value: string | number): Date', gave the following error.
    Argument of type 'string | null' is not assignable to parameter of type 'string | number'.
      Type 'null' is not assignable to type 'string | number'.
app/events/[id].tsx(102,23): error TS2339: Property 'pet_name' does not exist on type '{ category: string; cost: number | null; created_at: string | null; currency: string | null; dosage: string | null; dosage_unit: string | null; dosage_value: number | null; end_date: string | null; ... 11 more ...; vet: string | null; } | { ...; } | { ...; } | { ...; } | { ...; }'.
  Property 'pet_name' does not exist on type '{ category: string; cost: number | null; created_at: string | null; currency: string | null; dosage: string | null; dosage_unit: string | null; dosage_value: number | null; end_date: string | null; ... 11 more ...; vet: string | null; }'.
app/events/[id].tsx(104,22): error TS2339: Property 'pet_name' does not exist on type '{ category: string; cost: number | null; created_at: string | null; currency: string | null; dosage: string | null; dosage_unit: string | null; dosage_value: number | null; end_date: string | null; ... 11 more ...; vet: string | null; } | { ...; } | { ...; } | { ...; } | { ...; }'.
  Property 'pet_name' does not exist on type '{ category: string; cost: number | null; created_at: string | null; currency: string | null; dosage: string | null; dosage_unit: string | null; dosage_value: number | null; end_date: string | null; ... 11 more ...; vet: string | null; }'.
app/share/[token].tsx(31,15): error TS2352: Conversion of type 'string | number | boolean | { [key: string]: Json | undefined; } | Json[] | null' to type 'PublicPetProfile' may be a mistake because neither type sufficiently overlaps with the other. If this was intentional, convert the expression to 'unknown' first.
  Type 'Json[]' is missing the following properties from type 'PublicPetProfile': pet, owner, settings, details
components/base/Avatar.tsx(53,5): error TS2322: Type '"$base"' is not assignable to type '"unset" | GetThemeValueForKey<"fontSize"> | undefined'.
components/base/Avatar.tsx(92,33): error TS2322: Type '"$sm" | "$lg" | "$xl" | "$base" | "$3xl"' is not assignable to type '"unset" | GetThemeValueForKey<"fontSize"> | undefined'.
  Type '"$sm"' is not assignable to type '"unset" | GetThemeValueForKey<"fontSize"> | undefined'.
components/base/Avatar.tsx(98,15): error TS2484: Export declaration conflicts with exported declaration of 'AvatarProps'.
components/base/Badge.tsx(8,5): error TS2322: Type '"$xs"' is not assignable to type '"unset" | GetThemeValueForKey<"fontSize"> | undefined'.
components/base/Badge.tsx(56,17): error TS2322: Type '"$xs"' is not assignable to type '"unset" | GetThemeValueForKey<"fontSize"> | undefined'.
components/base/Badge.tsx(61,17): error TS2322: Type '"$sm"' is not assignable to type '"unset" | GetThemeValueForKey<"fontSize"> | undefined'.
components/base/Badge.tsx(69,9): error TS2322: Type 'string' is not assignable to type 'undefined'.
components/base/Badge.tsx(70,9): error TS2322: Type 'string' is not assignable to type 'undefined'.
components/base/Button.tsx(91,17): error TS2322: Type '"$sm"' is not assignable to type '"unset" | GetThemeValueForKey<"fontSize"> | undefined'.
components/base/Button.tsx(96,17): error TS2322: Type '"$base"' is not assignable to type '"unset" | GetThemeValueForKey<"fontSize"> | undefined'.
components/base/Button.tsx(101,17): error TS2322: Type '"$lg"' is not assignable to type '"unset" | GetThemeValueForKey<"fontSize"> | undefined'.
components/base/Button.tsx(113,9): error TS2322: Type 'string' is not assignable to type 'undefined'.
components/base/Button.tsx(114,9): error TS2322: Type 'string' is not assignable to type 'undefined'.
components/base/Calendar.tsx(27,20): error TS2367: This comparison appears to be unintentional because the types 'Readonly<{ colors: { primary: { 50: string; 100: string; 200: string; 300: string; 400: string; 500: string; 600: string; 700: string; 800: string; 900: string; }; secondary: { paw: string; pawLight: string; pawDark: string; ... 5 more ...; sunDark: string; }; ... 8 more ...; overlay: { ...; }; }; ... 8 more ...; co...' and 'string' have no overlap.
components/base/Calendar.tsx(94,13): error TS2322: Type '{ backgroundColor: string; calendarBackground: string; textSectionTitleColor: string; selectedDayBackgroundColor: string; selectedDayTextColor: string; todayTextColor: string; dayTextColor: string; ... 15 more ...; 'stylesheet.calendar.header': { ...; }; }' is not assignable to type 'Theme'.
  Types of property 'textDayFontWeight' are incompatible.
    Type 'string' is not assignable to type '100 | 300 | "light" | "400" | "500" | "600" | "700" | 200 | 400 | 500 | 800 | "normal" | "100" | "200" | "300" | "800" | "900" | "bold" | "medium" | "black" | 600 | 700 | 900 | "ultralight" | ... 6 more ... | undefined'.
components/base/Input.tsx(11,5): error TS2322: Type '"$base"' is not assignable to type '"unset" | GetThemeValueForKey<"fontSize"> | undefined'.
components/base/Input.tsx(31,17): error TS2322: Type '"$sm"' is not assignable to type '"unset" | GetThemeValueForKey<"fontSize"> | undefined'.
components/base/Input.tsx(36,17): error TS2322: Type '"$base"' is not assignable to type '"unset" | GetThemeValueForKey<"fontSize"> | undefined'.
components/base/Input.tsx(41,17): error TS2322: Type '"$lg"' is not assignable to type '"unset" | GetThemeValueForKey<"fontSize"> | undefined'.
components/base/Input.tsx(62,9): error TS2322: Type 'string' is not assignable to type 'undefined'.
components/desktop/calendar/DesktopCalendarHeader.tsx(29,11): error TS2322: Type '"checkup"' is not assignable to type 'EventType'.
components/desktop/calendar/DesktopCalendarHeader.tsx(31,11): error TS2322: Type '"medication"' is not assignable to type 'EventType'.
components/desktop/calendar/DesktopCalendarHeader.tsx(32,11): error TS2322: Type '"surgery"' is not assignable to type 'EventType'.
components/desktop/calendar/DesktopCalendarHeader.tsx(33,11): error TS2322: Type '"training"' is not assignable to type 'EventType'.
components/desktop/calendar/DesktopCalendarMonthGrid.tsx(6,10): error TS2305: Module '"@/types"' has no exported member 'CalendarEvent'.
components/desktop/calendar/DesktopTimelineView.tsx(5,10): error TS2305: Module '"@/types"' has no exported member 'CalendarEvent'.
components/desktop/calendar/DesktopTimelineView.tsx(92,49): error TS7006: Parameter 'event' implicitly has an 'any' type.
components/desktop/calendar/DesktopTimelineView.tsx(92,56): error TS7006: Parameter 'index' implicitly has an 'any' type.
components/desktop/layout/Breadcrumbs.tsx(39,17): error TS2367: This comparison appears to be unintentional because the types '"settings" | "profile" | "edit" | "history" | "login" | "share" | "notifications" | "album" | "pets" | "documents" | "events" | "pet" | "health" | "passport" | "calendar" | "(tabs)" | ... 24 more ... | "[token]"' and '"add"' have no overlap.
components/desktop/pets/tabs/DocumentsTabDesktop.tsx(38,53): error TS2339: Property 'name' does not exist on type '{ archived: boolean | null; auto_archive_date: string | null; confidentiality_level: string | null; created_at: string; document_date: string | null; document_range_end: string | null; ... 18 more ...; visibility: string | null; }'.
components/desktop/pets/tabs/DocumentsTabDesktop.tsx(106,94): error TS2339: Property 'name' does not exist on type '{ archived: boolean | null; auto_archive_date: string | null; confidentiality_level: string | null; created_at: string; document_date: string | null; document_range_end: string | null; ... 18 more ...; visibility: string | null; }'.
components/desktop/pets/tabs/DocumentsTabDesktop.tsx(108,61): error TS2339: Property 'size_bytes' does not exist on type '{ archived: boolean | null; auto_archive_date: string | null; confidentiality_level: string | null; created_at: string; document_date: string | null; document_range_end: string | null; ... 18 more ...; visibility: string | null; }'.
components/desktop/pets/tabs/GalleryTabDesktop.tsx(19,56): error TS2339: Property 'gallery' does not exist on type 'Pet'.
components/desktop/pets/tabs/GalleryTabDesktop.tsx(24,17): error TS2339: Property 'gallery' does not exist on type 'Pet'.
components/desktop/pets/tabs/GalleryTabDesktop.tsx(25,27): error TS2339: Property 'gallery' does not exist on type 'Pet'.
components/desktop/pets/tabs/GalleryTabDesktop.tsx(27,13): error TS2339: Property 'gallery' does not exist on type 'Pet'.
components/desktop/pets/tabs/GalleryTabDesktop.tsx(71,74): error TS2353: Object literal may only specify known properties, and 'gallery' does not exist in type 'Partial<Pet>'.
components/desktop/pets/tabs/GalleryTabDesktop.tsx(100,86): error TS2353: Object literal may only specify known properties, and 'gallery' does not exist in type 'Partial<Pet>'.
components/desktop/pets/tabs/OverviewTabDesktop.tsx(5,31): error TS2307: Cannot find module '@/components/desktop/dashboard/UpcomingCarePanel' or its corresponding type declarations.
components/desktop/pets/tabs/OverviewTabDesktop.tsx(6,34): error TS2307: Cannot find module '@/components/desktop/dashboard/ActivityFeedTimeline' or its corresponding type declarations.
components/desktop/SearchModal.tsx(29,21): error TS2345: Argument of type 'string' is not assignable to parameter of type '"/(tabs)/health" | "/" | RelativePathString | ExternalPathString | `/#${string}` | `/?${string}` | "/_sitemap" | `/_sitemap#${string}` | `/_sitemap?${string}` | "/(auth)/forgot-password" | ... 227 more ... | { ...; }'.
components/display/EmptyState.tsx(34,23): error TS2322: Type '"$lg"' is not assignable to type '"unset" | GetThemeValueForKey<"fontSize"> | undefined'.
components/display/EmptyState.tsx(38,27): error TS2322: Type '"$sm"' is not assignable to type '"unset" | GetThemeValueForKey<"fontSize"> | undefined'.
components/display/ListItem.tsx(48,44): error TS2322: Type '"$base"' is not assignable to type '"unset" | GetThemeValueForKey<"fontSize"> | undefined'.
components/display/ListItem.tsx(52,54): error TS2322: Type '"$sm"' is not assignable to type '"unset" | GetThemeValueForKey<"fontSize"> | undefined'.
components/display/ListItem.tsx(61,49): error TS2322: Type '"$xl"' is not assignable to type '"unset" | GetThemeValueForKey<"fontSize"> | undefined'.
components/display/LoadingSpinner.tsx(19,23): error TS2322: Type '"$sm"' is not assignable to type '"unset" | GetThemeValueForKey<"fontSize"> | undefined'.
components/display/ProgressBar.tsx(28,37): error TS2322: Type '"$sm"' is not assignable to type '"unset" | GetThemeValueForKey<"fontSize"> | undefined'.
components/display/ProgressBar.tsx(30,31): error TS2322: Type '"$sm"' is not assignable to type '"unset" | GetThemeValueForKey<"fontSize"> | undefined'.
components/display/Stat.tsx(19,19): error TS2322: Type '"$3xl"' is not assignable to type '"unset" | GetThemeValueForKey<"fontSize"> | undefined'.
components/display/Stat.tsx(22,19): error TS2322: Type '"$sm"' is not assignable to type '"unset" | GetThemeValueForKey<"fontSize"> | undefined'.
components/display/Stat.tsx(26,23): error TS2322: Type '"$xs"' is not assignable to type '"unset" | GetThemeValueForKey<"fontSize"> | undefined'.
components/features/calendar/CalendarMonthView.tsx(78,24): error TS2352: Conversion of type '(false | ViewStyle | TextStyle | ImageStyle)[]' to type 'ViewStyle' may be a mistake because neither type sufficiently overlaps with the other. If this was intentional, convert the expression to 'unknown' first.
  Types of property 'filter' are incompatible.
    Type '{ <S extends false | ViewStyle | TextStyle | ImageStyle>(predicate: (value: false | ViewStyle | TextStyle | ImageStyle, index: number, array: (false | ... 2 more ... | ImageStyle)[]) => value is S, thisArg?: any): S[]; (predicate: (value: false | ... 2 more ... | ImageStyle, index: number, array: (false | ... 2 more...' is not comparable to type 'string | readonly FilterFunction[] | undefined'.
components/features/calendar/CalendarMonthView.tsx(92,30): error TS2352: Conversion of type '(false | ViewStyle | TextStyle | ImageStyle)[]' to type 'TextStyle' may be a mistake because neither type sufficiently overlaps with the other. If this was intentional, convert the expression to 'unknown' first.
  Types of property 'filter' are incompatible.
    Type '{ <S extends false | ViewStyle | TextStyle | ImageStyle>(predicate: (value: false | ViewStyle | TextStyle | ImageStyle, index: number, array: (false | ... 2 more ... | ImageStyle)[]) => value is S, thisArg?: any): S[]; (predicate: (value: false | ... 2 more ... | ImageStyle, index: number, array: (false | ... 2 more...' is not comparable to type 'string'.
components/features/calendar/CalendarMonthView.tsx(94,25): error TS2769: No overload matches this call.
  Overload 1 of 2, '(props: ViewProps): View', gave the following error.
    Type 'ViewStyle | TextStyle | ImageStyle' is not assignable to type 'StyleProp<ViewStyle>'.
      Type 'TextStyle' is not assignable to type 'StyleProp<ViewStyle>'.
        Type 'TextStyle' is not assignable to type 'ViewStyle'.
          Types of property 'cursor' are incompatible.
            Type 'string | undefined' is not assignable to type 'CursorValue | undefined'.
              Type 'string' is not assignable to type 'CursorValue | undefined'.
  Overload 2 of 2, '(props: ViewProps, context: any): View', gave the following error.
    Type 'ViewStyle | TextStyle | ImageStyle' is not assignable to type 'StyleProp<ViewStyle>'.
      Type 'TextStyle' is not assignable to type 'StyleProp<ViewStyle>'.
        Type 'TextStyle' is not assignable to type 'ViewStyle'.
          Types of property 'cursor' are incompatible.
            Type 'string | undefined' is not assignable to type 'CursorValue | undefined'.
              Type 'string' is not assignable to type 'CursorValue | undefined'.
components/features/calendar/CalendarMonthView.tsx(96,69): error TS2769: No overload matches this call.
  Overload 1 of 2, '(props: ViewProps): View', gave the following error.
    Type 'ViewStyle | TextStyle | ImageStyle' is not assignable to type 'ViewStyle | Falsy | RegisteredStyle<ViewStyle> | RecursiveArray<ViewStyle | Falsy | RegisteredStyle<ViewStyle>> | readonly (ViewStyle | ... 1 more ... | RegisteredStyle<...>)[]'.
      Type 'TextStyle' is not assignable to type 'ViewStyle | Falsy | RegisteredStyle<ViewStyle> | RecursiveArray<ViewStyle | Falsy | RegisteredStyle<ViewStyle>> | readonly (ViewStyle | ... 1 more ... | RegisteredStyle<...>)[]'.
        Type 'TextStyle' is not assignable to type 'ViewStyle'.
          Types of property 'cursor' are incompatible.
            Type 'string | undefined' is not assignable to type 'CursorValue | undefined'.
              Type 'string' is not assignable to type 'CursorValue | undefined'.
  Overload 2 of 2, '(props: ViewProps, context: any): View', gave the following error.
    Type 'ViewStyle | TextStyle | ImageStyle' is not assignable to type 'ViewStyle | Falsy | RegisteredStyle<ViewStyle> | RecursiveArray<ViewStyle | Falsy | RegisteredStyle<ViewStyle>> | readonly (ViewStyle | ... 1 more ... | RegisteredStyle<...>)[]'.
      Type 'TextStyle' is not assignable to type 'ViewStyle | Falsy | RegisteredStyle<ViewStyle> | RecursiveArray<ViewStyle | Falsy | RegisteredStyle<ViewStyle>> | readonly (ViewStyle | ... 1 more ... | RegisteredStyle<...>)[]'.
        Type 'TextStyle' is not assignable to type 'ViewStyle'.
          Types of property 'cursor' are incompatible.
            Type 'string | undefined' is not assignable to type 'CursorValue | undefined'.
              Type 'string' is not assignable to type 'CursorValue | undefined'.
components/features/calendar/CalendarMonthView.tsx(101,25): error TS2769: No overload matches this call.
  Overload 1 of 2, '(props: ViewProps): View', gave the following error.
    Type 'ViewStyle | TextStyle | ImageStyle' is not assignable to type 'StyleProp<ViewStyle>'.
      Type 'TextStyle' is not assignable to type 'StyleProp<ViewStyle>'.
        Type 'TextStyle' is not assignable to type 'ViewStyle'.
          Types of property 'cursor' are incompatible.
            Type 'string | undefined' is not assignable to type 'CursorValue | undefined'.
              Type 'string' is not assignable to type 'CursorValue | undefined'.
  Overload 2 of 2, '(props: ViewProps, context: any): View', gave the following error.
    Type 'ViewStyle | TextStyle | ImageStyle' is not assignable to type 'StyleProp<ViewStyle>'.
      Type 'TextStyle' is not assignable to type 'StyleProp<ViewStyle>'.
        Type 'TextStyle' is not assignable to type 'ViewStyle'.
          Types of property 'cursor' are incompatible.
            Type 'string | undefined' is not assignable to type 'CursorValue | undefined'.
              Type 'string' is not assignable to type 'CursorValue | undefined'.
components/features/calendar/CalendarMonthView.tsx(103,39): error TS2769: No overload matches this call.
  Overload 1 of 2, '(props: ViewProps): View', gave the following error.
    Type 'ViewStyle | TextStyle | ImageStyle' is not assignable to type 'StyleProp<ViewStyle>'.
      Type 'TextStyle' is not assignable to type 'StyleProp<ViewStyle>'.
        Type 'TextStyle' is not assignable to type 'ViewStyle'.
          Types of property 'cursor' are incompatible.
            Type 'string | undefined' is not assignable to type 'CursorValue | undefined'.
              Type 'string' is not assignable to type 'CursorValue | undefined'.
  Overload 2 of 2, '(props: ViewProps, context: any): View', gave the following error.
    Type 'ViewStyle | TextStyle | ImageStyle' is not assignable to type 'StyleProp<ViewStyle>'.
      Type 'TextStyle' is not assignable to type 'StyleProp<ViewStyle>'.
        Type 'TextStyle' is not assignable to type 'ViewStyle'.
          Types of property 'cursor' are incompatible.
            Type 'string | undefined' is not assignable to type 'CursorValue | undefined'.
              Type 'string' is not assignable to type 'CursorValue | undefined'.
components/features/calendar/CalendarMonthView.tsx(104,39): error TS2769: No overload matches this call.
  Overload 1 of 2, '(props: ViewProps): View', gave the following error.
    Type 'ViewStyle | TextStyle | ImageStyle' is not assignable to type 'ViewStyle | Falsy | RegisteredStyle<ViewStyle> | RecursiveArray<ViewStyle | Falsy | RegisteredStyle<ViewStyle>> | readonly (ViewStyle | ... 1 more ... | RegisteredStyle<...>)[]'.
      Type 'TextStyle' is not assignable to type 'ViewStyle | Falsy | RegisteredStyle<ViewStyle> | RecursiveArray<ViewStyle | Falsy | RegisteredStyle<ViewStyle>> | readonly (ViewStyle | ... 1 more ... | RegisteredStyle<...>)[]'.
        Type 'TextStyle' is not assignable to type 'ViewStyle'.
          Types of property 'cursor' are incompatible.
            Type 'string | undefined' is not assignable to type 'CursorValue | undefined'.
              Type 'string' is not assignable to type 'CursorValue | undefined'.
  Overload 2 of 2, '(props: ViewProps, context: any): View', gave the following error.
    Type 'ViewStyle | TextStyle | ImageStyle' is not assignable to type 'ViewStyle | Falsy | RegisteredStyle<ViewStyle> | RecursiveArray<ViewStyle | Falsy | RegisteredStyle<ViewStyle>> | readonly (ViewStyle | ... 1 more ... | RegisteredStyle<...>)[]'.
      Type 'TextStyle' is not assignable to type 'ViewStyle | Falsy | RegisteredStyle<ViewStyle> | RecursiveArray<ViewStyle | Falsy | RegisteredStyle<ViewStyle>> | readonly (ViewStyle | ... 1 more ... | RegisteredStyle<...>)[]'.
        Type 'TextStyle' is not assignable to type 'ViewStyle'.
          Types of property 'cursor' are incompatible.
            Type 'string | undefined' is not assignable to type 'CursorValue | undefined'.
              Type 'string' is not assignable to type 'CursorValue | undefined'.
components/features/calendar/CalendarMonthView.tsx(105,31): error TS2769: No overload matches this call.
  Overload 1 of 2, '(props: TextProps): Text', gave the following error.
    Type 'ViewStyle | TextStyle | ImageStyle' is not assignable to type 'StyleProp<TextStyle>'.
      Type 'ViewStyle' is not assignable to type 'StyleProp<TextStyle>'.
        Type 'ViewStyle' is not assignable to type 'TextStyle'.
          Types of property 'userSelect' are incompatible.
            Type 'string | undefined' is not assignable to type '"contain" | "none" | "auto" | "text" | "all" | undefined'.
              Type 'string' is not assignable to type '"contain" | "none" | "auto" | "text" | "all" | undefined'.
  Overload 2 of 2, '(props: TextProps, context: any): Text', gave the following error.
    Type 'ViewStyle | TextStyle | ImageStyle' is not assignable to type 'StyleProp<TextStyle>'.
      Type 'ViewStyle' is not assignable to type 'StyleProp<TextStyle>'.
        Type 'ViewStyle' is not assignable to type 'TextStyle'.
          Types of property 'userSelect' are incompatible.
            Type 'string | undefined' is not assignable to type '"contain" | "none" | "auto" | "text" | "all" | undefined'.
              Type 'string' is not assignable to type '"contain" | "none" | "auto" | "text" | "all" | undefined'.
components/features/calendar/CalendarMonthView.tsx(111,29): error TS2769: No overload matches this call.
  Overload 1 of 2, '(props: TextProps): Text', gave the following error.
    Type 'ViewStyle | TextStyle | ImageStyle' is not assignable to type 'StyleProp<TextStyle>'.
      Type 'ViewStyle' is not assignable to type 'StyleProp<TextStyle>'.
        Type 'ViewStyle' is not assignable to type 'TextStyle'.
          Types of property 'userSelect' are incompatible.
            Type 'string | undefined' is not assignable to type '"contain" | "none" | "auto" | "text" | "all" | undefined'.
              Type 'string' is not assignable to type '"contain" | "none" | "auto" | "text" | "all" | undefined'.
  Overload 2 of 2, '(props: TextProps, context: any): Text', gave the following error.
    Type 'ViewStyle | TextStyle | ImageStyle' is not assignable to type 'StyleProp<TextStyle>'.
      Type 'ViewStyle' is not assignable to type 'StyleProp<TextStyle>'.
        Type 'ViewStyle' is not assignable to type 'TextStyle'.
          Types of property 'userSelect' are incompatible.
            Type 'string | undefined' is not assignable to type '"contain" | "none" | "auto" | "text" | "all" | undefined'.
              Type 'string' is not assignable to type '"contain" | "none" | "auto" | "text" | "all" | undefined'.
components/features/calendar/CalendarMonthView.tsx(132,3): error TS2322: Type '{ fontSize: number; fontWeight: string; lineHeight: number; letterSpacing: number; color: string; }' is not assignable to type 'ViewStyle | TextStyle | ImageStyle'.
  Type '{ fontSize: number; fontWeight: string; lineHeight: number; letterSpacing: number; color: string; }' is not assignable to type 'TextStyle'.
    Types of property 'fontWeight' are incompatible.
      Type 'string' is not assignable to type '100 | 300 | "light" | "400" | "500" | "600" | "700" | 200 | 400 | 500 | 800 | "normal" | "100" | "200" | "300" | "800" | "900" | "bold" | "medium" | "black" | 600 | 700 | 900 | "ultralight" | ... 6 more ... | undefined'.
components/features/calendar/CalendarMonthView.tsx(156,38): error TS2339: Property 'extraSmall' does not exist on type '{ large: { fontSize: number; fontWeight: string; lineHeight: number; }; medium: { fontSize: number; fontWeight: string; lineHeight: number; letterSpacing: number; }; small: { fontSize: number; fontWeight: string; lineHeight: number; letterSpacing: number; }; }'.
components/features/calendar/CalendarMonthView.tsx(161,38): error TS2339: Property 'extraSmall' does not exist on type '{ large: { fontSize: number; fontWeight: string; lineHeight: number; }; medium: { fontSize: number; fontWeight: string; lineHeight: number; letterSpacing: number; }; small: { fontSize: number; fontWeight: string; lineHeight: number; letterSpacing: number; }; }'.
components/features/dashboard/DashboardPetCard.tsx(53,31): error TS2769: No overload matches this call.
  Overload 1 of 2, '(props: TextProps): Text', gave the following error.
    Type '{ fontSize: number; color: string; marginBottom: number; fontWeight: string; lineHeight: number; letterSpacing: number; }' is not assignable to type 'StyleProp<TextStyle>'.
      Type '{ fontSize: number; color: string; marginBottom: number; fontWeight: string; lineHeight: number; letterSpacing: number; }' is not assignable to type 'TextStyle'.
        Types of property 'fontWeight' are incompatible.
          Type 'string' is not assignable to type '100 | 300 | "light" | "400" | "500" | "600" | "700" | 200 | 400 | 500 | 800 | "normal" | "100" | "200" | "300" | "800" | "900" | "bold" | "medium" | "black" | 600 | 700 | 900 | "ultralight" | ... 6 more ... | undefined'.
  Overload 2 of 2, '(props: TextProps, context: any): Text', gave the following error.
    Type '{ fontSize: number; color: string; marginBottom: number; fontWeight: string; lineHeight: number; letterSpacing: number; }' is not assignable to type 'StyleProp<TextStyle>'.
      Type '{ fontSize: number; color: string; marginBottom: number; fontWeight: string; lineHeight: number; letterSpacing: number; }' is not assignable to type 'TextStyle'.
        Types of property 'fontWeight' are incompatible.
          Type 'string' is not assignable to type '100 | 300 | "light" | "400" | "500" | "600" | "700" | 200 | 400 | 500 | 800 | "normal" | "100" | "200" | "300" | "800" | "900" | "bold" | "medium" | "black" | 600 | 700 | 900 | "ultralight" | ... 6 more ... | undefined'.
components/features/dashboard/DashboardPetCard.tsx(68,31): error TS2769: No overload matches this call.
  Overload 1 of 2, '(props: TextProps): Text', gave the following error.
    Type '{ color: string; marginBottom: number; textTransform: "uppercase"; fontSize: number; letterSpacing: number; fontWeight: string; lineHeight: number; }' is not assignable to type 'StyleProp<TextStyle>'.
      Type '{ color: string; marginBottom: number; textTransform: "uppercase"; fontSize: number; letterSpacing: number; fontWeight: string; lineHeight: number; }' is not assignable to type 'TextStyle'.
        Types of property 'fontWeight' are incompatible.
          Type 'string' is not assignable to type '100 | 300 | "light" | "400" | "500" | "600" | "700" | 200 | 400 | 500 | 800 | "normal" | "100" | "200" | "300" | "800" | "900" | "bold" | "medium" | "black" | 600 | 700 | 900 | "ultralight" | ... 6 more ... | undefined'.
  Overload 2 of 2, '(props: TextProps, context: any): Text', gave the following error.
    Type '{ color: string; marginBottom: number; textTransform: "uppercase"; fontSize: number; letterSpacing: number; fontWeight: string; lineHeight: number; }' is not assignable to type 'StyleProp<TextStyle>'.
      Type '{ color: string; marginBottom: number; textTransform: "uppercase"; fontSize: number; letterSpacing: number; fontWeight: string; lineHeight: number; }' is not assignable to type 'TextStyle'.
        Types of property 'fontWeight' are incompatible.
          Type 'string' is not assignable to type '100 | 300 | "light" | "400" | "500" | "600" | "700" | 200 | 400 | 500 | 800 | "normal" | "100" | "200" | "300" | "800" | "900" | "bold" | "medium" | "black" | 600 | 700 | 900 | "ultralight" | ... 6 more ... | undefined'.
components/features/dashboard/DashboardPetCard.tsx(72,31): error TS2769: No overload matches this call.
  Overload 1 of 2, '(props: TextProps): Text', gave the following error.
    Type '{ color: string; marginBottom: number; textTransform: "uppercase"; fontSize: number; letterSpacing: number; fontWeight: string; lineHeight: number; }' is not assignable to type 'StyleProp<TextStyle>'.
      Type '{ color: string; marginBottom: number; textTransform: "uppercase"; fontSize: number; letterSpacing: number; fontWeight: string; lineHeight: number; }' is not assignable to type 'TextStyle'.
        Types of property 'fontWeight' are incompatible.
          Type 'string' is not assignable to type '100 | 300 | "light" | "400" | "500" | "600" | "700" | 200 | 400 | 500 | 800 | "normal" | "100" | "200" | "300" | "800" | "900" | "bold" | "medium" | "black" | 600 | 700 | 900 | "ultralight" | ... 6 more ... | undefined'.
  Overload 2 of 2, '(props: TextProps, context: any): Text', gave the following error.
    Type '{ color: string; marginBottom: number; textTransform: "uppercase"; fontSize: number; letterSpacing: number; fontWeight: string; lineHeight: number; }' is not assignable to type 'StyleProp<TextStyle>'.
      Type '{ color: string; marginBottom: number; textTransform: "uppercase"; fontSize: number; letterSpacing: number; fontWeight: string; lineHeight: number; }' is not assignable to type 'TextStyle'.
        Types of property 'fontWeight' are incompatible.
          Type 'string' is not assignable to type '100 | 300 | "light" | "400" | "500" | "600" | "700" | 200 | 400 | 500 | 800 | "normal" | "100" | "200" | "300" | "800" | "900" | "bold" | "medium" | "black" | 600 | 700 | 900 | "ultralight" | ... 6 more ... | undefined'.
components/features/dashboard/DashboardPetCard.tsx(78,31): error TS2769: No overload matches this call.
  Overload 1 of 2, '(props: TextProps): Text', gave the following error.
    Type '{ color: string; marginBottom: number; textTransform: "uppercase"; fontSize: number; letterSpacing: number; fontWeight: string; lineHeight: number; }' is not assignable to type 'StyleProp<TextStyle>'.
      Type '{ color: string; marginBottom: number; textTransform: "uppercase"; fontSize: number; letterSpacing: number; fontWeight: string; lineHeight: number; }' is not assignable to type 'TextStyle'.
        Types of property 'fontWeight' are incompatible.
          Type 'string' is not assignable to type '100 | 300 | "light" | "400" | "500" | "600" | "700" | 200 | 400 | 500 | 800 | "normal" | "100" | "200" | "300" | "800" | "900" | "bold" | "medium" | "black" | 600 | 700 | 900 | "ultralight" | ... 6 more ... | undefined'.
  Overload 2 of 2, '(props: TextProps, context: any): Text', gave the following error.
    Type '{ color: string; marginBottom: number; textTransform: "uppercase"; fontSize: number; letterSpacing: number; fontWeight: string; lineHeight: number; }' is not assignable to type 'StyleProp<TextStyle>'.
      Type '{ color: string; marginBottom: number; textTransform: "uppercase"; fontSize: number; letterSpacing: number; fontWeight: string; lineHeight: number; }' is not assignable to type 'TextStyle'.
        Types of property 'fontWeight' are incompatible.
          Type 'string' is not assignable to type '100 | 300 | "light" | "400" | "500" | "600" | "700" | 200 | 400 | 500 | 800 | "normal" | "100" | "200" | "300" | "800" | "900" | "bold" | "medium" | "black" | 600 | 700 | 900 | "ultralight" | ... 6 more ... | undefined'.
components/features/dashboard/DashboardPetCard.tsx(82,31): error TS2769: No overload matches this call.
  Overload 1 of 2, '(props: TextProps): Text', gave the following error.
    Type '{ color: string; marginBottom: number; textTransform: "uppercase"; fontSize: number; letterSpacing: number; fontWeight: string; lineHeight: number; }' is not assignable to type 'StyleProp<TextStyle>'.
      Type '{ color: string; marginBottom: number; textTransform: "uppercase"; fontSize: number; letterSpacing: number; fontWeight: string; lineHeight: number; }' is not assignable to type 'TextStyle'.
        Types of property 'fontWeight' are incompatible.
          Type 'string' is not assignable to type '100 | 300 | "light" | "400" | "500" | "600" | "700" | 200 | 400 | 500 | 800 | "normal" | "100" | "200" | "300" | "800" | "900" | "bold" | "medium" | "black" | 600 | 700 | 900 | "ultralight" | ... 6 more ... | undefined'.
  Overload 2 of 2, '(props: TextProps, context: any): Text', gave the following error.
    Type '{ color: string; marginBottom: number; textTransform: "uppercase"; fontSize: number; letterSpacing: number; fontWeight: string; lineHeight: number; }' is not assignable to type 'StyleProp<TextStyle>'.
      Type '{ color: string; marginBottom: number; textTransform: "uppercase"; fontSize: number; letterSpacing: number; fontWeight: string; lineHeight: number; }' is not assignable to type 'TextStyle'.
        Types of property 'fontWeight' are incompatible.
          Type 'string' is not assignable to type '100 | 300 | "light" | "400" | "500" | "600" | "700" | 200 | 400 | 500 | 800 | "normal" | "100" | "200" | "300" | "800" | "900" | "bold" | "medium" | "black" | 600 | 700 | 900 | "ultralight" | ... 6 more ... | undefined'.
components/features/dashboard/DashboardTimeline.tsx(87,15): error TS2769: No overload matches this call.
  Overload 1 of 2, '(props: ViewProps): View', gave the following error.
    Type 'ViewStyle | TextStyle | ImageStyle' is not assignable to type 'StyleProp<ViewStyle>'.
      Type 'TextStyle' is not assignable to type 'StyleProp<ViewStyle>'.
        Type 'TextStyle' is not assignable to type 'ViewStyle'.
          Types of property 'cursor' are incompatible.
            Type 'string | undefined' is not assignable to type 'CursorValue | undefined'.
              Type 'string' is not assignable to type 'CursorValue | undefined'.
  Overload 2 of 2, '(props: ViewProps, context: any): View', gave the following error.
    Type 'ViewStyle | TextStyle | ImageStyle' is not assignable to type 'StyleProp<ViewStyle>'.
      Type 'TextStyle' is not assignable to type 'StyleProp<ViewStyle>'.
        Type 'TextStyle' is not assignable to type 'ViewStyle'.
          Types of property 'cursor' are incompatible.
            Type 'string | undefined' is not assignable to type 'CursorValue | undefined'.
              Type 'string' is not assignable to type 'CursorValue | undefined'.
components/features/dashboard/DashboardTimeline.tsx(88,19): error TS2769: No overload matches this call.
  Overload 1 of 2, '(props: ViewProps): View', gave the following error.
    Type 'ViewStyle | TextStyle | ImageStyle' is not assignable to type 'StyleProp<ViewStyle>'.
      Type 'TextStyle' is not assignable to type 'StyleProp<ViewStyle>'.
        Type 'TextStyle' is not assignable to type 'ViewStyle'.
          Types of property 'cursor' are incompatible.
            Type 'string | undefined' is not assignable to type 'CursorValue | undefined'.
              Type 'string' is not assignable to type 'CursorValue | undefined'.
  Overload 2 of 2, '(props: ViewProps, context: any): View', gave the following error.
    Type 'ViewStyle | TextStyle | ImageStyle' is not assignable to type 'StyleProp<ViewStyle>'.
      Type 'TextStyle' is not assignable to type 'StyleProp<ViewStyle>'.
        Type 'TextStyle' is not assignable to type 'ViewStyle'.
          Types of property 'cursor' are incompatible.
            Type 'string | undefined' is not assignable to type 'CursorValue | undefined'.
              Type 'string' is not assignable to type 'CursorValue | undefined'.
components/features/dashboard/DashboardTimeline.tsx(89,23): error TS2769: No overload matches this call.
  Overload 1 of 2, '(props: TextProps): Text', gave the following error.
    Type 'ViewStyle | TextStyle | ImageStyle' is not assignable to type 'StyleProp<TextStyle>'.
      Type 'ViewStyle' is not assignable to type 'StyleProp<TextStyle>'.
        Type 'ViewStyle' is not assignable to type 'TextStyle'.
          Types of property 'userSelect' are incompatible.
            Type 'string | undefined' is not assignable to type '"contain" | "none" | "auto" | "text" | "all" | undefined'.
              Type 'string' is not assignable to type '"contain" | "none" | "auto" | "text" | "all" | undefined'.
  Overload 2 of 2, '(props: TextProps, context: any): Text', gave the following error.
    Type 'ViewStyle | TextStyle | ImageStyle' is not assignable to type 'StyleProp<TextStyle>'.
      Type 'ViewStyle' is not assignable to type 'StyleProp<TextStyle>'.
        Type 'ViewStyle' is not assignable to type 'TextStyle'.
          Types of property 'userSelect' are incompatible.
            Type 'string | undefined' is not assignable to type '"contain" | "none" | "auto" | "text" | "all" | undefined'.
              Type 'string' is not assignable to type '"contain" | "none" | "auto" | "text" | "all" | undefined'.
components/features/dashboard/DashboardTimeline.tsx(90,35): error TS2322: Type 'ViewStyle | TextStyle | ImageStyle' is not assignable to type 'StyleProp<ViewStyle>'.
  Type 'TextStyle' is not assignable to type 'StyleProp<ViewStyle>'.
    Type 'TextStyle' is not assignable to type 'ViewStyle'.
      Types of property 'cursor' are incompatible.
        Type 'string | undefined' is not assignable to type 'CursorValue | undefined'.
          Type 'string' is not assignable to type 'CursorValue | undefined'.
components/features/dashboard/DashboardTimeline.tsx(100,19): error TS2769: No overload matches this call.
  Overload 1 of 2, '(props: ViewProps): View', gave the following error.
    Type 'ViewStyle | TextStyle | ImageStyle' is not assignable to type 'StyleProp<ViewStyle>'.
      Type 'TextStyle' is not assignable to type 'StyleProp<ViewStyle>'.
        Type 'TextStyle' is not assignable to type 'ViewStyle'.
          Types of property 'cursor' are incompatible.
            Type 'string | undefined' is not assignable to type 'CursorValue | undefined'.
              Type 'string' is not assignable to type 'CursorValue | undefined'.
  Overload 2 of 2, '(props: ViewProps, context: any): View', gave the following error.
    Type 'ViewStyle | TextStyle | ImageStyle' is not assignable to type 'StyleProp<ViewStyle>'.
      Type 'TextStyle' is not assignable to type 'StyleProp<ViewStyle>'.
        Type 'TextStyle' is not assignable to type 'ViewStyle'.
          Types of property 'cursor' are incompatible.
            Type 'string | undefined' is not assignable to type 'CursorValue | undefined'.
              Type 'string' is not assignable to type 'CursorValue | undefined'.
components/features/dashboard/DashboardTimeline.tsx(102,27): error TS2769: No overload matches this call.
  Overload 1 of 2, '(props: TextProps): Text', gave the following error.
    Type 'ViewStyle | TextStyle | ImageStyle' is not assignable to type 'StyleProp<TextStyle>'.
      Type 'ViewStyle' is not assignable to type 'StyleProp<TextStyle>'.
        Type 'ViewStyle' is not assignable to type 'TextStyle'.
          Types of property 'userSelect' are incompatible.
            Type 'string | undefined' is not assignable to type '"contain" | "none" | "auto" | "text" | "all" | undefined'.
              Type 'string' is not assignable to type '"contain" | "none" | "auto" | "text" | "all" | undefined'.
  Overload 2 of 2, '(props: TextProps, context: any): Text', gave the following error.
    Type 'ViewStyle | TextStyle | ImageStyle' is not assignable to type 'StyleProp<TextStyle>'.
      Type 'ViewStyle' is not assignable to type 'StyleProp<TextStyle>'.
        Type 'ViewStyle' is not assignable to type 'TextStyle'.
          Types of property 'userSelect' are incompatible.
            Type 'string | undefined' is not assignable to type '"contain" | "none" | "auto" | "text" | "all" | undefined'.
              Type 'string' is not assignable to type '"contain" | "none" | "auto" | "text" | "all" | undefined'.
components/features/dashboard/DashboardTimeline.tsx(104,27): error TS2769: No overload matches this call.
  Overload 1 of 2, '(props: TextProps): Text', gave the following error.
    Type 'ViewStyle | TextStyle | ImageStyle' is not assignable to type 'StyleProp<TextStyle>'.
      Type 'ViewStyle' is not assignable to type 'StyleProp<TextStyle>'.
        Type 'ViewStyle' is not assignable to type 'TextStyle'.
          Types of property 'userSelect' are incompatible.
            Type 'string | undefined' is not assignable to type '"contain" | "none" | "auto" | "text" | "all" | undefined'.
              Type 'string' is not assignable to type '"contain" | "none" | "auto" | "text" | "all" | undefined'.
  Overload 2 of 2, '(props: TextProps, context: any): Text', gave the following error.
    Type 'ViewStyle | TextStyle | ImageStyle' is not assignable to type 'StyleProp<TextStyle>'.
      Type 'ViewStyle' is not assignable to type 'StyleProp<TextStyle>'.
        Type 'ViewStyle' is not assignable to type 'TextStyle'.
          Types of property 'userSelect' are incompatible.
            Type 'string | undefined' is not assignable to type '"contain" | "none" | "auto" | "text" | "all" | undefined'.
              Type 'string' is not assignable to type '"contain" | "none" | "auto" | "text" | "all" | undefined'.
components/features/dashboard/DashboardTimeline.tsx(111,49): error TS2769: No overload matches this call.
  Overload 1 of 2, '(props: ViewProps): View', gave the following error.
    Type 'ViewStyle | TextStyle | ImageStyle' is not assignable to type 'StyleProp<ViewStyle>'.
      Type 'TextStyle' is not assignable to type 'StyleProp<ViewStyle>'.
        Type 'TextStyle' is not assignable to type 'ViewStyle'.
          Types of property 'cursor' are incompatible.
            Type 'string | undefined' is not assignable to type 'CursorValue | undefined'.
              Type 'string' is not assignable to type 'CursorValue | undefined'.
  Overload 2 of 2, '(props: ViewProps, context: any): View', gave the following error.
    Type 'ViewStyle | TextStyle | ImageStyle' is not assignable to type 'StyleProp<ViewStyle>'.
      Type 'TextStyle' is not assignable to type 'StyleProp<ViewStyle>'.
        Type 'TextStyle' is not assignable to type 'ViewStyle'.
          Types of property 'cursor' are incompatible.
            Type 'string | undefined' is not assignable to type 'CursorValue | undefined'.
              Type 'string' is not assignable to type 'CursorValue | undefined'.
components/features/dashboard/DashboardTimeline.tsx(113,51): error TS2769: No overload matches this call.
  Overload 1 of 2, '(props: ViewProps): View', gave the following error.
    Type 'ViewStyle | TextStyle | ImageStyle' is not assignable to type 'StyleProp<ViewStyle>'.
      Type 'TextStyle' is not assignable to type 'StyleProp<ViewStyle>'.
        Type 'TextStyle' is not assignable to type 'ViewStyle'.
          Types of property 'cursor' are incompatible.
            Type 'string | undefined' is not assignable to type 'CursorValue | undefined'.
              Type 'string' is not assignable to type 'CursorValue | undefined'.
  Overload 2 of 2, '(props: ViewProps, context: any): View', gave the following error.
    Type 'ViewStyle | TextStyle | ImageStyle' is not assignable to type 'StyleProp<ViewStyle>'.
      Type 'TextStyle' is not assignable to type 'StyleProp<ViewStyle>'.
        Type 'TextStyle' is not assignable to type 'ViewStyle'.
          Types of property 'cursor' are incompatible.
            Type 'string | undefined' is not assignable to type 'CursorValue | undefined'.
              Type 'string' is not assignable to type 'CursorValue | undefined'.
components/features/dashboard/DashboardTimeline.tsx(116,47): error TS2769: No overload matches this call.
  Overload 1 of 2, '(props: ViewProps): View', gave the following error.
    Type 'ViewStyle | TextStyle | ImageStyle' is not assignable to type 'ViewStyle | Falsy | RegisteredStyle<ViewStyle> | RecursiveArray<ViewStyle | Falsy | RegisteredStyle<ViewStyle>> | readonly (ViewStyle | ... 1 more ... | RegisteredStyle<...>)[]'.
      Type 'TextStyle' is not assignable to type 'ViewStyle | Falsy | RegisteredStyle<ViewStyle> | RecursiveArray<ViewStyle | Falsy | RegisteredStyle<ViewStyle>> | readonly (ViewStyle | ... 1 more ... | RegisteredStyle<...>)[]'.
        Type 'TextStyle' is not assignable to type 'ViewStyle'.
          Types of property 'cursor' are incompatible.
            Type 'string | undefined' is not assignable to type 'CursorValue | undefined'.
              Type 'string' is not assignable to type 'CursorValue | undefined'.
  Overload 2 of 2, '(props: ViewProps, context: any): View', gave the following error.
    Type 'ViewStyle | TextStyle | ImageStyle' is not assignable to type 'ViewStyle | Falsy | RegisteredStyle<ViewStyle> | RecursiveArray<ViewStyle | Falsy | RegisteredStyle<ViewStyle>> | readonly (ViewStyle | ... 1 more ... | RegisteredStyle<...>)[]'.
      Type 'TextStyle' is not assignable to type 'ViewStyle | Falsy | RegisteredStyle<ViewStyle> | RecursiveArray<ViewStyle | Falsy | RegisteredStyle<ViewStyle>> | readonly (ViewStyle | ... 1 more ... | RegisteredStyle<...>)[]'.
        Type 'TextStyle' is not assignable to type 'ViewStyle'.
          Types of property 'cursor' are incompatible.
            Type 'string | undefined' is not assignable to type 'CursorValue | undefined'.
              Type 'string' is not assignable to type 'CursorValue | undefined'.
components/features/dashboard/DashboardTimeline.tsx(126,39): error TS2769: No overload matches this call.
  Overload 1 of 2, '(props: ViewProps): View', gave the following error.
    Type 'ViewStyle | TextStyle | ImageStyle' is not assignable to type 'StyleProp<ViewStyle>'.
      Type 'TextStyle' is not assignable to type 'StyleProp<ViewStyle>'.
        Type 'TextStyle' is not assignable to type 'ViewStyle'.
          Types of property 'cursor' are incompatible.
            Type 'string | undefined' is not assignable to type 'CursorValue | undefined'.
              Type 'string' is not assignable to type 'CursorValue | undefined'.
  Overload 2 of 2, '(props: ViewProps, context: any): View', gave the following error.
    Type 'ViewStyle | TextStyle | ImageStyle' is not assignable to type 'StyleProp<ViewStyle>'.
      Type 'TextStyle' is not assignable to type 'StyleProp<ViewStyle>'.
        Type 'TextStyle' is not assignable to type 'ViewStyle'.
          Types of property 'cursor' are incompatible.
            Type 'string | undefined' is not assignable to type 'CursorValue | undefined'.
              Type 'string' is not assignable to type 'CursorValue | undefined'.
components/features/dashboard/DashboardTimeline.tsx(127,43): error TS2769: No overload matches this call.
  Overload 1 of 2, '(props: ViewProps): View', gave the following error.
    Type 'ViewStyle | TextStyle | ImageStyle' is not assignable to type 'StyleProp<ViewStyle>'.
      Type 'TextStyle' is not assignable to type 'StyleProp<ViewStyle>'.
        Type 'TextStyle' is not assignable to type 'ViewStyle'.
          Types of property 'cursor' are incompatible.
            Type 'string | undefined' is not assignable to type 'CursorValue | undefined'.
              Type 'string' is not assignable to type 'CursorValue | undefined'.
  Overload 2 of 2, '(props: ViewProps, context: any): View', gave the following error.
    Type 'ViewStyle | TextStyle | ImageStyle' is not assignable to type 'StyleProp<ViewStyle>'.
      Type 'TextStyle' is not assignable to type 'StyleProp<ViewStyle>'.
        Type 'TextStyle' is not assignable to type 'ViewStyle'.
          Types of property 'cursor' are incompatible.
            Type 'string | undefined' is not assignable to type 'CursorValue | undefined'.
              Type 'string' is not assignable to type 'CursorValue | undefined'.
components/features/dashboard/DashboardTimeline.tsx(128,47): error TS2769: No overload matches this call.
  Overload 1 of 2, '(props: TextProps): Text', gave the following error.
    Type 'ViewStyle | TextStyle | ImageStyle' is not assignable to type 'StyleProp<TextStyle>'.
      Type 'ViewStyle' is not assignable to type 'StyleProp<TextStyle>'.
        Type 'ViewStyle' is not assignable to type 'TextStyle'.
          Types of property 'userSelect' are incompatible.
            Type 'string | undefined' is not assignable to type '"contain" | "none" | "auto" | "text" | "all" | undefined'.
              Type 'string' is not assignable to type '"contain" | "none" | "auto" | "text" | "all" | undefined'.
  Overload 2 of 2, '(props: TextProps, context: any): Text', gave the following error.
    Type 'ViewStyle | TextStyle | ImageStyle' is not assignable to type 'StyleProp<TextStyle>'.
      Type 'ViewStyle' is not assignable to type 'StyleProp<TextStyle>'.
        Type 'ViewStyle' is not assignable to type 'TextStyle'.
          Types of property 'userSelect' are incompatible.
            Type 'string | undefined' is not assignable to type '"contain" | "none" | "auto" | "text" | "all" | undefined'.
              Type 'string' is not assignable to type '"contain" | "none" | "auto" | "text" | "all" | undefined'.
components/features/dashboard/DashboardTimeline.tsx(129,47): error TS2769: No overload matches this call.
  Overload 1 of 2, '(props: TextProps): Text', gave the following error.
    Type 'ViewStyle | TextStyle | ImageStyle' is not assignable to type 'StyleProp<TextStyle>'.
      Type 'ViewStyle' is not assignable to type 'StyleProp<TextStyle>'.
        Type 'ViewStyle' is not assignable to type 'TextStyle'.
          Types of property 'userSelect' are incompatible.
            Type 'string | undefined' is not assignable to type '"contain" | "none" | "auto" | "text" | "all" | undefined'.
              Type 'string' is not assignable to type '"contain" | "none" | "auto" | "text" | "all" | undefined'.
  Overload 2 of 2, '(props: TextProps, context: any): Text', gave the following error.
    Type 'ViewStyle | TextStyle | ImageStyle' is not assignable to type 'StyleProp<TextStyle>'.
      Type 'ViewStyle' is not assignable to type 'StyleProp<TextStyle>'.
        Type 'ViewStyle' is not assignable to type 'TextStyle'.
          Types of property 'userSelect' are incompatible.
            Type 'string | undefined' is not assignable to type '"contain" | "none" | "auto" | "text" | "all" | undefined'.
              Type 'string' is not assignable to type '"contain" | "none" | "auto" | "text" | "all" | undefined'.
components/features/dashboard/DashboardTimeline.tsx(132,43): error TS2769: No overload matches this call.
  Overload 1 of 2, '(props: ViewProps): View', gave the following error.
    Type 'ViewStyle | TextStyle | ImageStyle' is not assignable to type 'StyleProp<ViewStyle>'.
      Type 'TextStyle' is not assignable to type 'StyleProp<ViewStyle>'.
        Type 'TextStyle' is not assignable to type 'ViewStyle'.
          Types of property 'cursor' are incompatible.
            Type 'string | undefined' is not assignable to type 'CursorValue | undefined'.
              Type 'string' is not assignable to type 'CursorValue | undefined'.
  Overload 2 of 2, '(props: ViewProps, context: any): View', gave the following error.
    Type 'ViewStyle | TextStyle | ImageStyle' is not assignable to type 'StyleProp<ViewStyle>'.
      Type 'TextStyle' is not assignable to type 'StyleProp<ViewStyle>'.
        Type 'TextStyle' is not assignable to type 'ViewStyle'.
          Types of property 'cursor' are incompatible.
            Type 'string | undefined' is not assignable to type 'CursorValue | undefined'.
              Type 'string' is not assignable to type 'CursorValue | undefined'.
components/features/dashboard/DashboardTimeline.tsx(133,47): error TS2769: No overload matches this call.
  Overload 1 of 2, '(props: TextProps): Text', gave the following error.
    Type 'ViewStyle | TextStyle | ImageStyle' is not assignable to type 'StyleProp<TextStyle>'.
      Type 'ViewStyle' is not assignable to type 'StyleProp<TextStyle>'.
        Type 'ViewStyle' is not assignable to type 'TextStyle'.
          Types of property 'userSelect' are incompatible.
            Type 'string | undefined' is not assignable to type '"contain" | "none" | "auto" | "text" | "all" | undefined'.
              Type 'string' is not assignable to type '"contain" | "none" | "auto" | "text" | "all" | undefined'.
  Overload 2 of 2, '(props: TextProps, context: any): Text', gave the following error.
    Type 'ViewStyle | TextStyle | ImageStyle' is not assignable to type 'StyleProp<TextStyle>'.
      Type 'ViewStyle' is not assignable to type 'StyleProp<TextStyle>'.
        Type 'ViewStyle' is not assignable to type 'TextStyle'.
          Types of property 'userSelect' are incompatible.
            Type 'string | undefined' is not assignable to type '"contain" | "none" | "auto" | "text" | "all" | undefined'.
              Type 'string' is not assignable to type '"contain" | "none" | "auto" | "text" | "all" | undefined'.
components/features/dashboard/DashboardTimeline.tsx(135,68): error TS2769: No overload matches this call.
  Overload 1 of 2, '(props: TextProps): Text', gave the following error.
    Type 'ViewStyle | TextStyle | ImageStyle' is not assignable to type 'StyleProp<TextStyle>'.
      Type 'ViewStyle' is not assignable to type 'StyleProp<TextStyle>'.
        Type 'ViewStyle' is not assignable to type 'TextStyle'.
          Types of property 'userSelect' are incompatible.
            Type 'string | undefined' is not assignable to type '"contain" | "none" | "auto" | "text" | "all" | undefined'.
              Type 'string' is not assignable to type '"contain" | "none" | "auto" | "text" | "all" | undefined'.
  Overload 2 of 2, '(props: TextProps, context: any): Text', gave the following error.
    Type 'ViewStyle | TextStyle | ImageStyle' is not assignable to type 'StyleProp<TextStyle>'.
      Type 'ViewStyle' is not assignable to type 'StyleProp<TextStyle>'.
        Type 'ViewStyle' is not assignable to type 'TextStyle'.
          Types of property 'userSelect' are incompatible.
            Type 'string | undefined' is not assignable to type '"contain" | "none" | "auto" | "text" | "all" | undefined'.
              Type 'string' is not assignable to type '"contain" | "none" | "auto" | "text" | "all" | undefined'.
components/features/dashboard/DashboardTimeline.tsx(141,47): error TS2769: No overload matches this call.
  Overload 1 of 2, '(props: ViewProps): View', gave the following error.
    Type 'ViewStyle | TextStyle | ImageStyle' is not assignable to type 'StyleProp<ViewStyle>'.
      Type 'TextStyle' is not assignable to type 'StyleProp<ViewStyle>'.
        Type 'TextStyle' is not assignable to type 'ViewStyle'.
          Types of property 'cursor' are incompatible.
            Type 'string | undefined' is not assignable to type 'CursorValue | undefined'.
              Type 'string' is not assignable to type 'CursorValue | undefined'.
  Overload 2 of 2, '(props: ViewProps, context: any): View', gave the following error.
    Type 'ViewStyle | TextStyle | ImageStyle' is not assignable to type 'StyleProp<ViewStyle>'.
      Type 'TextStyle' is not assignable to type 'StyleProp<ViewStyle>'.
        Type 'TextStyle' is not assignable to type 'ViewStyle'.
          Types of property 'cursor' are incompatible.
            Type 'string | undefined' is not assignable to type 'CursorValue | undefined'.
              Type 'string' is not assignable to type 'CursorValue | undefined'.
components/features/dashboard/DashboardTimeline.tsx(143,91): error TS2769: No overload matches this call.
  Overload 1 of 2, '(props: ImageProps): Image', gave the following error.
    Type 'ViewStyle | TextStyle | ImageStyle' is not assignable to type 'StyleProp<ImageStyle>'.
      Type 'ViewStyle' is not assignable to type 'StyleProp<ImageStyle>'.
        Type 'ViewStyle' is not assignable to type 'ImageStyle'.
          Types of property 'overflow' are incompatible.
            Type '"hidden" | "visible" | "scroll" | undefined' is not assignable to type '"hidden" | "visible" | undefined'.
              Type '"scroll"' is not assignable to type '"hidden" | "visible" | undefined'.
  Overload 2 of 2, '(props: ImageProps, context: any): Image', gave the following error.
    Type 'ViewStyle | TextStyle | ImageStyle' is not assignable to type 'StyleProp<ImageStyle>'.
      Type 'ViewStyle' is not assignable to type 'StyleProp<ImageStyle>'.
        Type 'ViewStyle' is not assignable to type 'ImageStyle'.
          Types of property 'overflow' are incompatible.
            Type '"hidden" | "visible" | "scroll" | undefined' is not assignable to type '"hidden" | "visible" | undefined'.
              Type '"scroll"' is not assignable to type '"hidden" | "visible" | undefined'.
components/features/dashboard/DashboardTimeline.tsx(145,55): error TS2769: No overload matches this call.
  Overload 1 of 2, '(props: ViewProps): View', gave the following error.
    Type 'ViewStyle | TextStyle | ImageStyle' is not assignable to type 'StyleProp<ViewStyle>'.
      Type 'TextStyle' is not assignable to type 'StyleProp<ViewStyle>'.
        Type 'TextStyle' is not assignable to type 'ViewStyle'.
          Types of property 'cursor' are incompatible.
            Type 'string | undefined' is not assignable to type 'CursorValue | undefined'.
              Type 'string' is not assignable to type 'CursorValue | undefined'.
  Overload 2 of 2, '(props: ViewProps, context: any): View', gave the following error.
    Type 'ViewStyle | TextStyle | ImageStyle' is not assignable to type 'StyleProp<ViewStyle>'.
      Type 'TextStyle' is not assignable to type 'StyleProp<ViewStyle>'.
        Type 'TextStyle' is not assignable to type 'ViewStyle'.
          Types of property 'cursor' are incompatible.
            Type 'string | undefined' is not assignable to type 'CursorValue | undefined'.
              Type 'string' is not assignable to type 'CursorValue | undefined'.
components/features/dashboard/DashboardTimeline.tsx(150,55): error TS2769: No overload matches this call.
  Overload 1 of 2, '(props: TextProps): Text', gave the following error.
    Type 'ViewStyle | TextStyle | ImageStyle' is not assignable to type 'StyleProp<TextStyle>'.
      Type 'ViewStyle' is not assignable to type 'StyleProp<TextStyle>'.
        Type 'ViewStyle' is not assignable to type 'TextStyle'.
          Types of property 'userSelect' are incompatible.
            Type 'string | undefined' is not assignable to type '"contain" | "none" | "auto" | "text" | "all" | undefined'.
              Type 'string' is not assignable to type '"contain" | "none" | "auto" | "text" | "all" | undefined'.
  Overload 2 of 2, '(props: TextProps, context: any): Text', gave the following error.
    Type 'ViewStyle | TextStyle | ImageStyle' is not assignable to type 'StyleProp<TextStyle>'.
      Type 'ViewStyle' is not assignable to type 'StyleProp<TextStyle>'.
        Type 'ViewStyle' is not assignable to type 'TextStyle'.
          Types of property 'userSelect' are incompatible.
            Type 'string | undefined' is not assignable to type '"contain" | "none" | "auto" | "text" | "all" | undefined'.
              Type 'string' is not assignable to type '"contain" | "none" | "auto" | "text" | "all" | undefined'.
components/features/dashboard/DashboardTimeline.tsx(162,55): error TS2769: No overload matches this call.
  Overload 1 of 2, '(props: TextProps): Text', gave the following error.
    Type 'ViewStyle | TextStyle | ImageStyle' is not assignable to type 'StyleProp<TextStyle>'.
      Type 'ViewStyle' is not assignable to type 'StyleProp<TextStyle>'.
        Type 'ViewStyle' is not assignable to type 'TextStyle'.
          Types of property 'userSelect' are incompatible.
            Type 'string | undefined' is not assignable to type '"contain" | "none" | "auto" | "text" | "all" | undefined'.
              Type 'string' is not assignable to type '"contain" | "none" | "auto" | "text" | "all" | undefined'.
  Overload 2 of 2, '(props: TextProps, context: any): Text', gave the following error.
    Type 'ViewStyle | TextStyle | ImageStyle' is not assignable to type 'StyleProp<TextStyle>'.
      Type 'ViewStyle' is not assignable to type 'StyleProp<TextStyle>'.
        Type 'ViewStyle' is not assignable to type 'TextStyle'.
          Types of property 'userSelect' are incompatible.
            Type 'string | undefined' is not assignable to type '"contain" | "none" | "auto" | "text" | "all" | undefined'.
              Type 'string' is not assignable to type '"contain" | "none" | "auto" | "text" | "all" | undefined'.
components/features/dashboard/DashboardTimeline.tsx(169,59): error TS2322: Type 'ViewStyle | TextStyle | ImageStyle' is not assignable to type 'StyleProp<ViewStyle>'.
  Type 'TextStyle' is not assignable to type 'StyleProp<ViewStyle>'.
    Type 'TextStyle' is not assignable to type 'ViewStyle'.
      Types of property 'cursor' are incompatible.
        Type 'string | undefined' is not assignable to type 'CursorValue | undefined'.
          Type 'string' is not assignable to type 'CursorValue | undefined'.
components/features/dashboard/DashboardTimeline.tsx(170,51): error TS2769: No overload matches this call.
  Overload 1 of 2, '(props: ViewProps): View', gave the following error.
    Type 'ViewStyle | TextStyle | ImageStyle' is not assignable to type 'StyleProp<ViewStyle>'.
      Type 'TextStyle' is not assignable to type 'StyleProp<ViewStyle>'.
        Type 'TextStyle' is not assignable to type 'ViewStyle'.
          Types of property 'cursor' are incompatible.
            Type 'string | undefined' is not assignable to type 'CursorValue | undefined'.
              Type 'string' is not assignable to type 'CursorValue | undefined'.
  Overload 2 of 2, '(props: ViewProps, context: any): View', gave the following error.
    Type 'ViewStyle | TextStyle | ImageStyle' is not assignable to type 'StyleProp<ViewStyle>'.
      Type 'TextStyle' is not assignable to type 'StyleProp<ViewStyle>'.
        Type 'TextStyle' is not assignable to type 'ViewStyle'.
          Types of property 'cursor' are incompatible.
            Type 'string | undefined' is not assignable to type 'CursorValue | undefined'.
              Type 'string' is not assignable to type 'CursorValue | undefined'.
components/features/dashboard/DashboardTimeline.tsx(174,55): error TS2769: No overload matches this call.
  Overload 1 of 2, '(props: TextProps): Text', gave the following error.
    Type 'ViewStyle | TextStyle | ImageStyle' is not assignable to type 'StyleProp<TextStyle>'.
      Type 'ViewStyle' is not assignable to type 'StyleProp<TextStyle>'.
        Type 'ViewStyle' is not assignable to type 'TextStyle'.
          Types of property 'userSelect' are incompatible.
            Type 'string | undefined' is not assignable to type '"contain" | "none" | "auto" | "text" | "all" | undefined'.
              Type 'string' is not assignable to type '"contain" | "none" | "auto" | "text" | "all" | undefined'.
  Overload 2 of 2, '(props: TextProps, context: any): Text', gave the following error.
    Type 'ViewStyle | TextStyle | ImageStyle' is not assignable to type 'StyleProp<TextStyle>'.
      Type 'ViewStyle' is not assignable to type 'StyleProp<TextStyle>'.
        Type 'ViewStyle' is not assignable to type 'TextStyle'.
          Types of property 'userSelect' are incompatible.
            Type 'string | undefined' is not assignable to type '"contain" | "none" | "auto" | "text" | "all" | undefined'.
              Type 'string' is not assignable to type '"contain" | "none" | "auto" | "text" | "all" | undefined'.
components/features/dashboard/DashboardTimeline.tsx(175,55): error TS2769: No overload matches this call.
  Overload 1 of 2, '(props: TextProps): Text', gave the following error.
    Type 'ViewStyle | TextStyle | ImageStyle' is not assignable to type 'StyleProp<TextStyle>'.
      Type 'ViewStyle' is not assignable to type 'StyleProp<TextStyle>'.
        Type 'ViewStyle' is not assignable to type 'TextStyle'.
          Types of property 'userSelect' are incompatible.
            Type 'string | undefined' is not assignable to type '"contain" | "none" | "auto" | "text" | "all" | undefined'.
              Type 'string' is not assignable to type '"contain" | "none" | "auto" | "text" | "all" | undefined'.
  Overload 2 of 2, '(props: TextProps, context: any): Text', gave the following error.
    Type 'ViewStyle | TextStyle | ImageStyle' is not assignable to type 'StyleProp<TextStyle>'.
      Type 'ViewStyle' is not assignable to type 'StyleProp<TextStyle>'.
        Type 'ViewStyle' is not assignable to type 'TextStyle'.
          Types of property 'userSelect' are incompatible.
            Type 'string | undefined' is not assignable to type '"contain" | "none" | "auto" | "text" | "all" | undefined'.
              Type 'string' is not assignable to type '"contain" | "none" | "auto" | "text" | "all" | undefined'.
components/features/dashboard/DashboardTimeline.tsx(186,31): error TS2322: Type 'ViewStyle | TextStyle | ImageStyle' is not assignable to type 'StyleProp<ViewStyle>'.
  Type 'TextStyle' is not assignable to type 'StyleProp<ViewStyle>'.
    Type 'TextStyle' is not assignable to type 'ViewStyle'.
      Types of property 'cursor' are incompatible.
        Type 'string | undefined' is not assignable to type 'CursorValue | undefined'.
          Type 'string' is not assignable to type 'CursorValue | undefined'.
components/features/dashboard/DashboardTimeline.tsx(187,23): error TS2769: No overload matches this call.
  Overload 1 of 2, '(props: TextProps): Text', gave the following error.
    Type 'ViewStyle | TextStyle | ImageStyle' is not assignable to type 'StyleProp<TextStyle>'.
      Type 'ViewStyle' is not assignable to type 'StyleProp<TextStyle>'.
        Type 'ViewStyle' is not assignable to type 'TextStyle'.
          Types of property 'userSelect' are incompatible.
            Type 'string | undefined' is not assignable to type '"contain" | "none" | "auto" | "text" | "all" | undefined'.
              Type 'string' is not assignable to type '"contain" | "none" | "auto" | "text" | "all" | undefined'.
  Overload 2 of 2, '(props: TextProps, context: any): Text', gave the following error.
    Type 'ViewStyle | TextStyle | ImageStyle' is not assignable to type 'StyleProp<TextStyle>'.
      Type 'ViewStyle' is not assignable to type 'StyleProp<TextStyle>'.
        Type 'ViewStyle' is not assignable to type 'TextStyle'.
          Types of property 'userSelect' are incompatible.
            Type 'string | undefined' is not assignable to type '"contain" | "none" | "auto" | "text" | "all" | undefined'.
              Type 'string' is not assignable to type '"contain" | "none" | "auto" | "text" | "all" | undefined'.
components/features/dashboard/DashboardTimeline.tsx(211,5): error TS2322: Type '{ color: string; fontSize: number; fontWeight: string; lineHeight: number; letterSpacing: number; }' is not assignable to type 'ViewStyle | TextStyle | ImageStyle'.
  Type '{ color: string; fontSize: number; fontWeight: string; lineHeight: number; letterSpacing: number; }' is not assignable to type 'TextStyle'.
    Types of property 'fontWeight' are incompatible.
      Type 'string' is not assignable to type '100 | 300 | "light" | "400" | "500" | "600" | "700" | 200 | 400 | 500 | 800 | "normal" | "100" | "200" | "300" | "800" | "900" | "bold" | "medium" | "black" | 600 | 700 | 900 | "ultralight" | ... 6 more ... | undefined'.
components/features/dashboard/DashboardTimeline.tsx(265,36): error TS2339: Property 'caption' does not exist on type '{ display: { large: { fontSize: number; fontWeight: string; lineHeight: number; letterSpacing: number; }; medium: { fontSize: number; fontWeight: string; lineHeight: number; }; small: { fontSize: number; fontWeight: string; lineHeight: number; }; }; headline: { ...; }; title: { ...; }; body: { ...; }; label: { ...; ...'.
components/features/dashboard/DashboardTimeline.tsx(271,5): error TS2322: Type '{ color: string; lineHeight: number; fontSize: number; fontWeight: string; letterSpacing: number; }' is not assignable to type 'ViewStyle | TextStyle | ImageStyle'.
  Type '{ color: string; lineHeight: number; fontSize: number; fontWeight: string; letterSpacing: number; }' is not assignable to type 'TextStyle'.
    Types of property 'fontWeight' are incompatible.
      Type 'string' is not assignable to type '100 | 300 | "light" | "400" | "500" | "600" | "700" | 200 | 400 | 500 | 800 | "normal" | "100" | "200" | "300" | "800" | "900" | "bold" | "medium" | "black" | 600 | 700 | 900 | "ultralight" | ... 6 more ... | undefined'.
components/features/dashboard/DashboardTimeline.tsx(336,5): error TS2322: Type '{ color: string; fontSize: number; fontWeight: string; lineHeight: number; letterSpacing: number; }' is not assignable to type 'ViewStyle | TextStyle | ImageStyle'.
  Type '{ color: string; fontSize: number; fontWeight: string; lineHeight: number; letterSpacing: number; }' is not assignable to type 'TextStyle'.
    Types of property 'fontWeight' are incompatible.
      Type 'string' is not assignable to type '100 | 300 | "light" | "400" | "500" | "600" | "700" | 200 | 400 | 500 | 800 | "normal" | "100" | "200" | "300" | "800" | "900" | "bold" | "medium" | "black" | 600 | 700 | 900 | "ultralight" | ... 6 more ... | undefined'.
components/features/dashboard/DashboardTimeline.tsx(341,36): error TS2339: Property 'caption' does not exist on type '{ display: { large: { fontSize: number; fontWeight: string; lineHeight: number; letterSpacing: number; }; medium: { fontSize: number; fontWeight: string; lineHeight: number; }; small: { fontSize: number; fontWeight: string; lineHeight: number; }; }; headline: { ...; }; title: { ...; }; body: { ...; }; label: { ...; ...'.
components/features/dashboard/DashboardTimeline.tsx(355,5): error TS2322: Type '{ color: string; fontStyle: "italic"; textAlign: "center"; fontSize: number; fontWeight: string; lineHeight: number; letterSpacing: number; }' is not assignable to type 'ViewStyle | TextStyle | ImageStyle'.
  Type '{ color: string; fontStyle: "italic"; textAlign: "center"; fontSize: number; fontWeight: string; lineHeight: number; letterSpacing: number; }' is not assignable to type 'TextStyle'.
    Types of property 'fontWeight' are incompatible.
      Type 'string' is not assignable to type '100 | 300 | "light" | "400" | "500" | "600" | "700" | 200 | 400 | 500 | 800 | "normal" | "100" | "200" | "300" | "800" | "900" | "bold" | "medium" | "black" | 600 | 700 | 900 | "ultralight" | ... 6 more ... | undefined'.
components/features/dashboard/DashboardTimeline.tsx(361,5): error TS2322: Type '{ color: string; fontStyle: "italic"; textAlign: "center"; fontSize: number; fontWeight: string; lineHeight: number; letterSpacing: number; }' is not assignable to type 'ViewStyle | TextStyle | ImageStyle'.
  Type '{ color: string; fontStyle: "italic"; textAlign: "center"; fontSize: number; fontWeight: string; lineHeight: number; letterSpacing: number; }' is not assignable to type 'TextStyle'.
    Types of property 'fontWeight' are incompatible.
      Type 'string' is not assignable to type '100 | 300 | "light" | "400" | "500" | "600" | "700" | 200 | 400 | 500 | 800 | "normal" | "100" | "200" | "300" | "800" | "900" | "bold" | "medium" | "black" | 600 | 700 | 900 | "ultralight" | ... 6 more ... | undefined'.
components/features/dashboard/DashboardUpcoming.tsx(59,71): error TS2769: No overload matches this call.
  Overload 1 of 2, '(props: ScrollViewProps): ScrollView', gave the following error.
    Type 'ViewStyle | TextStyle | ImageStyle' is not assignable to type 'StyleProp<ViewStyle>'.
      Type 'TextStyle' is not assignable to type 'StyleProp<ViewStyle>'.
        Type 'TextStyle' is not assignable to type 'ViewStyle'.
          Types of property 'cursor' are incompatible.
            Type 'string | undefined' is not assignable to type 'CursorValue | undefined'.
              Type 'string' is not assignable to type 'CursorValue | undefined'.
  Overload 2 of 2, '(props: ScrollViewProps, context: any): ScrollView', gave the following error.
    Type 'ViewStyle | TextStyle | ImageStyle' is not assignable to type 'StyleProp<ViewStyle>'.
      Type 'TextStyle' is not assignable to type 'StyleProp<ViewStyle>'.
        Type 'TextStyle' is not assignable to type 'ViewStyle'.
          Types of property 'cursor' are incompatible.
            Type 'string | undefined' is not assignable to type 'CursorValue | undefined'.
              Type 'string' is not assignable to type 'CursorValue | undefined'.
components/features/dashboard/DashboardUpcoming.tsx(64,25): error TS2322: Type 'ViewStyle | TextStyle | ImageStyle' is not assignable to type 'ViewStyle | Falsy | RegisteredStyle<ViewStyle> | RecursiveArray<ViewStyle | Falsy | RegisteredStyle<ViewStyle>> | readonly (ViewStyle | ... 1 more ... | RegisteredStyle<...>)[]'.
  Type 'TextStyle' is not assignable to type 'ViewStyle | Falsy | RegisteredStyle<ViewStyle> | RecursiveArray<ViewStyle | Falsy | RegisteredStyle<ViewStyle>> | readonly (ViewStyle | ... 1 more ... | RegisteredStyle<...>)[]'.
    Type 'TextStyle' is not assignable to type 'ViewStyle'.
      Types of property 'cursor' are incompatible.
        Type 'string | undefined' is not assignable to type 'CursorValue | undefined'.
          Type 'string' is not assignable to type 'CursorValue | undefined'.
components/features/dashboard/DashboardUpcoming.tsx(65,25): error TS2322: Type 'false | ViewStyle | TextStyle | ImageStyle' is not assignable to type 'ViewStyle | Falsy | RegisteredStyle<ViewStyle> | RecursiveArray<ViewStyle | Falsy | RegisteredStyle<ViewStyle>> | readonly (ViewStyle | ... 1 more ... | RegisteredStyle<...>)[]'.
  Type 'TextStyle' is not assignable to type 'ViewStyle | Falsy | RegisteredStyle<ViewStyle> | RecursiveArray<ViewStyle | Falsy | RegisteredStyle<ViewStyle>> | readonly (ViewStyle | ... 1 more ... | RegisteredStyle<...>)[]'.
    Type 'TextStyle' is not assignable to type 'ViewStyle'.
      Types of property 'cursor' are incompatible.
        Type 'string | undefined' is not assignable to type 'CursorValue | undefined'.
          Type 'string' is not assignable to type 'CursorValue | undefined'.
components/features/dashboard/DashboardUpcoming.tsx(69,22): error TS2769: No overload matches this call.
  Overload 2 of 2, '(props: TextProps, context: any): Text', gave the following error.
    Type 'ViewStyle | TextStyle | ImageStyle' is not assignable to type 'TextStyle | Falsy | RegisteredStyle<TextStyle> | RecursiveArray<TextStyle | Falsy | RegisteredStyle<TextStyle>> | readonly (TextStyle | ... 1 more ... | RegisteredStyle<...>)[]'.
      Type 'ViewStyle' is not assignable to type 'TextStyle | Falsy | RegisteredStyle<TextStyle> | RecursiveArray<TextStyle | Falsy | RegisteredStyle<TextStyle>> | readonly (TextStyle | ... 1 more ... | RegisteredStyle<...>)[]'.
        Type 'ViewStyle' is not assignable to type 'TextStyle'.
          Types of property 'userSelect' are incompatible.
            Type 'string | undefined' is not assignable to type '"contain" | "none" | "auto" | "text" | "all" | undefined'.
              Type 'string' is not assignable to type '"contain" | "none" | "auto" | "text" | "all" | undefined'.
  Overload 2 of 2, '(props: TextProps, context: any): Text', gave the following error.
    Type 'false | ViewStyle | TextStyle | ImageStyle' is not assignable to type 'TextStyle | Falsy | RegisteredStyle<TextStyle> | RecursiveArray<TextStyle | Falsy | RegisteredStyle<TextStyle>> | readonly (TextStyle | ... 1 more ... | RegisteredStyle<...>)[]'.
      Type 'ViewStyle' is not assignable to type 'TextStyle | Falsy | RegisteredStyle<TextStyle> | RecursiveArray<TextStyle | Falsy | RegisteredStyle<TextStyle>> | readonly (TextStyle | ... 1 more ... | RegisteredStyle<...>)[]'.
        Type 'ViewStyle' is not assignable to type 'TextStyle'.
          Types of property 'userSelect' are incompatible.
            Type 'string | undefined' is not assignable to type '"contain" | "none" | "auto" | "text" | "all" | undefined'.
              Type 'string' is not assignable to type '"contain" | "none" | "auto" | "text" | "all" | undefined'.
components/features/dashboard/DashboardUpcoming.tsx(81,15): error TS2769: No overload matches this call.
  Overload 1 of 2, '(props: ViewProps): View', gave the following error.
    Type 'ViewStyle | TextStyle | ImageStyle' is not assignable to type 'StyleProp<ViewStyle>'.
      Type 'TextStyle' is not assignable to type 'StyleProp<ViewStyle>'.
        Type 'TextStyle' is not assignable to type 'ViewStyle'.
          Types of property 'cursor' are incompatible.
            Type 'string | undefined' is not assignable to type 'CursorValue | undefined'.
              Type 'string' is not assignable to type 'CursorValue | undefined'.
  Overload 2 of 2, '(props: ViewProps, context: any): View', gave the following error.
    Type 'ViewStyle | TextStyle | ImageStyle' is not assignable to type 'StyleProp<ViewStyle>'.
      Type 'TextStyle' is not assignable to type 'StyleProp<ViewStyle>'.
        Type 'TextStyle' is not assignable to type 'ViewStyle'.
          Types of property 'cursor' are incompatible.
            Type 'string | undefined' is not assignable to type 'CursorValue | undefined'.
              Type 'string' is not assignable to type 'CursorValue | undefined'.
components/features/dashboard/DashboardUpcoming.tsx(82,19): error TS2769: No overload matches this call.
  Overload 1 of 2, '(props: ViewProps): View', gave the following error.
    Type 'ViewStyle | TextStyle | ImageStyle' is not assignable to type 'StyleProp<ViewStyle>'.
      Type 'TextStyle' is not assignable to type 'StyleProp<ViewStyle>'.
        Type 'TextStyle' is not assignable to type 'ViewStyle'.
          Types of property 'cursor' are incompatible.
            Type 'string | undefined' is not assignable to type 'CursorValue | undefined'.
              Type 'string' is not assignable to type 'CursorValue | undefined'.
  Overload 2 of 2, '(props: ViewProps, context: any): View', gave the following error.
    Type 'ViewStyle | TextStyle | ImageStyle' is not assignable to type 'StyleProp<ViewStyle>'.
      Type 'TextStyle' is not assignable to type 'StyleProp<ViewStyle>'.
        Type 'TextStyle' is not assignable to type 'ViewStyle'.
          Types of property 'cursor' are incompatible.
            Type 'string | undefined' is not assignable to type 'CursorValue | undefined'.
              Type 'string' is not assignable to type 'CursorValue | undefined'.
components/features/dashboard/DashboardUpcoming.tsx(83,23): error TS2769: No overload matches this call.
  Overload 1 of 2, '(props: ViewProps): View', gave the following error.
    Type 'ViewStyle | TextStyle | ImageStyle' is not assignable to type 'StyleProp<ViewStyle>'.
      Type 'TextStyle' is not assignable to type 'StyleProp<ViewStyle>'.
        Type 'TextStyle' is not assignable to type 'ViewStyle'.
          Types of property 'cursor' are incompatible.
            Type 'string | undefined' is not assignable to type 'CursorValue | undefined'.
              Type 'string' is not assignable to type 'CursorValue | undefined'.
  Overload 2 of 2, '(props: ViewProps, context: any): View', gave the following error.
    Type 'ViewStyle | TextStyle | ImageStyle' is not assignable to type 'StyleProp<ViewStyle>'.
      Type 'TextStyle' is not assignable to type 'StyleProp<ViewStyle>'.
        Type 'TextStyle' is not assignable to type 'ViewStyle'.
          Types of property 'cursor' are incompatible.
            Type 'string | undefined' is not assignable to type 'CursorValue | undefined'.
              Type 'string' is not assignable to type 'CursorValue | undefined'.
components/features/dashboard/DashboardUpcoming.tsx(84,27): error TS2769: No overload matches this call.
  Overload 1 of 2, '(props: ViewProps): View', gave the following error.
    Type 'ViewStyle | TextStyle | ImageStyle' is not assignable to type 'StyleProp<ViewStyle>'.
      Type 'TextStyle' is not assignable to type 'StyleProp<ViewStyle>'.
        Type 'TextStyle' is not assignable to type 'ViewStyle'.
          Types of property 'cursor' are incompatible.
            Type 'string | undefined' is not assignable to type 'CursorValue | undefined'.
              Type 'string' is not assignable to type 'CursorValue | undefined'.
  Overload 2 of 2, '(props: ViewProps, context: any): View', gave the following error.
    Type 'ViewStyle | TextStyle | ImageStyle' is not assignable to type 'StyleProp<ViewStyle>'.
      Type 'TextStyle' is not assignable to type 'StyleProp<ViewStyle>'.
        Type 'TextStyle' is not assignable to type 'ViewStyle'.
          Types of property 'cursor' are incompatible.
            Type 'string | undefined' is not assignable to type 'CursorValue | undefined'.
              Type 'string' is not assignable to type 'CursorValue | undefined'.
components/features/dashboard/DashboardUpcoming.tsx(85,27): error TS2769: No overload matches this call.
  Overload 1 of 2, '(props: TextProps): Text', gave the following error.
    Type 'ViewStyle | TextStyle | ImageStyle' is not assignable to type 'StyleProp<TextStyle>'.
      Type 'ViewStyle' is not assignable to type 'StyleProp<TextStyle>'.
        Type 'ViewStyle' is not assignable to type 'TextStyle'.
          Types of property 'userSelect' are incompatible.
            Type 'string | undefined' is not assignable to type '"contain" | "none" | "auto" | "text" | "all" | undefined'.
              Type 'string' is not assignable to type '"contain" | "none" | "auto" | "text" | "all" | undefined'.
  Overload 2 of 2, '(props: TextProps, context: any): Text', gave the following error.
    Type 'ViewStyle | TextStyle | ImageStyle' is not assignable to type 'StyleProp<TextStyle>'.
      Type 'ViewStyle' is not assignable to type 'StyleProp<TextStyle>'.
        Type 'ViewStyle' is not assignable to type 'TextStyle'.
          Types of property 'userSelect' are incompatible.
            Type 'string | undefined' is not assignable to type '"contain" | "none" | "auto" | "text" | "all" | undefined'.
              Type 'string' is not assignable to type '"contain" | "none" | "auto" | "text" | "all" | undefined'.
components/features/dashboard/DashboardUpcoming.tsx(88,27): error TS2769: No overload matches this call.
  Overload 1 of 2, '(props: TextProps): Text', gave the following error.
    Type 'ViewStyle | TextStyle | ImageStyle' is not assignable to type 'StyleProp<TextStyle>'.
      Type 'ViewStyle' is not assignable to type 'StyleProp<TextStyle>'.
        Type 'ViewStyle' is not assignable to type 'TextStyle'.
          Types of property 'userSelect' are incompatible.
            Type 'string | undefined' is not assignable to type '"contain" | "none" | "auto" | "text" | "all" | undefined'.
              Type 'string' is not assignable to type '"contain" | "none" | "auto" | "text" | "all" | undefined'.
  Overload 2 of 2, '(props: TextProps, context: any): Text', gave the following error.
    Type 'ViewStyle | TextStyle | ImageStyle' is not assignable to type 'StyleProp<TextStyle>'.
      Type 'ViewStyle' is not assignable to type 'StyleProp<TextStyle>'.
        Type 'ViewStyle' is not assignable to type 'TextStyle'.
          Types of property 'userSelect' are incompatible.
            Type 'string | undefined' is not assignable to type '"contain" | "none" | "auto" | "text" | "all" | undefined'.
              Type 'string' is not assignable to type '"contain" | "none" | "auto" | "text" | "all" | undefined'.
components/features/dashboard/DashboardUpcoming.tsx(92,19): error TS2769: No overload matches this call.
  Overload 1 of 2, '(props: ViewProps): View', gave the following error.
    Type 'ViewStyle | TextStyle | ImageStyle' is not assignable to type 'StyleProp<ViewStyle>'.
      Type 'TextStyle' is not assignable to type 'StyleProp<ViewStyle>'.
        Type 'TextStyle' is not assignable to type 'ViewStyle'.
          Types of property 'cursor' are incompatible.
            Type 'string | undefined' is not assignable to type 'CursorValue | undefined'.
              Type 'string' is not assignable to type 'CursorValue | undefined'.
  Overload 2 of 2, '(props: ViewProps, context: any): View', gave the following error.
    Type 'ViewStyle | TextStyle | ImageStyle' is not assignable to type 'StyleProp<ViewStyle>'.
      Type 'TextStyle' is not assignable to type 'StyleProp<ViewStyle>'.
        Type 'TextStyle' is not assignable to type 'ViewStyle'.
          Types of property 'cursor' are incompatible.
            Type 'string | undefined' is not assignable to type 'CursorValue | undefined'.
              Type 'string' is not assignable to type 'CursorValue | undefined'.
components/features/dashboard/DashboardUpcoming.tsx(96,19): error TS2769: No overload matches this call.
  Overload 1 of 2, '(props: ViewProps): View', gave the following error.
    Type 'ViewStyle | TextStyle | ImageStyle' is not assignable to type 'StyleProp<ViewStyle>'.
      Type 'TextStyle' is not assignable to type 'StyleProp<ViewStyle>'.
        Type 'TextStyle' is not assignable to type 'ViewStyle'.
          Types of property 'cursor' are incompatible.
            Type 'string | undefined' is not assignable to type 'CursorValue | undefined'.
              Type 'string' is not assignable to type 'CursorValue | undefined'.
  Overload 2 of 2, '(props: ViewProps, context: any): View', gave the following error.
    Type 'ViewStyle | TextStyle | ImageStyle' is not assignable to type 'StyleProp<ViewStyle>'.
      Type 'TextStyle' is not assignable to type 'StyleProp<ViewStyle>'.
        Type 'TextStyle' is not assignable to type 'ViewStyle'.
          Types of property 'cursor' are incompatible.
            Type 'string | undefined' is not assignable to type 'CursorValue | undefined'.
              Type 'string' is not assignable to type 'CursorValue | undefined'.
components/features/dashboard/DashboardUpcoming.tsx(98,27): error TS2769: No overload matches this call.
  Overload 1 of 2, '(props: ViewProps): View', gave the following error.
    Type 'ViewStyle | TextStyle | ImageStyle' is not assignable to type 'StyleProp<ViewStyle>'.
      Type 'TextStyle' is not assignable to type 'StyleProp<ViewStyle>'.
        Type 'TextStyle' is not assignable to type 'ViewStyle'.
          Types of property 'cursor' are incompatible.
            Type 'string | undefined' is not assignable to type 'CursorValue | undefined'.
              Type 'string' is not assignable to type 'CursorValue | undefined'.
  Overload 2 of 2, '(props: ViewProps, context: any): View', gave the following error.
    Type 'ViewStyle | TextStyle | ImageStyle' is not assignable to type 'StyleProp<ViewStyle>'.
      Type 'TextStyle' is not assignable to type 'StyleProp<ViewStyle>'.
        Type 'TextStyle' is not assignable to type 'ViewStyle'.
          Types of property 'cursor' are incompatible.
            Type 'string | undefined' is not assignable to type 'CursorValue | undefined'.
              Type 'string' is not assignable to type 'CursorValue | undefined'.
components/features/dashboard/DashboardUpcoming.tsx(105,31): error TS2769: No overload matches this call.
  Overload 1 of 2, '(props: TextProps): Text', gave the following error.
    Type 'ViewStyle | TextStyle | ImageStyle' is not assignable to type 'StyleProp<TextStyle>'.
      Type 'ViewStyle' is not assignable to type 'StyleProp<TextStyle>'.
        Type 'ViewStyle' is not assignable to type 'TextStyle'.
          Types of property 'userSelect' are incompatible.
            Type 'string | undefined' is not assignable to type '"contain" | "none" | "auto" | "text" | "all" | undefined'.
              Type 'string' is not assignable to type '"contain" | "none" | "auto" | "text" | "all" | undefined'.
  Overload 2 of 2, '(props: TextProps, context: any): Text', gave the following error.
    Type 'ViewStyle | TextStyle | ImageStyle' is not assignable to type 'StyleProp<TextStyle>'.
      Type 'ViewStyle' is not assignable to type 'StyleProp<TextStyle>'.
        Type 'ViewStyle' is not assignable to type 'TextStyle'.
          Types of property 'userSelect' are incompatible.
            Type 'string | undefined' is not assignable to type '"contain" | "none" | "auto" | "text" | "all" | undefined'.
              Type 'string' is not assignable to type '"contain" | "none" | "auto" | "text" | "all" | undefined'.
components/features/dashboard/DashboardUpcoming.tsx(123,45): error TS2322: Type 'ViewStyle | TextStyle | ImageStyle' is not assignable to type 'ViewStyle | Falsy | RegisteredStyle<ViewStyle> | RecursiveArray<ViewStyle | Falsy | RegisteredStyle<ViewStyle>> | readonly (ViewStyle | ... 1 more ... | RegisteredStyle<...>)[]'.
  Type 'TextStyle' is not assignable to type 'ViewStyle | Falsy | RegisteredStyle<ViewStyle> | RecursiveArray<ViewStyle | Falsy | RegisteredStyle<ViewStyle>> | readonly (ViewStyle | ... 1 more ... | RegisteredStyle<...>)[]'.
    Type 'TextStyle' is not assignable to type 'ViewStyle'.
      Types of property 'cursor' are incompatible.
        Type 'string | undefined' is not assignable to type 'CursorValue | undefined'.
          Type 'string' is not assignable to type 'CursorValue | undefined'.
components/features/dashboard/DashboardUpcoming.tsx(123,62): error TS2322: Type 'false | ViewStyle | TextStyle | ImageStyle' is not assignable to type 'ViewStyle | Falsy | RegisteredStyle<ViewStyle> | RecursiveArray<ViewStyle | Falsy | RegisteredStyle<ViewStyle>> | readonly (ViewStyle | ... 1 more ... | RegisteredStyle<...>)[]'.
  Type 'TextStyle' is not assignable to type 'ViewStyle | Falsy | RegisteredStyle<ViewStyle> | RecursiveArray<ViewStyle | Falsy | RegisteredStyle<ViewStyle>> | readonly (ViewStyle | ... 1 more ... | RegisteredStyle<...>)[]'.
    Type 'TextStyle' is not assignable to type 'ViewStyle'.
      Types of property 'cursor' are incompatible.
        Type 'string | undefined' is not assignable to type 'CursorValue | undefined'.
          Type 'string' is not assignable to type 'CursorValue | undefined'.
components/features/dashboard/DashboardUpcoming.tsx(128,43): error TS2769: No overload matches this call.
  Overload 1 of 2, '(props: ViewProps): View', gave the following error.
    Type 'ViewStyle | TextStyle | ImageStyle' is not assignable to type 'StyleProp<ViewStyle>'.
      Type 'TextStyle' is not assignable to type 'StyleProp<ViewStyle>'.
        Type 'TextStyle' is not assignable to type 'ViewStyle'.
          Types of property 'cursor' are incompatible.
            Type 'string | undefined' is not assignable to type 'CursorValue | undefined'.
              Type 'string' is not assignable to type 'CursorValue | undefined'.
  Overload 2 of 2, '(props: ViewProps, context: any): View', gave the following error.
    Type 'ViewStyle | TextStyle | ImageStyle' is not assignable to type 'StyleProp<ViewStyle>'.
      Type 'TextStyle' is not assignable to type 'StyleProp<ViewStyle>'.
        Type 'TextStyle' is not assignable to type 'ViewStyle'.
          Types of property 'cursor' are incompatible.
            Type 'string | undefined' is not assignable to type 'CursorValue | undefined'.
              Type 'string' is not assignable to type 'CursorValue | undefined'.
components/features/dashboard/DashboardUpcoming.tsx(129,47): error TS2769: No overload matches this call.
  Overload 1 of 2, '(props: TextProps): Text', gave the following error.
    Type 'ViewStyle | TextStyle | ImageStyle' is not assignable to type 'StyleProp<TextStyle>'.
      Type 'ViewStyle' is not assignable to type 'StyleProp<TextStyle>'.
        Type 'ViewStyle' is not assignable to type 'TextStyle'.
          Types of property 'userSelect' are incompatible.
            Type 'string | undefined' is not assignable to type '"contain" | "none" | "auto" | "text" | "all" | undefined'.
              Type 'string' is not assignable to type '"contain" | "none" | "auto" | "text" | "all" | undefined'.
  Overload 2 of 2, '(props: TextProps, context: any): Text', gave the following error.
    Type 'ViewStyle | TextStyle | ImageStyle' is not assignable to type 'StyleProp<TextStyle>'.
      Type 'ViewStyle' is not assignable to type 'StyleProp<TextStyle>'.
        Type 'ViewStyle' is not assignable to type 'TextStyle'.
          Types of property 'userSelect' are incompatible.
            Type 'string | undefined' is not assignable to type '"contain" | "none" | "auto" | "text" | "all" | undefined'.
              Type 'string' is not assignable to type '"contain" | "none" | "auto" | "text" | "all" | undefined'.
components/features/dashboard/DashboardUpcoming.tsx(130,47): error TS2769: No overload matches this call.
  Overload 1 of 2, '(props: TextProps): Text', gave the following error.
    Type 'ViewStyle | TextStyle | ImageStyle' is not assignable to type 'StyleProp<TextStyle>'.
      Type 'ViewStyle' is not assignable to type 'StyleProp<TextStyle>'.
        Type 'ViewStyle' is not assignable to type 'TextStyle'.
          Types of property 'userSelect' are incompatible.
            Type 'string | undefined' is not assignable to type '"contain" | "none" | "auto" | "text" | "all" | undefined'.
              Type 'string' is not assignable to type '"contain" | "none" | "auto" | "text" | "all" | undefined'.
  Overload 2 of 2, '(props: TextProps, context: any): Text', gave the following error.
    Type 'ViewStyle | TextStyle | ImageStyle' is not assignable to type 'StyleProp<TextStyle>'.
      Type 'ViewStyle' is not assignable to type 'StyleProp<TextStyle>'.
        Type 'ViewStyle' is not assignable to type 'TextStyle'.
          Types of property 'userSelect' are incompatible.
            Type 'string | undefined' is not assignable to type '"contain" | "none" | "auto" | "text" | "all" | undefined'.
              Type 'string' is not assignable to type '"contain" | "none" | "auto" | "text" | "all" | undefined'.
components/features/dashboard/DashboardUpcoming.tsx(134,43): error TS2769: No overload matches this call.
  Overload 1 of 2, '(props: ViewProps): View', gave the following error.
    Type 'ViewStyle | TextStyle | ImageStyle' is not assignable to type 'StyleProp<ViewStyle>'.
      Type 'TextStyle' is not assignable to type 'StyleProp<ViewStyle>'.
        Type 'TextStyle' is not assignable to type 'ViewStyle'.
          Types of property 'cursor' are incompatible.
            Type 'string | undefined' is not assignable to type 'CursorValue | undefined'.
              Type 'string' is not assignable to type 'CursorValue | undefined'.
  Overload 2 of 2, '(props: ViewProps, context: any): View', gave the following error.
    Type 'ViewStyle | TextStyle | ImageStyle' is not assignable to type 'StyleProp<ViewStyle>'.
      Type 'TextStyle' is not assignable to type 'StyleProp<ViewStyle>'.
        Type 'TextStyle' is not assignable to type 'ViewStyle'.
          Types of property 'cursor' are incompatible.
            Type 'string | undefined' is not assignable to type 'CursorValue | undefined'.
              Type 'string' is not assignable to type 'CursorValue | undefined'.
components/features/dashboard/DashboardUpcoming.tsx(135,47): error TS2769: No overload matches this call.
  Overload 1 of 2, '(props: ViewProps): View', gave the following error.
    Type 'ViewStyle | TextStyle | ImageStyle' is not assignable to type 'StyleProp<ViewStyle>'.
      Type 'TextStyle' is not assignable to type 'StyleProp<ViewStyle>'.
        Type 'TextStyle' is not assignable to type 'ViewStyle'.
          Types of property 'cursor' are incompatible.
            Type 'string | undefined' is not assignable to type 'CursorValue | undefined'.
              Type 'string' is not assignable to type 'CursorValue | undefined'.
  Overload 2 of 2, '(props: ViewProps, context: any): View', gave the following error.
    Type 'ViewStyle | TextStyle | ImageStyle' is not assignable to type 'StyleProp<ViewStyle>'.
      Type 'TextStyle' is not assignable to type 'StyleProp<ViewStyle>'.
        Type 'TextStyle' is not assignable to type 'ViewStyle'.
          Types of property 'cursor' are incompatible.
            Type 'string | undefined' is not assignable to type 'CursorValue | undefined'.
              Type 'string' is not assignable to type 'CursorValue | undefined'.
components/features/dashboard/DashboardUpcoming.tsx(136,59): error TS2769: No overload matches this call.
  Overload 1 of 2, '(props: ViewProps): View', gave the following error.
    Type 'ViewStyle | TextStyle | ImageStyle' is not assignable to type 'ViewStyle | Falsy | RegisteredStyle<ViewStyle> | RecursiveArray<ViewStyle | Falsy | RegisteredStyle<ViewStyle>> | readonly (ViewStyle | ... 1 more ... | RegisteredStyle<...>)[]'.
      Type 'TextStyle' is not assignable to type 'ViewStyle | Falsy | RegisteredStyle<ViewStyle> | RecursiveArray<ViewStyle | Falsy | RegisteredStyle<ViewStyle>> | readonly (ViewStyle | ... 1 more ... | RegisteredStyle<...>)[]'.
        Type 'TextStyle' is not assignable to type 'ViewStyle'.
          Types of property 'cursor' are incompatible.
            Type 'string | undefined' is not assignable to type 'CursorValue | undefined'.
              Type 'string' is not assignable to type 'CursorValue | undefined'.
  Overload 2 of 2, '(props: ViewProps, context: any): View', gave the following error.
    Type 'ViewStyle | TextStyle | ImageStyle' is not assignable to type 'ViewStyle | Falsy | RegisteredStyle<ViewStyle> | RecursiveArray<ViewStyle | Falsy | RegisteredStyle<ViewStyle>> | readonly (ViewStyle | ... 1 more ... | RegisteredStyle<...>)[]'.
      Type 'TextStyle' is not assignable to type 'ViewStyle | Falsy | RegisteredStyle<ViewStyle> | RecursiveArray<ViewStyle | Falsy | RegisteredStyle<ViewStyle>> | readonly (ViewStyle | ... 1 more ... | RegisteredStyle<...>)[]'.
        Type 'TextStyle' is not assignable to type 'ViewStyle'.
          Types of property 'cursor' are incompatible.
            Type 'string | undefined' is not assignable to type 'CursorValue | undefined'.
              Type 'string' is not assignable to type 'CursorValue | undefined'.
components/features/dashboard/DashboardUpcoming.tsx(137,63): error TS2769: No overload matches this call.
  Overload 1 of 2, '(props: TextProps): Text', gave the following error.
    Type 'ViewStyle | TextStyle | ImageStyle' is not assignable to type 'TextStyle | Falsy | RegisteredStyle<TextStyle> | RecursiveArray<TextStyle | Falsy | RegisteredStyle<TextStyle>> | readonly (TextStyle | ... 1 more ... | RegisteredStyle<...>)[]'.
      Type 'ViewStyle' is not assignable to type 'TextStyle | Falsy | RegisteredStyle<TextStyle> | RecursiveArray<TextStyle | Falsy | RegisteredStyle<TextStyle>> | readonly (TextStyle | ... 1 more ... | RegisteredStyle<...>)[]'.
        Type 'ViewStyle' is not assignable to type 'TextStyle'.
          Types of property 'userSelect' are incompatible.
            Type 'string | undefined' is not assignable to type '"contain" | "none" | "auto" | "text" | "all" | undefined'.
              Type 'string' is not assignable to type '"contain" | "none" | "auto" | "text" | "all" | undefined'.
  Overload 2 of 2, '(props: TextProps, context: any): Text', gave the following error.
    Type 'ViewStyle | TextStyle | ImageStyle' is not assignable to type 'TextStyle | Falsy | RegisteredStyle<TextStyle> | RecursiveArray<TextStyle | Falsy | RegisteredStyle<TextStyle>> | readonly (TextStyle | ... 1 more ... | RegisteredStyle<...>)[]'.
      Type 'ViewStyle' is not assignable to type 'TextStyle | Falsy | RegisteredStyle<TextStyle> | RecursiveArray<TextStyle | Falsy | RegisteredStyle<TextStyle>> | readonly (TextStyle | ... 1 more ... | RegisteredStyle<...>)[]'.
        Type 'ViewStyle' is not assignable to type 'TextStyle'.
          Types of property 'userSelect' are incompatible.
            Type 'string | undefined' is not assignable to type '"contain" | "none" | "auto" | "text" | "all" | undefined'.
              Type 'string' is not assignable to type '"contain" | "none" | "auto" | "text" | "all" | undefined'.
components/features/dashboard/DashboardUpcoming.tsx(142,55): error TS2769: No overload matches this call.
  Overload 1 of 2, '(props: TextProps): Text', gave the following error.
    Type 'ViewStyle | TextStyle | ImageStyle' is not assignable to type 'StyleProp<TextStyle>'.
      Type 'ViewStyle' is not assignable to type 'StyleProp<TextStyle>'.
        Type 'ViewStyle' is not assignable to type 'TextStyle'.
          Types of property 'userSelect' are incompatible.
            Type 'string | undefined' is not assignable to type '"contain" | "none" | "auto" | "text" | "all" | undefined'.
              Type 'string' is not assignable to type '"contain" | "none" | "auto" | "text" | "all" | undefined'.
  Overload 2 of 2, '(props: TextProps, context: any): Text', gave the following error.
    Type 'ViewStyle | TextStyle | ImageStyle' is not assignable to type 'StyleProp<TextStyle>'.
      Type 'ViewStyle' is not assignable to type 'StyleProp<TextStyle>'.
        Type 'ViewStyle' is not assignable to type 'TextStyle'.
          Types of property 'userSelect' are incompatible.
            Type 'string | undefined' is not assignable to type '"contain" | "none" | "auto" | "text" | "all" | undefined'.
              Type 'string' is not assignable to type '"contain" | "none" | "auto" | "text" | "all" | undefined'.
components/features/dashboard/DashboardUpcoming.tsx(146,47): error TS2769: No overload matches this call.
  Overload 1 of 2, '(props: TextProps): Text', gave the following error.
    Type 'ViewStyle | TextStyle | ImageStyle' is not assignable to type 'StyleProp<TextStyle>'.
      Type 'ViewStyle' is not assignable to type 'StyleProp<TextStyle>'.
        Type 'ViewStyle' is not assignable to type 'TextStyle'.
          Types of property 'userSelect' are incompatible.
            Type 'string | undefined' is not assignable to type '"contain" | "none" | "auto" | "text" | "all" | undefined'.
              Type 'string' is not assignable to type '"contain" | "none" | "auto" | "text" | "all" | undefined'.
  Overload 2 of 2, '(props: TextProps, context: any): Text', gave the following error.
    Type 'ViewStyle | TextStyle | ImageStyle' is not assignable to type 'StyleProp<TextStyle>'.
      Type 'ViewStyle' is not assignable to type 'StyleProp<TextStyle>'.
        Type 'ViewStyle' is not assignable to type 'TextStyle'.
          Types of property 'userSelect' are incompatible.
            Type 'string | undefined' is not assignable to type '"contain" | "none" | "auto" | "text" | "all" | undefined'.
              Type 'string' is not assignable to type '"contain" | "none" | "auto" | "text" | "all" | undefined'.
components/features/dashboard/DashboardUpcoming.tsx(149,51): error TS2769: No overload matches this call.
  Overload 1 of 2, '(props: ViewProps): View', gave the following error.
    Type 'ViewStyle | TextStyle | ImageStyle' is not assignable to type 'StyleProp<ViewStyle>'.
      Type 'TextStyle' is not assignable to type 'StyleProp<ViewStyle>'.
        Type 'TextStyle' is not assignable to type 'ViewStyle'.
          Types of property 'cursor' are incompatible.
            Type 'string | undefined' is not assignable to type 'CursorValue | undefined'.
              Type 'string' is not assignable to type 'CursorValue | undefined'.
  Overload 2 of 2, '(props: ViewProps, context: any): View', gave the following error.
    Type 'ViewStyle | TextStyle | ImageStyle' is not assignable to type 'StyleProp<ViewStyle>'.
      Type 'TextStyle' is not assignable to type 'StyleProp<ViewStyle>'.
        Type 'TextStyle' is not assignable to type 'ViewStyle'.
          Types of property 'cursor' are incompatible.
            Type 'string | undefined' is not assignable to type 'CursorValue | undefined'.
              Type 'string' is not assignable to type 'CursorValue | undefined'.
components/features/dashboard/DashboardUpcoming.tsx(156,55): error TS2769: No overload matches this call.
  Overload 1 of 2, '(props: TextProps): Text', gave the following error.
    Type 'ViewStyle | TextStyle | ImageStyle' is not assignable to type 'StyleProp<TextStyle>'.
      Type 'ViewStyle' is not assignable to type 'StyleProp<TextStyle>'.
        Type 'ViewStyle' is not assignable to type 'TextStyle'.
          Types of property 'userSelect' are incompatible.
            Type 'string | undefined' is not assignable to type '"contain" | "none" | "auto" | "text" | "all" | undefined'.
              Type 'string' is not assignable to type '"contain" | "none" | "auto" | "text" | "all" | undefined'.
  Overload 2 of 2, '(props: TextProps, context: any): Text', gave the following error.
    Type 'ViewStyle | TextStyle | ImageStyle' is not assignable to type 'StyleProp<TextStyle>'.
      Type 'ViewStyle' is not assignable to type 'StyleProp<TextStyle>'.
        Type 'ViewStyle' is not assignable to type 'TextStyle'.
          Types of property 'userSelect' are incompatible.
            Type 'string | undefined' is not assignable to type '"contain" | "none" | "auto" | "text" | "all" | undefined'.
              Type 'string' is not assignable to type '"contain" | "none" | "auto" | "text" | "all" | undefined'.
components/features/dashboard/DashboardUpcoming.tsx(173,33): error TS2322: Type 'ViewStyle | TextStyle | ImageStyle' is not assignable to type 'StyleProp<ViewStyle>'.
  Type 'TextStyle' is not assignable to type 'StyleProp<ViewStyle>'.
    Type 'TextStyle' is not assignable to type 'ViewStyle'.
      Types of property 'cursor' are incompatible.
        Type 'string | undefined' is not assignable to type 'CursorValue | undefined'.
          Type 'string' is not assignable to type 'CursorValue | undefined'.
components/features/dashboard/DashboardUpcoming.tsx(176,39): error TS2769: No overload matches this call.
  Overload 1 of 2, '(props: TextProps): Text', gave the following error.
    Type 'ViewStyle | TextStyle | ImageStyle' is not assignable to type 'StyleProp<TextStyle>'.
      Type 'ViewStyle' is not assignable to type 'StyleProp<TextStyle>'.
        Type 'ViewStyle' is not assignable to type 'TextStyle'.
          Types of property 'userSelect' are incompatible.
            Type 'string | undefined' is not assignable to type '"contain" | "none" | "auto" | "text" | "all" | undefined'.
              Type 'string' is not assignable to type '"contain" | "none" | "auto" | "text" | "all" | undefined'.
  Overload 2 of 2, '(props: TextProps, context: any): Text', gave the following error.
    Type 'ViewStyle | TextStyle | ImageStyle' is not assignable to type 'StyleProp<TextStyle>'.
      Type 'ViewStyle' is not assignable to type 'StyleProp<TextStyle>'.
        Type 'ViewStyle' is not assignable to type 'TextStyle'.
          Types of property 'userSelect' are incompatible.
            Type 'string | undefined' is not assignable to type '"contain" | "none" | "auto" | "text" | "all" | undefined'.
              Type 'string' is not assignable to type '"contain" | "none" | "auto" | "text" | "all" | undefined'.
components/features/dashboard/DashboardUpcoming.tsx(218,5): error TS2322: Type '{ color: string; fontSize: number; fontWeight: string; lineHeight: number; letterSpacing: number; }' is not assignable to type 'ViewStyle | TextStyle | ImageStyle'.
  Type '{ color: string; fontSize: number; fontWeight: string; lineHeight: number; letterSpacing: number; }' is not assignable to type 'TextStyle'.
    Types of property 'fontWeight' are incompatible.
      Type 'string' is not assignable to type '100 | 300 | "light" | "400" | "500" | "600" | "700" | 200 | 400 | 500 | 800 | "normal" | "100" | "200" | "300" | "800" | "900" | "bold" | "medium" | "black" | 600 | 700 | 900 | "ultralight" | ... 6 more ... | undefined'.
components/features/dashboard/DashboardUpcoming.tsx(222,5): error TS2322: Type '{ color: string; fontSize: number; fontWeight: string; lineHeight: number; letterSpacing: number; }' is not assignable to type 'ViewStyle | TextStyle | ImageStyle'.
  Type '{ color: string; fontSize: number; fontWeight: string; lineHeight: number; letterSpacing: number; }' is not assignable to type 'TextStyle'.
    Types of property 'fontWeight' are incompatible.
      Type 'string' is not assignable to type '100 | 300 | "light" | "400" | "500" | "600" | "700" | 200 | 400 | 500 | 800 | "normal" | "100" | "200" | "300" | "800" | "900" | "bold" | "medium" | "black" | 600 | 700 | 900 | "ultralight" | ... 6 more ... | undefined'.
components/features/dashboard/DashboardUpcoming.tsx(270,5): error TS2322: Type '{ color: string; lineHeight: number; fontSize: number; fontWeight: string; letterSpacing: number; }' is not assignable to type 'ViewStyle | TextStyle | ImageStyle'.
  Type '{ color: string; lineHeight: number; fontSize: number; fontWeight: string; letterSpacing: number; }' is not assignable to type 'TextStyle'.
    Types of property 'fontWeight' are incompatible.
      Type 'string' is not assignable to type '100 | 300 | "light" | "400" | "500" | "600" | "700" | 200 | 400 | 500 | 800 | "normal" | "100" | "200" | "300" | "800" | "900" | "bold" | "medium" | "black" | 600 | 700 | 900 | "ultralight" | ... 6 more ... | undefined'.
components/features/dashboard/DashboardUpcoming.tsx(275,5): error TS2322: Type '{ color: string; textTransform: "uppercase"; fontSize: number; fontWeight: string; lineHeight: number; letterSpacing: number; }' is not assignable to type 'ViewStyle | TextStyle | ImageStyle'.
  Type '{ color: string; textTransform: "uppercase"; fontSize: number; fontWeight: string; lineHeight: number; letterSpacing: number; }' is not assignable to type 'TextStyle'.
    Types of property 'fontWeight' are incompatible.
      Type 'string' is not assignable to type '100 | 300 | "light" | "400" | "500" | "600" | "700" | 200 | 400 | 500 | 800 | "normal" | "100" | "200" | "300" | "800" | "900" | "bold" | "medium" | "black" | 600 | 700 | 900 | "ultralight" | ... 6 more ... | undefined'.
components/features/dashboard/DashboardUpcoming.tsx(301,5): error TS2322: Type '{ color: string; fontSize: number; fontWeight: string; lineHeight: number; letterSpacing: number; }' is not assignable to type 'ViewStyle | TextStyle | ImageStyle'.
  Type '{ color: string; fontSize: number; fontWeight: string; lineHeight: number; letterSpacing: number; }' is not assignable to type 'TextStyle'.
    Types of property 'fontWeight' are incompatible.
      Type 'string' is not assignable to type '100 | 300 | "light" | "400" | "500" | "600" | "700" | 200 | 400 | 500 | 800 | "normal" | "100" | "200" | "300" | "800" | "900" | "bold" | "medium" | "black" | 600 | 700 | 900 | "ultralight" | ... 6 more ... | undefined'.
components/features/dashboard/DashboardUpcoming.tsx(317,36): error TS2339: Property 'caption' does not exist on type '{ display: { large: { fontSize: number; fontWeight: string; lineHeight: number; letterSpacing: number; }; medium: { fontSize: number; fontWeight: string; lineHeight: number; }; small: { fontSize: number; fontWeight: string; lineHeight: number; }; }; headline: { ...; }; title: { ...; }; body: { ...; }; label: { ...; ...'.
components/features/dashboard/DashboardUpcoming.tsx(325,5): error TS2322: Type '{ color: string; fontStyle: "italic"; fontSize: number; fontWeight: string; lineHeight: number; letterSpacing: number; }' is not assignable to type 'ViewStyle | TextStyle | ImageStyle'.
  Type '{ color: string; fontStyle: "italic"; fontSize: number; fontWeight: string; lineHeight: number; letterSpacing: number; }' is not assignable to type 'TextStyle'.
    Types of property 'fontWeight' are incompatible.
      Type 'string' is not assignable to type '100 | 300 | "light" | "400" | "500" | "600" | "700" | 200 | 400 | 500 | 800 | "normal" | "100" | "200" | "300" | "800" | "900" | "bold" | "medium" | "black" | 600 | 700 | 900 | "ultralight" | ... 6 more ... | undefined'.
components/features/dashboard/DashboardUpcoming.tsx(337,5): error TS2322: Type '{ color: string; fontSize: number; fontWeight: string; lineHeight: number; letterSpacing: number; }' is not assignable to type 'ViewStyle | TextStyle | ImageStyle'.
  Type '{ color: string; fontSize: number; fontWeight: string; lineHeight: number; letterSpacing: number; }' is not assignable to type 'TextStyle'.
    Types of property 'fontWeight' are incompatible.
      Type 'string' is not assignable to type '100 | 300 | "light" | "400" | "500" | "600" | "700" | 200 | 400 | 500 | 800 | "normal" | "100" | "200" | "300" | "800" | "900" | "bold" | "medium" | "black" | 600 | 700 | 900 | "ultralight" | ... 6 more ... | undefined'.
components/features/dashboard/EventCard.tsx(44,23): error TS2322: Type 'ViewStyle | TextStyle | ImageStyle' is not assignable to type 'StyleProp<ViewStyle>'.
  Type 'TextStyle' is not assignable to type 'StyleProp<ViewStyle>'.
    Type 'TextStyle' is not assignable to type 'ViewStyle'.
      Types of property 'cursor' are incompatible.
        Type 'string | undefined' is not assignable to type 'CursorValue | undefined'.
          Type 'string' is not assignable to type 'CursorValue | undefined'.
components/features/dashboard/EventCard.tsx(45,21): error TS2769: No overload matches this call.
  Overload 1 of 2, '(props: ViewProps): View', gave the following error.
    Type 'ViewStyle | TextStyle | ImageStyle' is not assignable to type 'ViewStyle | Falsy | RegisteredStyle<ViewStyle> | RecursiveArray<ViewStyle | Falsy | RegisteredStyle<ViewStyle>> | readonly (ViewStyle | ... 1 more ... | RegisteredStyle<...>)[]'.
      Type 'TextStyle' is not assignable to type 'ViewStyle | Falsy | RegisteredStyle<ViewStyle> | RecursiveArray<ViewStyle | Falsy | RegisteredStyle<ViewStyle>> | readonly (ViewStyle | ... 1 more ... | RegisteredStyle<...>)[]'.
        Type 'TextStyle' is not assignable to type 'ViewStyle'.
          Types of property 'cursor' are incompatible.
            Type 'string | undefined' is not assignable to type 'CursorValue | undefined'.
              Type 'string' is not assignable to type 'CursorValue | undefined'.
  Overload 2 of 2, '(props: ViewProps, context: any): View', gave the following error.
    Type 'ViewStyle | TextStyle | ImageStyle' is not assignable to type 'ViewStyle | Falsy | RegisteredStyle<ViewStyle> | RecursiveArray<ViewStyle | Falsy | RegisteredStyle<ViewStyle>> | readonly (ViewStyle | ... 1 more ... | RegisteredStyle<...>)[]'.
      Type 'TextStyle' is not assignable to type 'ViewStyle | Falsy | RegisteredStyle<ViewStyle> | RecursiveArray<ViewStyle | Falsy | RegisteredStyle<ViewStyle>> | readonly (ViewStyle | ... 1 more ... | RegisteredStyle<...>)[]'.
        Type 'TextStyle' is not assignable to type 'ViewStyle'.
          Types of property 'cursor' are incompatible.
            Type 'string | undefined' is not assignable to type 'CursorValue | undefined'.
              Type 'string' is not assignable to type 'CursorValue | undefined'.
components/features/dashboard/EventCard.tsx(46,13): error TS2769: No overload matches this call.
  Overload 1 of 2, '(props: ViewProps): View', gave the following error.
    Type 'ViewStyle | TextStyle | ImageStyle' is not assignable to type 'StyleProp<ViewStyle>'.
      Type 'TextStyle' is not assignable to type 'StyleProp<ViewStyle>'.
        Type 'TextStyle' is not assignable to type 'ViewStyle'.
          Types of property 'cursor' are incompatible.
            Type 'string | undefined' is not assignable to type 'CursorValue | undefined'.
              Type 'string' is not assignable to type 'CursorValue | undefined'.
  Overload 2 of 2, '(props: ViewProps, context: any): View', gave the following error.
    Type 'ViewStyle | TextStyle | ImageStyle' is not assignable to type 'StyleProp<ViewStyle>'.
      Type 'TextStyle' is not assignable to type 'StyleProp<ViewStyle>'.
        Type 'TextStyle' is not assignable to type 'ViewStyle'.
          Types of property 'cursor' are incompatible.
            Type 'string | undefined' is not assignable to type 'CursorValue | undefined'.
              Type 'string' is not assignable to type 'CursorValue | undefined'.
components/features/dashboard/EventCard.tsx(47,15): error TS2769: No overload matches this call.
  Overload 1 of 2, '(props: ViewProps): View', gave the following error.
    Type 'ViewStyle | TextStyle | ImageStyle' is not assignable to type 'StyleProp<ViewStyle>'.
      Type 'TextStyle' is not assignable to type 'StyleProp<ViewStyle>'.
        Type 'TextStyle' is not assignable to type 'ViewStyle'.
          Types of property 'cursor' are incompatible.
            Type 'string | undefined' is not assignable to type 'CursorValue | undefined'.
              Type 'string' is not assignable to type 'CursorValue | undefined'.
  Overload 2 of 2, '(props: ViewProps, context: any): View', gave the following error.
    Type 'ViewStyle | TextStyle | ImageStyle' is not assignable to type 'StyleProp<ViewStyle>'.
      Type 'TextStyle' is not assignable to type 'StyleProp<ViewStyle>'.
        Type 'TextStyle' is not assignable to type 'ViewStyle'.
          Types of property 'cursor' are incompatible.
            Type 'string | undefined' is not assignable to type 'CursorValue | undefined'.
              Type 'string' is not assignable to type 'CursorValue | undefined'.
components/features/dashboard/EventCard.tsx(49,17): error TS2769: No overload matches this call.
  Overload 1 of 2, '(props: TextProps): Text', gave the following error.
    Type 'ViewStyle | TextStyle | ImageStyle' is not assignable to type 'StyleProp<TextStyle>'.
      Type 'ViewStyle' is not assignable to type 'StyleProp<TextStyle>'.
        Type 'ViewStyle' is not assignable to type 'TextStyle'.
          Types of property 'userSelect' are incompatible.
            Type 'string | undefined' is not assignable to type '"contain" | "none" | "auto" | "text" | "all" | undefined'.
              Type 'string' is not assignable to type '"contain" | "none" | "auto" | "text" | "all" | undefined'.
  Overload 2 of 2, '(props: TextProps, context: any): Text', gave the following error.
    Type 'ViewStyle | TextStyle | ImageStyle' is not assignable to type 'StyleProp<TextStyle>'.
      Type 'ViewStyle' is not assignable to type 'StyleProp<TextStyle>'.
        Type 'ViewStyle' is not assignable to type 'TextStyle'.
          Types of property 'userSelect' are incompatible.
            Type 'string | undefined' is not assignable to type '"contain" | "none" | "auto" | "text" | "all" | undefined'.
              Type 'string' is not assignable to type '"contain" | "none" | "auto" | "text" | "all" | undefined'.
components/features/dashboard/EventCard.tsx(51,15): error TS2769: No overload matches this call.
  Overload 1 of 2, '(props: TextProps): Text', gave the following error.
    Type 'ViewStyle | TextStyle | ImageStyle' is not assignable to type 'StyleProp<TextStyle>'.
      Type 'ViewStyle' is not assignable to type 'StyleProp<TextStyle>'.
        Type 'ViewStyle' is not assignable to type 'TextStyle'.
          Types of property 'userSelect' are incompatible.
            Type 'string | undefined' is not assignable to type '"contain" | "none" | "auto" | "text" | "all" | undefined'.
              Type 'string' is not assignable to type '"contain" | "none" | "auto" | "text" | "all" | undefined'.
  Overload 2 of 2, '(props: TextProps, context: any): Text', gave the following error.
    Type 'ViewStyle | TextStyle | ImageStyle' is not assignable to type 'StyleProp<TextStyle>'.
      Type 'ViewStyle' is not assignable to type 'StyleProp<TextStyle>'.
        Type 'ViewStyle' is not assignable to type 'TextStyle'.
          Types of property 'userSelect' are incompatible.
            Type 'string | undefined' is not assignable to type '"contain" | "none" | "auto" | "text" | "all" | undefined'.
              Type 'string' is not assignable to type '"contain" | "none" | "auto" | "text" | "all" | undefined'.
components/features/dashboard/EventCard.tsx(52,15): error TS2769: No overload matches this call.
  Overload 1 of 2, '(props: TextProps): Text', gave the following error.
    Type 'ViewStyle | TextStyle | ImageStyle' is not assignable to type 'StyleProp<TextStyle>'.
      Type 'ViewStyle' is not assignable to type 'StyleProp<TextStyle>'.
        Type 'ViewStyle' is not assignable to type 'TextStyle'.
          Types of property 'userSelect' are incompatible.
            Type 'string | undefined' is not assignable to type '"contain" | "none" | "auto" | "text" | "all" | undefined'.
              Type 'string' is not assignable to type '"contain" | "none" | "auto" | "text" | "all" | undefined'.
  Overload 2 of 2, '(props: TextProps, context: any): Text', gave the following error.
    Type 'ViewStyle | TextStyle | ImageStyle' is not assignable to type 'StyleProp<TextStyle>'.
      Type 'ViewStyle' is not assignable to type 'StyleProp<TextStyle>'.
        Type 'ViewStyle' is not assignable to type 'TextStyle'.
          Types of property 'userSelect' are incompatible.
            Type 'string | undefined' is not assignable to type '"contain" | "none" | "auto" | "text" | "all" | undefined'.
              Type 'string' is not assignable to type '"contain" | "none" | "auto" | "text" | "all" | undefined'.
components/features/dashboard/EventCard.tsx(94,3): error TS2322: Type '{ color: string; fontSize: number; fontWeight: string; lineHeight: number; letterSpacing: number; }' is not assignable to type 'ViewStyle | TextStyle | ImageStyle'.
  Type '{ color: string; fontSize: number; fontWeight: string; lineHeight: number; letterSpacing: number; }' is not assignable to type 'TextStyle'.
    Types of property 'fontWeight' are incompatible.
      Type 'string' is not assignable to type '100 | 300 | "light" | "400" | "500" | "600" | "700" | 200 | 400 | 500 | 800 | "normal" | "100" | "200" | "300" | "800" | "900" | "bold" | "medium" | "black" | 600 | 700 | 900 | "ultralight" | ... 6 more ... | undefined'.
components/features/dashboard/HealthSummaryCard.tsx(39,25): error TS2769: No overload matches this call.
  Overload 1 of 2, '(props: TextProps): Text', gave the following error.
    Type '{ color: string; marginTop: number; fontSize: number; fontWeight: string; lineHeight: number; letterSpacing: number; }' is not assignable to type 'StyleProp<TextStyle>'.
      Type '{ color: string; marginTop: number; fontSize: number; fontWeight: string; lineHeight: number; letterSpacing: number; }' is not assignable to type 'TextStyle'.
        Types of property 'fontWeight' are incompatible.
          Type 'string' is not assignable to type '100 | 300 | "light" | "400" | "500" | "600" | "700" | 200 | 400 | 500 | 800 | "normal" | "100" | "200" | "300" | "800" | "900" | "bold" | "medium" | "black" | 600 | 700 | 900 | "ultralight" | ... 6 more ... | undefined'.
  Overload 2 of 2, '(props: TextProps, context: any): Text', gave the following error.
    Type '{ color: string; marginTop: number; fontSize: number; fontWeight: string; lineHeight: number; letterSpacing: number; }' is not assignable to type 'StyleProp<TextStyle>'.
      Type '{ color: string; marginTop: number; fontSize: number; fontWeight: string; lineHeight: number; letterSpacing: number; }' is not assignable to type 'TextStyle'.
        Types of property 'fontWeight' are incompatible.
          Type 'string' is not assignable to type '100 | 300 | "light" | "400" | "500" | "600" | "700" | 200 | 400 | 500 | 800 | "normal" | "100" | "200" | "300" | "800" | "900" | "bold" | "medium" | "black" | 600 | 700 | 900 | "ultralight" | ... 6 more ... | undefined'.
components/features/dashboard/MedicationTrackerWidget.tsx(110,51): error TS2551: Property 'next_dose_date' does not exist on type '{ category: string; cost: number | null; created_at: string | null; currency: string | null; dosage: string | null; dosage_unit: string | null; dosage_value: number | null; end_date: string | null; ... 11 more ...; vet: string | null; }'. Did you mean 'next_due_date'?
components/features/dashboard/MedicationTrackerWidget.tsx(132,66): error TS2551: Property 'next_dose_date' does not exist on type '{ category: string; cost: number | null; created_at: string | null; currency: string | null; dosage: string | null; dosage_unit: string | null; dosage_value: number | null; end_date: string | null; ... 11 more ...; vet: string | null; }'. Did you mean 'next_due_date'?
components/features/dashboard/MedicationTrackerWidget.tsx(137,63): error TS2551: Property 'next_dose_date' does not exist on type '{ category: string; cost: number | null; created_at: string | null; currency: string | null; dosage: string | null; dosage_unit: string | null; dosage_value: number | null; end_date: string | null; ... 11 more ...; vet: string | null; }'. Did you mean 'next_due_date'?
components/features/dashboard/MedicationTrackerWidget.tsx(140,76): error TS2551: Property 'next_dose_date' does not exist on type '{ category: string; cost: number | null; created_at: string | null; currency: string | null; dosage: string | null; dosage_unit: string | null; dosage_value: number | null; end_date: string | null; ... 11 more ...; vet: string | null; }'. Did you mean 'next_due_date'?
components/features/dashboard/MedicationTrackerWidget.tsx(153,48): error TS2551: Property 'next_dose_date' does not exist on type '{ category: string; cost: number | null; created_at: string | null; currency: string | null; dosage: string | null; dosage_unit: string | null; dosage_value: number | null; end_date: string | null; ... 11 more ...; vet: string | null; }'. Did you mean 'next_due_date'?
components/features/dashboard/MyPetsWidget.tsx(70,21): error TS2322: Type 'ViewStyle | TextStyle | ImageStyle' is not assignable to type 'ViewStyle | Falsy | RegisteredStyle<ViewStyle> | RecursiveArray<ViewStyle | Falsy | RegisteredStyle<ViewStyle>> | readonly (ViewStyle | ... 1 more ... | RegisteredStyle<...>)[]'.
  Type 'TextStyle' is not assignable to type 'ViewStyle | Falsy | RegisteredStyle<ViewStyle> | RecursiveArray<ViewStyle | Falsy | RegisteredStyle<ViewStyle>> | readonly (ViewStyle | ... 1 more ... | RegisteredStyle<...>)[]'.
    Type 'TextStyle' is not assignable to type 'ViewStyle'.
      Types of property 'cursor' are incompatible.
        Type 'string | undefined' is not assignable to type 'CursorValue | undefined'.
          Type 'string' is not assignable to type 'CursorValue | undefined'.
components/features/dashboard/MyPetsWidget.tsx(73,19): error TS2769: No overload matches this call.
  Overload 1 of 2, '(props: ViewProps): View', gave the following error.
    Type 'ViewStyle | TextStyle | ImageStyle' is not assignable to type 'StyleProp<ViewStyle>'.
      Type 'TextStyle' is not assignable to type 'StyleProp<ViewStyle>'.
        Type 'TextStyle' is not assignable to type 'ViewStyle'.
          Types of property 'cursor' are incompatible.
            Type 'string | undefined' is not assignable to type 'CursorValue | undefined'.
              Type 'string' is not assignable to type 'CursorValue | undefined'.
  Overload 2 of 2, '(props: ViewProps, context: any): View', gave the following error.
    Type 'ViewStyle | TextStyle | ImageStyle' is not assignable to type 'StyleProp<ViewStyle>'.
      Type 'TextStyle' is not assignable to type 'StyleProp<ViewStyle>'.
        Type 'TextStyle' is not assignable to type 'ViewStyle'.
          Types of property 'cursor' are incompatible.
            Type 'string | undefined' is not assignable to type 'CursorValue | undefined'.
              Type 'string' is not assignable to type 'CursorValue | undefined'.
components/features/dashboard/MyPetsWidget.tsx(74,23): error TS2769: No overload matches this call.
  Overload 1 of 2, '(props: ViewProps): View', gave the following error.
    Type 'ViewStyle | TextStyle | ImageStyle' is not assignable to type 'StyleProp<ViewStyle>'.
      Type 'TextStyle' is not assignable to type 'StyleProp<ViewStyle>'.
        Type 'TextStyle' is not assignable to type 'ViewStyle'.
          Types of property 'cursor' are incompatible.
            Type 'string | undefined' is not assignable to type 'CursorValue | undefined'.
              Type 'string' is not assignable to type 'CursorValue | undefined'.
  Overload 2 of 2, '(props: ViewProps, context: any): View', gave the following error.
    Type 'ViewStyle | TextStyle | ImageStyle' is not assignable to type 'StyleProp<ViewStyle>'.
      Type 'TextStyle' is not assignable to type 'StyleProp<ViewStyle>'.
        Type 'TextStyle' is not assignable to type 'ViewStyle'.
          Types of property 'cursor' are incompatible.
            Type 'string | undefined' is not assignable to type 'CursorValue | undefined'.
              Type 'string' is not assignable to type 'CursorValue | undefined'.
components/features/dashboard/MyPetsWidget.tsx(77,23): error TS2769: No overload matches this call.
  Overload 1 of 2, '(props: TextProps): Text', gave the following error.
    Type 'ViewStyle | TextStyle | ImageStyle' is not assignable to type 'StyleProp<TextStyle>'.
      Type 'ViewStyle' is not assignable to type 'StyleProp<TextStyle>'.
        Type 'ViewStyle' is not assignable to type 'TextStyle'.
          Types of property 'userSelect' are incompatible.
            Type 'string | undefined' is not assignable to type '"contain" | "none" | "auto" | "text" | "all" | undefined'.
              Type 'string' is not assignable to type '"contain" | "none" | "auto" | "text" | "all" | undefined'.
  Overload 2 of 2, '(props: TextProps, context: any): Text', gave the following error.
    Type 'ViewStyle | TextStyle | ImageStyle' is not assignable to type 'StyleProp<TextStyle>'.
      Type 'ViewStyle' is not assignable to type 'StyleProp<TextStyle>'.
        Type 'ViewStyle' is not assignable to type 'TextStyle'.
          Types of property 'userSelect' are incompatible.
            Type 'string | undefined' is not assignable to type '"contain" | "none" | "auto" | "text" | "all" | undefined'.
              Type 'string' is not assignable to type '"contain" | "none" | "auto" | "text" | "all" | undefined'.
components/features/dashboard/MyPetsWidget.tsx(78,23): error TS2769: No overload matches this call.
  Overload 1 of 2, '(props: TextProps): Text', gave the following error.
    Type 'ViewStyle | TextStyle | ImageStyle' is not assignable to type 'StyleProp<TextStyle>'.
      Type 'ViewStyle' is not assignable to type 'StyleProp<TextStyle>'.
        Type 'ViewStyle' is not assignable to type 'TextStyle'.
          Types of property 'userSelect' are incompatible.
            Type 'string | undefined' is not assignable to type '"contain" | "none" | "auto" | "text" | "all" | undefined'.
              Type 'string' is not assignable to type '"contain" | "none" | "auto" | "text" | "all" | undefined'.
  Overload 2 of 2, '(props: TextProps, context: any): Text', gave the following error.
    Type 'ViewStyle | TextStyle | ImageStyle' is not assignable to type 'StyleProp<TextStyle>'.
      Type 'ViewStyle' is not assignable to type 'StyleProp<TextStyle>'.
        Type 'ViewStyle' is not assignable to type 'TextStyle'.
          Types of property 'userSelect' are incompatible.
            Type 'string | undefined' is not assignable to type '"contain" | "none" | "auto" | "text" | "all" | undefined'.
              Type 'string' is not assignable to type '"contain" | "none" | "auto" | "text" | "all" | undefined'.
components/features/dashboard/MyPetsWidget.tsx(87,15): error TS2769: No overload matches this call.
  Overload 1 of 2, '(props: ViewProps): View', gave the following error.
    Type 'ViewStyle | TextStyle | ImageStyle' is not assignable to type 'StyleProp<ViewStyle>'.
      Type 'TextStyle' is not assignable to type 'StyleProp<ViewStyle>'.
        Type 'TextStyle' is not assignable to type 'ViewStyle'.
          Types of property 'cursor' are incompatible.
            Type 'string | undefined' is not assignable to type 'CursorValue | undefined'.
              Type 'string' is not assignable to type 'CursorValue | undefined'.
  Overload 2 of 2, '(props: ViewProps, context: any): View', gave the following error.
    Type 'ViewStyle | TextStyle | ImageStyle' is not assignable to type 'StyleProp<ViewStyle>'.
      Type 'TextStyle' is not assignable to type 'StyleProp<ViewStyle>'.
        Type 'TextStyle' is not assignable to type 'ViewStyle'.
          Types of property 'cursor' are incompatible.
            Type 'string | undefined' is not assignable to type 'CursorValue | undefined'.
              Type 'string' is not assignable to type 'CursorValue | undefined'.
components/features/dashboard/MyPetsWidget.tsx(90,23): error TS2769: No overload matches this call.
  Overload 1 of 2, '(props: ViewProps): View', gave the following error.
    Type 'ViewStyle | TextStyle | ImageStyle' is not assignable to type 'StyleProp<ViewStyle>'.
      Type 'TextStyle' is not assignable to type 'StyleProp<ViewStyle>'.
        Type 'TextStyle' is not assignable to type 'ViewStyle'.
          Types of property 'cursor' are incompatible.
            Type 'string | undefined' is not assignable to type 'CursorValue | undefined'.
              Type 'string' is not assignable to type 'CursorValue | undefined'.
  Overload 2 of 2, '(props: ViewProps, context: any): View', gave the following error.
    Type 'ViewStyle | TextStyle | ImageStyle' is not assignable to type 'StyleProp<ViewStyle>'.
      Type 'TextStyle' is not assignable to type 'StyleProp<ViewStyle>'.
        Type 'TextStyle' is not assignable to type 'ViewStyle'.
          Types of property 'cursor' are incompatible.
            Type 'string | undefined' is not assignable to type 'CursorValue | undefined'.
              Type 'string' is not assignable to type 'CursorValue | undefined'.
components/features/dashboard/MyPetsWidget.tsx(94,29): error TS2769: No overload matches this call.
  Overload 1 of 2, '(props: ViewProps): View', gave the following error.
    Type '{ width: `calc(${number}% - ${number}px)`; marginBottom: number; }' is not assignable to type 'StyleProp<ViewStyle>'.
      Types of property 'width' are incompatible.
        Type '`calc(${number}% - ${number}px)`' is not assignable to type 'DimensionValue | undefined'.
  Overload 2 of 2, '(props: ViewProps, context: any): View', gave the following error.
    Type '{ width: `calc(${number}% - ${number}px)`; marginBottom: number; }' is not assignable to type 'StyleProp<ViewStyle>'.
      Types of property 'width' are incompatible.
        Type '`calc(${number}% - ${number}px)`' is not assignable to type 'DimensionValue | undefined'.
components/features/dashboard/MyPetsWidget.tsx(115,27): error TS2769: No overload matches this call.
  Overload 1 of 2, '(props: ViewProps): View', gave the following error.
    Type 'ViewStyle | TextStyle | ImageStyle' is not assignable to type 'StyleProp<ViewStyle>'.
      Type 'TextStyle' is not assignable to type 'StyleProp<ViewStyle>'.
        Type 'TextStyle' is not assignable to type 'ViewStyle'.
          Types of property 'cursor' are incompatible.
            Type 'string | undefined' is not assignable to type 'CursorValue | undefined'.
              Type 'string' is not assignable to type 'CursorValue | undefined'.
  Overload 2 of 2, '(props: ViewProps, context: any): View', gave the following error.
    Type 'ViewStyle | TextStyle | ImageStyle' is not assignable to type 'StyleProp<ViewStyle>'.
      Type 'TextStyle' is not assignable to type 'StyleProp<ViewStyle>'.
        Type 'TextStyle' is not assignable to type 'ViewStyle'.
          Types of property 'cursor' are incompatible.
            Type 'string | undefined' is not assignable to type 'CursorValue | undefined'.
              Type 'string' is not assignable to type 'CursorValue | undefined'.
components/features/dashboard/MyPetsWidget.tsx(116,31): error TS2769: No overload matches this call.
  Overload 1 of 2, '(props: TextProps): Text', gave the following error.
    Type 'ViewStyle | TextStyle | ImageStyle' is not assignable to type 'StyleProp<TextStyle>'.
      Type 'ViewStyle' is not assignable to type 'StyleProp<TextStyle>'.
        Type 'ViewStyle' is not assignable to type 'TextStyle'.
          Types of property 'userSelect' are incompatible.
            Type 'string | undefined' is not assignable to type '"contain" | "none" | "auto" | "text" | "all" | undefined'.
              Type 'string' is not assignable to type '"contain" | "none" | "auto" | "text" | "all" | undefined'.
  Overload 2 of 2, '(props: TextProps, context: any): Text', gave the following error.
    Type 'ViewStyle | TextStyle | ImageStyle' is not assignable to type 'StyleProp<TextStyle>'.
      Type 'ViewStyle' is not assignable to type 'StyleProp<TextStyle>'.
        Type 'ViewStyle' is not assignable to type 'TextStyle'.
          Types of property 'userSelect' are incompatible.
            Type 'string | undefined' is not assignable to type '"contain" | "none" | "auto" | "text" | "all" | undefined'.
              Type 'string' is not assignable to type '"contain" | "none" | "auto" | "text" | "all" | undefined'.
components/features/dashboard/MyPetsWidget.tsx(118,35): error TS2769: No overload matches this call.
  Overload 1 of 2, '(props: TextProps): Text', gave the following error.
    Type 'ViewStyle | TextStyle | ImageStyle' is not assignable to type 'StyleProp<TextStyle>'.
      Type 'ViewStyle' is not assignable to type 'StyleProp<TextStyle>'.
        Type 'ViewStyle' is not assignable to type 'TextStyle'.
          Types of property 'userSelect' are incompatible.
            Type 'string | undefined' is not assignable to type '"contain" | "none" | "auto" | "text" | "all" | undefined'.
              Type 'string' is not assignable to type '"contain" | "none" | "auto" | "text" | "all" | undefined'.
  Overload 2 of 2, '(props: TextProps, context: any): Text', gave the following error.
    Type 'ViewStyle | TextStyle | ImageStyle' is not assignable to type 'StyleProp<TextStyle>'.
      Type 'ViewStyle' is not assignable to type 'StyleProp<TextStyle>'.
        Type 'ViewStyle' is not assignable to type 'TextStyle'.
          Types of property 'userSelect' are incompatible.
            Type 'string | undefined' is not assignable to type '"contain" | "none" | "auto" | "text" | "all" | undefined'.
              Type 'string' is not assignable to type '"contain" | "none" | "auto" | "text" | "all" | undefined'.
components/features/dashboard/MyPetsWidget.tsx(129,29): error TS2769: No overload matches this call.
  Overload 1 of 2, '(props: ScrollViewProps): ScrollView', gave the following error.
    Type 'ViewStyle | TextStyle | ImageStyle' is not assignable to type 'ViewStyle | Falsy | RegisteredStyle<ViewStyle> | RecursiveArray<ViewStyle | Falsy | RegisteredStyle<ViewStyle>> | readonly (ViewStyle | ... 1 more ... | RegisteredStyle<...>)[]'.
      Type 'TextStyle' is not assignable to type 'ViewStyle | Falsy | RegisteredStyle<ViewStyle> | RecursiveArray<ViewStyle | Falsy | RegisteredStyle<ViewStyle>> | readonly (ViewStyle | ... 1 more ... | RegisteredStyle<...>)[]'.
        Type 'TextStyle' is not assignable to type 'ViewStyle'.
          Types of property 'cursor' are incompatible.
            Type 'string | undefined' is not assignable to type 'CursorValue | undefined'.
              Type 'string' is not assignable to type 'CursorValue | undefined'.
  Overload 2 of 2, '(props: ScrollViewProps, context: any): ScrollView', gave the following error.
    Type 'ViewStyle | TextStyle | ImageStyle' is not assignable to type 'ViewStyle | Falsy | RegisteredStyle<ViewStyle> | RecursiveArray<ViewStyle | Falsy | RegisteredStyle<ViewStyle>> | readonly (ViewStyle | ... 1 more ... | RegisteredStyle<...>)[]'.
      Type 'TextStyle' is not assignable to type 'ViewStyle | Falsy | RegisteredStyle<ViewStyle> | RecursiveArray<ViewStyle | Falsy | RegisteredStyle<ViewStyle>> | readonly (ViewStyle | ... 1 more ... | RegisteredStyle<...>)[]'.
        Type 'TextStyle' is not assignable to type 'ViewStyle'.
          Types of property 'cursor' are incompatible.
            Type 'string | undefined' is not assignable to type 'CursorValue | undefined'.
              Type 'string' is not assignable to type 'CursorValue | undefined'.
components/features/dashboard/MyPetsWidget.tsx(139,37): error TS2769: No overload matches this call.
  Overload 1 of 2, '(props: ViewProps): View', gave the following error.
    Type 'ViewStyle | TextStyle | ImageStyle' is not assignable to type 'ViewStyle | Falsy | RegisteredStyle<ViewStyle> | RecursiveArray<ViewStyle | Falsy | RegisteredStyle<ViewStyle>> | readonly (ViewStyle | ... 1 more ... | RegisteredStyle<...>)[]'.
      Type 'TextStyle' is not assignable to type 'ViewStyle | Falsy | RegisteredStyle<ViewStyle> | RecursiveArray<ViewStyle | Falsy | RegisteredStyle<ViewStyle>> | readonly (ViewStyle | ... 1 more ... | RegisteredStyle<...>)[]'.
        Type 'TextStyle' is not assignable to type 'ViewStyle'.
          Types of property 'cursor' are incompatible.
            Type 'string | undefined' is not assignable to type 'CursorValue | undefined'.
              Type 'string' is not assignable to type 'CursorValue | undefined'.
  Overload 2 of 2, '(props: ViewProps, context: any): View', gave the following error.
    Type 'ViewStyle | TextStyle | ImageStyle' is not assignable to type 'ViewStyle | Falsy | RegisteredStyle<ViewStyle> | RecursiveArray<ViewStyle | Falsy | RegisteredStyle<ViewStyle>> | readonly (ViewStyle | ... 1 more ... | RegisteredStyle<...>)[]'.
      Type 'TextStyle' is not assignable to type 'ViewStyle | Falsy | RegisteredStyle<ViewStyle> | RecursiveArray<ViewStyle | Falsy | RegisteredStyle<ViewStyle>> | readonly (ViewStyle | ... 1 more ... | RegisteredStyle<...>)[]'.
        Type 'TextStyle' is not assignable to type 'ViewStyle'.
          Types of property 'cursor' are incompatible.
            Type 'string | undefined' is not assignable to type 'CursorValue | undefined'.
              Type 'string' is not assignable to type 'CursorValue | undefined'.
components/features/dashboard/MyPetsWidget.tsx(162,18): error TS2741: Property 'petName' is missing in type '{ visible: boolean; onClose: () => void; petId: string; }' but required in type 'ShareModalProps'.
components/features/dashboard/MyPetsWidget.tsx(197,5): error TS2322: Type '{ fontSize: number; color: string; fontWeight: string; lineHeight: number; }' is not assignable to type 'ViewStyle | TextStyle | ImageStyle'.
  Type '{ fontSize: number; color: string; fontWeight: string; lineHeight: number; }' is not assignable to type 'TextStyle'.
    Types of property 'fontWeight' are incompatible.
      Type 'string' is not assignable to type '100 | 300 | "light" | "400" | "500" | "600" | "700" | 200 | 400 | 500 | 800 | "normal" | "100" | "200" | "300" | "800" | "900" | "bold" | "medium" | "black" | 600 | 700 | 900 | "ultralight" | ... 6 more ... | undefined'.
components/features/dashboard/MyPetsWidget.tsx(202,5): error TS2322: Type '{ color: string; fontSize: number; fontWeight: string; lineHeight: number; letterSpacing: number; }' is not assignable to type 'ViewStyle | TextStyle | ImageStyle'.
  Type '{ color: string; fontSize: number; fontWeight: string; lineHeight: number; letterSpacing: number; }' is not assignable to type 'TextStyle'.
    Types of property 'fontWeight' are incompatible.
      Type 'string' is not assignable to type '100 | 300 | "light" | "400" | "500" | "600" | "700" | 200 | 400 | 500 | 800 | "normal" | "100" | "200" | "300" | "800" | "900" | "bold" | "medium" | "black" | 600 | 700 | 900 | "ultralight" | ... 6 more ... | undefined'.
components/features/dashboard/MyPetsWidget.tsx(229,5): error TS2322: Type '{ color: string; fontSize: number; fontWeight: string; lineHeight: number; letterSpacing: number; }' is not assignable to type 'ViewStyle | TextStyle | ImageStyle'.
  Type '{ color: string; fontSize: number; fontWeight: string; lineHeight: number; letterSpacing: number; }' is not assignable to type 'TextStyle'.
    Types of property 'fontWeight' are incompatible.
      Type 'string' is not assignable to type '100 | 300 | "light" | "400" | "500" | "600" | "700" | 200 | 400 | 500 | 800 | "normal" | "100" | "200" | "300" | "800" | "900" | "bold" | "medium" | "black" | 600 | 700 | 900 | "ultralight" | ... 6 more ... | undefined'.
components/features/dashboard/MyPetsWidget.tsx(233,5): error TS2322: Type '{ color: string; fontSize: number; fontWeight: string; lineHeight: number; letterSpacing: number; }' is not assignable to type 'ViewStyle | TextStyle | ImageStyle'.
  Type '{ color: string; fontSize: number; fontWeight: string; lineHeight: number; letterSpacing: number; }' is not assignable to type 'TextStyle'.
    Types of property 'fontWeight' are incompatible.
      Type 'string' is not assignable to type '100 | 300 | "light" | "400" | "500" | "600" | "700" | 200 | 400 | 500 | 800 | "normal" | "100" | "200" | "300" | "800" | "900" | "bold" | "medium" | "black" | 600 | 700 | 900 | "ultralight" | ... 6 more ... | undefined'.
components/features/dashboard/PetCardCompact.tsx(81,74): error TS2345: Argument of type 'string | null' is not assignable to parameter of type 'string | undefined'.
  Type 'null' is not assignable to type 'string | undefined'.
components/features/dashboard/PetCardDesktop.tsx(26,18): error TS2339: Property 'birth_date' does not exist on type 'Pet'.
components/features/dashboard/PetCardDesktop.tsx(27,34): error TS2339: Property 'birth_date' does not exist on type 'Pet'.
components/features/dashboard/PetCardDesktop.tsx(92,60): error TS2339: Property 'weight_unit' does not exist on type 'Pet'.
components/features/dashboard/PetHealthSummary.tsx(21,13): error TS2769: No overload matches this call.
  Overload 1 of 2, '(props: ViewProps): View', gave the following error.
    Type 'ViewStyle | TextStyle | ImageStyle' is not assignable to type 'StyleProp<ViewStyle>'.
      Type 'TextStyle' is not assignable to type 'StyleProp<ViewStyle>'.
        Type 'TextStyle' is not assignable to type 'ViewStyle'.
          Types of property 'cursor' are incompatible.
            Type 'string | undefined' is not assignable to type 'CursorValue | undefined'.
              Type 'string' is not assignable to type 'CursorValue | undefined'.
  Overload 2 of 2, '(props: ViewProps, context: any): View', gave the following error.
    Type 'ViewStyle | TextStyle | ImageStyle' is not assignable to type 'StyleProp<ViewStyle>'.
      Type 'TextStyle' is not assignable to type 'StyleProp<ViewStyle>'.
        Type 'TextStyle' is not assignable to type 'ViewStyle'.
          Types of property 'cursor' are incompatible.
            Type 'string | undefined' is not assignable to type 'CursorValue | undefined'.
              Type 'string' is not assignable to type 'CursorValue | undefined'.
components/features/dashboard/PetHealthSummary.tsx(22,15): error TS2769: No overload matches this call.
  Overload 1 of 2, '(props: TextProps): Text', gave the following error.
    Type 'ViewStyle | TextStyle | ImageStyle' is not assignable to type 'StyleProp<TextStyle>'.
      Type 'ViewStyle' is not assignable to type 'StyleProp<TextStyle>'.
        Type 'ViewStyle' is not assignable to type 'TextStyle'.
          Types of property 'userSelect' are incompatible.
            Type 'string | undefined' is not assignable to type '"contain" | "none" | "auto" | "text" | "all" | undefined'.
              Type 'string' is not assignable to type '"contain" | "none" | "auto" | "text" | "all" | undefined'.
  Overload 2 of 2, '(props: TextProps, context: any): Text', gave the following error.
    Type 'ViewStyle | TextStyle | ImageStyle' is not assignable to type 'StyleProp<TextStyle>'.
      Type 'ViewStyle' is not assignable to type 'StyleProp<TextStyle>'.
        Type 'ViewStyle' is not assignable to type 'TextStyle'.
          Types of property 'userSelect' are incompatible.
            Type 'string | undefined' is not assignable to type '"contain" | "none" | "auto" | "text" | "all" | undefined'.
              Type 'string' is not assignable to type '"contain" | "none" | "auto" | "text" | "all" | undefined'.
components/features/dashboard/PetHealthSummary.tsx(23,15): error TS2769: No overload matches this call.
  Overload 1 of 2, '(props: ViewProps): View', gave the following error.
    Type 'ViewStyle | TextStyle | ImageStyle' is not assignable to type 'StyleProp<ViewStyle>'.
      Type 'TextStyle' is not assignable to type 'StyleProp<ViewStyle>'.
        Type 'TextStyle' is not assignable to type 'ViewStyle'.
          Types of property 'cursor' are incompatible.
            Type 'string | undefined' is not assignable to type 'CursorValue | undefined'.
              Type 'string' is not assignable to type 'CursorValue | undefined'.
  Overload 2 of 2, '(props: ViewProps, context: any): View', gave the following error.
    Type 'ViewStyle | TextStyle | ImageStyle' is not assignable to type 'StyleProp<ViewStyle>'.
      Type 'TextStyle' is not assignable to type 'StyleProp<ViewStyle>'.
        Type 'TextStyle' is not assignable to type 'ViewStyle'.
          Types of property 'cursor' are incompatible.
            Type 'string | undefined' is not assignable to type 'CursorValue | undefined'.
              Type 'string' is not assignable to type 'CursorValue | undefined'.
components/features/dashboard/PetHealthSummary.tsx(24,17): error TS2769: No overload matches this call.
  Overload 1 of 2, '(props: TextProps): Text', gave the following error.
    Type 'ViewStyle | TextStyle | ImageStyle' is not assignable to type 'StyleProp<TextStyle>'.
      Type 'ViewStyle' is not assignable to type 'StyleProp<TextStyle>'.
        Type 'ViewStyle' is not assignable to type 'TextStyle'.
          Types of property 'userSelect' are incompatible.
            Type 'string | undefined' is not assignable to type '"contain" | "none" | "auto" | "text" | "all" | undefined'.
              Type 'string' is not assignable to type '"contain" | "none" | "auto" | "text" | "all" | undefined'.
  Overload 2 of 2, '(props: TextProps, context: any): Text', gave the following error.
    Type 'ViewStyle | TextStyle | ImageStyle' is not assignable to type 'StyleProp<TextStyle>'.
      Type 'ViewStyle' is not assignable to type 'StyleProp<TextStyle>'.
        Type 'ViewStyle' is not assignable to type 'TextStyle'.
          Types of property 'userSelect' are incompatible.
            Type 'string | undefined' is not assignable to type '"contain" | "none" | "auto" | "text" | "all" | undefined'.
              Type 'string' is not assignable to type '"contain" | "none" | "auto" | "text" | "all" | undefined'.
components/features/dashboard/PetHealthSummary.tsx(32,13): error TS2769: No overload matches this call.
  Overload 1 of 2, '(props: ViewProps): View', gave the following error.
    Type 'ViewStyle | TextStyle | ImageStyle' is not assignable to type 'StyleProp<ViewStyle>'.
      Type 'TextStyle' is not assignable to type 'StyleProp<ViewStyle>'.
        Type 'TextStyle' is not assignable to type 'ViewStyle'.
          Types of property 'cursor' are incompatible.
            Type 'string | undefined' is not assignable to type 'CursorValue | undefined'.
              Type 'string' is not assignable to type 'CursorValue | undefined'.
  Overload 2 of 2, '(props: ViewProps, context: any): View', gave the following error.
    Type 'ViewStyle | TextStyle | ImageStyle' is not assignable to type 'StyleProp<ViewStyle>'.
      Type 'TextStyle' is not assignable to type 'StyleProp<ViewStyle>'.
        Type 'TextStyle' is not assignable to type 'ViewStyle'.
          Types of property 'cursor' are incompatible.
            Type 'string | undefined' is not assignable to type 'CursorValue | undefined'.
              Type 'string' is not assignable to type 'CursorValue | undefined'.
components/features/dashboard/PetHealthSummary.tsx(33,15): error TS2769: No overload matches this call.
  Overload 1 of 2, '(props: TextProps): Text', gave the following error.
    Type 'ViewStyle | TextStyle | ImageStyle' is not assignable to type 'StyleProp<TextStyle>'.
      Type 'ViewStyle' is not assignable to type 'StyleProp<TextStyle>'.
        Type 'ViewStyle' is not assignable to type 'TextStyle'.
          Types of property 'userSelect' are incompatible.
            Type 'string | undefined' is not assignable to type '"contain" | "none" | "auto" | "text" | "all" | undefined'.
              Type 'string' is not assignable to type '"contain" | "none" | "auto" | "text" | "all" | undefined'.
  Overload 2 of 2, '(props: TextProps, context: any): Text', gave the following error.
    Type 'ViewStyle | TextStyle | ImageStyle' is not assignable to type 'StyleProp<TextStyle>'.
      Type 'ViewStyle' is not assignable to type 'StyleProp<TextStyle>'.
        Type 'ViewStyle' is not assignable to type 'TextStyle'.
          Types of property 'userSelect' are incompatible.
            Type 'string | undefined' is not assignable to type '"contain" | "none" | "auto" | "text" | "all" | undefined'.
              Type 'string' is not assignable to type '"contain" | "none" | "auto" | "text" | "all" | undefined'.
components/features/dashboard/PetHealthSummary.tsx(34,15): error TS2769: No overload matches this call.
  Overload 1 of 2, '(props: ViewProps): View', gave the following error.
    Type 'ViewStyle | TextStyle | ImageStyle' is not assignable to type 'StyleProp<ViewStyle>'.
      Type 'TextStyle' is not assignable to type 'StyleProp<ViewStyle>'.
        Type 'TextStyle' is not assignable to type 'ViewStyle'.
          Types of property 'cursor' are incompatible.
            Type 'string | undefined' is not assignable to type 'CursorValue | undefined'.
              Type 'string' is not assignable to type 'CursorValue | undefined'.
  Overload 2 of 2, '(props: ViewProps, context: any): View', gave the following error.
    Type 'ViewStyle | TextStyle | ImageStyle' is not assignable to type 'StyleProp<ViewStyle>'.
      Type 'TextStyle' is not assignable to type 'StyleProp<ViewStyle>'.
        Type 'TextStyle' is not assignable to type 'ViewStyle'.
          Types of property 'cursor' are incompatible.
            Type 'string | undefined' is not assignable to type 'CursorValue | undefined'.
              Type 'string' is not assignable to type 'CursorValue | undefined'.
components/features/dashboard/PetHealthSummary.tsx(35,17): error TS2769: No overload matches this call.
  Overload 1 of 2, '(props: TextProps): Text', gave the following error.
    Type 'ViewStyle | TextStyle | ImageStyle' is not assignable to type 'StyleProp<TextStyle>'.
      Type 'ViewStyle' is not assignable to type 'StyleProp<TextStyle>'.
        Type 'ViewStyle' is not assignable to type 'TextStyle'.
          Types of property 'userSelect' are incompatible.
            Type 'string | undefined' is not assignable to type '"contain" | "none" | "auto" | "text" | "all" | undefined'.
              Type 'string' is not assignable to type '"contain" | "none" | "auto" | "text" | "all" | undefined'.
  Overload 2 of 2, '(props: TextProps, context: any): Text', gave the following error.
    Type 'ViewStyle | TextStyle | ImageStyle' is not assignable to type 'StyleProp<TextStyle>'.
      Type 'ViewStyle' is not assignable to type 'StyleProp<TextStyle>'.
        Type 'ViewStyle' is not assignable to type 'TextStyle'.
          Types of property 'userSelect' are incompatible.
            Type 'string | undefined' is not assignable to type '"contain" | "none" | "auto" | "text" | "all" | undefined'.
              Type 'string' is not assignable to type '"contain" | "none" | "auto" | "text" | "all" | undefined'.
components/features/dashboard/PetHealthSummary.tsx(43,19): error TS2345: Argument of type 'string' is not assignable to parameter of type '"/(tabs)/health" | "/" | RelativePathString | ExternalPathString | `/#${string}` | `/?${string}` | "/_sitemap" | `/_sitemap#${string}` | `/_sitemap?${string}` | "/(auth)/forgot-password" | ... 227 more ... | { ...; }'.
components/features/dashboard/PetHealthSummary.tsx(49,13): error TS2769: No overload matches this call.
  Overload 1 of 2, '(props: ViewProps): View', gave the following error.
    Type 'ViewStyle | TextStyle | ImageStyle' is not assignable to type 'StyleProp<ViewStyle>'.
      Type 'TextStyle' is not assignable to type 'StyleProp<ViewStyle>'.
        Type 'TextStyle' is not assignable to type 'ViewStyle'.
          Types of property 'cursor' are incompatible.
            Type 'string | undefined' is not assignable to type 'CursorValue | undefined'.
              Type 'string' is not assignable to type 'CursorValue | undefined'.
  Overload 2 of 2, '(props: ViewProps, context: any): View', gave the following error.
    Type 'ViewStyle | TextStyle | ImageStyle' is not assignable to type 'StyleProp<ViewStyle>'.
      Type 'TextStyle' is not assignable to type 'StyleProp<ViewStyle>'.
        Type 'TextStyle' is not assignable to type 'ViewStyle'.
          Types of property 'cursor' are incompatible.
            Type 'string | undefined' is not assignable to type 'CursorValue | undefined'.
              Type 'string' is not assignable to type 'CursorValue | undefined'.
components/features/dashboard/PetHealthSummary.tsx(50,15): error TS2769: No overload matches this call.
  Overload 1 of 2, '(props: TextProps): Text', gave the following error.
    Type 'ViewStyle | TextStyle | ImageStyle' is not assignable to type 'StyleProp<TextStyle>'.
      Type 'ViewStyle' is not assignable to type 'StyleProp<TextStyle>'.
        Type 'ViewStyle' is not assignable to type 'TextStyle'.
          Types of property 'userSelect' are incompatible.
            Type 'string | undefined' is not assignable to type '"contain" | "none" | "auto" | "text" | "all" | undefined'.
              Type 'string' is not assignable to type '"contain" | "none" | "auto" | "text" | "all" | undefined'.
  Overload 2 of 2, '(props: TextProps, context: any): Text', gave the following error.
    Type 'ViewStyle | TextStyle | ImageStyle' is not assignable to type 'StyleProp<TextStyle>'.
      Type 'ViewStyle' is not assignable to type 'StyleProp<TextStyle>'.
        Type 'ViewStyle' is not assignable to type 'TextStyle'.
          Types of property 'userSelect' are incompatible.
            Type 'string | undefined' is not assignable to type '"contain" | "none" | "auto" | "text" | "all" | undefined'.
              Type 'string' is not assignable to type '"contain" | "none" | "auto" | "text" | "all" | undefined'.
components/features/dashboard/PetHealthSummary.tsx(51,15): error TS2769: No overload matches this call.
  Overload 1 of 2, '(props: ViewProps): View', gave the following error.
    Type 'ViewStyle | TextStyle | ImageStyle' is not assignable to type 'StyleProp<ViewStyle>'.
      Type 'TextStyle' is not assignable to type 'StyleProp<ViewStyle>'.
        Type 'TextStyle' is not assignable to type 'ViewStyle'.
          Types of property 'cursor' are incompatible.
            Type 'string | undefined' is not assignable to type 'CursorValue | undefined'.
              Type 'string' is not assignable to type 'CursorValue | undefined'.
  Overload 2 of 2, '(props: ViewProps, context: any): View', gave the following error.
    Type 'ViewStyle | TextStyle | ImageStyle' is not assignable to type 'StyleProp<ViewStyle>'.
      Type 'TextStyle' is not assignable to type 'StyleProp<ViewStyle>'.
        Type 'TextStyle' is not assignable to type 'ViewStyle'.
          Types of property 'cursor' are incompatible.
            Type 'string | undefined' is not assignable to type 'CursorValue | undefined'.
              Type 'string' is not assignable to type 'CursorValue | undefined'.
components/features/dashboard/PetHealthSummary.tsx(52,17): error TS2769: No overload matches this call.
  Overload 1 of 2, '(props: TextProps): Text', gave the following error.
    Type 'ViewStyle | TextStyle | ImageStyle' is not assignable to type 'StyleProp<TextStyle>'.
      Type 'ViewStyle' is not assignable to type 'StyleProp<TextStyle>'.
        Type 'ViewStyle' is not assignable to type 'TextStyle'.
          Types of property 'userSelect' are incompatible.
            Type 'string | undefined' is not assignable to type '"contain" | "none" | "auto" | "text" | "all" | undefined'.
              Type 'string' is not assignable to type '"contain" | "none" | "auto" | "text" | "all" | undefined'.
  Overload 2 of 2, '(props: TextProps, context: any): Text', gave the following error.
    Type 'ViewStyle | TextStyle | ImageStyle' is not assignable to type 'StyleProp<TextStyle>'.
      Type 'ViewStyle' is not assignable to type 'StyleProp<TextStyle>'.
        Type 'ViewStyle' is not assignable to type 'TextStyle'.
          Types of property 'userSelect' are incompatible.
            Type 'string | undefined' is not assignable to type '"contain" | "none" | "auto" | "text" | "all" | undefined'.
              Type 'string' is not assignable to type '"contain" | "none" | "auto" | "text" | "all" | undefined'.
components/features/dashboard/PetHealthSummary.tsx(59,11): error TS2769: No overload matches this call.
  Overload 1 of 2, '(props: ViewProps): View', gave the following error.
    Type 'ViewStyle | TextStyle | ImageStyle' is not assignable to type 'StyleProp<ViewStyle>'.
      Type 'TextStyle' is not assignable to type 'StyleProp<ViewStyle>'.
        Type 'TextStyle' is not assignable to type 'ViewStyle'.
          Types of property 'cursor' are incompatible.
            Type 'string | undefined' is not assignable to type 'CursorValue | undefined'.
              Type 'string' is not assignable to type 'CursorValue | undefined'.
  Overload 2 of 2, '(props: ViewProps, context: any): View', gave the following error.
    Type 'ViewStyle | TextStyle | ImageStyle' is not assignable to type 'StyleProp<ViewStyle>'.
      Type 'TextStyle' is not assignable to type 'StyleProp<ViewStyle>'.
        Type 'TextStyle' is not assignable to type 'ViewStyle'.
          Types of property 'cursor' are incompatible.
            Type 'string | undefined' is not assignable to type 'CursorValue | undefined'.
              Type 'string' is not assignable to type 'CursorValue | undefined'.
components/features/dashboard/PetHealthSummary.tsx(60,13): error TS2769: No overload matches this call.
  Overload 1 of 2, '(props: TextProps): Text', gave the following error.
    Type 'ViewStyle | TextStyle | ImageStyle' is not assignable to type 'StyleProp<TextStyle>'.
      Type 'ViewStyle' is not assignable to type 'StyleProp<TextStyle>'.
        Type 'ViewStyle' is not assignable to type 'TextStyle'.
          Types of property 'userSelect' are incompatible.
            Type 'string | undefined' is not assignable to type '"contain" | "none" | "auto" | "text" | "all" | undefined'.
              Type 'string' is not assignable to type '"contain" | "none" | "auto" | "text" | "all" | undefined'.
  Overload 2 of 2, '(props: TextProps, context: any): Text', gave the following error.
    Type 'ViewStyle | TextStyle | ImageStyle' is not assignable to type 'StyleProp<TextStyle>'.
      Type 'ViewStyle' is not assignable to type 'StyleProp<TextStyle>'.
        Type 'ViewStyle' is not assignable to type 'TextStyle'.
          Types of property 'userSelect' are incompatible.
            Type 'string | undefined' is not assignable to type '"contain" | "none" | "auto" | "text" | "all" | undefined'.
              Type 'string' is not assignable to type '"contain" | "none" | "auto" | "text" | "all" | undefined'.
components/features/dashboard/PetHealthSummary.tsx(61,69): error TS2769: No overload matches this call.
  Overload 1 of 2, '(props: ScrollViewProps): ScrollView', gave the following error.
    Type 'ViewStyle | TextStyle | ImageStyle' is not assignable to type 'StyleProp<ViewStyle>'.
      Type 'TextStyle' is not assignable to type 'StyleProp<ViewStyle>'.
        Type 'TextStyle' is not assignable to type 'ViewStyle'.
          Types of property 'cursor' are incompatible.
            Type 'string | undefined' is not assignable to type 'CursorValue | undefined'.
              Type 'string' is not assignable to type 'CursorValue | undefined'.
  Overload 2 of 2, '(props: ScrollViewProps, context: any): ScrollView', gave the following error.
    Type 'ViewStyle | TextStyle | ImageStyle' is not assignable to type 'StyleProp<ViewStyle>'.
      Type 'TextStyle' is not assignable to type 'StyleProp<ViewStyle>'.
        Type 'TextStyle' is not assignable to type 'ViewStyle'.
          Types of property 'cursor' are incompatible.
            Type 'string | undefined' is not assignable to type 'CursorValue | undefined'.
              Type 'string' is not assignable to type 'CursorValue | undefined'.
components/features/dashboard/PetHealthSummary.tsx(144,3): error TS2322: Type '{ color: string; textAlign: "center"; fontSize: number; fontWeight: string; lineHeight: number; letterSpacing: number; }' is not assignable to type 'ViewStyle | TextStyle | ImageStyle'.
  Type '{ color: string; textAlign: "center"; fontSize: number; fontWeight: string; lineHeight: number; letterSpacing: number; }' is not assignable to type 'TextStyle'.
    Types of property 'fontWeight' are incompatible.
      Type 'string' is not assignable to type '100 | 300 | "light" | "400" | "500" | "600" | "700" | 200 | 400 | 500 | 800 | "normal" | "100" | "200" | "300" | "800" | "900" | "bold" | "medium" | "black" | 600 | 700 | 900 | "ultralight" | ... 6 more ... | undefined'.
components/features/dashboard/PetSelector.tsx(26,13): error TS2769: No overload matches this call.
  Overload 1 of 2, '(props: ViewProps): View', gave the following error.
    Type 'ViewStyle | TextStyle | ImageStyle' is not assignable to type 'StyleProp<ViewStyle>'.
      Type 'TextStyle' is not assignable to type 'StyleProp<ViewStyle>'.
        Type 'TextStyle' is not assignable to type 'ViewStyle'.
          Types of property 'cursor' are incompatible.
            Type 'string | undefined' is not assignable to type 'CursorValue | undefined'.
              Type 'string' is not assignable to type 'CursorValue | undefined'.
  Overload 2 of 2, '(props: ViewProps, context: any): View', gave the following error.
    Type 'ViewStyle | TextStyle | ImageStyle' is not assignable to type 'StyleProp<ViewStyle>'.
      Type 'TextStyle' is not assignable to type 'StyleProp<ViewStyle>'.
        Type 'TextStyle' is not assignable to type 'ViewStyle'.
          Types of property 'cursor' are incompatible.
            Type 'string | undefined' is not assignable to type 'CursorValue | undefined'.
              Type 'string' is not assignable to type 'CursorValue | undefined'.
components/features/dashboard/PetSelector.tsx(27,15): error TS2769: No overload matches this call.
  Overload 1 of 2, '(props: TextProps): Text', gave the following error.
    Type 'ViewStyle | TextStyle | ImageStyle' is not assignable to type 'StyleProp<TextStyle>'.
      Type 'ViewStyle' is not assignable to type 'StyleProp<TextStyle>'.
        Type 'ViewStyle' is not assignable to type 'TextStyle'.
          Types of property 'userSelect' are incompatible.
            Type 'string | undefined' is not assignable to type '"contain" | "none" | "auto" | "text" | "all" | undefined'.
              Type 'string' is not assignable to type '"contain" | "none" | "auto" | "text" | "all" | undefined'.
  Overload 2 of 2, '(props: TextProps, context: any): Text', gave the following error.
    Type 'ViewStyle | TextStyle | ImageStyle' is not assignable to type 'StyleProp<TextStyle>'.
      Type 'ViewStyle' is not assignable to type 'StyleProp<TextStyle>'.
        Type 'ViewStyle' is not assignable to type 'TextStyle'.
          Types of property 'userSelect' are incompatible.
            Type 'string | undefined' is not assignable to type '"contain" | "none" | "auto" | "text" | "all" | undefined'.
              Type 'string' is not assignable to type '"contain" | "none" | "auto" | "text" | "all" | undefined'.
components/features/dashboard/PetSelector.tsx(38,11): error TS2769: No overload matches this call.
  Overload 1 of 2, '(props: ViewProps): View', gave the following error.
    Type 'ViewStyle | TextStyle | ImageStyle' is not assignable to type 'StyleProp<ViewStyle>'.
      Type 'TextStyle' is not assignable to type 'StyleProp<ViewStyle>'.
        Type 'TextStyle' is not assignable to type 'ViewStyle'.
          Types of property 'cursor' are incompatible.
            Type 'string | undefined' is not assignable to type 'CursorValue | undefined'.
              Type 'string' is not assignable to type 'CursorValue | undefined'.
  Overload 2 of 2, '(props: ViewProps, context: any): View', gave the following error.
    Type 'ViewStyle | TextStyle | ImageStyle' is not assignable to type 'StyleProp<ViewStyle>'.
      Type 'TextStyle' is not assignable to type 'StyleProp<ViewStyle>'.
        Type 'TextStyle' is not assignable to type 'ViewStyle'.
          Types of property 'cursor' are incompatible.
            Type 'string | undefined' is not assignable to type 'CursorValue | undefined'.
              Type 'string' is not assignable to type 'CursorValue | undefined'.
components/features/dashboard/PetSelector.tsx(40,15): error TS2769: No overload matches this call.
  Overload 1 of 2, '(props: ViewProps): View', gave the following error.
    Type 'ViewStyle | TextStyle | ImageStyle' is not assignable to type 'StyleProp<ViewStyle>'.
      Type 'TextStyle' is not assignable to type 'StyleProp<ViewStyle>'.
        Type 'TextStyle' is not assignable to type 'ViewStyle'.
          Types of property 'cursor' are incompatible.
            Type 'string | undefined' is not assignable to type 'CursorValue | undefined'.
              Type 'string' is not assignable to type 'CursorValue | undefined'.
  Overload 2 of 2, '(props: ViewProps, context: any): View', gave the following error.
    Type 'ViewStyle | TextStyle | ImageStyle' is not assignable to type 'StyleProp<ViewStyle>'.
      Type 'TextStyle' is not assignable to type 'StyleProp<ViewStyle>'.
        Type 'TextStyle' is not assignable to type 'ViewStyle'.
          Types of property 'cursor' are incompatible.
            Type 'string | undefined' is not assignable to type 'CursorValue | undefined'.
              Type 'string' is not assignable to type 'CursorValue | undefined'.
components/features/dashboard/PetSelector.tsx(41,25): error TS2339: Property 'imageUri' does not exist on type 'Pet'.
components/features/dashboard/PetSelector.tsx(42,47): error TS2339: Property 'imageUri' does not exist on type 'Pet'.
components/features/dashboard/PetSelector.tsx(42,59): error TS2769: No overload matches this call.
  Overload 1 of 2, '(props: ImageProps): Image', gave the following error.
    Type 'ViewStyle | TextStyle | ImageStyle' is not assignable to type 'StyleProp<ImageStyle>'.
      Type 'ViewStyle' is not assignable to type 'StyleProp<ImageStyle>'.
        Type 'ViewStyle' is not assignable to type 'ImageStyle'.
          Types of property 'overflow' are incompatible.
            Type '"hidden" | "visible" | "scroll" | undefined' is not assignable to type '"hidden" | "visible" | undefined'.
              Type '"scroll"' is not assignable to type '"hidden" | "visible" | undefined'.
  Overload 2 of 2, '(props: ImageProps, context: any): Image', gave the following error.
    Type 'ViewStyle | TextStyle | ImageStyle' is not assignable to type 'StyleProp<ImageStyle>'.
      Type 'ViewStyle' is not assignable to type 'StyleProp<ImageStyle>'.
        Type 'ViewStyle' is not assignable to type 'ImageStyle'.
          Types of property 'overflow' are incompatible.
            Type '"hidden" | "visible" | "scroll" | undefined' is not assignable to type '"hidden" | "visible" | undefined'.
              Type '"scroll"' is not assignable to type '"hidden" | "visible" | undefined'.
components/features/dashboard/PetSelector.tsx(44,17): error TS2769: No overload matches this call.
  Overload 1 of 2, '(props: TextProps): Text', gave the following error.
    Type 'ViewStyle | TextStyle | ImageStyle' is not assignable to type 'StyleProp<TextStyle>'.
      Type 'ViewStyle' is not assignable to type 'StyleProp<TextStyle>'.
        Type 'ViewStyle' is not assignable to type 'TextStyle'.
          Types of property 'userSelect' are incompatible.
            Type 'string | undefined' is not assignable to type '"contain" | "none" | "auto" | "text" | "all" | undefined'.
              Type 'string' is not assignable to type '"contain" | "none" | "auto" | "text" | "all" | undefined'.
  Overload 2 of 2, '(props: TextProps, context: any): Text', gave the following error.
    Type 'ViewStyle | TextStyle | ImageStyle' is not assignable to type 'StyleProp<TextStyle>'.
      Type 'ViewStyle' is not assignable to type 'StyleProp<TextStyle>'.
        Type 'ViewStyle' is not assignable to type 'TextStyle'.
          Types of property 'userSelect' are incompatible.
            Type 'string | undefined' is not assignable to type '"contain" | "none" | "auto" | "text" | "all" | undefined'.
              Type 'string' is not assignable to type '"contain" | "none" | "auto" | "text" | "all" | undefined'.
components/features/dashboard/PetSelector.tsx(47,27): error TS2322: Type 'ViewStyle | TextStyle | ImageStyle' is not assignable to type 'StyleProp<ViewStyle>'.
  Type 'TextStyle' is not assignable to type 'StyleProp<ViewStyle>'.
    Type 'TextStyle' is not assignable to type 'ViewStyle'.
      Types of property 'cursor' are incompatible.
        Type 'string | undefined' is not assignable to type 'CursorValue | undefined'.
          Type 'string' is not assignable to type 'CursorValue | undefined'.
components/features/dashboard/PetSelector.tsx(48,25): error TS2339: Property 'imageUri' does not exist on type 'Pet'.
components/features/dashboard/PetSelector.tsx(49,47): error TS2339: Property 'imageUri' does not exist on type 'Pet'.
components/features/dashboard/PetSelector.tsx(49,59): error TS2769: No overload matches this call.
  Overload 1 of 2, '(props: ImageProps): Image', gave the following error.
    Type 'ViewStyle | TextStyle | ImageStyle' is not assignable to type 'StyleProp<ImageStyle>'.
      Type 'ViewStyle' is not assignable to type 'StyleProp<ImageStyle>'.
        Type 'ViewStyle' is not assignable to type 'ImageStyle'.
          Types of property 'overflow' are incompatible.
            Type '"hidden" | "visible" | "scroll" | undefined' is not assignable to type '"hidden" | "visible" | undefined'.
              Type '"scroll"' is not assignable to type '"hidden" | "visible" | undefined'.
  Overload 2 of 2, '(props: ImageProps, context: any): Image', gave the following error.
    Type 'ViewStyle | TextStyle | ImageStyle' is not assignable to type 'StyleProp<ImageStyle>'.
      Type 'ViewStyle' is not assignable to type 'StyleProp<ImageStyle>'.
        Type 'ViewStyle' is not assignable to type 'ImageStyle'.
          Types of property 'overflow' are incompatible.
            Type '"hidden" | "visible" | "scroll" | undefined' is not assignable to type '"hidden" | "visible" | undefined'.
              Type '"scroll"' is not assignable to type '"hidden" | "visible" | undefined'.
components/features/dashboard/PetSelector.tsx(51,17): error TS2769: No overload matches this call.
  Overload 1 of 2, '(props: TextProps): Text', gave the following error.
    Type 'ViewStyle | TextStyle | ImageStyle' is not assignable to type 'StyleProp<TextStyle>'.
      Type 'ViewStyle' is not assignable to type 'StyleProp<TextStyle>'.
        Type 'ViewStyle' is not assignable to type 'TextStyle'.
          Types of property 'userSelect' are incompatible.
            Type 'string | undefined' is not assignable to type '"contain" | "none" | "auto" | "text" | "all" | undefined'.
              Type 'string' is not assignable to type '"contain" | "none" | "auto" | "text" | "all" | undefined'.
  Overload 2 of 2, '(props: TextProps, context: any): Text', gave the following error.
    Type 'ViewStyle | TextStyle | ImageStyle' is not assignable to type 'StyleProp<TextStyle>'.
      Type 'ViewStyle' is not assignable to type 'StyleProp<TextStyle>'.
        Type 'ViewStyle' is not assignable to type 'TextStyle'.
          Types of property 'userSelect' are incompatible.
            Type 'string | undefined' is not assignable to type '"contain" | "none" | "auto" | "text" | "all" | undefined'.
              Type 'string' is not assignable to type '"contain" | "none" | "auto" | "text" | "all" | undefined'.
components/features/dashboard/PetSelector.tsx(68,11): error TS2322: Type 'ViewStyle | TextStyle | ImageStyle' is not assignable to type 'StyleProp<ViewStyle>'.
  Type 'TextStyle' is not assignable to type 'StyleProp<ViewStyle>'.
    Type 'TextStyle' is not assignable to type 'ViewStyle'.
      Types of property 'cursor' are incompatible.
        Type 'string | undefined' is not assignable to type 'CursorValue | undefined'.
          Type 'string' is not assignable to type 'CursorValue | undefined'.
components/features/dashboard/PetSelector.tsx(72,17): error TS2769: No overload matches this call.
  Overload 1 of 2, '(props: ViewProps): View', gave the following error.
    Type 'ViewStyle | TextStyle | ImageStyle' is not assignable to type 'StyleProp<ViewStyle>'.
      Type 'TextStyle' is not assignable to type 'StyleProp<ViewStyle>'.
        Type 'TextStyle' is not assignable to type 'ViewStyle'.
          Types of property 'cursor' are incompatible.
            Type 'string | undefined' is not assignable to type 'CursorValue | undefined'.
              Type 'string' is not assignable to type 'CursorValue | undefined'.
  Overload 2 of 2, '(props: ViewProps, context: any): View', gave the following error.
    Type 'ViewStyle | TextStyle | ImageStyle' is not assignable to type 'StyleProp<ViewStyle>'.
      Type 'TextStyle' is not assignable to type 'StyleProp<ViewStyle>'.
        Type 'TextStyle' is not assignable to type 'ViewStyle'.
          Types of property 'cursor' are incompatible.
            Type 'string | undefined' is not assignable to type 'CursorValue | undefined'.
              Type 'string' is not assignable to type 'CursorValue | undefined'.
components/features/dashboard/PetSelector.tsx(73,19): error TS2769: No overload matches this call.
  Overload 1 of 2, '(props: TextProps): Text', gave the following error.
    Type 'ViewStyle | TextStyle | ImageStyle' is not assignable to type 'StyleProp<TextStyle>'.
      Type 'ViewStyle' is not assignable to type 'StyleProp<TextStyle>'.
        Type 'ViewStyle' is not assignable to type 'TextStyle'.
          Types of property 'userSelect' are incompatible.
            Type 'string | undefined' is not assignable to type '"contain" | "none" | "auto" | "text" | "all" | undefined'.
              Type 'string' is not assignable to type '"contain" | "none" | "auto" | "text" | "all" | undefined'.
  Overload 2 of 2, '(props: TextProps, context: any): Text', gave the following error.
    Type 'ViewStyle | TextStyle | ImageStyle' is not assignable to type 'StyleProp<TextStyle>'.
      Type 'ViewStyle' is not assignable to type 'StyleProp<TextStyle>'.
        Type 'ViewStyle' is not assignable to type 'TextStyle'.
          Types of property 'userSelect' are incompatible.
            Type 'string | undefined' is not assignable to type '"contain" | "none" | "auto" | "text" | "all" | undefined'.
              Type 'string' is not assignable to type '"contain" | "none" | "auto" | "text" | "all" | undefined'.
components/features/dashboard/PetSelector.tsx(79,19): error TS2322: Type 'ViewStyle | TextStyle | ImageStyle' is not assignable to type 'StyleProp<ViewStyle>'.
  Type 'TextStyle' is not assignable to type 'StyleProp<ViewStyle>'.
    Type 'TextStyle' is not assignable to type 'ViewStyle'.
      Types of property 'cursor' are incompatible.
        Type 'string | undefined' is not assignable to type 'CursorValue | undefined'.
          Type 'string' is not assignable to type 'CursorValue | undefined'.
components/features/dashboard/PetSelector.tsx(82,25): error TS2769: No overload matches this call.
  Overload 1 of 2, '(props: TextProps): Text', gave the following error.
    Type 'ViewStyle | TextStyle | ImageStyle' is not assignable to type 'StyleProp<TextStyle>'.
      Type 'ViewStyle' is not assignable to type 'StyleProp<TextStyle>'.
        Type 'ViewStyle' is not assignable to type 'TextStyle'.
          Types of property 'userSelect' are incompatible.
            Type 'string | undefined' is not assignable to type '"contain" | "none" | "auto" | "text" | "all" | undefined'.
              Type 'string' is not assignable to type '"contain" | "none" | "auto" | "text" | "all" | undefined'.
  Overload 2 of 2, '(props: TextProps, context: any): Text', gave the following error.
    Type 'ViewStyle | TextStyle | ImageStyle' is not assignable to type 'StyleProp<TextStyle>'.
      Type 'ViewStyle' is not assignable to type 'StyleProp<TextStyle>'.
        Type 'ViewStyle' is not assignable to type 'TextStyle'.
          Types of property 'userSelect' are incompatible.
            Type 'string | undefined' is not assignable to type '"contain" | "none" | "auto" | "text" | "all" | undefined'.
              Type 'string' is not assignable to type '"contain" | "none" | "auto" | "text" | "all" | undefined'.
components/features/dashboard/PetSelector.tsx(85,51): error TS2769: No overload matches this call.
  Overload 1 of 2, '(props: ViewProps): View', gave the following error.
    Type 'ViewStyle | TextStyle | ImageStyle' is not assignable to type 'StyleProp<ViewStyle>'.
      Type 'TextStyle' is not assignable to type 'StyleProp<ViewStyle>'.
        Type 'TextStyle' is not assignable to type 'ViewStyle'.
          Types of property 'cursor' are incompatible.
            Type 'string | undefined' is not assignable to type 'CursorValue | undefined'.
              Type 'string' is not assignable to type 'CursorValue | undefined'.
  Overload 2 of 2, '(props: ViewProps, context: any): View', gave the following error.
    Type 'ViewStyle | TextStyle | ImageStyle' is not assignable to type 'StyleProp<ViewStyle>'.
      Type 'TextStyle' is not assignable to type 'StyleProp<ViewStyle>'.
        Type 'TextStyle' is not assignable to type 'ViewStyle'.
          Types of property 'cursor' are incompatible.
            Type 'string | undefined' is not assignable to type 'CursorValue | undefined'.
              Type 'string' is not assignable to type 'CursorValue | undefined'.
components/features/dashboard/PetSelector.tsx(86,15): error TS2322: Type '{ data: { label: string; value: string; }[]; keyExtractor: (item: { label: string; value: string; }) => string; renderItem: ({ item }: ListRenderItemInfo<{ label: string; value: string; }>) => Element; ItemSeparatorComponent: () => Element; estimatedItemSize: number; }' is not assignable to type 'IntrinsicAttributes & FlashListProps<{ label: string; value: string; }> & { ref?: Ref<FlashListRef<{ label: string; value: string; }>> | undefined; }'.
  Property 'estimatedItemSize' does not exist on type 'IntrinsicAttributes & FlashListProps<{ label: string; value: string; }> & { ref?: Ref<FlashListRef<{ label: string; value: string; }>> | undefined; }'.
components/features/dashboard/PetSelector.tsx(128,3): error TS2322: Type '{ color: string; fontSize: number; fontWeight: string; lineHeight: number; letterSpacing: number; }' is not assignable to type 'ViewStyle | TextStyle | ImageStyle'.
  Type '{ color: string; fontSize: number; fontWeight: string; lineHeight: number; letterSpacing: number; }' is not assignable to type 'TextStyle'.
    Types of property 'fontWeight' are incompatible.
      Type 'string' is not assignable to type '100 | 300 | "light" | "400" | "500" | "600" | "700" | 200 | 400 | 500 | 800 | "normal" | "100" | "200" | "300" | "800" | "900" | "bold" | "medium" | "black" | 600 | 700 | 900 | "ultralight" | ... 6 more ... | undefined'.
components/features/dashboard/PetSelector.tsx(156,3): error TS2322: Type '{ color: string; fontSize: number; fontWeight: string; lineHeight: number; letterSpacing: number; }' is not assignable to type 'ViewStyle | TextStyle | ImageStyle'.
  Type '{ color: string; fontSize: number; fontWeight: string; lineHeight: number; letterSpacing: number; }' is not assignable to type 'TextStyle'.
    Types of property 'fontWeight' are incompatible.
      Type 'string' is not assignable to type '100 | 300 | "light" | "400" | "500" | "600" | "700" | 200 | 400 | 500 | 800 | "normal" | "100" | "200" | "300" | "800" | "900" | "bold" | "medium" | "black" | 600 | 700 | 900 | "ultralight" | ... 6 more ... | undefined'.
components/features/dashboard/PetStatusRow.tsx(26,44): error TS2345: Argument of type 'string' is not assignable to parameter of type 'number'.
components/features/dashboard/PetStatusRow.tsx(28,44): error TS2345: Argument of type 'string | null' is not assignable to parameter of type 'string | undefined'.
  Type 'null' is not assignable to type 'string | undefined'.
components/features/dashboard/PetStatusRow.tsx(43,50): error TS2339: Property 'created_at' does not exist on type 'ActivityItem'.
components/features/dashboard/PetStatusRow.tsx(46,66): error TS2339: Property 'action_description' does not exist on type 'ActivityItem'.
components/features/dashboard/PetStatusRow.tsx(48,57): error TS2339: Property 'is_active' does not exist on type 'Medication'.
components/features/dashboard/PetStatusRow.tsx(57,96): error TS2339: Property 'weight_unit' does not exist on type '{ created_at: string | null; date: string; id: string; notes: string | null; pet_id: string; weight: number; }'.
components/features/dashboard/PetStatusRow.tsx(68,49): error TS2339: Property 'weight_unit' does not exist on type '{ created_at: string | null; date: string; id: string; notes: string | null; pet_id: string; weight: number; }'.
components/features/dashboard/QuickActions.tsx(53,13): error TS2769: No overload matches this call.
  Overload 1 of 2, '(props: TextProps): Text', gave the following error.
    Type '{ color: string; marginBottom: number; paddingHorizontal: number; fontSize: number; fontWeight: string; lineHeight: number; letterSpacing: number; }' is not assignable to type 'StyleProp<TextStyle>'.
      Type '{ color: string; marginBottom: number; paddingHorizontal: number; fontSize: number; fontWeight: string; lineHeight: number; letterSpacing: number; }' is not assignable to type 'TextStyle'.
        Types of property 'fontWeight' are incompatible.
          Type 'string' is not assignable to type '100 | 300 | "light" | "400" | "500" | "600" | "700" | 200 | 400 | 500 | 800 | "normal" | "100" | "200" | "300" | "800" | "900" | "bold" | "medium" | "black" | 600 | 700 | 900 | "ultralight" | ... 6 more ... | undefined'.
  Overload 2 of 2, '(props: TextProps, context: any): Text', gave the following error.
    Type '{ color: string; marginBottom: number; paddingHorizontal: number; fontSize: number; fontWeight: string; lineHeight: number; letterSpacing: number; }' is not assignable to type 'StyleProp<TextStyle>'.
      Type '{ color: string; marginBottom: number; paddingHorizontal: number; fontSize: number; fontWeight: string; lineHeight: number; letterSpacing: number; }' is not assignable to type 'TextStyle'.
        Types of property 'fontWeight' are incompatible.
          Type 'string' is not assignable to type '100 | 300 | "light" | "400" | "500" | "600" | "700" | 200 | 400 | 500 | 800 | "normal" | "100" | "200" | "300" | "800" | "900" | "bold" | "medium" | "black" | 600 | 700 | 900 | "ultralight" | ... 6 more ... | undefined'.
components/features/dashboard/QuickActions.tsx(68,19): error TS2769: No overload matches this call.
  Overload 1 of 2, '(props: TextProps): Text', gave the following error.
    Type '{ color: string; marginTop: number; textAlign: "center"; paddingHorizontal: number; fontSize: number; fontWeight: string; lineHeight: number; letterSpacing: number; }' is not assignable to type 'StyleProp<TextStyle>'.
      Type '{ color: string; marginTop: number; textAlign: "center"; paddingHorizontal: number; fontSize: number; fontWeight: string; lineHeight: number; letterSpacing: number; }' is not assignable to type 'TextStyle'.
        Types of property 'fontWeight' are incompatible.
          Type 'string' is not assignable to type '100 | 300 | "light" | "400" | "500" | "600" | "700" | 200 | 400 | 500 | 800 | "normal" | "100" | "200" | "300" | "800" | "900" | "bold" | "medium" | "black" | 600 | 700 | 900 | "ultralight" | ... 6 more ... | undefined'.
  Overload 2 of 2, '(props: TextProps, context: any): Text', gave the following error.
    Type '{ color: string; marginTop: number; textAlign: "center"; paddingHorizontal: number; fontSize: number; fontWeight: string; lineHeight: number; letterSpacing: number; }' is not assignable to type 'StyleProp<TextStyle>'.
      Type '{ color: string; marginTop: number; textAlign: "center"; paddingHorizontal: number; fontSize: number; fontWeight: string; lineHeight: number; letterSpacing: number; }' is not assignable to type 'TextStyle'.
        Types of property 'fontWeight' are incompatible.
          Type 'string' is not assignable to type '100 | 300 | "light" | "400" | "500" | "600" | "700" | 200 | 400 | 500 | 800 | "normal" | "100" | "200" | "300" | "800" | "900" | "bold" | "medium" | "black" | 600 | 700 | 900 | "ultralight" | ... 6 more ... | undefined'.
components/features/dashboard/QuickActionsGrid.tsx(31,56): error TS7053: Element implicitly has an 'any' type because expression of type '400' can't be used to index type '{ 50: string; 100: string; 500: string; 600: string; 700: string; }'.
  Property '400' does not exist on type '{ 50: string; 100: string; 500: string; 600: string; 700: string; }'.
components/features/dashboard/QuickActionsGrid.tsx(47,56): error TS7053: Element implicitly has an 'any' type because expression of type '400' can't be used to index type '{ 50: string; 100: string; 500: string; 600: string; 700: string; }'.
  Property '400' does not exist on type '{ 50: string; 100: string; 500: string; 600: string; 700: string; }'.
components/features/dashboard/QuickActionsGrid.tsx(60,15): error TS2769: No overload matches this call.
  Overload 1 of 2, '(props: ViewProps): View', gave the following error.
    Type 'ViewStyle | TextStyle | ImageStyle' is not assignable to type 'StyleProp<ViewStyle>'.
      Type 'TextStyle' is not assignable to type 'StyleProp<ViewStyle>'.
        Type 'TextStyle' is not assignable to type 'ViewStyle'.
          Types of property 'cursor' are incompatible.
            Type 'string | undefined' is not assignable to type 'CursorValue | undefined'.
              Type 'string' is not assignable to type 'CursorValue | undefined'.
  Overload 2 of 2, '(props: ViewProps, context: any): View', gave the following error.
    Type 'ViewStyle | TextStyle | ImageStyle' is not assignable to type 'StyleProp<ViewStyle>'.
      Type 'TextStyle' is not assignable to type 'StyleProp<ViewStyle>'.
        Type 'TextStyle' is not assignable to type 'ViewStyle'.
          Types of property 'cursor' are incompatible.
            Type 'string | undefined' is not assignable to type 'CursorValue | undefined'.
              Type 'string' is not assignable to type 'CursorValue | undefined'.
components/features/dashboard/QuickActionsGrid.tsx(61,19): error TS2769: No overload matches this call.
  Overload 1 of 2, '(props: ViewProps): View', gave the following error.
    Type 'ViewStyle | TextStyle | ImageStyle' is not assignable to type 'StyleProp<ViewStyle>'.
      Type 'TextStyle' is not assignable to type 'StyleProp<ViewStyle>'.
        Type 'TextStyle' is not assignable to type 'ViewStyle'.
          Types of property 'cursor' are incompatible.
            Type 'string | undefined' is not assignable to type 'CursorValue | undefined'.
              Type 'string' is not assignable to type 'CursorValue | undefined'.
  Overload 2 of 2, '(props: ViewProps, context: any): View', gave the following error.
    Type 'ViewStyle | TextStyle | ImageStyle' is not assignable to type 'StyleProp<ViewStyle>'.
      Type 'TextStyle' is not assignable to type 'StyleProp<ViewStyle>'.
        Type 'TextStyle' is not assignable to type 'ViewStyle'.
          Types of property 'cursor' are incompatible.
            Type 'string | undefined' is not assignable to type 'CursorValue | undefined'.
              Type 'string' is not assignable to type 'CursorValue | undefined'.
components/features/dashboard/QuickActionsGrid.tsx(65,33): error TS2322: Type 'ViewStyle | TextStyle | ImageStyle' is not assignable to type 'ViewStyle | Falsy | RegisteredStyle<ViewStyle> | RecursiveArray<ViewStyle | Falsy | RegisteredStyle<ViewStyle>> | readonly (ViewStyle | ... 1 more ... | RegisteredStyle<...>)[]'.
  Type 'TextStyle' is not assignable to type 'ViewStyle | Falsy | RegisteredStyle<ViewStyle> | RecursiveArray<ViewStyle | Falsy | RegisteredStyle<ViewStyle>> | readonly (ViewStyle | ... 1 more ... | RegisteredStyle<...>)[]'.
    Type 'TextStyle' is not assignable to type 'ViewStyle'.
      Types of property 'cursor' are incompatible.
        Type 'string | undefined' is not assignable to type 'CursorValue | undefined'.
          Type 'string' is not assignable to type 'CursorValue | undefined'.
components/features/dashboard/QuickActionsGrid.tsx(73,29): error TS2769: No overload matches this call.
  Overload 1 of 2, '(props: LinearGradientProps): LinearGradient', gave the following error.
    Type 'ViewStyle | TextStyle | ImageStyle' is not assignable to type 'StyleProp<ViewStyle>'.
      Type 'TextStyle' is not assignable to type 'StyleProp<ViewStyle>'.
        Type 'TextStyle' is not assignable to type 'ViewStyle'.
          Types of property 'cursor' are incompatible.
            Type 'string | undefined' is not assignable to type 'CursorValue | undefined'.
              Type 'string' is not assignable to type 'CursorValue | undefined'.
  Overload 2 of 2, '(props: LinearGradientProps, context: any): LinearGradient', gave the following error.
    Type 'ViewStyle | TextStyle | ImageStyle' is not assignable to type 'StyleProp<ViewStyle>'.
      Type 'TextStyle' is not assignable to type 'StyleProp<ViewStyle>'.
        Type 'TextStyle' is not assignable to type 'ViewStyle'.
          Types of property 'cursor' are incompatible.
            Type 'string | undefined' is not assignable to type 'CursorValue | undefined'.
              Type 'string' is not assignable to type 'CursorValue | undefined'.
components/features/dashboard/QuickActionsGrid.tsx(82,31): error TS2769: No overload matches this call.
  Overload 1 of 2, '(props: TextProps): Text', gave the following error.
    Type 'ViewStyle | TextStyle | ImageStyle' is not assignable to type 'StyleProp<TextStyle>'.
      Type 'ViewStyle' is not assignable to type 'StyleProp<TextStyle>'.
        Type 'ViewStyle' is not assignable to type 'TextStyle'.
          Types of property 'userSelect' are incompatible.
            Type 'string | undefined' is not assignable to type '"contain" | "none" | "auto" | "text" | "all" | undefined'.
              Type 'string' is not assignable to type '"contain" | "none" | "auto" | "text" | "all" | undefined'.
  Overload 2 of 2, '(props: TextProps, context: any): Text', gave the following error.
    Type 'ViewStyle | TextStyle | ImageStyle' is not assignable to type 'StyleProp<TextStyle>'.
      Type 'ViewStyle' is not assignable to type 'StyleProp<TextStyle>'.
        Type 'ViewStyle' is not assignable to type 'TextStyle'.
          Types of property 'userSelect' are incompatible.
            Type 'string | undefined' is not assignable to type '"contain" | "none" | "auto" | "text" | "all" | undefined'.
              Type 'string' is not assignable to type '"contain" | "none" | "auto" | "text" | "all" | undefined'.
components/features/dashboard/QuickActionsGrid.tsx(122,5): error TS2322: Type '{ color: string; textAlign: "center"; fontSize: number; fontWeight: string; lineHeight: number; letterSpacing: number; }' is not assignable to type 'ViewStyle | TextStyle | ImageStyle'.
  Type '{ color: string; textAlign: "center"; fontSize: number; fontWeight: string; lineHeight: number; letterSpacing: number; }' is not assignable to type 'TextStyle'.
    Types of property 'fontWeight' are incompatible.
      Type 'string' is not assignable to type '100 | 300 | "light" | "400" | "500" | "600" | "700" | 200 | 400 | 500 | 800 | "normal" | "100" | "200" | "300" | "800" | "900" | "bold" | "medium" | "black" | 600 | 700 | 900 | "ultralight" | ... 6 more ... | undefined'.
components/features/dashboard/TodaysPrioritiesWidget.tsx(67,17): error TS2769: No overload matches this call.
  Overload 1 of 2, '(props: LinearGradientProps): LinearGradient', gave the following error.
    Type 'ViewStyle | TextStyle | ImageStyle' is not assignable to type 'StyleProp<ViewStyle>'.
      Type 'TextStyle' is not assignable to type 'StyleProp<ViewStyle>'.
        Type 'TextStyle' is not assignable to type 'ViewStyle'.
          Types of property 'cursor' are incompatible.
            Type 'string | undefined' is not assignable to type 'CursorValue | undefined'.
              Type 'string' is not assignable to type 'CursorValue | undefined'.
  Overload 2 of 2, '(props: LinearGradientProps, context: any): LinearGradient', gave the following error.
    Type 'ViewStyle | TextStyle | ImageStyle' is not assignable to type 'StyleProp<ViewStyle>'.
      Type 'TextStyle' is not assignable to type 'StyleProp<ViewStyle>'.
        Type 'TextStyle' is not assignable to type 'ViewStyle'.
          Types of property 'cursor' are incompatible.
            Type 'string | undefined' is not assignable to type 'CursorValue | undefined'.
              Type 'string' is not assignable to type 'CursorValue | undefined'.
components/features/dashboard/TodaysPrioritiesWidget.tsx(69,23): error TS2769: No overload matches this call.
  Overload 1 of 2, '(props: ViewProps): View', gave the following error.
    Type 'ViewStyle | TextStyle | ImageStyle' is not assignable to type 'StyleProp<ViewStyle>'.
      Type 'TextStyle' is not assignable to type 'StyleProp<ViewStyle>'.
        Type 'TextStyle' is not assignable to type 'ViewStyle'.
          Types of property 'cursor' are incompatible.
            Type 'string | undefined' is not assignable to type 'CursorValue | undefined'.
              Type 'string' is not assignable to type 'CursorValue | undefined'.
  Overload 2 of 2, '(props: ViewProps, context: any): View', gave the following error.
    Type 'ViewStyle | TextStyle | ImageStyle' is not assignable to type 'StyleProp<ViewStyle>'.
      Type 'TextStyle' is not assignable to type 'StyleProp<ViewStyle>'.
        Type 'TextStyle' is not assignable to type 'ViewStyle'.
          Types of property 'cursor' are incompatible.
            Type 'string | undefined' is not assignable to type 'CursorValue | undefined'.
              Type 'string' is not assignable to type 'CursorValue | undefined'.
components/features/dashboard/TodaysPrioritiesWidget.tsx(70,27): error TS2769: No overload matches this call.
  Overload 1 of 2, '(props: ViewProps): View', gave the following error.
    Type 'ViewStyle | TextStyle | ImageStyle' is not assignable to type 'StyleProp<ViewStyle>'.
      Type 'TextStyle' is not assignable to type 'StyleProp<ViewStyle>'.
        Type 'TextStyle' is not assignable to type 'ViewStyle'.
          Types of property 'cursor' are incompatible.
            Type 'string | undefined' is not assignable to type 'CursorValue | undefined'.
              Type 'string' is not assignable to type 'CursorValue | undefined'.
  Overload 2 of 2, '(props: ViewProps, context: any): View', gave the following error.
    Type 'ViewStyle | TextStyle | ImageStyle' is not assignable to type 'StyleProp<ViewStyle>'.
      Type 'TextStyle' is not assignable to type 'StyleProp<ViewStyle>'.
        Type 'TextStyle' is not assignable to type 'ViewStyle'.
          Types of property 'cursor' are incompatible.
            Type 'string | undefined' is not assignable to type 'CursorValue | undefined'.
              Type 'string' is not assignable to type 'CursorValue | undefined'.
components/features/dashboard/TodaysPrioritiesWidget.tsx(71,31): error TS2769: No overload matches this call.
  Overload 1 of 2, '(props: TextProps): Text', gave the following error.
    Type 'ViewStyle | TextStyle | ImageStyle' is not assignable to type 'StyleProp<TextStyle>'.
      Type 'ViewStyle' is not assignable to type 'StyleProp<TextStyle>'.
        Type 'ViewStyle' is not assignable to type 'TextStyle'.
          Types of property 'userSelect' are incompatible.
            Type 'string | undefined' is not assignable to type '"contain" | "none" | "auto" | "text" | "all" | undefined'.
              Type 'string' is not assignable to type '"contain" | "none" | "auto" | "text" | "all" | undefined'.
  Overload 2 of 2, '(props: TextProps, context: any): Text', gave the following error.
    Type 'ViewStyle | TextStyle | ImageStyle' is not assignable to type 'StyleProp<TextStyle>'.
      Type 'ViewStyle' is not assignable to type 'StyleProp<TextStyle>'.
        Type 'ViewStyle' is not assignable to type 'TextStyle'.
          Types of property 'userSelect' are incompatible.
            Type 'string | undefined' is not assignable to type '"contain" | "none" | "auto" | "text" | "all" | undefined'.
              Type 'string' is not assignable to type '"contain" | "none" | "auto" | "text" | "all" | undefined'.
components/features/dashboard/TodaysPrioritiesWidget.tsx(73,27): error TS2769: No overload matches this call.
  Overload 1 of 2, '(props: TextProps): Text', gave the following error.
    Type 'ViewStyle | TextStyle | ImageStyle' is not assignable to type 'StyleProp<TextStyle>'.
      Type 'ViewStyle' is not assignable to type 'StyleProp<TextStyle>'.
        Type 'ViewStyle' is not assignable to type 'TextStyle'.
          Types of property 'userSelect' are incompatible.
            Type 'string | undefined' is not assignable to type '"contain" | "none" | "auto" | "text" | "all" | undefined'.
              Type 'string' is not assignable to type '"contain" | "none" | "auto" | "text" | "all" | undefined'.
  Overload 2 of 2, '(props: TextProps, context: any): Text', gave the following error.
    Type 'ViewStyle | TextStyle | ImageStyle' is not assignable to type 'StyleProp<TextStyle>'.
      Type 'ViewStyle' is not assignable to type 'StyleProp<TextStyle>'.
        Type 'ViewStyle' is not assignable to type 'TextStyle'.
          Types of property 'userSelect' are incompatible.
            Type 'string | undefined' is not assignable to type '"contain" | "none" | "auto" | "text" | "all" | undefined'.
              Type 'string' is not assignable to type '"contain" | "none" | "auto" | "text" | "all" | undefined'.
components/features/dashboard/TodaysPrioritiesWidget.tsx(74,27): error TS2769: No overload matches this call.
  Overload 1 of 2, '(props: TextProps): Text', gave the following error.
    Type 'ViewStyle | TextStyle | ImageStyle' is not assignable to type 'StyleProp<TextStyle>'.
      Type 'ViewStyle' is not assignable to type 'StyleProp<TextStyle>'.
        Type 'ViewStyle' is not assignable to type 'TextStyle'.
          Types of property 'userSelect' are incompatible.
            Type 'string | undefined' is not assignable to type '"contain" | "none" | "auto" | "text" | "all" | undefined'.
              Type 'string' is not assignable to type '"contain" | "none" | "auto" | "text" | "all" | undefined'.
  Overload 2 of 2, '(props: TextProps, context: any): Text', gave the following error.
    Type 'ViewStyle | TextStyle | ImageStyle' is not assignable to type 'StyleProp<TextStyle>'.
      Type 'ViewStyle' is not assignable to type 'StyleProp<TextStyle>'.
        Type 'ViewStyle' is not assignable to type 'TextStyle'.
          Types of property 'userSelect' are incompatible.
            Type 'string | undefined' is not assignable to type '"contain" | "none" | "auto" | "text" | "all" | undefined'.
              Type 'string' is not assignable to type '"contain" | "none" | "auto" | "text" | "all" | undefined'.
components/features/dashboard/TodaysPrioritiesWidget.tsx(81,15): error TS2769: No overload matches this call.
  Overload 1 of 2, '(props: ViewProps): View', gave the following error.
    Type 'ViewStyle | TextStyle | ImageStyle' is not assignable to type 'StyleProp<ViewStyle>'.
      Type 'TextStyle' is not assignable to type 'StyleProp<ViewStyle>'.
        Type 'TextStyle' is not assignable to type 'ViewStyle'.
          Types of property 'cursor' are incompatible.
            Type 'string | undefined' is not assignable to type 'CursorValue | undefined'.
              Type 'string' is not assignable to type 'CursorValue | undefined'.
  Overload 2 of 2, '(props: ViewProps, context: any): View', gave the following error.
    Type 'ViewStyle | TextStyle | ImageStyle' is not assignable to type 'StyleProp<ViewStyle>'.
      Type 'TextStyle' is not assignable to type 'StyleProp<ViewStyle>'.
        Type 'TextStyle' is not assignable to type 'ViewStyle'.
          Types of property 'cursor' are incompatible.
            Type 'string | undefined' is not assignable to type 'CursorValue | undefined'.
              Type 'string' is not assignable to type 'CursorValue | undefined'.
components/features/dashboard/TodaysPrioritiesWidget.tsx(84,17): error TS2769: No overload matches this call.
  Overload 1 of 2, '(props: LinearGradientProps): LinearGradient', gave the following error.
    Type 'ViewStyle | TextStyle | ImageStyle' is not assignable to type 'StyleProp<ViewStyle>'.
      Type 'TextStyle' is not assignable to type 'StyleProp<ViewStyle>'.
        Type 'TextStyle' is not assignable to type 'ViewStyle'.
          Types of property 'cursor' are incompatible.
            Type 'string | undefined' is not assignable to type 'CursorValue | undefined'.
              Type 'string' is not assignable to type 'CursorValue | undefined'.
  Overload 2 of 2, '(props: LinearGradientProps, context: any): LinearGradient', gave the following error.
    Type 'ViewStyle | TextStyle | ImageStyle' is not assignable to type 'StyleProp<ViewStyle>'.
      Type 'TextStyle' is not assignable to type 'StyleProp<ViewStyle>'.
        Type 'TextStyle' is not assignable to type 'ViewStyle'.
          Types of property 'cursor' are incompatible.
            Type 'string | undefined' is not assignable to type 'CursorValue | undefined'.
              Type 'string' is not assignable to type 'CursorValue | undefined'.
components/features/dashboard/TodaysPrioritiesWidget.tsx(86,23): error TS2769: No overload matches this call.
  Overload 1 of 2, '(props: ViewProps): View', gave the following error.
    Type 'ViewStyle | TextStyle | ImageStyle' is not assignable to type 'StyleProp<ViewStyle>'.
      Type 'TextStyle' is not assignable to type 'StyleProp<ViewStyle>'.
        Type 'TextStyle' is not assignable to type 'ViewStyle'.
          Types of property 'cursor' are incompatible.
            Type 'string | undefined' is not assignable to type 'CursorValue | undefined'.
              Type 'string' is not assignable to type 'CursorValue | undefined'.
  Overload 2 of 2, '(props: ViewProps, context: any): View', gave the following error.
    Type 'ViewStyle | TextStyle | ImageStyle' is not assignable to type 'StyleProp<ViewStyle>'.
      Type 'TextStyle' is not assignable to type 'StyleProp<ViewStyle>'.
        Type 'TextStyle' is not assignable to type 'ViewStyle'.
          Types of property 'cursor' are incompatible.
            Type 'string | undefined' is not assignable to type 'CursorValue | undefined'.
              Type 'string' is not assignable to type 'CursorValue | undefined'.
components/features/dashboard/TodaysPrioritiesWidget.tsx(87,27): error TS2769: No overload matches this call.
  Overload 1 of 2, '(props: ViewProps): View', gave the following error.
    Type 'ViewStyle | TextStyle | ImageStyle' is not assignable to type 'StyleProp<ViewStyle>'.
      Type 'TextStyle' is not assignable to type 'StyleProp<ViewStyle>'.
        Type 'TextStyle' is not assignable to type 'ViewStyle'.
          Types of property 'cursor' are incompatible.
            Type 'string | undefined' is not assignable to type 'CursorValue | undefined'.
              Type 'string' is not assignable to type 'CursorValue | undefined'.
  Overload 2 of 2, '(props: ViewProps, context: any): View', gave the following error.
    Type 'ViewStyle | TextStyle | ImageStyle' is not assignable to type 'StyleProp<ViewStyle>'.
      Type 'TextStyle' is not assignable to type 'StyleProp<ViewStyle>'.
        Type 'TextStyle' is not assignable to type 'ViewStyle'.
          Types of property 'cursor' are incompatible.
            Type 'string | undefined' is not assignable to type 'CursorValue | undefined'.
              Type 'string' is not assignable to type 'CursorValue | undefined'.
components/features/dashboard/TodaysPrioritiesWidget.tsx(90,29): error TS2769: No overload matches this call.
  Overload 1 of 2, '(props: LinearGradientProps): LinearGradient', gave the following error.
    Type 'ViewStyle | TextStyle | ImageStyle' is not assignable to type 'StyleProp<ViewStyle>'.
      Type 'TextStyle' is not assignable to type 'StyleProp<ViewStyle>'.
        Type 'TextStyle' is not assignable to type 'ViewStyle'.
          Types of property 'cursor' are incompatible.
            Type 'string | undefined' is not assignable to type 'CursorValue | undefined'.
              Type 'string' is not assignable to type 'CursorValue | undefined'.
  Overload 2 of 2, '(props: LinearGradientProps, context: any): LinearGradient', gave the following error.
    Type 'ViewStyle | TextStyle | ImageStyle' is not assignable to type 'StyleProp<ViewStyle>'.
      Type 'TextStyle' is not assignable to type 'StyleProp<ViewStyle>'.
        Type 'TextStyle' is not assignable to type 'ViewStyle'.
          Types of property 'cursor' are incompatible.
            Type 'string | undefined' is not assignable to type 'CursorValue | undefined'.
              Type 'string' is not assignable to type 'CursorValue | undefined'.
components/features/dashboard/TodaysPrioritiesWidget.tsx(92,35): error TS2769: No overload matches this call.
  Overload 1 of 2, '(props: TextProps): Text', gave the following error.
    Type 'ViewStyle | TextStyle | ImageStyle' is not assignable to type 'StyleProp<TextStyle>'.
      Type 'ViewStyle' is not assignable to type 'StyleProp<TextStyle>'.
        Type 'ViewStyle' is not assignable to type 'TextStyle'.
          Types of property 'userSelect' are incompatible.
            Type 'string | undefined' is not assignable to type '"contain" | "none" | "auto" | "text" | "all" | undefined'.
              Type 'string' is not assignable to type '"contain" | "none" | "auto" | "text" | "all" | undefined'.
  Overload 2 of 2, '(props: TextProps, context: any): Text', gave the following error.
    Type 'ViewStyle | TextStyle | ImageStyle' is not assignable to type 'StyleProp<TextStyle>'.
      Type 'ViewStyle' is not assignable to type 'StyleProp<TextStyle>'.
        Type 'ViewStyle' is not assignable to type 'TextStyle'.
          Types of property 'userSelect' are incompatible.
            Type 'string | undefined' is not assignable to type '"contain" | "none" | "auto" | "text" | "all" | undefined'.
              Type 'string' is not assignable to type '"contain" | "none" | "auto" | "text" | "all" | undefined'.
components/features/dashboard/TodaysPrioritiesWidget.tsx(95,35): error TS2769: No overload matches this call.
  Overload 1 of 2, '(props: TextProps): Text', gave the following error.
    Type 'ViewStyle | TextStyle | ImageStyle' is not assignable to type 'StyleProp<TextStyle>'.
      Type 'ViewStyle' is not assignable to type 'StyleProp<TextStyle>'.
        Type 'ViewStyle' is not assignable to type 'TextStyle'.
          Types of property 'userSelect' are incompatible.
            Type 'string | undefined' is not assignable to type '"contain" | "none" | "auto" | "text" | "all" | undefined'.
              Type 'string' is not assignable to type '"contain" | "none" | "auto" | "text" | "all" | undefined'.
  Overload 2 of 2, '(props: TextProps, context: any): Text', gave the following error.
    Type 'ViewStyle | TextStyle | ImageStyle' is not assignable to type 'StyleProp<TextStyle>'.
      Type 'ViewStyle' is not assignable to type 'StyleProp<TextStyle>'.
        Type 'ViewStyle' is not assignable to type 'TextStyle'.
          Types of property 'userSelect' are incompatible.
            Type 'string | undefined' is not assignable to type '"contain" | "none" | "auto" | "text" | "all" | undefined'.
              Type 'string' is not assignable to type '"contain" | "none" | "auto" | "text" | "all" | undefined'.
components/features/dashboard/TodaysPrioritiesWidget.tsx(96,35): error TS2769: No overload matches this call.
  Overload 1 of 2, '(props: TextProps): Text', gave the following error.
    Type 'ViewStyle | TextStyle | ImageStyle' is not assignable to type 'StyleProp<TextStyle>'.
      Type 'ViewStyle' is not assignable to type 'StyleProp<TextStyle>'.
        Type 'ViewStyle' is not assignable to type 'TextStyle'.
          Types of property 'userSelect' are incompatible.
            Type 'string | undefined' is not assignable to type '"contain" | "none" | "auto" | "text" | "all" | undefined'.
              Type 'string' is not assignable to type '"contain" | "none" | "auto" | "text" | "all" | undefined'.
  Overload 2 of 2, '(props: TextProps, context: any): Text', gave the following error.
    Type 'ViewStyle | TextStyle | ImageStyle' is not assignable to type 'StyleProp<TextStyle>'.
      Type 'ViewStyle' is not assignable to type 'StyleProp<TextStyle>'.
        Type 'ViewStyle' is not assignable to type 'TextStyle'.
          Types of property 'userSelect' are incompatible.
            Type 'string | undefined' is not assignable to type '"contain" | "none" | "auto" | "text" | "all" | undefined'.
              Type 'string' is not assignable to type '"contain" | "none" | "auto" | "text" | "all" | undefined'.
components/features/dashboard/TodaysPrioritiesWidget.tsx(99,27): error TS2769: No overload matches this call.
  Overload 1 of 2, '(props: ViewProps): View', gave the following error.
    Type 'ViewStyle | TextStyle | ImageStyle' is not assignable to type 'StyleProp<ViewStyle>'.
      Type 'TextStyle' is not assignable to type 'StyleProp<ViewStyle>'.
        Type 'TextStyle' is not assignable to type 'ViewStyle'.
          Types of property 'cursor' are incompatible.
            Type 'string | undefined' is not assignable to type 'CursorValue | undefined'.
              Type 'string' is not assignable to type 'CursorValue | undefined'.
  Overload 2 of 2, '(props: ViewProps, context: any): View', gave the following error.
    Type 'ViewStyle | TextStyle | ImageStyle' is not assignable to type 'StyleProp<ViewStyle>'.
      Type 'TextStyle' is not assignable to type 'StyleProp<ViewStyle>'.
        Type 'TextStyle' is not assignable to type 'ViewStyle'.
          Types of property 'cursor' are incompatible.
            Type 'string | undefined' is not assignable to type 'CursorValue | undefined'.
              Type 'string' is not assignable to type 'CursorValue | undefined'.
components/features/dashboard/TodaysPrioritiesWidget.tsx(103,33): error TS2769: No overload matches this call.
  Overload 1 of 2, '(props: LinearGradientProps): LinearGradient', gave the following error.
    Type 'ViewStyle | TextStyle | ImageStyle' is not assignable to type 'StyleProp<ViewStyle>'.
      Type 'TextStyle' is not assignable to type 'StyleProp<ViewStyle>'.
        Type 'TextStyle' is not assignable to type 'ViewStyle'.
          Types of property 'cursor' are incompatible.
            Type 'string | undefined' is not assignable to type 'CursorValue | undefined'.
              Type 'string' is not assignable to type 'CursorValue | undefined'.
  Overload 2 of 2, '(props: LinearGradientProps, context: any): LinearGradient', gave the following error.
    Type 'ViewStyle | TextStyle | ImageStyle' is not assignable to type 'StyleProp<ViewStyle>'.
      Type 'TextStyle' is not assignable to type 'StyleProp<ViewStyle>'.
        Type 'TextStyle' is not assignable to type 'ViewStyle'.
          Types of property 'cursor' are incompatible.
            Type 'string | undefined' is not assignable to type 'CursorValue | undefined'.
              Type 'string' is not assignable to type 'CursorValue | undefined'.
components/features/dashboard/TodaysPrioritiesWidget.tsx(105,39): error TS2769: No overload matches this call.
  Overload 1 of 2, '(props: TextProps): Text', gave the following error.
    Type 'ViewStyle | TextStyle | ImageStyle' is not assignable to type 'StyleProp<TextStyle>'.
      Type 'ViewStyle' is not assignable to type 'StyleProp<TextStyle>'.
        Type 'ViewStyle' is not assignable to type 'TextStyle'.
          Types of property 'userSelect' are incompatible.
            Type 'string | undefined' is not assignable to type '"contain" | "none" | "auto" | "text" | "all" | undefined'.
              Type 'string' is not assignable to type '"contain" | "none" | "auto" | "text" | "all" | undefined'.
  Overload 2 of 2, '(props: TextProps, context: any): Text', gave the following error.
    Type 'ViewStyle | TextStyle | ImageStyle' is not assignable to type 'StyleProp<TextStyle>'.
      Type 'ViewStyle' is not assignable to type 'StyleProp<TextStyle>'.
        Type 'ViewStyle' is not assignable to type 'TextStyle'.
          Types of property 'userSelect' are incompatible.
            Type 'string | undefined' is not assignable to type '"contain" | "none" | "auto" | "text" | "all" | undefined'.
              Type 'string' is not assignable to type '"contain" | "none" | "auto" | "text" | "all" | undefined'.
components/features/dashboard/TodaysPrioritiesWidget.tsx(111,33): error TS2322: Type 'ViewStyle | TextStyle | ImageStyle' is not assignable to type 'StyleProp<ViewStyle>'.
  Type 'TextStyle' is not assignable to type 'StyleProp<ViewStyle>'.
    Type 'TextStyle' is not assignable to type 'ViewStyle'.
      Types of property 'cursor' are incompatible.
        Type 'string | undefined' is not assignable to type 'CursorValue | undefined'.
          Type 'string' is not assignable to type 'CursorValue | undefined'.
components/features/dashboard/TodaysPrioritiesWidget.tsx(125,25): error TS2769: No overload matches this call.
  Overload 1 of 2, '(props: ScrollViewProps): ScrollView', gave the following error.
    Type 'ViewStyle | TextStyle | ImageStyle' is not assignable to type 'StyleProp<ViewStyle>'.
      Type 'TextStyle' is not assignable to type 'StyleProp<ViewStyle>'.
        Type 'TextStyle' is not assignable to type 'ViewStyle'.
          Types of property 'cursor' are incompatible.
            Type 'string | undefined' is not assignable to type 'CursorValue | undefined'.
              Type 'string' is not assignable to type 'CursorValue | undefined'.
  Overload 2 of 2, '(props: ScrollViewProps, context: any): ScrollView', gave the following error.
    Type 'ViewStyle | TextStyle | ImageStyle' is not assignable to type 'StyleProp<ViewStyle>'.
      Type 'TextStyle' is not assignable to type 'StyleProp<ViewStyle>'.
        Type 'TextStyle' is not assignable to type 'ViewStyle'.
          Types of property 'cursor' are incompatible.
            Type 'string | undefined' is not assignable to type 'CursorValue | undefined'.
              Type 'string' is not assignable to type 'CursorValue | undefined'.
components/features/dashboard/TodaysPrioritiesWidget.tsx(132,33): error TS2322: Type 'ViewStyle | TextStyle | ImageStyle' is not assignable to type 'StyleProp<ViewStyle>'.
  Type 'TextStyle' is not assignable to type 'StyleProp<ViewStyle>'.
    Type 'TextStyle' is not assignable to type 'ViewStyle'.
      Types of property 'cursor' are incompatible.
        Type 'string | undefined' is not assignable to type 'CursorValue | undefined'.
          Type 'string' is not assignable to type 'CursorValue | undefined'.
components/features/dashboard/TodaysPrioritiesWidget.tsx(136,34): error TS2769: No overload matches this call.
  Overload 2 of 2, '(props: LinearGradientProps, context: any): LinearGradient', gave the following error.
    Type 'string[]' is not assignable to type 'readonly [ColorValue, ColorValue, ...ColorValue[]]'.
      Source provides no match for required element at position 0 in target.
  Overload 2 of 2, '(props: LinearGradientProps, context: any): LinearGradient', gave the following error.
    Type 'ViewStyle | TextStyle | ImageStyle' is not assignable to type 'StyleProp<ViewStyle>'.
      Type 'TextStyle' is not assignable to type 'StyleProp<ViewStyle>'.
        Type 'TextStyle' is not assignable to type 'ViewStyle'.
          Types of property 'cursor' are incompatible.
            Type 'string | undefined' is not assignable to type 'CursorValue | undefined'.
              Type 'string' is not assignable to type 'CursorValue | undefined'.
components/features/dashboard/TodaysPrioritiesWidget.tsx(143,41): error TS2322: Type 'ViewStyle | TextStyle | ImageStyle' is not assignable to type 'StyleProp<ViewStyle>'.
  Type 'TextStyle' is not assignable to type 'StyleProp<ViewStyle>'.
    Type 'TextStyle' is not assignable to type 'ViewStyle'.
      Types of property 'cursor' are incompatible.
        Type 'string | undefined' is not assignable to type 'CursorValue | undefined'.
          Type 'string' is not assignable to type 'CursorValue | undefined'.
components/features/dashboard/TodaysPrioritiesWidget.tsx(149,42): error TS2769: No overload matches this call.
  Overload 2 of 2, '(props: ViewProps, context: any): View', gave the following error.
    Type 'ViewStyle | TextStyle | ImageStyle' is not assignable to type 'ViewStyle | Falsy | RegisteredStyle<ViewStyle> | RecursiveArray<ViewStyle | Falsy | RegisteredStyle<ViewStyle>> | readonly (ViewStyle | ... 1 more ... | RegisteredStyle<...>)[]'.
      Type 'TextStyle' is not assignable to type 'ViewStyle | Falsy | RegisteredStyle<ViewStyle> | RecursiveArray<ViewStyle | Falsy | RegisteredStyle<ViewStyle>> | readonly (ViewStyle | ... 1 more ... | RegisteredStyle<...>)[]'.
        Type 'TextStyle' is not assignable to type 'ViewStyle'.
          Types of property 'cursor' are incompatible.
            Type 'string | undefined' is not assignable to type 'CursorValue | undefined'.
              Type 'string' is not assignable to type 'CursorValue | undefined'.
  Overload 2 of 2, '(props: ViewProps, context: any): View', gave the following error.
    Type 'false | ViewStyle | TextStyle | ImageStyle' is not assignable to type 'ViewStyle | Falsy | RegisteredStyle<ViewStyle> | RecursiveArray<ViewStyle | Falsy | RegisteredStyle<ViewStyle>> | readonly (ViewStyle | ... 1 more ... | RegisteredStyle<...>)[]'.
      Type 'TextStyle' is not assignable to type 'ViewStyle | Falsy | RegisteredStyle<ViewStyle> | RecursiveArray<ViewStyle | Falsy | RegisteredStyle<ViewStyle>> | readonly (ViewStyle | ... 1 more ... | RegisteredStyle<...>)[]'.
        Type 'TextStyle' is not assignable to type 'ViewStyle'.
          Types of property 'cursor' are incompatible.
            Type 'string | undefined' is not assignable to type 'CursorValue | undefined'.
              Type 'string' is not assignable to type 'CursorValue | undefined'.
components/features/dashboard/TodaysPrioritiesWidget.tsx(161,51): error TS2769: No overload matches this call.
  Overload 1 of 2, '(props: ViewProps): View', gave the following error.
    Type 'ViewStyle | TextStyle | ImageStyle' is not assignable to type 'ViewStyle | Falsy | RegisteredStyle<ViewStyle> | RecursiveArray<ViewStyle | Falsy | RegisteredStyle<ViewStyle>> | readonly (ViewStyle | ... 1 more ... | RegisteredStyle<...>)[]'.
      Type 'TextStyle' is not assignable to type 'ViewStyle | Falsy | RegisteredStyle<ViewStyle> | RecursiveArray<ViewStyle | Falsy | RegisteredStyle<ViewStyle>> | readonly (ViewStyle | ... 1 more ... | RegisteredStyle<...>)[]'.
        Type 'TextStyle' is not assignable to type 'ViewStyle'.
          Types of property 'cursor' are incompatible.
            Type 'string | undefined' is not assignable to type 'CursorValue | undefined'.
              Type 'string' is not assignable to type 'CursorValue | undefined'.
  Overload 2 of 2, '(props: ViewProps, context: any): View', gave the following error.
    Type 'ViewStyle | TextStyle | ImageStyle' is not assignable to type 'ViewStyle | Falsy | RegisteredStyle<ViewStyle> | RecursiveArray<ViewStyle | Falsy | RegisteredStyle<ViewStyle>> | readonly (ViewStyle | ... 1 more ... | RegisteredStyle<...>)[]'.
      Type 'TextStyle' is not assignable to type 'ViewStyle | Falsy | RegisteredStyle<ViewStyle> | RecursiveArray<ViewStyle | Falsy | RegisteredStyle<ViewStyle>> | readonly (ViewStyle | ... 1 more ... | RegisteredStyle<...>)[]'.
        Type 'TextStyle' is not assignable to type 'ViewStyle'.
          Types of property 'cursor' are incompatible.
            Type 'string | undefined' is not assignable to type 'CursorValue | undefined'.
              Type 'string' is not assignable to type 'CursorValue | undefined'.
components/features/dashboard/TodaysPrioritiesWidget.tsx(169,43): error TS2769: No overload matches this call.
  Overload 1 of 2, '(props: ViewProps): View', gave the following error.
    Type 'ViewStyle | TextStyle | ImageStyle' is not assignable to type 'StyleProp<ViewStyle>'.
      Type 'TextStyle' is not assignable to type 'StyleProp<ViewStyle>'.
        Type 'TextStyle' is not assignable to type 'ViewStyle'.
          Types of property 'cursor' are incompatible.
            Type 'string | undefined' is not assignable to type 'CursorValue | undefined'.
              Type 'string' is not assignable to type 'CursorValue | undefined'.
  Overload 2 of 2, '(props: ViewProps, context: any): View', gave the following error.
    Type 'ViewStyle | TextStyle | ImageStyle' is not assignable to type 'StyleProp<ViewStyle>'.
      Type 'TextStyle' is not assignable to type 'StyleProp<ViewStyle>'.
        Type 'TextStyle' is not assignable to type 'ViewStyle'.
          Types of property 'cursor' are incompatible.
            Type 'string | undefined' is not assignable to type 'CursorValue | undefined'.
              Type 'string' is not assignable to type 'CursorValue | undefined'.
components/features/dashboard/TodaysPrioritiesWidget.tsx(170,55): error TS2769: No overload matches this call.
  Overload 1 of 2, '(props: TextProps): Text', gave the following error.
    Type 'ViewStyle | TextStyle | ImageStyle' is not assignable to type 'TextStyle | Falsy | RegisteredStyle<TextStyle> | RecursiveArray<TextStyle | Falsy | RegisteredStyle<TextStyle>> | readonly (TextStyle | ... 1 more ... | RegisteredStyle<...>)[]'.
      Type 'ViewStyle' is not assignable to type 'TextStyle | Falsy | RegisteredStyle<TextStyle> | RecursiveArray<TextStyle | Falsy | RegisteredStyle<TextStyle>> | readonly (TextStyle | ... 1 more ... | RegisteredStyle<...>)[]'.
        Type 'ViewStyle' is not assignable to type 'TextStyle'.
          Types of property 'userSelect' are incompatible.
            Type 'string | undefined' is not assignable to type '"contain" | "none" | "auto" | "text" | "all" | undefined'.
              Type 'string' is not assignable to type '"contain" | "none" | "auto" | "text" | "all" | undefined'.
  Overload 2 of 2, '(props: TextProps, context: any): Text', gave the following error.
    Type 'ViewStyle | TextStyle | ImageStyle' is not assignable to type 'TextStyle | Falsy | RegisteredStyle<TextStyle> | RecursiveArray<TextStyle | Falsy | RegisteredStyle<TextStyle>> | readonly (TextStyle | ... 1 more ... | RegisteredStyle<...>)[]'.
      Type 'ViewStyle' is not assignable to type 'TextStyle | Falsy | RegisteredStyle<TextStyle> | RecursiveArray<TextStyle | Falsy | RegisteredStyle<TextStyle>> | readonly (TextStyle | ... 1 more ... | RegisteredStyle<...>)[]'.
        Type 'ViewStyle' is not assignable to type 'TextStyle'.
          Types of property 'userSelect' are incompatible.
            Type 'string | undefined' is not assignable to type '"contain" | "none" | "auto" | "text" | "all" | undefined'.
              Type 'string' is not assignable to type '"contain" | "none" | "auto" | "text" | "all" | undefined'.
components/features/dashboard/TodaysPrioritiesWidget.tsx(173,47): error TS2769: No overload matches this call.
  Overload 1 of 2, '(props: TextProps): Text', gave the following error.
    Type 'ViewStyle | TextStyle | ImageStyle' is not assignable to type 'StyleProp<TextStyle>'.
      Type 'ViewStyle' is not assignable to type 'StyleProp<TextStyle>'.
        Type 'ViewStyle' is not assignable to type 'TextStyle'.
          Types of property 'userSelect' are incompatible.
            Type 'string | undefined' is not assignable to type '"contain" | "none" | "auto" | "text" | "all" | undefined'.
              Type 'string' is not assignable to type '"contain" | "none" | "auto" | "text" | "all" | undefined'.
  Overload 2 of 2, '(props: TextProps, context: any): Text', gave the following error.
    Type 'ViewStyle | TextStyle | ImageStyle' is not assignable to type 'StyleProp<TextStyle>'.
      Type 'ViewStyle' is not assignable to type 'StyleProp<TextStyle>'.
        Type 'ViewStyle' is not assignable to type 'TextStyle'.
          Types of property 'userSelect' are incompatible.
            Type 'string | undefined' is not assignable to type '"contain" | "none" | "auto" | "text" | "all" | undefined'.
              Type 'string' is not assignable to type '"contain" | "none" | "auto" | "text" | "all" | undefined'.
components/features/dashboard/TodaysPrioritiesWidget.tsx(179,47): error TS2769: No overload matches this call.
  Overload 1 of 2, '(props: ViewProps): View', gave the following error.
    Type 'ViewStyle | TextStyle | ImageStyle' is not assignable to type 'StyleProp<ViewStyle>'.
      Type 'TextStyle' is not assignable to type 'StyleProp<ViewStyle>'.
        Type 'TextStyle' is not assignable to type 'ViewStyle'.
          Types of property 'cursor' are incompatible.
            Type 'string | undefined' is not assignable to type 'CursorValue | undefined'.
              Type 'string' is not assignable to type 'CursorValue | undefined'.
  Overload 2 of 2, '(props: ViewProps, context: any): View', gave the following error.
    Type 'ViewStyle | TextStyle | ImageStyle' is not assignable to type 'StyleProp<ViewStyle>'.
      Type 'TextStyle' is not assignable to type 'StyleProp<ViewStyle>'.
        Type 'TextStyle' is not assignable to type 'ViewStyle'.
          Types of property 'cursor' are incompatible.
            Type 'string | undefined' is not assignable to type 'CursorValue | undefined'.
              Type 'string' is not assignable to type 'CursorValue | undefined'.
components/features/dashboard/TodaysPrioritiesWidget.tsx(237,5): error TS2322: Type '{ fontSize: number; color: string; fontWeight: string; lineHeight: number; }' is not assignable to type 'ViewStyle | TextStyle | ImageStyle'.
  Type '{ fontSize: number; color: string; fontWeight: string; lineHeight: number; }' is not assignable to type 'TextStyle'.
    Types of property 'fontWeight' are incompatible.
      Type 'string' is not assignable to type '100 | 300 | "light" | "400" | "500" | "600" | "700" | 200 | 400 | 500 | 800 | "normal" | "100" | "200" | "300" | "800" | "900" | "bold" | "medium" | "black" | 600 | 700 | 900 | "ultralight" | ... 6 more ... | undefined'.
components/features/dashboard/TodaysPrioritiesWidget.tsx(259,5): error TS2322: Type '{ color: string; fontSize: number; fontWeight: string; lineHeight: number; letterSpacing: number; }' is not assignable to type 'ViewStyle | TextStyle | ImageStyle'.
  Type '{ color: string; fontSize: number; fontWeight: string; lineHeight: number; letterSpacing: number; }' is not assignable to type 'TextStyle'.
    Types of property 'fontWeight' are incompatible.
      Type 'string' is not assignable to type '100 | 300 | "light" | "400" | "500" | "600" | "700" | 200 | 400 | 500 | 800 | "normal" | "100" | "200" | "300" | "800" | "900" | "bold" | "medium" | "black" | 600 | 700 | 900 | "ultralight" | ... 6 more ... | undefined'.
components/features/dashboard/TodaysPrioritiesWidget.tsx(322,5): error TS2322: Type '{ color: string; lineHeight: number; fontSize: number; fontWeight: string; letterSpacing: number; }' is not assignable to type 'ViewStyle | TextStyle | ImageStyle'.
  Type '{ color: string; lineHeight: number; fontSize: number; fontWeight: string; letterSpacing: number; }' is not assignable to type 'TextStyle'.
    Types of property 'fontWeight' are incompatible.
      Type 'string' is not assignable to type '100 | 300 | "light" | "400" | "500" | "600" | "700" | 200 | 400 | 500 | 800 | "normal" | "100" | "200" | "300" | "800" | "900" | "bold" | "medium" | "black" | 600 | 700 | 900 | "ultralight" | ... 6 more ... | undefined'.
components/features/dashboard/TodaysPrioritiesWidget.tsx(354,5): error TS2322: Type '{ color: string; fontSize: number; fontWeight: string; lineHeight: number; letterSpacing: number; }' is not assignable to type 'ViewStyle | TextStyle | ImageStyle'.
  Type '{ color: string; fontSize: number; fontWeight: string; lineHeight: number; letterSpacing: number; }' is not assignable to type 'TextStyle'.
    Types of property 'fontWeight' are incompatible.
      Type 'string' is not assignable to type '100 | 300 | "light" | "400" | "500" | "600" | "700" | 200 | 400 | 500 | 800 | "normal" | "100" | "200" | "300" | "800" | "900" | "bold" | "medium" | "black" | 600 | 700 | 900 | "ultralight" | ... 6 more ... | undefined'.
components/features/dashboard/UpcomingEvents.tsx(26,37): error TS2339: Property 'date' does not exist on type 'CalendarEvent'.
components/features/dashboard/UpcomingEvents.tsx(31,29): error TS2339: Property 'date' does not exist on type 'CalendarEvent'.
components/features/dashboard/UpcomingEvents.tsx(31,48): error TS2339: Property 'date' does not exist on type 'CalendarEvent'.
components/features/dashboard/UpcomingEvents.tsx(34,17): error TS2345: Argument of type '`/(tabs)/calendar/event-detail?id=${string}`' is not assignable to parameter of type '"/(tabs)/health" | "/" | RelativePathString | ExternalPathString | `/#${string}` | `/?${string}` | "/_sitemap" | `/_sitemap#${string}` | `/_sitemap?${string}` | "/(auth)/forgot-password" | ... 227 more ... | { ...; }'.
components/features/dashboard/UpcomingEvents.tsx(38,11): error TS2769: No overload matches this call.
  Overload 1 of 2, '(props: ViewProps): View', gave the following error.
    Type 'ViewStyle | TextStyle | ImageStyle' is not assignable to type 'StyleProp<ViewStyle>'.
      Type 'TextStyle' is not assignable to type 'StyleProp<ViewStyle>'.
        Type 'TextStyle' is not assignable to type 'ViewStyle'.
          Types of property 'cursor' are incompatible.
            Type 'string | undefined' is not assignable to type 'CursorValue | undefined'.
              Type 'string' is not assignable to type 'CursorValue | undefined'.
  Overload 2 of 2, '(props: ViewProps, context: any): View', gave the following error.
    Type 'ViewStyle | TextStyle | ImageStyle' is not assignable to type 'StyleProp<ViewStyle>'.
      Type 'TextStyle' is not assignable to type 'StyleProp<ViewStyle>'.
        Type 'TextStyle' is not assignable to type 'ViewStyle'.
          Types of property 'cursor' are incompatible.
            Type 'string | undefined' is not assignable to type 'CursorValue | undefined'.
              Type 'string' is not assignable to type 'CursorValue | undefined'.
components/features/dashboard/UpcomingEvents.tsx(39,13): error TS2769: No overload matches this call.
  Overload 1 of 2, '(props: ViewProps): View', gave the following error.
    Type 'ViewStyle | TextStyle | ImageStyle' is not assignable to type 'StyleProp<ViewStyle>'.
      Type 'TextStyle' is not assignable to type 'StyleProp<ViewStyle>'.
        Type 'TextStyle' is not assignable to type 'ViewStyle'.
          Types of property 'cursor' are incompatible.
            Type 'string | undefined' is not assignable to type 'CursorValue | undefined'.
              Type 'string' is not assignable to type 'CursorValue | undefined'.
  Overload 2 of 2, '(props: ViewProps, context: any): View', gave the following error.
    Type 'ViewStyle | TextStyle | ImageStyle' is not assignable to type 'StyleProp<ViewStyle>'.
      Type 'TextStyle' is not assignable to type 'StyleProp<ViewStyle>'.
        Type 'TextStyle' is not assignable to type 'ViewStyle'.
          Types of property 'cursor' are incompatible.
            Type 'string | undefined' is not assignable to type 'CursorValue | undefined'.
              Type 'string' is not assignable to type 'CursorValue | undefined'.
components/features/dashboard/UpcomingEvents.tsx(40,15): error TS2769: No overload matches this call.
  Overload 1 of 2, '(props: TextProps): Text', gave the following error.
    Type 'ViewStyle | TextStyle | ImageStyle' is not assignable to type 'StyleProp<TextStyle>'.
      Type 'ViewStyle' is not assignable to type 'StyleProp<TextStyle>'.
        Type 'ViewStyle' is not assignable to type 'TextStyle'.
          Types of property 'userSelect' are incompatible.
            Type 'string | undefined' is not assignable to type '"contain" | "none" | "auto" | "text" | "all" | undefined'.
              Type 'string' is not assignable to type '"contain" | "none" | "auto" | "text" | "all" | undefined'.
  Overload 2 of 2, '(props: TextProps, context: any): Text', gave the following error.
    Type 'ViewStyle | TextStyle | ImageStyle' is not assignable to type 'StyleProp<TextStyle>'.
      Type 'ViewStyle' is not assignable to type 'StyleProp<TextStyle>'.
        Type 'ViewStyle' is not assignable to type 'TextStyle'.
          Types of property 'userSelect' are incompatible.
            Type 'string | undefined' is not assignable to type '"contain" | "none" | "auto" | "text" | "all" | undefined'.
              Type 'string' is not assignable to type '"contain" | "none" | "auto" | "text" | "all" | undefined'.
components/features/dashboard/UpcomingEvents.tsx(42,17): error TS2769: No overload matches this call.
  Overload 1 of 2, '(props: TextProps): Text', gave the following error.
    Type 'ViewStyle | TextStyle | ImageStyle' is not assignable to type 'StyleProp<TextStyle>'.
      Type 'ViewStyle' is not assignable to type 'StyleProp<TextStyle>'.
        Type 'ViewStyle' is not assignable to type 'TextStyle'.
          Types of property 'userSelect' are incompatible.
            Type 'string | undefined' is not assignable to type '"contain" | "none" | "auto" | "text" | "all" | undefined'.
              Type 'string' is not assignable to type '"contain" | "none" | "auto" | "text" | "all" | undefined'.
  Overload 2 of 2, '(props: TextProps, context: any): Text', gave the following error.
    Type 'ViewStyle | TextStyle | ImageStyle' is not assignable to type 'StyleProp<TextStyle>'.
      Type 'ViewStyle' is not assignable to type 'StyleProp<TextStyle>'.
        Type 'ViewStyle' is not assignable to type 'TextStyle'.
          Types of property 'userSelect' are incompatible.
            Type 'string | undefined' is not assignable to type '"contain" | "none" | "auto" | "text" | "all" | undefined'.
              Type 'string' is not assignable to type '"contain" | "none" | "auto" | "text" | "all" | undefined'.
components/features/dashboard/UpcomingEvents.tsx(47,15): error TS2769: No overload matches this call.
  Overload 1 of 2, '(props: ViewProps): View', gave the following error.
    Type 'ViewStyle | TextStyle | ImageStyle' is not assignable to type 'StyleProp<ViewStyle>'.
      Type 'TextStyle' is not assignable to type 'StyleProp<ViewStyle>'.
        Type 'TextStyle' is not assignable to type 'ViewStyle'.
          Types of property 'cursor' are incompatible.
            Type 'string | undefined' is not assignable to type 'CursorValue | undefined'.
              Type 'string' is not assignable to type 'CursorValue | undefined'.
  Overload 2 of 2, '(props: ViewProps, context: any): View', gave the following error.
    Type 'ViewStyle | TextStyle | ImageStyle' is not assignable to type 'StyleProp<ViewStyle>'.
      Type 'TextStyle' is not assignable to type 'StyleProp<ViewStyle>'.
        Type 'TextStyle' is not assignable to type 'ViewStyle'.
          Types of property 'cursor' are incompatible.
            Type 'string | undefined' is not assignable to type 'CursorValue | undefined'.
              Type 'string' is not assignable to type 'CursorValue | undefined'.
components/features/dashboard/UpcomingEvents.tsx(48,17): error TS2769: No overload matches this call.
  Overload 1 of 2, '(props: TextProps): Text', gave the following error.
    Type 'ViewStyle | TextStyle | ImageStyle' is not assignable to type 'StyleProp<TextStyle>'.
      Type 'ViewStyle' is not assignable to type 'StyleProp<TextStyle>'.
        Type 'ViewStyle' is not assignable to type 'TextStyle'.
          Types of property 'userSelect' are incompatible.
            Type 'string | undefined' is not assignable to type '"contain" | "none" | "auto" | "text" | "all" | undefined'.
              Type 'string' is not assignable to type '"contain" | "none" | "auto" | "text" | "all" | undefined'.
  Overload 2 of 2, '(props: TextProps, context: any): Text', gave the following error.
    Type 'ViewStyle | TextStyle | ImageStyle' is not assignable to type 'StyleProp<TextStyle>'.
      Type 'ViewStyle' is not assignable to type 'StyleProp<TextStyle>'.
        Type 'ViewStyle' is not assignable to type 'TextStyle'.
          Types of property 'userSelect' are incompatible.
            Type 'string | undefined' is not assignable to type '"contain" | "none" | "auto" | "text" | "all" | undefined'.
              Type 'string' is not assignable to type '"contain" | "none" | "auto" | "text" | "all" | undefined'.
components/features/dashboard/UpcomingEvents.tsx(59,26): error TS2339: Property 'date' does not exist on type 'CalendarEvent'.
components/features/dashboard/UpcomingEvents.tsx(60,26): error TS2339: Property 'time' does not exist on type 'CalendarEvent'.
components/features/dashboard/UpcomingEvents.tsx(66,11): error TS2322: Type '{ data: CalendarEvent[]; keyExtractor: (item: CalendarEvent) => string; renderItem: ({ item }: ListRenderItemInfo<CalendarEvent>) => Element; scrollEnabled: false; estimatedItemSize: number; }' is not assignable to type 'IntrinsicAttributes & FlashListProps<CalendarEvent> & { ref?: Ref<FlashListRef<CalendarEvent>> | undefined; }'.
  Property 'estimatedItemSize' does not exist on type 'IntrinsicAttributes & FlashListProps<CalendarEvent> & { ref?: Ref<FlashListRef<CalendarEvent>> | undefined; }'.
components/features/dashboard/UpcomingEvents.tsx(84,3): error TS2322: Type '{ color: string; fontSize: number; fontWeight: string; lineHeight: number; letterSpacing: number; }' is not assignable to type 'ViewStyle | TextStyle | ImageStyle'.
  Type '{ color: string; fontSize: number; fontWeight: string; lineHeight: number; letterSpacing: number; }' is not assignable to type 'TextStyle'.
    Types of property 'fontWeight' are incompatible.
      Type 'string' is not assignable to type '100 | 300 | "light" | "400" | "500" | "600" | "700" | 200 | 400 | 500 | 800 | "normal" | "100" | "200" | "300" | "800" | "900" | "bold" | "medium" | "black" | 600 | 700 | 900 | "ultralight" | ... 6 more ... | undefined'.
components/features/dashboard/UpcomingEvents.tsx(101,3): error TS2322: Type '{ color: string; textAlign: "center"; fontSize: number; fontWeight: string; lineHeight: number; letterSpacing: number; }' is not assignable to type 'ViewStyle | TextStyle | ImageStyle'.
  Type '{ color: string; textAlign: "center"; fontSize: number; fontWeight: string; lineHeight: number; letterSpacing: number; }' is not assignable to type 'TextStyle'.
    Types of property 'fontWeight' are incompatible.
      Type 'string' is not assignable to type '100 | 300 | "light" | "400" | "500" | "600" | "700" | 200 | 400 | 500 | 800 | "normal" | "100" | "200" | "300" | "800" | "900" | "bold" | "medium" | "black" | 600 | 700 | 900 | "ultralight" | ... 6 more ... | undefined'.
components/features/dashboard/WeightSummaryWidget.tsx(17,95): error TS2339: Property 'mint' does not exist on type '{ paw: string; pawLight: string; pawDark: string; leaf: string; leafLight: string; leafDark: string; sun: string; sunLight: string; sunDark: string; }'.
components/features/documents/DocumentActionModal.tsx(74,66): error TS2339: Property 'size_bytes' does not exist on type '{ archived: boolean | null; auto_archive_date: string | null; confidentiality_level: string | null; created_at: string; document_date: string | null; document_range_end: string | null; ... 18 more ...; visibility: string | null; }'.
components/features/documents/DocumentActionModal.tsx(74,89): error TS2339: Property 'size_bytes' does not exist on type '{ archived: boolean | null; auto_archive_date: string | null; confidentiality_level: string | null; created_at: string; document_date: string | null; document_range_end: string | null; ... 18 more ...; visibility: string | null; }'.
components/features/documents/DocumentViewerModal.tsx(20,97): error TS2339: Property 'mime_type' does not exist on type '{ archived: boolean | null; auto_archive_date: string | null; confidentiality_level: string | null; created_at: string; document_date: string | null; document_range_end: string | null; ... 18 more ...; visibility: string | null; }'.
components/features/events/UpcomingEventsPanel.tsx(22,28): error TS2339: Property 'error' does not exist on type '{ events: CalendarEvent[]; loading: boolean; filters: EventFilters; setFilters: Dispatch<SetStateAction<EventFilters>>; refreshEvents: () => Promise<...>; }'.
components/features/events/UpcomingEventsPanel.tsx(22,35): error TS2339: Property 'refresh' does not exist on type '{ events: CalendarEvent[]; loading: boolean; filters: EventFilters; setFilters: Dispatch<SetStateAction<EventFilters>>; refreshEvents: () => Promise<...>; }'.
components/features/health/ConditionFormModal.tsx(54,11): error TS2322: Type '{ name: string; status: any; diagnosed_date: string | null; resolved_date: any; notes: string; severity: any; treatment_plan: string; }' is not assignable to type 'ConditionFormData'.
  Types of property 'diagnosed_date' are incompatible.
    Type 'string | null' is not assignable to type 'string'.
      Type 'null' is not assignable to type 'string'.
components/features/health/ConditionFormModal.tsx(60,50): error TS2339: Property 'resolved_date' does not exist on type 'Condition'.
components/features/health/ConditionFormModal.tsx(62,45): error TS2339: Property 'severity' does not exist on type 'Condition'.
components/features/health/ConditionFormModal.tsx(232,25): error TS2322: Type '{ label: string; placeholder: string; value: string; onChangeText: (text: string) => void; height: number; }' is not assignable to type 'IntrinsicAttributes & RichTextInputProps'.
  Property 'height' does not exist on type 'IntrinsicAttributes & RichTextInputProps'.
components/features/health/MedicationFormModal.tsx(7,27): error TS2307: Cannot find module '@/components/desktop/modals/shared/RichTextInput' or its corresponding type declarations.
components/features/health/MedicationFormModal.tsx(88,61): error TS2339: Property 'status' does not exist on type 'Medication'.
components/features/health/MedicationFormModal.tsx(277,44): error TS7006: Parameter 'text' implicitly has an 'any' type.
components/features/health/VaccinationFormModal.tsx(10,27): error TS2307: Cannot find module '@/components/desktop/modals/shared/RichTextInput' or its corresponding type declarations.
components/features/health/VaccinationFormModal.tsx(117,43): error TS2339: Property 'cost' does not exist on type 'Vaccination'.
components/features/health/VaccinationFormModal.tsx(117,70): error TS2339: Property 'cost' does not exist on type 'Vaccination'.
components/features/health/VaccinationFormModal.tsx(118,47): error TS2339: Property 'currency' does not exist on type 'Vaccination'.
components/features/health/VaccinationFormModal.tsx(275,29): error TS2322: Type '{ species: Species; selectedVaccine: RefVaccine | null; initialValue: string | undefined; onSelect: (vaccine: RefVaccine | null) => void; customName: string; onCustomNameChange: (name: string) => void; error: string; }' is not assignable to type 'IntrinsicAttributes & VaccineSelectorProps'.
  Property 'initialValue' does not exist on type 'IntrinsicAttributes & VaccineSelectorProps'.
components/features/health/VaccinationFormModal.tsx(295,73): error TS2769: No overload matches this call.
  Overload 1 of 2, '(props: TextProps): Text', gave the following error.
    Type '{ color: string | { 50: string; 100: string; 200: string; 300: string; 400: string; 500: string; 600: string; 700: string; 800: string; 900: string; }; }' is not assignable to type 'TextStyle | Falsy | RegisteredStyle<TextStyle> | RecursiveArray<TextStyle | Falsy | RegisteredStyle<TextStyle>> | readonly (TextStyle | ... 1 more ... | RegisteredStyle<...>)[]'.
      Types of property 'color' are incompatible.
        Type 'string | { 50: string; 100: string; 200: string; 300: string; 400: string; 500: string; 600: string; 700: string; 800: string; 900: string; }' is not assignable to type 'ColorValue | undefined'.
          Type '{ 50: string; 100: string; 200: string; 300: string; 400: string; 500: string; 600: string; 700: string; 800: string; 900: string; }' is not assignable to type 'ColorValue | undefined'.
  Overload 2 of 2, '(props: TextProps, context: any): Text', gave the following error.
    Type '{ color: string | { 50: string; 100: string; 200: string; 300: string; 400: string; 500: string; 600: string; 700: string; 800: string; 900: string; }; }' is not assignable to type 'TextStyle | Falsy | RegisteredStyle<TextStyle> | RecursiveArray<TextStyle | Falsy | RegisteredStyle<TextStyle>> | readonly (TextStyle | ... 1 more ... | RegisteredStyle<...>)[]'.
      Types of property 'color' are incompatible.
        Type 'string | { 50: string; 100: string; 200: string; 300: string; 400: string; 500: string; 600: string; 700: string; 800: string; 900: string; }' is not assignable to type 'ColorValue | undefined'.
          Type '{ 50: string; 100: string; 200: string; 300: string; 400: string; 500: string; 600: string; 700: string; 800: string; 900: string; }' is not assignable to type 'ColorValue | undefined'.
components/features/health/VaccinationFormModal.tsx(348,44): error TS7006: Parameter 'text' implicitly has an 'any' type.
components/features/health/VaccineSelector.tsx(143,29): error TS2322: Type '{ data: RefVaccine[]; keyExtractor: (item: RefVaccine) => string; style: { maxHeight: number; }; keyboardShouldPersistTaps: "handled"; estimatedItemSize: number; renderItem: ({ item }: ListRenderItemInfo<...>) => Element; }' is not assignable to type 'IntrinsicAttributes & FlashListProps<RefVaccine> & { ref?: Ref<FlashListRef<RefVaccine>> | undefined; }'.
  Property 'estimatedItemSize' does not exist on type 'IntrinsicAttributes & FlashListProps<RefVaccine> & { ref?: Ref<FlashListRef<RefVaccine>> | undefined; }'.
components/features/health/WeightFormModal.tsx(44,51): error TS2769: No overload matches this call.
  Overload 1 of 2, '(relation: "content" | "settings" | "notifications" | "pets" | "profiles" | "documents" | "users" | "roles" | "activity_logs" | "allergies" | "audit_logs" | "behavior_tags" | "breeds" | ... 25 more ... | "weight_entries"): PostgrestQueryBuilder<...>', gave the following error.
    Argument of type '"weight_logs"' is not assignable to parameter of type '"content" | "settings" | "notifications" | "pets" | "profiles" | "documents" | "users" | "roles" | "activity_logs" | "allergies" | "audit_logs" | "behavior_tags" | "breeds" | ... 25 more ... | "weight_entries"'.
  Overload 2 of 2, '(relation: never): PostgrestQueryBuilder<{ PostgrestVersion: "13.0.5"; }, { Tables: { activity_logs: { Row: { activity_data: Json; activity_type: string; created_at: string | null; id: string; pet_id: string | null; profile_id: string; }; Insert: { ...; }; Update: { ...; }; Relationships: [...]; }; ... 37 more ...; weight_entries: { ...; }; }; Views: {}; Functions: { ...; }; Enums: {}; CompositeTypes: {}; }, never, never, never>', gave the following error.
    Argument of type '"weight_logs"' is not assignable to parameter of type 'never'.
components/features/onboarding/GenderStep.tsx(45,27): error TS2769: No overload matches this call.
  Overload 1 of 2, '(props: TextProps): Text', gave the following error.
    Type '{ textAlign: "center"; marginBottom: number; fontSize: number; fontWeight: string; lineHeight: number; }' is not assignable to type 'StyleProp<TextStyle>'.
      Type '{ textAlign: "center"; marginBottom: number; fontSize: number; fontWeight: string; lineHeight: number; }' is not assignable to type 'TextStyle'.
        Types of property 'fontWeight' are incompatible.
          Type 'string' is not assignable to type '100 | 300 | "light" | "400" | "500" | "600" | "700" | 200 | 400 | 500 | 800 | "normal" | "100" | "200" | "300" | "800" | "900" | "bold" | "medium" | "black" | 600 | 700 | 900 | "ultralight" | ... 6 more ... | undefined'.
  Overload 2 of 2, '(props: TextProps, context: any): Text', gave the following error.
    Type '{ textAlign: "center"; marginBottom: number; fontSize: number; fontWeight: string; lineHeight: number; }' is not assignable to type 'StyleProp<TextStyle>'.
      Type '{ textAlign: "center"; marginBottom: number; fontSize: number; fontWeight: string; lineHeight: number; }' is not assignable to type 'TextStyle'.
        Types of property 'fontWeight' are incompatible.
          Type 'string' is not assignable to type '100 | 300 | "light" | "400" | "500" | "600" | "700" | 200 | 400 | 500 | 800 | "normal" | "100" | "200" | "300" | "800" | "900" | "bold" | "medium" | "black" | 600 | 700 | 900 | "ultralight" | ... 6 more ... | undefined'.
components/features/onboarding/GenderStep.tsx(46,27): error TS2769: No overload matches this call.
  Overload 1 of 2, '(props: TextProps): Text', gave the following error.
    Type '{ textAlign: "center"; color: string; maxWidth: number; fontSize: number; fontWeight: string; lineHeight: number; letterSpacing: number; }' is not assignable to type 'StyleProp<TextStyle>'.
      Type '{ textAlign: "center"; color: string; maxWidth: number; fontSize: number; fontWeight: string; lineHeight: number; letterSpacing: number; }' is not assignable to type 'TextStyle'.
        Types of property 'fontWeight' are incompatible.
          Type 'string' is not assignable to type '100 | 300 | "light" | "400" | "500" | "600" | "700" | 200 | 400 | 500 | 800 | "normal" | "100" | "200" | "300" | "800" | "900" | "bold" | "medium" | "black" | 600 | 700 | 900 | "ultralight" | ... 6 more ... | undefined'.
  Overload 2 of 2, '(props: TextProps, context: any): Text', gave the following error.
    Type '{ textAlign: "center"; color: string; maxWidth: number; fontSize: number; fontWeight: string; lineHeight: number; letterSpacing: number; }' is not assignable to type 'StyleProp<TextStyle>'.
      Type '{ textAlign: "center"; color: string; maxWidth: number; fontSize: number; fontWeight: string; lineHeight: number; letterSpacing: number; }' is not assignable to type 'TextStyle'.
        Types of property 'fontWeight' are incompatible.
          Type 'string' is not assignable to type '100 | 300 | "light" | "400" | "500" | "600" | "700" | 200 | 400 | 500 | 800 | "normal" | "100" | "200" | "300" | "800" | "900" | "bold" | "medium" | "black" | 600 | 700 | 900 | "ultralight" | ... 6 more ... | undefined'.
components/features/onboarding/LanguageStep.tsx(28,15): error TS2769: No overload matches this call.
  Overload 1 of 2, '(props: ViewProps): View', gave the following error.
    Type 'ViewStyle | TextStyle | ImageStyle' is not assignable to type 'StyleProp<ViewStyle>'.
      Type 'TextStyle' is not assignable to type 'StyleProp<ViewStyle>'.
        Type 'TextStyle' is not assignable to type 'ViewStyle'.
          Types of property 'cursor' are incompatible.
            Type 'string | undefined' is not assignable to type 'CursorValue | undefined'.
              Type 'string' is not assignable to type 'CursorValue | undefined'.
  Overload 2 of 2, '(props: ViewProps, context: any): View', gave the following error.
    Type 'ViewStyle | TextStyle | ImageStyle' is not assignable to type 'StyleProp<ViewStyle>'.
      Type 'TextStyle' is not assignable to type 'StyleProp<ViewStyle>'.
        Type 'TextStyle' is not assignable to type 'ViewStyle'.
          Types of property 'cursor' are incompatible.
            Type 'string | undefined' is not assignable to type 'CursorValue | undefined'.
              Type 'string' is not assignable to type 'CursorValue | undefined'.
components/features/onboarding/LanguageStep.tsx(29,25): error TS2769: No overload matches this call.
  Overload 1 of 2, '(props: ScrollViewProps): ScrollView', gave the following error.
    Type 'ViewStyle | TextStyle | ImageStyle' is not assignable to type 'StyleProp<ViewStyle>'.
      Type 'TextStyle' is not assignable to type 'StyleProp<ViewStyle>'.
        Type 'TextStyle' is not assignable to type 'ViewStyle'.
          Types of property 'cursor' are incompatible.
            Type 'string | undefined' is not assignable to type 'CursorValue | undefined'.
              Type 'string' is not assignable to type 'CursorValue | undefined'.
  Overload 2 of 2, '(props: ScrollViewProps, context: any): ScrollView', gave the following error.
    Type 'ViewStyle | TextStyle | ImageStyle' is not assignable to type 'StyleProp<ViewStyle>'.
      Type 'TextStyle' is not assignable to type 'StyleProp<ViewStyle>'.
        Type 'TextStyle' is not assignable to type 'ViewStyle'.
          Types of property 'cursor' are incompatible.
            Type 'string | undefined' is not assignable to type 'CursorValue | undefined'.
              Type 'string' is not assignable to type 'CursorValue | undefined'.
components/features/onboarding/LanguageStep.tsx(30,23): error TS2769: No overload matches this call.
  Overload 1 of 2, '(props: ViewProps): View', gave the following error.
    Type 'ViewStyle | TextStyle | ImageStyle' is not assignable to type 'StyleProp<ViewStyle>'.
      Type 'TextStyle' is not assignable to type 'StyleProp<ViewStyle>'.
        Type 'TextStyle' is not assignable to type 'ViewStyle'.
          Types of property 'cursor' are incompatible.
            Type 'string | undefined' is not assignable to type 'CursorValue | undefined'.
              Type 'string' is not assignable to type 'CursorValue | undefined'.
  Overload 2 of 2, '(props: ViewProps, context: any): View', gave the following error.
    Type 'ViewStyle | TextStyle | ImageStyle' is not assignable to type 'StyleProp<ViewStyle>'.
      Type 'TextStyle' is not assignable to type 'StyleProp<ViewStyle>'.
        Type 'TextStyle' is not assignable to type 'ViewStyle'.
          Types of property 'cursor' are incompatible.
            Type 'string | undefined' is not assignable to type 'CursorValue | undefined'.
              Type 'string' is not assignable to type 'CursorValue | undefined'.
components/features/onboarding/LanguageStep.tsx(31,27): error TS2769: No overload matches this call.
  Overload 1 of 2, '(props: TextProps): Text', gave the following error.
    Type 'ViewStyle | TextStyle | ImageStyle' is not assignable to type 'StyleProp<TextStyle>'.
      Type 'ViewStyle' is not assignable to type 'StyleProp<TextStyle>'.
        Type 'ViewStyle' is not assignable to type 'TextStyle'.
          Types of property 'userSelect' are incompatible.
            Type 'string | undefined' is not assignable to type '"contain" | "none" | "auto" | "text" | "all" | undefined'.
              Type 'string' is not assignable to type '"contain" | "none" | "auto" | "text" | "all" | undefined'.
  Overload 2 of 2, '(props: TextProps, context: any): Text', gave the following error.
    Type 'ViewStyle | TextStyle | ImageStyle' is not assignable to type 'StyleProp<TextStyle>'.
      Type 'ViewStyle' is not assignable to type 'StyleProp<TextStyle>'.
        Type 'ViewStyle' is not assignable to type 'TextStyle'.
          Types of property 'userSelect' are incompatible.
            Type 'string | undefined' is not assignable to type '"contain" | "none" | "auto" | "text" | "all" | undefined'.
              Type 'string' is not assignable to type '"contain" | "none" | "auto" | "text" | "all" | undefined'.
components/features/onboarding/LanguageStep.tsx(32,27): error TS2769: No overload matches this call.
  Overload 1 of 2, '(props: TextProps): Text', gave the following error.
    Type 'ViewStyle | TextStyle | ImageStyle' is not assignable to type 'StyleProp<TextStyle>'.
      Type 'ViewStyle' is not assignable to type 'StyleProp<TextStyle>'.
        Type 'ViewStyle' is not assignable to type 'TextStyle'.
          Types of property 'userSelect' are incompatible.
            Type 'string | undefined' is not assignable to type '"contain" | "none" | "auto" | "text" | "all" | undefined'.
              Type 'string' is not assignable to type '"contain" | "none" | "auto" | "text" | "all" | undefined'.
  Overload 2 of 2, '(props: TextProps, context: any): Text', gave the following error.
    Type 'ViewStyle | TextStyle | ImageStyle' is not assignable to type 'StyleProp<TextStyle>'.
      Type 'ViewStyle' is not assignable to type 'StyleProp<TextStyle>'.
        Type 'ViewStyle' is not assignable to type 'TextStyle'.
          Types of property 'userSelect' are incompatible.
            Type 'string | undefined' is not assignable to type '"contain" | "none" | "auto" | "text" | "all" | undefined'.
              Type 'string' is not assignable to type '"contain" | "none" | "auto" | "text" | "all" | undefined'.
components/features/onboarding/LanguageStep.tsx(37,23): error TS2769: No overload matches this call.
  Overload 1 of 2, '(props: ViewProps): View', gave the following error.
    Type 'ViewStyle | TextStyle | ImageStyle' is not assignable to type 'StyleProp<ViewStyle>'.
      Type 'TextStyle' is not assignable to type 'StyleProp<ViewStyle>'.
        Type 'TextStyle' is not assignable to type 'ViewStyle'.
          Types of property 'cursor' are incompatible.
            Type 'string | undefined' is not assignable to type 'CursorValue | undefined'.
              Type 'string' is not assignable to type 'CursorValue | undefined'.
  Overload 2 of 2, '(props: ViewProps, context: any): View', gave the following error.
    Type 'ViewStyle | TextStyle | ImageStyle' is not assignable to type 'StyleProp<ViewStyle>'.
      Type 'TextStyle' is not assignable to type 'StyleProp<ViewStyle>'.
        Type 'TextStyle' is not assignable to type 'ViewStyle'.
          Types of property 'cursor' are incompatible.
            Type 'string | undefined' is not assignable to type 'CursorValue | undefined'.
              Type 'string' is not assignable to type 'CursorValue | undefined'.
components/features/onboarding/LanguageStep.tsx(42,33): error TS2322: Type 'ViewStyle | TextStyle | ImageStyle' is not assignable to type 'ViewStyle | Falsy | RegisteredStyle<ViewStyle> | RecursiveArray<ViewStyle | Falsy | RegisteredStyle<ViewStyle>> | readonly (ViewStyle | ... 1 more ... | RegisteredStyle<...>)[]'.
  Type 'TextStyle' is not assignable to type 'ViewStyle | Falsy | RegisteredStyle<ViewStyle> | RecursiveArray<ViewStyle | Falsy | RegisteredStyle<ViewStyle>> | readonly (ViewStyle | ... 1 more ... | RegisteredStyle<...>)[]'.
    Type 'TextStyle' is not assignable to type 'ViewStyle'.
      Types of property 'cursor' are incompatible.
        Type 'string | undefined' is not assignable to type 'CursorValue | undefined'.
          Type 'string' is not assignable to type 'CursorValue | undefined'.
components/features/onboarding/LanguageStep.tsx(43,33): error TS2322: Type 'false | ViewStyle | TextStyle | ImageStyle' is not assignable to type 'ViewStyle | Falsy | RegisteredStyle<ViewStyle> | RecursiveArray<ViewStyle | Falsy | RegisteredStyle<ViewStyle>> | readonly (ViewStyle | ... 1 more ... | RegisteredStyle<...>)[]'.
  Type 'TextStyle' is not assignable to type 'ViewStyle | Falsy | RegisteredStyle<ViewStyle> | RecursiveArray<ViewStyle | Falsy | RegisteredStyle<ViewStyle>> | readonly (ViewStyle | ... 1 more ... | RegisteredStyle<...>)[]'.
    Type 'TextStyle' is not assignable to type 'ViewStyle'.
      Types of property 'cursor' are incompatible.
        Type 'string | undefined' is not assignable to type 'CursorValue | undefined'.
          Type 'string' is not assignable to type 'CursorValue | undefined'.
components/features/onboarding/LanguageStep.tsx(47,35): error TS2769: No overload matches this call.
  Overload 1 of 2, '(props: ViewProps): View', gave the following error.
    Type 'ViewStyle | TextStyle | ImageStyle' is not assignable to type 'StyleProp<ViewStyle>'.
      Type 'TextStyle' is not assignable to type 'StyleProp<ViewStyle>'.
        Type 'TextStyle' is not assignable to type 'ViewStyle'.
          Types of property 'cursor' are incompatible.
            Type 'string | undefined' is not assignable to type 'CursorValue | undefined'.
              Type 'string' is not assignable to type 'CursorValue | undefined'.
  Overload 2 of 2, '(props: ViewProps, context: any): View', gave the following error.
    Type 'ViewStyle | TextStyle | ImageStyle' is not assignable to type 'StyleProp<ViewStyle>'.
      Type 'TextStyle' is not assignable to type 'StyleProp<ViewStyle>'.
        Type 'TextStyle' is not assignable to type 'ViewStyle'.
          Types of property 'cursor' are incompatible.
            Type 'string | undefined' is not assignable to type 'CursorValue | undefined'.
              Type 'string' is not assignable to type 'CursorValue | undefined'.
components/features/onboarding/LanguageStep.tsx(48,39): error TS2769: No overload matches this call.
  Overload 1 of 2, '(props: TextProps): Text', gave the following error.
    Type 'ViewStyle | TextStyle | ImageStyle' is not assignable to type 'StyleProp<TextStyle>'.
      Type 'ViewStyle' is not assignable to type 'StyleProp<TextStyle>'.
        Type 'ViewStyle' is not assignable to type 'TextStyle'.
          Types of property 'userSelect' are incompatible.
            Type 'string | undefined' is not assignable to type '"contain" | "none" | "auto" | "text" | "all" | undefined'.
              Type 'string' is not assignable to type '"contain" | "none" | "auto" | "text" | "all" | undefined'.
  Overload 2 of 2, '(props: TextProps, context: any): Text', gave the following error.
    Type 'ViewStyle | TextStyle | ImageStyle' is not assignable to type 'StyleProp<TextStyle>'.
      Type 'ViewStyle' is not assignable to type 'StyleProp<TextStyle>'.
        Type 'ViewStyle' is not assignable to type 'TextStyle'.
          Types of property 'userSelect' are incompatible.
            Type 'string | undefined' is not assignable to type '"contain" | "none" | "auto" | "text" | "all" | undefined'.
              Type 'string' is not assignable to type '"contain" | "none" | "auto" | "text" | "all" | undefined'.
components/features/onboarding/LanguageStep.tsx(49,39): error TS2769: No overload matches this call.
  Overload 1 of 2, '(props: TextProps): Text', gave the following error.
    Type 'ViewStyle | TextStyle | ImageStyle' is not assignable to type 'StyleProp<TextStyle>'.
      Type 'ViewStyle' is not assignable to type 'StyleProp<TextStyle>'.
        Type 'ViewStyle' is not assignable to type 'TextStyle'.
          Types of property 'userSelect' are incompatible.
            Type 'string | undefined' is not assignable to type '"contain" | "none" | "auto" | "text" | "all" | undefined'.
              Type 'string' is not assignable to type '"contain" | "none" | "auto" | "text" | "all" | undefined'.
  Overload 2 of 2, '(props: TextProps, context: any): Text', gave the following error.
    Type 'ViewStyle | TextStyle | ImageStyle' is not assignable to type 'StyleProp<TextStyle>'.
      Type 'ViewStyle' is not assignable to type 'StyleProp<TextStyle>'.
        Type 'ViewStyle' is not assignable to type 'TextStyle'.
          Types of property 'userSelect' are incompatible.
            Type 'string | undefined' is not assignable to type '"contain" | "none" | "auto" | "text" | "all" | undefined'.
              Type 'string' is not assignable to type '"contain" | "none" | "auto" | "text" | "all" | undefined'.
components/features/onboarding/LanguageStep.tsx(51,35): error TS2769: No overload matches this call.
  Overload 1 of 2, '(props: ViewProps): View', gave the following error.
    Type 'ViewStyle | TextStyle | ImageStyle' is not assignable to type 'StyleProp<ViewStyle>'.
      Type 'TextStyle' is not assignable to type 'StyleProp<ViewStyle>'.
        Type 'TextStyle' is not assignable to type 'ViewStyle'.
          Types of property 'cursor' are incompatible.
            Type 'string | undefined' is not assignable to type 'CursorValue | undefined'.
              Type 'string' is not assignable to type 'CursorValue | undefined'.
  Overload 2 of 2, '(props: ViewProps, context: any): View', gave the following error.
    Type 'ViewStyle | TextStyle | ImageStyle' is not assignable to type 'StyleProp<ViewStyle>'.
      Type 'TextStyle' is not assignable to type 'StyleProp<ViewStyle>'.
        Type 'TextStyle' is not assignable to type 'ViewStyle'.
          Types of property 'cursor' are incompatible.
            Type 'string | undefined' is not assignable to type 'CursorValue | undefined'.
              Type 'string' is not assignable to type 'CursorValue | undefined'.
components/features/onboarding/LanguageStep.tsx(53,43): error TS2769: No overload matches this call.
  Overload 1 of 2, '(props: ViewProps): View', gave the following error.
    Type 'ViewStyle | TextStyle | ImageStyle' is not assignable to type 'StyleProp<ViewStyle>'.
      Type 'TextStyle' is not assignable to type 'StyleProp<ViewStyle>'.
        Type 'TextStyle' is not assignable to type 'ViewStyle'.
          Types of property 'cursor' are incompatible.
            Type 'string | undefined' is not assignable to type 'CursorValue | undefined'.
              Type 'string' is not assignable to type 'CursorValue | undefined'.
  Overload 2 of 2, '(props: ViewProps, context: any): View', gave the following error.
    Type 'ViewStyle | TextStyle | ImageStyle' is not assignable to type 'StyleProp<ViewStyle>'.
      Type 'TextStyle' is not assignable to type 'StyleProp<ViewStyle>'.
        Type 'TextStyle' is not assignable to type 'ViewStyle'.
          Types of property 'cursor' are incompatible.
            Type 'string | undefined' is not assignable to type 'CursorValue | undefined'.
              Type 'string' is not assignable to type 'CursorValue | undefined'.
components/features/onboarding/LanguageStep.tsx(61,19): error TS2769: No overload matches this call.
  Overload 1 of 2, '(props: ViewProps): View', gave the following error.
    Type 'ViewStyle | TextStyle | ImageStyle' is not assignable to type 'StyleProp<ViewStyle>'.
      Type 'TextStyle' is not assignable to type 'StyleProp<ViewStyle>'.
        Type 'TextStyle' is not assignable to type 'ViewStyle'.
          Types of property 'cursor' are incompatible.
            Type 'string | undefined' is not assignable to type 'CursorValue | undefined'.
              Type 'string' is not assignable to type 'CursorValue | undefined'.
  Overload 2 of 2, '(props: ViewProps, context: any): View', gave the following error.
    Type 'ViewStyle | TextStyle | ImageStyle' is not assignable to type 'StyleProp<ViewStyle>'.
      Type 'TextStyle' is not assignable to type 'StyleProp<ViewStyle>'.
        Type 'TextStyle' is not assignable to type 'ViewStyle'.
          Types of property 'cursor' are incompatible.
            Type 'string | undefined' is not assignable to type 'CursorValue | undefined'.
              Type 'string' is not assignable to type 'CursorValue | undefined'.
components/features/onboarding/LanguageStep.tsx(63,21): error TS2322: Type 'ViewStyle | TextStyle | ImageStyle' is not assignable to type 'StyleProp<ViewStyle>'.
  Type 'TextStyle' is not assignable to type 'StyleProp<ViewStyle>'.
    Type 'TextStyle' is not assignable to type 'ViewStyle'.
      Types of property 'cursor' are incompatible.
        Type 'string | undefined' is not assignable to type 'CursorValue | undefined'.
          Type 'string' is not assignable to type 'CursorValue | undefined'.
components/features/onboarding/LanguageStep.tsx(66,27): error TS2769: No overload matches this call.
  Overload 1 of 2, '(props: TextProps): Text', gave the following error.
    Type 'ViewStyle | TextStyle | ImageStyle' is not assignable to type 'StyleProp<TextStyle>'.
      Type 'ViewStyle' is not assignable to type 'StyleProp<TextStyle>'.
        Type 'ViewStyle' is not assignable to type 'TextStyle'.
          Types of property 'userSelect' are incompatible.
            Type 'string | undefined' is not assignable to type '"contain" | "none" | "auto" | "text" | "all" | undefined'.
              Type 'string' is not assignable to type '"contain" | "none" | "auto" | "text" | "all" | undefined'.
  Overload 2 of 2, '(props: TextProps, context: any): Text', gave the following error.
    Type 'ViewStyle | TextStyle | ImageStyle' is not assignable to type 'StyleProp<TextStyle>'.
      Type 'ViewStyle' is not assignable to type 'StyleProp<TextStyle>'.
        Type 'ViewStyle' is not assignable to type 'TextStyle'.
          Types of property 'userSelect' are incompatible.
            Type 'string | undefined' is not assignable to type '"contain" | "none" | "auto" | "text" | "all" | undefined'.
              Type 'string' is not assignable to type '"contain" | "none" | "auto" | "text" | "all" | undefined'.
components/features/onboarding/LanguageStep.tsx(74,23): error TS2769: No overload matches this call.
  Overload 1 of 2, '(props: TextProps): Text', gave the following error.
    Type 'ViewStyle | TextStyle | ImageStyle' is not assignable to type 'StyleProp<TextStyle>'.
      Type 'ViewStyle' is not assignable to type 'StyleProp<TextStyle>'.
        Type 'ViewStyle' is not assignable to type 'TextStyle'.
          Types of property 'userSelect' are incompatible.
            Type 'string | undefined' is not assignable to type '"contain" | "none" | "auto" | "text" | "all" | undefined'.
              Type 'string' is not assignable to type '"contain" | "none" | "auto" | "text" | "all" | undefined'.
  Overload 2 of 2, '(props: TextProps, context: any): Text', gave the following error.
    Type 'ViewStyle | TextStyle | ImageStyle' is not assignable to type 'StyleProp<TextStyle>'.
      Type 'ViewStyle' is not assignable to type 'StyleProp<TextStyle>'.
        Type 'ViewStyle' is not assignable to type 'TextStyle'.
          Types of property 'userSelect' are incompatible.
            Type 'string | undefined' is not assignable to type '"contain" | "none" | "auto" | "text" | "all" | undefined'.
              Type 'string' is not assignable to type '"contain" | "none" | "auto" | "text" | "all" | undefined'.
components/features/onboarding/LanguageStep.tsx(178,5): error TS2322: Type '{ color: string; textAlign: "center"; fontSize: number; fontWeight: string; lineHeight: number; letterSpacing: number; }' is not assignable to type 'ViewStyle | TextStyle | ImageStyle'.
  Type '{ color: string; textAlign: "center"; fontSize: number; fontWeight: string; lineHeight: number; letterSpacing: number; }' is not assignable to type 'TextStyle'.
    Types of property 'fontWeight' are incompatible.
      Type 'string' is not assignable to type '100 | 300 | "light" | "400" | "500" | "600" | "700" | 200 | 400 | 500 | 800 | "normal" | "100" | "200" | "300" | "800" | "900" | "bold" | "medium" | "black" | 600 | 700 | 900 | "ultralight" | ... 6 more ... | undefined'.
components/features/onboarding/NameStep.tsx(22,15): error TS2769: No overload matches this call.
  Overload 1 of 2, '(props: ViewProps): View', gave the following error.
    Type 'ViewStyle | TextStyle | ImageStyle' is not assignable to type 'StyleProp<ViewStyle>'.
      Type 'TextStyle' is not assignable to type 'StyleProp<ViewStyle>'.
        Type 'TextStyle' is not assignable to type 'ViewStyle'.
          Types of property 'cursor' are incompatible.
            Type 'string | undefined' is not assignable to type 'CursorValue | undefined'.
              Type 'string' is not assignable to type 'CursorValue | undefined'.
  Overload 2 of 2, '(props: ViewProps, context: any): View', gave the following error.
    Type 'ViewStyle | TextStyle | ImageStyle' is not assignable to type 'StyleProp<ViewStyle>'.
      Type 'TextStyle' is not assignable to type 'StyleProp<ViewStyle>'.
        Type 'TextStyle' is not assignable to type 'ViewStyle'.
          Types of property 'cursor' are incompatible.
            Type 'string | undefined' is not assignable to type 'CursorValue | undefined'.
              Type 'string' is not assignable to type 'CursorValue | undefined'.
components/features/onboarding/NameStep.tsx(23,19): error TS2769: No overload matches this call.
  Overload 1 of 2, '(props: ViewProps): View', gave the following error.
    Type 'ViewStyle | TextStyle | ImageStyle' is not assignable to type 'StyleProp<ViewStyle>'.
      Type 'TextStyle' is not assignable to type 'StyleProp<ViewStyle>'.
        Type 'TextStyle' is not assignable to type 'ViewStyle'.
          Types of property 'cursor' are incompatible.
            Type 'string | undefined' is not assignable to type 'CursorValue | undefined'.
              Type 'string' is not assignable to type 'CursorValue | undefined'.
  Overload 2 of 2, '(props: ViewProps, context: any): View', gave the following error.
    Type 'ViewStyle | TextStyle | ImageStyle' is not assignable to type 'StyleProp<ViewStyle>'.
      Type 'TextStyle' is not assignable to type 'StyleProp<ViewStyle>'.
        Type 'TextStyle' is not assignable to type 'ViewStyle'.
          Types of property 'cursor' are incompatible.
            Type 'string | undefined' is not assignable to type 'CursorValue | undefined'.
              Type 'string' is not assignable to type 'CursorValue | undefined'.
components/features/onboarding/NameStep.tsx(24,52): error TS2322: Type 'ViewStyle | TextStyle | ImageStyle' is not assignable to type 'StyleProp<ViewStyle>'.
  Type 'TextStyle' is not assignable to type 'StyleProp<ViewStyle>'.
    Type 'TextStyle' is not assignable to type 'ViewStyle'.
      Types of property 'cursor' are incompatible.
        Type 'string | undefined' is not assignable to type 'CursorValue | undefined'.
          Type 'string' is not assignable to type 'CursorValue | undefined'.
components/features/onboarding/NameStep.tsx(27,23): error TS2769: No overload matches this call.
  Overload 1 of 2, '(props: ViewProps): View', gave the following error.
    Type 'ViewStyle | TextStyle | ImageStyle' is not assignable to type 'StyleProp<ViewStyle>'.
      Type 'TextStyle' is not assignable to type 'StyleProp<ViewStyle>'.
        Type 'TextStyle' is not assignable to type 'ViewStyle'.
          Types of property 'cursor' are incompatible.
            Type 'string | undefined' is not assignable to type 'CursorValue | undefined'.
              Type 'string' is not assignable to type 'CursorValue | undefined'.
  Overload 2 of 2, '(props: ViewProps, context: any): View', gave the following error.
    Type 'ViewStyle | TextStyle | ImageStyle' is not assignable to type 'StyleProp<ViewStyle>'.
      Type 'TextStyle' is not assignable to type 'StyleProp<ViewStyle>'.
        Type 'TextStyle' is not assignable to type 'ViewStyle'.
          Types of property 'cursor' are incompatible.
            Type 'string | undefined' is not assignable to type 'CursorValue | undefined'.
              Type 'string' is not assignable to type 'CursorValue | undefined'.
components/features/onboarding/NameStep.tsx(33,19): error TS2769: No overload matches this call.
  Overload 1 of 2, '(props: ViewProps): View', gave the following error.
    Type 'ViewStyle | TextStyle | ImageStyle' is not assignable to type 'StyleProp<ViewStyle>'.
      Type 'TextStyle' is not assignable to type 'StyleProp<ViewStyle>'.
        Type 'TextStyle' is not assignable to type 'ViewStyle'.
          Types of property 'cursor' are incompatible.
            Type 'string | undefined' is not assignable to type 'CursorValue | undefined'.
              Type 'string' is not assignable to type 'CursorValue | undefined'.
  Overload 2 of 2, '(props: ViewProps, context: any): View', gave the following error.
    Type 'ViewStyle | TextStyle | ImageStyle' is not assignable to type 'StyleProp<ViewStyle>'.
      Type 'TextStyle' is not assignable to type 'StyleProp<ViewStyle>'.
        Type 'TextStyle' is not assignable to type 'ViewStyle'.
          Types of property 'cursor' are incompatible.
            Type 'string | undefined' is not assignable to type 'CursorValue | undefined'.
              Type 'string' is not assignable to type 'CursorValue | undefined'.
components/features/onboarding/NameStep.tsx(34,18): error TS2769: No overload matches this call.
  Overload 2 of 2, '(props: ViewProps, context: any): View', gave the following error.
    Type 'ViewStyle | TextStyle | ImageStyle' is not assignable to type 'ViewStyle | Falsy | RegisteredStyle<ViewStyle> | RecursiveArray<ViewStyle | Falsy | RegisteredStyle<ViewStyle>> | readonly (ViewStyle | ... 1 more ... | RegisteredStyle<...>)[]'.
      Type 'TextStyle' is not assignable to type 'ViewStyle | Falsy | RegisteredStyle<ViewStyle> | RecursiveArray<ViewStyle | Falsy | RegisteredStyle<ViewStyle>> | readonly (ViewStyle | ... 1 more ... | RegisteredStyle<...>)[]'.
        Type 'TextStyle' is not assignable to type 'ViewStyle'.
          Types of property 'cursor' are incompatible.
            Type 'string | undefined' is not assignable to type 'CursorValue | undefined'.
              Type 'string' is not assignable to type 'CursorValue | undefined'.
  Overload 2 of 2, '(props: ViewProps, context: any): View', gave the following error.
    Type 'ViewStyle | TextStyle | ImageStyle' is not assignable to type 'ViewStyle | Falsy | RegisteredStyle<ViewStyle> | RecursiveArray<ViewStyle | Falsy | RegisteredStyle<ViewStyle>> | readonly (ViewStyle | ... 1 more ... | RegisteredStyle<...>)[]'.
      Type 'TextStyle' is not assignable to type 'ViewStyle | Falsy | RegisteredStyle<ViewStyle> | RecursiveArray<ViewStyle | Falsy | RegisteredStyle<ViewStyle>> | readonly (ViewStyle | ... 1 more ... | RegisteredStyle<...>)[]'.
        Type 'TextStyle' is not assignable to type 'ViewStyle'.
          Types of property 'cursor' are incompatible.
            Type 'string | undefined' is not assignable to type 'CursorValue | undefined'.
              Type 'string' is not assignable to type 'CursorValue | undefined'.
components/features/onboarding/NameStep.tsx(35,23): error TS2769: No overload matches this call.
  Overload 1 of 2, '(props: ViewProps): View', gave the following error.
    Type 'ViewStyle | TextStyle | ImageStyle' is not assignable to type 'StyleProp<ViewStyle>'.
      Type 'TextStyle' is not assignable to type 'StyleProp<ViewStyle>'.
        Type 'TextStyle' is not assignable to type 'ViewStyle'.
          Types of property 'cursor' are incompatible.
            Type 'string | undefined' is not assignable to type 'CursorValue | undefined'.
              Type 'string' is not assignable to type 'CursorValue | undefined'.
  Overload 2 of 2, '(props: ViewProps, context: any): View', gave the following error.
    Type 'ViewStyle | TextStyle | ImageStyle' is not assignable to type 'StyleProp<ViewStyle>'.
      Type 'TextStyle' is not assignable to type 'StyleProp<ViewStyle>'.
        Type 'TextStyle' is not assignable to type 'ViewStyle'.
          Types of property 'cursor' are incompatible.
            Type 'string | undefined' is not assignable to type 'CursorValue | undefined'.
              Type 'string' is not assignable to type 'CursorValue | undefined'.
components/features/onboarding/NameStep.tsx(36,23): error TS2769: No overload matches this call.
  Overload 1 of 2, '(props: ViewProps): View', gave the following error.
    Type 'ViewStyle | TextStyle | ImageStyle' is not assignable to type 'StyleProp<ViewStyle>'.
      Type 'TextStyle' is not assignable to type 'StyleProp<ViewStyle>'.
        Type 'TextStyle' is not assignable to type 'ViewStyle'.
          Types of property 'cursor' are incompatible.
            Type 'string | undefined' is not assignable to type 'CursorValue | undefined'.
              Type 'string' is not assignable to type 'CursorValue | undefined'.
  Overload 2 of 2, '(props: ViewProps, context: any): View', gave the following error.
    Type 'ViewStyle | TextStyle | ImageStyle' is not assignable to type 'StyleProp<ViewStyle>'.
      Type 'TextStyle' is not assignable to type 'StyleProp<ViewStyle>'.
        Type 'TextStyle' is not assignable to type 'ViewStyle'.
          Types of property 'cursor' are incompatible.
            Type 'string | undefined' is not assignable to type 'CursorValue | undefined'.
              Type 'string' is not assignable to type 'CursorValue | undefined'.
components/features/onboarding/NameStep.tsx(37,23): error TS2769: No overload matches this call.
  Overload 1 of 2, '(props: ViewProps): View', gave the following error.
    Type 'ViewStyle | TextStyle | ImageStyle' is not assignable to type 'StyleProp<ViewStyle>'.
      Type 'TextStyle' is not assignable to type 'StyleProp<ViewStyle>'.
        Type 'TextStyle' is not assignable to type 'ViewStyle'.
          Types of property 'cursor' are incompatible.
            Type 'string | undefined' is not assignable to type 'CursorValue | undefined'.
              Type 'string' is not assignable to type 'CursorValue | undefined'.
  Overload 2 of 2, '(props: ViewProps, context: any): View', gave the following error.
    Type 'ViewStyle | TextStyle | ImageStyle' is not assignable to type 'StyleProp<ViewStyle>'.
      Type 'TextStyle' is not assignable to type 'StyleProp<ViewStyle>'.
        Type 'TextStyle' is not assignable to type 'ViewStyle'.
          Types of property 'cursor' are incompatible.
            Type 'string | undefined' is not assignable to type 'CursorValue | undefined'.
              Type 'string' is not assignable to type 'CursorValue | undefined'.
components/features/onboarding/NameStep.tsx(40,25): error TS2769: No overload matches this call.
  Overload 1 of 2, '(props: ScrollViewProps): ScrollView', gave the following error.
    Type 'ViewStyle | TextStyle | ImageStyle' is not assignable to type 'StyleProp<ViewStyle>'.
      Type 'TextStyle' is not assignable to type 'StyleProp<ViewStyle>'.
        Type 'TextStyle' is not assignable to type 'ViewStyle'.
          Types of property 'cursor' are incompatible.
            Type 'string | undefined' is not assignable to type 'CursorValue | undefined'.
              Type 'string' is not assignable to type 'CursorValue | undefined'.
  Overload 2 of 2, '(props: ScrollViewProps, context: any): ScrollView', gave the following error.
    Type 'ViewStyle | TextStyle | ImageStyle' is not assignable to type 'StyleProp<ViewStyle>'.
      Type 'TextStyle' is not assignable to type 'StyleProp<ViewStyle>'.
        Type 'TextStyle' is not assignable to type 'ViewStyle'.
          Types of property 'cursor' are incompatible.
            Type 'string | undefined' is not assignable to type 'CursorValue | undefined'.
              Type 'string' is not assignable to type 'CursorValue | undefined'.
components/features/onboarding/NameStep.tsx(41,23): error TS2769: No overload matches this call.
  Overload 1 of 2, '(props: ViewProps): View', gave the following error.
    Type 'ViewStyle | TextStyle | ImageStyle' is not assignable to type 'StyleProp<ViewStyle>'.
      Type 'TextStyle' is not assignable to type 'StyleProp<ViewStyle>'.
        Type 'TextStyle' is not assignable to type 'ViewStyle'.
          Types of property 'cursor' are incompatible.
            Type 'string | undefined' is not assignable to type 'CursorValue | undefined'.
              Type 'string' is not assignable to type 'CursorValue | undefined'.
  Overload 2 of 2, '(props: ViewProps, context: any): View', gave the following error.
    Type 'ViewStyle | TextStyle | ImageStyle' is not assignable to type 'StyleProp<ViewStyle>'.
      Type 'TextStyle' is not assignable to type 'StyleProp<ViewStyle>'.
        Type 'TextStyle' is not assignable to type 'ViewStyle'.
          Types of property 'cursor' are incompatible.
            Type 'string | undefined' is not assignable to type 'CursorValue | undefined'.
              Type 'string' is not assignable to type 'CursorValue | undefined'.
components/features/onboarding/NameStep.tsx(42,27): error TS2769: No overload matches this call.
  Overload 1 of 2, '(props: TextProps): Text', gave the following error.
    Type 'ViewStyle | TextStyle | ImageStyle' is not assignable to type 'StyleProp<TextStyle>'.
      Type 'ViewStyle' is not assignable to type 'StyleProp<TextStyle>'.
        Type 'ViewStyle' is not assignable to type 'TextStyle'.
          Types of property 'userSelect' are incompatible.
            Type 'string | undefined' is not assignable to type '"contain" | "none" | "auto" | "text" | "all" | undefined'.
              Type 'string' is not assignable to type '"contain" | "none" | "auto" | "text" | "all" | undefined'.
  Overload 2 of 2, '(props: TextProps, context: any): Text', gave the following error.
    Type 'ViewStyle | TextStyle | ImageStyle' is not assignable to type 'StyleProp<TextStyle>'.
      Type 'ViewStyle' is not assignable to type 'StyleProp<TextStyle>'.
        Type 'ViewStyle' is not assignable to type 'TextStyle'.
          Types of property 'userSelect' are incompatible.
            Type 'string | undefined' is not assignable to type '"contain" | "none" | "auto" | "text" | "all" | undefined'.
              Type 'string' is not assignable to type '"contain" | "none" | "auto" | "text" | "all" | undefined'.
components/features/onboarding/NameStep.tsx(43,27): error TS2769: No overload matches this call.
  Overload 1 of 2, '(props: TextProps): Text', gave the following error.
    Type 'ViewStyle | TextStyle | ImageStyle' is not assignable to type 'StyleProp<TextStyle>'.
      Type 'ViewStyle' is not assignable to type 'StyleProp<TextStyle>'.
        Type 'ViewStyle' is not assignable to type 'TextStyle'.
          Types of property 'userSelect' are incompatible.
            Type 'string | undefined' is not assignable to type '"contain" | "none" | "auto" | "text" | "all" | undefined'.
              Type 'string' is not assignable to type '"contain" | "none" | "auto" | "text" | "all" | undefined'.
  Overload 2 of 2, '(props: TextProps, context: any): Text', gave the following error.
    Type 'ViewStyle | TextStyle | ImageStyle' is not assignable to type 'StyleProp<TextStyle>'.
      Type 'ViewStyle' is not assignable to type 'StyleProp<TextStyle>'.
        Type 'ViewStyle' is not assignable to type 'TextStyle'.
          Types of property 'userSelect' are incompatible.
            Type 'string | undefined' is not assignable to type '"contain" | "none" | "auto" | "text" | "all" | undefined'.
              Type 'string' is not assignable to type '"contain" | "none" | "auto" | "text" | "all" | undefined'.
components/features/onboarding/NameStep.tsx(48,23): error TS2769: No overload matches this call.
  Overload 1 of 2, '(props: ViewProps): View', gave the following error.
    Type 'ViewStyle | TextStyle | ImageStyle' is not assignable to type 'StyleProp<ViewStyle>'.
      Type 'TextStyle' is not assignable to type 'StyleProp<ViewStyle>'.
        Type 'TextStyle' is not assignable to type 'ViewStyle'.
          Types of property 'cursor' are incompatible.
            Type 'string | undefined' is not assignable to type 'CursorValue | undefined'.
              Type 'string' is not assignable to type 'CursorValue | undefined'.
  Overload 2 of 2, '(props: ViewProps, context: any): View', gave the following error.
    Type 'ViewStyle | TextStyle | ImageStyle' is not assignable to type 'StyleProp<ViewStyle>'.
      Type 'TextStyle' is not assignable to type 'StyleProp<ViewStyle>'.
        Type 'TextStyle' is not assignable to type 'ViewStyle'.
          Types of property 'cursor' are incompatible.
            Type 'string | undefined' is not assignable to type 'CursorValue | undefined'.
              Type 'string' is not assignable to type 'CursorValue | undefined'.
components/features/onboarding/NameStep.tsx(49,27): error TS2769: No overload matches this call.
  Overload 1 of 2, '(props: ViewProps): View', gave the following error.
    Type 'ViewStyle | TextStyle | ImageStyle' is not assignable to type 'StyleProp<ViewStyle>'.
      Type 'TextStyle' is not assignable to type 'StyleProp<ViewStyle>'.
        Type 'TextStyle' is not assignable to type 'ViewStyle'.
          Types of property 'cursor' are incompatible.
            Type 'string | undefined' is not assignable to type 'CursorValue | undefined'.
              Type 'string' is not assignable to type 'CursorValue | undefined'.
  Overload 2 of 2, '(props: ViewProps, context: any): View', gave the following error.
    Type 'ViewStyle | TextStyle | ImageStyle' is not assignable to type 'StyleProp<ViewStyle>'.
      Type 'TextStyle' is not assignable to type 'StyleProp<ViewStyle>'.
        Type 'TextStyle' is not assignable to type 'ViewStyle'.
          Types of property 'cursor' are incompatible.
            Type 'string | undefined' is not assignable to type 'CursorValue | undefined'.
              Type 'string' is not assignable to type 'CursorValue | undefined'.
components/features/onboarding/NameStep.tsx(50,31): error TS2769: No overload matches this call.
  Overload 1 of 2, '(props: TextProps): Text', gave the following error.
    Type 'ViewStyle | TextStyle | ImageStyle' is not assignable to type 'StyleProp<TextStyle>'.
      Type 'ViewStyle' is not assignable to type 'StyleProp<TextStyle>'.
        Type 'ViewStyle' is not assignable to type 'TextStyle'.
          Types of property 'userSelect' are incompatible.
            Type 'string | undefined' is not assignable to type '"contain" | "none" | "auto" | "text" | "all" | undefined'.
              Type 'string' is not assignable to type '"contain" | "none" | "auto" | "text" | "all" | undefined'.
  Overload 2 of 2, '(props: TextProps, context: any): Text', gave the following error.
    Type 'ViewStyle | TextStyle | ImageStyle' is not assignable to type 'StyleProp<TextStyle>'.
      Type 'ViewStyle' is not assignable to type 'StyleProp<TextStyle>'.
        Type 'ViewStyle' is not assignable to type 'TextStyle'.
          Types of property 'userSelect' are incompatible.
            Type 'string | undefined' is not assignable to type '"contain" | "none" | "auto" | "text" | "all" | undefined'.
              Type 'string' is not assignable to type '"contain" | "none" | "auto" | "text" | "all" | undefined'.
components/features/onboarding/NameStep.tsx(52,29): error TS2769: No overload matches this call.
  Overload 1 of 2, '(props: TextInputProps): TextInput', gave the following error.
    Type 'ViewStyle | TextStyle | ImageStyle' is not assignable to type 'StyleProp<TextStyle>'.
      Type 'ViewStyle' is not assignable to type 'StyleProp<TextStyle>'.
        Type 'ViewStyle' is not assignable to type 'TextStyle'.
          Types of property 'userSelect' are incompatible.
            Type 'string | undefined' is not assignable to type '"contain" | "none" | "auto" | "text" | "all" | undefined'.
              Type 'string' is not assignable to type '"contain" | "none" | "auto" | "text" | "all" | undefined'.
  Overload 2 of 2, '(props: TextInputProps, context: any): TextInput', gave the following error.
    Type 'ViewStyle | TextStyle | ImageStyle' is not assignable to type 'StyleProp<TextStyle>'.
      Type 'ViewStyle' is not assignable to type 'StyleProp<TextStyle>'.
        Type 'ViewStyle' is not assignable to type 'TextStyle'.
          Types of property 'userSelect' are incompatible.
            Type 'string | undefined' is not assignable to type '"contain" | "none" | "auto" | "text" | "all" | undefined'.
              Type 'string' is not assignable to type '"contain" | "none" | "auto" | "text" | "all" | undefined'.
components/features/onboarding/NameStep.tsx(60,27): error TS2769: No overload matches this call.
  Overload 1 of 2, '(props: ViewProps): View', gave the following error.
    Type 'ViewStyle | TextStyle | ImageStyle' is not assignable to type 'StyleProp<ViewStyle>'.
      Type 'TextStyle' is not assignable to type 'StyleProp<ViewStyle>'.
        Type 'TextStyle' is not assignable to type 'ViewStyle'.
          Types of property 'cursor' are incompatible.
            Type 'string | undefined' is not assignable to type 'CursorValue | undefined'.
              Type 'string' is not assignable to type 'CursorValue | undefined'.
  Overload 2 of 2, '(props: ViewProps, context: any): View', gave the following error.
    Type 'ViewStyle | TextStyle | ImageStyle' is not assignable to type 'StyleProp<ViewStyle>'.
      Type 'TextStyle' is not assignable to type 'StyleProp<ViewStyle>'.
        Type 'TextStyle' is not assignable to type 'ViewStyle'.
          Types of property 'cursor' are incompatible.
            Type 'string | undefined' is not assignable to type 'CursorValue | undefined'.
              Type 'string' is not assignable to type 'CursorValue | undefined'.
components/features/onboarding/NameStep.tsx(61,31): error TS2769: No overload matches this call.
  Overload 1 of 2, '(props: TextProps): Text', gave the following error.
    Type 'ViewStyle | TextStyle | ImageStyle' is not assignable to type 'StyleProp<TextStyle>'.
      Type 'ViewStyle' is not assignable to type 'StyleProp<TextStyle>'.
        Type 'ViewStyle' is not assignable to type 'TextStyle'.
          Types of property 'userSelect' are incompatible.
            Type 'string | undefined' is not assignable to type '"contain" | "none" | "auto" | "text" | "all" | undefined'.
              Type 'string' is not assignable to type '"contain" | "none" | "auto" | "text" | "all" | undefined'.
  Overload 2 of 2, '(props: TextProps, context: any): Text', gave the following error.
    Type 'ViewStyle | TextStyle | ImageStyle' is not assignable to type 'StyleProp<TextStyle>'.
      Type 'ViewStyle' is not assignable to type 'StyleProp<TextStyle>'.
        Type 'ViewStyle' is not assignable to type 'TextStyle'.
          Types of property 'userSelect' are incompatible.
            Type 'string | undefined' is not assignable to type '"contain" | "none" | "auto" | "text" | "all" | undefined'.
              Type 'string' is not assignable to type '"contain" | "none" | "auto" | "text" | "all" | undefined'.
components/features/onboarding/NameStep.tsx(63,29): error TS2769: No overload matches this call.
  Overload 1 of 2, '(props: TextInputProps): TextInput', gave the following error.
    Type 'ViewStyle | TextStyle | ImageStyle' is not assignable to type 'StyleProp<TextStyle>'.
      Type 'ViewStyle' is not assignable to type 'StyleProp<TextStyle>'.
        Type 'ViewStyle' is not assignable to type 'TextStyle'.
          Types of property 'userSelect' are incompatible.
            Type 'string | undefined' is not assignable to type '"contain" | "none" | "auto" | "text" | "all" | undefined'.
              Type 'string' is not assignable to type '"contain" | "none" | "auto" | "text" | "all" | undefined'.
  Overload 2 of 2, '(props: TextInputProps, context: any): TextInput', gave the following error.
    Type 'ViewStyle | TextStyle | ImageStyle' is not assignable to type 'StyleProp<TextStyle>'.
      Type 'ViewStyle' is not assignable to type 'StyleProp<TextStyle>'.
        Type 'ViewStyle' is not assignable to type 'TextStyle'.
          Types of property 'userSelect' are incompatible.
            Type 'string | undefined' is not assignable to type '"contain" | "none" | "auto" | "text" | "all" | undefined'.
              Type 'string' is not assignable to type '"contain" | "none" | "auto" | "text" | "all" | undefined'.
components/features/onboarding/NameStep.tsx(74,19): error TS2769: No overload matches this call.
  Overload 1 of 2, '(props: ViewProps): View', gave the following error.
    Type 'ViewStyle | TextStyle | ImageStyle' is not assignable to type 'StyleProp<ViewStyle>'.
      Type 'TextStyle' is not assignable to type 'StyleProp<ViewStyle>'.
        Type 'TextStyle' is not assignable to type 'ViewStyle'.
          Types of property 'cursor' are incompatible.
            Type 'string | undefined' is not assignable to type 'CursorValue | undefined'.
              Type 'string' is not assignable to type 'CursorValue | undefined'.
  Overload 2 of 2, '(props: ViewProps, context: any): View', gave the following error.
    Type 'ViewStyle | TextStyle | ImageStyle' is not assignable to type 'StyleProp<ViewStyle>'.
      Type 'TextStyle' is not assignable to type 'StyleProp<ViewStyle>'.
        Type 'TextStyle' is not assignable to type 'ViewStyle'.
          Types of property 'cursor' are incompatible.
            Type 'string | undefined' is not assignable to type 'CursorValue | undefined'.
              Type 'string' is not assignable to type 'CursorValue | undefined'.
components/features/onboarding/NameStep.tsx(76,29): error TS2322: Type 'ViewStyle | TextStyle | ImageStyle' is not assignable to type 'ViewStyle | Falsy | RegisteredStyle<ViewStyle> | RecursiveArray<ViewStyle | Falsy | RegisteredStyle<ViewStyle>> | readonly (ViewStyle | ... 1 more ... | RegisteredStyle<...>)[]'.
  Type 'TextStyle' is not assignable to type 'ViewStyle | Falsy | RegisteredStyle<ViewStyle> | RecursiveArray<ViewStyle | Falsy | RegisteredStyle<ViewStyle>> | readonly (ViewStyle | ... 1 more ... | RegisteredStyle<...>)[]'.
    Type 'TextStyle' is not assignable to type 'ViewStyle'.
      Types of property 'cursor' are incompatible.
        Type 'string | undefined' is not assignable to type 'CursorValue | undefined'.
          Type 'string' is not assignable to type 'CursorValue | undefined'.
components/features/onboarding/NameStep.tsx(76,44): error TS2322: Type 'false | ViewStyle | TextStyle | ImageStyle' is not assignable to type 'ViewStyle | Falsy | RegisteredStyle<ViewStyle> | RecursiveArray<ViewStyle | Falsy | RegisteredStyle<ViewStyle>> | readonly (ViewStyle | ... 1 more ... | RegisteredStyle<...>)[]'.
  Type 'TextStyle' is not assignable to type 'ViewStyle | Falsy | RegisteredStyle<ViewStyle> | RecursiveArray<ViewStyle | Falsy | RegisteredStyle<ViewStyle>> | readonly (ViewStyle | ... 1 more ... | RegisteredStyle<...>)[]'.
    Type 'TextStyle' is not assignable to type 'ViewStyle'.
      Types of property 'cursor' are incompatible.
        Type 'string | undefined' is not assignable to type 'CursorValue | undefined'.
          Type 'string' is not assignable to type 'CursorValue | undefined'.
components/features/onboarding/NameStep.tsx(80,27): error TS2769: No overload matches this call.
  Overload 1 of 2, '(props: TextProps): Text', gave the following error.
    Type 'ViewStyle | TextStyle | ImageStyle' is not assignable to type 'StyleProp<TextStyle>'.
      Type 'ViewStyle' is not assignable to type 'StyleProp<TextStyle>'.
        Type 'ViewStyle' is not assignable to type 'TextStyle'.
          Types of property 'userSelect' are incompatible.
            Type 'string | undefined' is not assignable to type '"contain" | "none" | "auto" | "text" | "all" | undefined'.
              Type 'string' is not assignable to type '"contain" | "none" | "auto" | "text" | "all" | undefined'.
  Overload 2 of 2, '(props: TextProps, context: any): Text', gave the following error.
    Type 'ViewStyle | TextStyle | ImageStyle' is not assignable to type 'StyleProp<TextStyle>'.
      Type 'ViewStyle' is not assignable to type 'StyleProp<TextStyle>'.
        Type 'ViewStyle' is not assignable to type 'TextStyle'.
          Types of property 'userSelect' are incompatible.
            Type 'string | undefined' is not assignable to type '"contain" | "none" | "auto" | "text" | "all" | undefined'.
              Type 'string' is not assignable to type '"contain" | "none" | "auto" | "text" | "all" | undefined'.
components/features/onboarding/NameStep.tsx(147,5): error TS2322: Type '{ color: string; fontSize: number; fontWeight: string; lineHeight: number; letterSpacing: number; }' is not assignable to type 'ViewStyle | TextStyle | ImageStyle'.
  Type '{ color: string; fontSize: number; fontWeight: string; lineHeight: number; letterSpacing: number; }' is not assignable to type 'TextStyle'.
    Types of property 'fontWeight' are incompatible.
      Type 'string' is not assignable to type '100 | 300 | "light" | "400" | "500" | "600" | "700" | 200 | 400 | 500 | 800 | "normal" | "100" | "200" | "300" | "800" | "900" | "bold" | "medium" | "black" | 600 | 700 | 900 | "ultralight" | ... 6 more ... | undefined'.
components/features/onboarding/PhotoStep.tsx(32,15): error TS2769: No overload matches this call.
  Overload 1 of 2, '(props: ViewProps): View', gave the following error.
    Type 'ViewStyle | TextStyle | ImageStyle' is not assignable to type 'StyleProp<ViewStyle>'.
      Type 'TextStyle' is not assignable to type 'StyleProp<ViewStyle>'.
        Type 'TextStyle' is not assignable to type 'ViewStyle'.
          Types of property 'cursor' are incompatible.
            Type 'string | undefined' is not assignable to type 'CursorValue | undefined'.
              Type 'string' is not assignable to type 'CursorValue | undefined'.
  Overload 2 of 2, '(props: ViewProps, context: any): View', gave the following error.
    Type 'ViewStyle | TextStyle | ImageStyle' is not assignable to type 'StyleProp<ViewStyle>'.
      Type 'TextStyle' is not assignable to type 'StyleProp<ViewStyle>'.
        Type 'TextStyle' is not assignable to type 'ViewStyle'.
          Types of property 'cursor' are incompatible.
            Type 'string | undefined' is not assignable to type 'CursorValue | undefined'.
              Type 'string' is not assignable to type 'CursorValue | undefined'.
components/features/onboarding/PhotoStep.tsx(33,19): error TS2769: No overload matches this call.
  Overload 1 of 2, '(props: ViewProps): View', gave the following error.
    Type 'ViewStyle | TextStyle | ImageStyle' is not assignable to type 'StyleProp<ViewStyle>'.
      Type 'TextStyle' is not assignable to type 'StyleProp<ViewStyle>'.
        Type 'TextStyle' is not assignable to type 'ViewStyle'.
          Types of property 'cursor' are incompatible.
            Type 'string | undefined' is not assignable to type 'CursorValue | undefined'.
              Type 'string' is not assignable to type 'CursorValue | undefined'.
  Overload 2 of 2, '(props: ViewProps, context: any): View', gave the following error.
    Type 'ViewStyle | TextStyle | ImageStyle' is not assignable to type 'StyleProp<ViewStyle>'.
      Type 'TextStyle' is not assignable to type 'StyleProp<ViewStyle>'.
        Type 'TextStyle' is not assignable to type 'ViewStyle'.
          Types of property 'cursor' are incompatible.
            Type 'string | undefined' is not assignable to type 'CursorValue | undefined'.
              Type 'string' is not assignable to type 'CursorValue | undefined'.
components/features/onboarding/PhotoStep.tsx(34,52): error TS2322: Type 'ViewStyle | TextStyle | ImageStyle' is not assignable to type 'StyleProp<ViewStyle>'.
  Type 'TextStyle' is not assignable to type 'StyleProp<ViewStyle>'.
    Type 'TextStyle' is not assignable to type 'ViewStyle'.
      Types of property 'cursor' are incompatible.
        Type 'string | undefined' is not assignable to type 'CursorValue | undefined'.
          Type 'string' is not assignable to type 'CursorValue | undefined'.
components/features/onboarding/PhotoStep.tsx(37,23): error TS2769: No overload matches this call.
  Overload 1 of 2, '(props: ViewProps): View', gave the following error.
    Type 'ViewStyle | TextStyle | ImageStyle' is not assignable to type 'StyleProp<ViewStyle>'.
      Type 'TextStyle' is not assignable to type 'StyleProp<ViewStyle>'.
        Type 'TextStyle' is not assignable to type 'ViewStyle'.
          Types of property 'cursor' are incompatible.
            Type 'string | undefined' is not assignable to type 'CursorValue | undefined'.
              Type 'string' is not assignable to type 'CursorValue | undefined'.
  Overload 2 of 2, '(props: ViewProps, context: any): View', gave the following error.
    Type 'ViewStyle | TextStyle | ImageStyle' is not assignable to type 'StyleProp<ViewStyle>'.
      Type 'TextStyle' is not assignable to type 'StyleProp<ViewStyle>'.
        Type 'TextStyle' is not assignable to type 'ViewStyle'.
          Types of property 'cursor' are incompatible.
            Type 'string | undefined' is not assignable to type 'CursorValue | undefined'.
              Type 'string' is not assignable to type 'CursorValue | undefined'.
components/features/onboarding/PhotoStep.tsx(43,19): error TS2769: No overload matches this call.
  Overload 1 of 2, '(props: ViewProps): View', gave the following error.
    Type 'ViewStyle | TextStyle | ImageStyle' is not assignable to type 'StyleProp<ViewStyle>'.
      Type 'TextStyle' is not assignable to type 'StyleProp<ViewStyle>'.
        Type 'TextStyle' is not assignable to type 'ViewStyle'.
          Types of property 'cursor' are incompatible.
            Type 'string | undefined' is not assignable to type 'CursorValue | undefined'.
              Type 'string' is not assignable to type 'CursorValue | undefined'.
  Overload 2 of 2, '(props: ViewProps, context: any): View', gave the following error.
    Type 'ViewStyle | TextStyle | ImageStyle' is not assignable to type 'StyleProp<ViewStyle>'.
      Type 'TextStyle' is not assignable to type 'StyleProp<ViewStyle>'.
        Type 'TextStyle' is not assignable to type 'ViewStyle'.
          Types of property 'cursor' are incompatible.
            Type 'string | undefined' is not assignable to type 'CursorValue | undefined'.
              Type 'string' is not assignable to type 'CursorValue | undefined'.
components/features/onboarding/PhotoStep.tsx(44,18): error TS2769: No overload matches this call.
  Overload 2 of 2, '(props: ViewProps, context: any): View', gave the following error.
    Type 'ViewStyle | TextStyle | ImageStyle' is not assignable to type 'ViewStyle | Falsy | RegisteredStyle<ViewStyle> | RecursiveArray<ViewStyle | Falsy | RegisteredStyle<ViewStyle>> | readonly (ViewStyle | ... 1 more ... | RegisteredStyle<...>)[]'.
      Type 'TextStyle' is not assignable to type 'ViewStyle | Falsy | RegisteredStyle<ViewStyle> | RecursiveArray<ViewStyle | Falsy | RegisteredStyle<ViewStyle>> | readonly (ViewStyle | ... 1 more ... | RegisteredStyle<...>)[]'.
        Type 'TextStyle' is not assignable to type 'ViewStyle'.
          Types of property 'cursor' are incompatible.
            Type 'string | undefined' is not assignable to type 'CursorValue | undefined'.
              Type 'string' is not assignable to type 'CursorValue | undefined'.
  Overload 2 of 2, '(props: ViewProps, context: any): View', gave the following error.
    Type 'ViewStyle | TextStyle | ImageStyle' is not assignable to type 'ViewStyle | Falsy | RegisteredStyle<ViewStyle> | RecursiveArray<ViewStyle | Falsy | RegisteredStyle<ViewStyle>> | readonly (ViewStyle | ... 1 more ... | RegisteredStyle<...>)[]'.
      Type 'TextStyle' is not assignable to type 'ViewStyle | Falsy | RegisteredStyle<ViewStyle> | RecursiveArray<ViewStyle | Falsy | RegisteredStyle<ViewStyle>> | readonly (ViewStyle | ... 1 more ... | RegisteredStyle<...>)[]'.
        Type 'TextStyle' is not assignable to type 'ViewStyle'.
          Types of property 'cursor' are incompatible.
            Type 'string | undefined' is not assignable to type 'CursorValue | undefined'.
              Type 'string' is not assignable to type 'CursorValue | undefined'.
components/features/onboarding/PhotoStep.tsx(45,18): error TS2769: No overload matches this call.
  Overload 2 of 2, '(props: ViewProps, context: any): View', gave the following error.
    Type 'ViewStyle | TextStyle | ImageStyle' is not assignable to type 'ViewStyle | Falsy | RegisteredStyle<ViewStyle> | RecursiveArray<ViewStyle | Falsy | RegisteredStyle<ViewStyle>> | readonly (ViewStyle | ... 1 more ... | RegisteredStyle<...>)[]'.
      Type 'TextStyle' is not assignable to type 'ViewStyle | Falsy | RegisteredStyle<ViewStyle> | RecursiveArray<ViewStyle | Falsy | RegisteredStyle<ViewStyle>> | readonly (ViewStyle | ... 1 more ... | RegisteredStyle<...>)[]'.
        Type 'TextStyle' is not assignable to type 'ViewStyle'.
          Types of property 'cursor' are incompatible.
            Type 'string | undefined' is not assignable to type 'CursorValue | undefined'.
              Type 'string' is not assignable to type 'CursorValue | undefined'.
  Overload 2 of 2, '(props: ViewProps, context: any): View', gave the following error.
    Type 'ViewStyle | TextStyle | ImageStyle' is not assignable to type 'ViewStyle | Falsy | RegisteredStyle<ViewStyle> | RecursiveArray<ViewStyle | Falsy | RegisteredStyle<ViewStyle>> | readonly (ViewStyle | ... 1 more ... | RegisteredStyle<...>)[]'.
      Type 'TextStyle' is not assignable to type 'ViewStyle | Falsy | RegisteredStyle<ViewStyle> | RecursiveArray<ViewStyle | Falsy | RegisteredStyle<ViewStyle>> | readonly (ViewStyle | ... 1 more ... | RegisteredStyle<...>)[]'.
        Type 'TextStyle' is not assignable to type 'ViewStyle'.
          Types of property 'cursor' are incompatible.
            Type 'string | undefined' is not assignable to type 'CursorValue | undefined'.
              Type 'string' is not assignable to type 'CursorValue | undefined'.
components/features/onboarding/PhotoStep.tsx(46,18): error TS2769: No overload matches this call.
  Overload 2 of 2, '(props: ViewProps, context: any): View', gave the following error.
    Type 'ViewStyle | TextStyle | ImageStyle' is not assignable to type 'ViewStyle | Falsy | RegisteredStyle<ViewStyle> | RecursiveArray<ViewStyle | Falsy | RegisteredStyle<ViewStyle>> | readonly (ViewStyle | ... 1 more ... | RegisteredStyle<...>)[]'.
      Type 'TextStyle' is not assignable to type 'ViewStyle | Falsy | RegisteredStyle<ViewStyle> | RecursiveArray<ViewStyle | Falsy | RegisteredStyle<ViewStyle>> | readonly (ViewStyle | ... 1 more ... | RegisteredStyle<...>)[]'.
        Type 'TextStyle' is not assignable to type 'ViewStyle'.
          Types of property 'cursor' are incompatible.
            Type 'string | undefined' is not assignable to type 'CursorValue | undefined'.
              Type 'string' is not assignable to type 'CursorValue | undefined'.
  Overload 2 of 2, '(props: ViewProps, context: any): View', gave the following error.
    Type 'ViewStyle | TextStyle | ImageStyle' is not assignable to type 'ViewStyle | Falsy | RegisteredStyle<ViewStyle> | RecursiveArray<ViewStyle | Falsy | RegisteredStyle<ViewStyle>> | readonly (ViewStyle | ... 1 more ... | RegisteredStyle<...>)[]'.
      Type 'TextStyle' is not assignable to type 'ViewStyle | Falsy | RegisteredStyle<ViewStyle> | RecursiveArray<ViewStyle | Falsy | RegisteredStyle<ViewStyle>> | readonly (ViewStyle | ... 1 more ... | RegisteredStyle<...>)[]'.
        Type 'TextStyle' is not assignable to type 'ViewStyle'.
          Types of property 'cursor' are incompatible.
            Type 'string | undefined' is not assignable to type 'CursorValue | undefined'.
              Type 'string' is not assignable to type 'CursorValue | undefined'.
components/features/onboarding/PhotoStep.tsx(47,18): error TS2769: No overload matches this call.
  Overload 2 of 2, '(props: ViewProps, context: any): View', gave the following error.
    Type 'ViewStyle | TextStyle | ImageStyle' is not assignable to type 'ViewStyle | Falsy | RegisteredStyle<ViewStyle> | RecursiveArray<ViewStyle | Falsy | RegisteredStyle<ViewStyle>> | readonly (ViewStyle | ... 1 more ... | RegisteredStyle<...>)[]'.
      Type 'TextStyle' is not assignable to type 'ViewStyle | Falsy | RegisteredStyle<ViewStyle> | RecursiveArray<ViewStyle | Falsy | RegisteredStyle<ViewStyle>> | readonly (ViewStyle | ... 1 more ... | RegisteredStyle<...>)[]'.
        Type 'TextStyle' is not assignable to type 'ViewStyle'.
          Types of property 'cursor' are incompatible.
            Type 'string | undefined' is not assignable to type 'CursorValue | undefined'.
              Type 'string' is not assignable to type 'CursorValue | undefined'.
  Overload 2 of 2, '(props: ViewProps, context: any): View', gave the following error.
    Type 'ViewStyle | TextStyle | ImageStyle' is not assignable to type 'ViewStyle | Falsy | RegisteredStyle<ViewStyle> | RecursiveArray<ViewStyle | Falsy | RegisteredStyle<ViewStyle>> | readonly (ViewStyle | ... 1 more ... | RegisteredStyle<...>)[]'.
      Type 'TextStyle' is not assignable to type 'ViewStyle | Falsy | RegisteredStyle<ViewStyle> | RecursiveArray<ViewStyle | Falsy | RegisteredStyle<ViewStyle>> | readonly (ViewStyle | ... 1 more ... | RegisteredStyle<...>)[]'.
        Type 'TextStyle' is not assignable to type 'ViewStyle'.
          Types of property 'cursor' are incompatible.
            Type 'string | undefined' is not assignable to type 'CursorValue | undefined'.
              Type 'string' is not assignable to type 'CursorValue | undefined'.
components/features/onboarding/PhotoStep.tsx(50,25): error TS2769: No overload matches this call.
  Overload 1 of 2, '(props: ScrollViewProps): ScrollView', gave the following error.
    Type 'ViewStyle | TextStyle | ImageStyle' is not assignable to type 'StyleProp<ViewStyle>'.
      Type 'TextStyle' is not assignable to type 'StyleProp<ViewStyle>'.
        Type 'TextStyle' is not assignable to type 'ViewStyle'.
          Types of property 'cursor' are incompatible.
            Type 'string | undefined' is not assignable to type 'CursorValue | undefined'.
              Type 'string' is not assignable to type 'CursorValue | undefined'.
  Overload 2 of 2, '(props: ScrollViewProps, context: any): ScrollView', gave the following error.
    Type 'ViewStyle | TextStyle | ImageStyle' is not assignable to type 'StyleProp<ViewStyle>'.
      Type 'TextStyle' is not assignable to type 'StyleProp<ViewStyle>'.
        Type 'TextStyle' is not assignable to type 'ViewStyle'.
          Types of property 'cursor' are incompatible.
            Type 'string | undefined' is not assignable to type 'CursorValue | undefined'.
              Type 'string' is not assignable to type 'CursorValue | undefined'.
components/features/onboarding/PhotoStep.tsx(51,23): error TS2769: No overload matches this call.
  Overload 1 of 2, '(props: ViewProps): View', gave the following error.
    Type 'ViewStyle | TextStyle | ImageStyle' is not assignable to type 'StyleProp<ViewStyle>'.
      Type 'TextStyle' is not assignable to type 'StyleProp<ViewStyle>'.
        Type 'TextStyle' is not assignable to type 'ViewStyle'.
          Types of property 'cursor' are incompatible.
            Type 'string | undefined' is not assignable to type 'CursorValue | undefined'.
              Type 'string' is not assignable to type 'CursorValue | undefined'.
  Overload 2 of 2, '(props: ViewProps, context: any): View', gave the following error.
    Type 'ViewStyle | TextStyle | ImageStyle' is not assignable to type 'StyleProp<ViewStyle>'.
      Type 'TextStyle' is not assignable to type 'StyleProp<ViewStyle>'.
        Type 'TextStyle' is not assignable to type 'ViewStyle'.
          Types of property 'cursor' are incompatible.
            Type 'string | undefined' is not assignable to type 'CursorValue | undefined'.
              Type 'string' is not assignable to type 'CursorValue | undefined'.
components/features/onboarding/PhotoStep.tsx(52,27): error TS2769: No overload matches this call.
  Overload 1 of 2, '(props: TextProps): Text', gave the following error.
    Type 'ViewStyle | TextStyle | ImageStyle' is not assignable to type 'StyleProp<TextStyle>'.
      Type 'ViewStyle' is not assignable to type 'StyleProp<TextStyle>'.
        Type 'ViewStyle' is not assignable to type 'TextStyle'.
          Types of property 'userSelect' are incompatible.
            Type 'string | undefined' is not assignable to type '"contain" | "none" | "auto" | "text" | "all" | undefined'.
              Type 'string' is not assignable to type '"contain" | "none" | "auto" | "text" | "all" | undefined'.
  Overload 2 of 2, '(props: TextProps, context: any): Text', gave the following error.
    Type 'ViewStyle | TextStyle | ImageStyle' is not assignable to type 'StyleProp<TextStyle>'.
      Type 'ViewStyle' is not assignable to type 'StyleProp<TextStyle>'.
        Type 'ViewStyle' is not assignable to type 'TextStyle'.
          Types of property 'userSelect' are incompatible.
            Type 'string | undefined' is not assignable to type '"contain" | "none" | "auto" | "text" | "all" | undefined'.
              Type 'string' is not assignable to type '"contain" | "none" | "auto" | "text" | "all" | undefined'.
components/features/onboarding/PhotoStep.tsx(53,27): error TS2769: No overload matches this call.
  Overload 1 of 2, '(props: TextProps): Text', gave the following error.
    Type 'ViewStyle | TextStyle | ImageStyle' is not assignable to type 'StyleProp<TextStyle>'.
      Type 'ViewStyle' is not assignable to type 'StyleProp<TextStyle>'.
        Type 'ViewStyle' is not assignable to type 'TextStyle'.
          Types of property 'userSelect' are incompatible.
            Type 'string | undefined' is not assignable to type '"contain" | "none" | "auto" | "text" | "all" | undefined'.
              Type 'string' is not assignable to type '"contain" | "none" | "auto" | "text" | "all" | undefined'.
  Overload 2 of 2, '(props: TextProps, context: any): Text', gave the following error.
    Type 'ViewStyle | TextStyle | ImageStyle' is not assignable to type 'StyleProp<TextStyle>'.
      Type 'ViewStyle' is not assignable to type 'StyleProp<TextStyle>'.
        Type 'ViewStyle' is not assignable to type 'TextStyle'.
          Types of property 'userSelect' are incompatible.
            Type 'string | undefined' is not assignable to type '"contain" | "none" | "auto" | "text" | "all" | undefined'.
              Type 'string' is not assignable to type '"contain" | "none" | "auto" | "text" | "all" | undefined'.
components/features/onboarding/PhotoStep.tsx(56,23): error TS2769: No overload matches this call.
  Overload 1 of 2, '(props: ViewProps): View', gave the following error.
    Type 'ViewStyle | TextStyle | ImageStyle' is not assignable to type 'StyleProp<ViewStyle>'.
      Type 'TextStyle' is not assignable to type 'StyleProp<ViewStyle>'.
        Type 'TextStyle' is not assignable to type 'ViewStyle'.
          Types of property 'cursor' are incompatible.
            Type 'string | undefined' is not assignable to type 'CursorValue | undefined'.
              Type 'string' is not assignable to type 'CursorValue | undefined'.
  Overload 2 of 2, '(props: ViewProps, context: any): View', gave the following error.
    Type 'ViewStyle | TextStyle | ImageStyle' is not assignable to type 'StyleProp<ViewStyle>'.
      Type 'TextStyle' is not assignable to type 'StyleProp<ViewStyle>'.
        Type 'TextStyle' is not assignable to type 'ViewStyle'.
          Types of property 'cursor' are incompatible.
            Type 'string | undefined' is not assignable to type 'CursorValue | undefined'.
              Type 'string' is not assignable to type 'CursorValue | undefined'.
components/features/onboarding/PhotoStep.tsx(57,39): error TS2322: Type 'ViewStyle | TextStyle | ImageStyle' is not assignable to type 'StyleProp<ViewStyle>'.
  Type 'TextStyle' is not assignable to type 'StyleProp<ViewStyle>'.
    Type 'TextStyle' is not assignable to type 'ViewStyle'.
      Types of property 'cursor' are incompatible.
        Type 'string | undefined' is not assignable to type 'CursorValue | undefined'.
          Type 'string' is not assignable to type 'CursorValue | undefined'.
components/features/onboarding/PhotoStep.tsx(59,60): error TS2769: No overload matches this call.
  Overload 1 of 2, '(props: ImageProps): Image', gave the following error.
    Type 'ViewStyle | TextStyle | ImageStyle' is not assignable to type 'StyleProp<ImageStyle>'.
      Type 'ViewStyle' is not assignable to type 'StyleProp<ImageStyle>'.
        Type 'ViewStyle' is not assignable to type 'ImageStyle'.
          Types of property 'overflow' are incompatible.
            Type '"hidden" | "visible" | "scroll" | undefined' is not assignable to type '"hidden" | "visible" | undefined'.
              Type '"scroll"' is not assignable to type '"hidden" | "visible" | undefined'.
  Overload 2 of 2, '(props: ImageProps, context: any): Image', gave the following error.
    Type 'ViewStyle | TextStyle | ImageStyle' is not assignable to type 'StyleProp<ImageStyle>'.
      Type 'ViewStyle' is not assignable to type 'StyleProp<ImageStyle>'.
        Type 'ViewStyle' is not assignable to type 'ImageStyle'.
          Types of property 'overflow' are incompatible.
            Type '"hidden" | "visible" | "scroll" | undefined' is not assignable to type '"hidden" | "visible" | undefined'.
              Type '"scroll"' is not assignable to type '"hidden" | "visible" | undefined'.
components/features/onboarding/PhotoStep.tsx(61,35): error TS2769: No overload matches this call.
  Overload 1 of 2, '(props: ViewProps): View', gave the following error.
    Type 'ViewStyle | TextStyle | ImageStyle' is not assignable to type 'StyleProp<ViewStyle>'.
      Type 'TextStyle' is not assignable to type 'StyleProp<ViewStyle>'.
        Type 'TextStyle' is not assignable to type 'ViewStyle'.
          Types of property 'cursor' are incompatible.
            Type 'string | undefined' is not assignable to type 'CursorValue | undefined'.
              Type 'string' is not assignable to type 'CursorValue | undefined'.
  Overload 2 of 2, '(props: ViewProps, context: any): View', gave the following error.
    Type 'ViewStyle | TextStyle | ImageStyle' is not assignable to type 'StyleProp<ViewStyle>'.
      Type 'TextStyle' is not assignable to type 'StyleProp<ViewStyle>'.
        Type 'TextStyle' is not assignable to type 'ViewStyle'.
          Types of property 'cursor' are incompatible.
            Type 'string | undefined' is not assignable to type 'CursorValue | undefined'.
              Type 'string' is not assignable to type 'CursorValue | undefined'.
components/features/onboarding/PhotoStep.tsx(63,39): error TS2769: No overload matches this call.
  Overload 1 of 2, '(props: ViewProps): View', gave the following error.
    Type 'ViewStyle | TextStyle | ImageStyle' is not assignable to type 'StyleProp<ViewStyle>'.
      Type 'TextStyle' is not assignable to type 'StyleProp<ViewStyle>'.
        Type 'TextStyle' is not assignable to type 'ViewStyle'.
          Types of property 'cursor' are incompatible.
            Type 'string | undefined' is not assignable to type 'CursorValue | undefined'.
              Type 'string' is not assignable to type 'CursorValue | undefined'.
  Overload 2 of 2, '(props: ViewProps, context: any): View', gave the following error.
    Type 'ViewStyle | TextStyle | ImageStyle' is not assignable to type 'StyleProp<ViewStyle>'.
      Type 'TextStyle' is not assignable to type 'StyleProp<ViewStyle>'.
        Type 'TextStyle' is not assignable to type 'ViewStyle'.
          Types of property 'cursor' are incompatible.
            Type 'string | undefined' is not assignable to type 'CursorValue | undefined'.
              Type 'string' is not assignable to type 'CursorValue | undefined'.
components/features/onboarding/PhotoStep.tsx(70,31): error TS2769: No overload matches this call.
  Overload 1 of 2, '(props: TextProps): Text', gave the following error.
    Type 'ViewStyle | TextStyle | ImageStyle' is not assignable to type 'StyleProp<TextStyle>'.
      Type 'ViewStyle' is not assignable to type 'StyleProp<TextStyle>'.
        Type 'ViewStyle' is not assignable to type 'TextStyle'.
          Types of property 'userSelect' are incompatible.
            Type 'string | undefined' is not assignable to type '"contain" | "none" | "auto" | "text" | "all" | undefined'.
              Type 'string' is not assignable to type '"contain" | "none" | "auto" | "text" | "all" | undefined'.
  Overload 2 of 2, '(props: TextProps, context: any): Text', gave the following error.
    Type 'ViewStyle | TextStyle | ImageStyle' is not assignable to type 'StyleProp<TextStyle>'.
      Type 'ViewStyle' is not assignable to type 'StyleProp<TextStyle>'.
        Type 'ViewStyle' is not assignable to type 'TextStyle'.
          Types of property 'userSelect' are incompatible.
            Type 'string | undefined' is not assignable to type '"contain" | "none" | "auto" | "text" | "all" | undefined'.
              Type 'string' is not assignable to type '"contain" | "none" | "auto" | "text" | "all" | undefined'.
components/features/onboarding/PhotoStep.tsx(75,19): error TS2769: No overload matches this call.
  Overload 1 of 2, '(props: ViewProps): View', gave the following error.
    Type 'ViewStyle | TextStyle | ImageStyle' is not assignable to type 'StyleProp<ViewStyle>'.
      Type 'TextStyle' is not assignable to type 'StyleProp<ViewStyle>'.
        Type 'TextStyle' is not assignable to type 'ViewStyle'.
          Types of property 'cursor' are incompatible.
            Type 'string | undefined' is not assignable to type 'CursorValue | undefined'.
              Type 'string' is not assignable to type 'CursorValue | undefined'.
  Overload 2 of 2, '(props: ViewProps, context: any): View', gave the following error.
    Type 'ViewStyle | TextStyle | ImageStyle' is not assignable to type 'StyleProp<ViewStyle>'.
      Type 'TextStyle' is not assignable to type 'StyleProp<ViewStyle>'.
        Type 'TextStyle' is not assignable to type 'ViewStyle'.
          Types of property 'cursor' are incompatible.
            Type 'string | undefined' is not assignable to type 'CursorValue | undefined'.
              Type 'string' is not assignable to type 'CursorValue | undefined'.
components/features/onboarding/PhotoStep.tsx(77,29): error TS2322: Type 'ViewStyle | TextStyle | ImageStyle' is not assignable to type 'ViewStyle | Falsy | RegisteredStyle<ViewStyle> | RecursiveArray<ViewStyle | Falsy | RegisteredStyle<ViewStyle>> | readonly (ViewStyle | ... 1 more ... | RegisteredStyle<...>)[]'.
  Type 'TextStyle' is not assignable to type 'ViewStyle | Falsy | RegisteredStyle<ViewStyle> | RecursiveArray<ViewStyle | Falsy | RegisteredStyle<ViewStyle>> | readonly (ViewStyle | ... 1 more ... | RegisteredStyle<...>)[]'.
    Type 'TextStyle' is not assignable to type 'ViewStyle'.
      Types of property 'cursor' are incompatible.
        Type 'string | undefined' is not assignable to type 'CursorValue | undefined'.
          Type 'string' is not assignable to type 'CursorValue | undefined'.
components/features/onboarding/PhotoStep.tsx(77,44): error TS2322: Type 'false | ViewStyle | TextStyle | ImageStyle' is not assignable to type 'ViewStyle | Falsy | RegisteredStyle<ViewStyle> | RecursiveArray<ViewStyle | Falsy | RegisteredStyle<ViewStyle>> | readonly (ViewStyle | ... 1 more ... | RegisteredStyle<...>)[]'.
  Type 'TextStyle' is not assignable to type 'ViewStyle | Falsy | RegisteredStyle<ViewStyle> | RecursiveArray<ViewStyle | Falsy | RegisteredStyle<ViewStyle>> | readonly (ViewStyle | ... 1 more ... | RegisteredStyle<...>)[]'.
    Type 'TextStyle' is not assignable to type 'ViewStyle'.
      Types of property 'cursor' are incompatible.
        Type 'string | undefined' is not assignable to type 'CursorValue | undefined'.
          Type 'string' is not assignable to type 'CursorValue | undefined'.
components/features/onboarding/PhotoStep.tsx(81,27): error TS2769: No overload matches this call.
  Overload 1 of 2, '(props: TextProps): Text', gave the following error.
    Type 'ViewStyle | TextStyle | ImageStyle' is not assignable to type 'StyleProp<TextStyle>'.
      Type 'ViewStyle' is not assignable to type 'StyleProp<TextStyle>'.
        Type 'ViewStyle' is not assignable to type 'TextStyle'.
          Types of property 'userSelect' are incompatible.
            Type 'string | undefined' is not assignable to type '"contain" | "none" | "auto" | "text" | "all" | undefined'.
              Type 'string' is not assignable to type '"contain" | "none" | "auto" | "text" | "all" | undefined'.
  Overload 2 of 2, '(props: TextProps, context: any): Text', gave the following error.
    Type 'ViewStyle | TextStyle | ImageStyle' is not assignable to type 'StyleProp<TextStyle>'.
      Type 'ViewStyle' is not assignable to type 'StyleProp<TextStyle>'.
        Type 'ViewStyle' is not assignable to type 'TextStyle'.
          Types of property 'userSelect' are incompatible.
            Type 'string | undefined' is not assignable to type '"contain" | "none" | "auto" | "text" | "all" | undefined'.
              Type 'string' is not assignable to type '"contain" | "none" | "auto" | "text" | "all" | undefined'.
components/features/onboarding/PhotoStep.tsx(89,35): error TS2322: Type 'ViewStyle | TextStyle | ImageStyle' is not assignable to type 'StyleProp<ViewStyle>'.
  Type 'TextStyle' is not assignable to type 'StyleProp<ViewStyle>'.
    Type 'TextStyle' is not assignable to type 'ViewStyle'.
      Types of property 'cursor' are incompatible.
        Type 'string | undefined' is not assignable to type 'CursorValue | undefined'.
          Type 'string' is not assignable to type 'CursorValue | undefined'.
components/features/onboarding/PhotoStep.tsx(90,27): error TS2769: No overload matches this call.
  Overload 1 of 2, '(props: TextProps): Text', gave the following error.
    Type 'ViewStyle | TextStyle | ImageStyle' is not assignable to type 'StyleProp<TextStyle>'.
      Type 'ViewStyle' is not assignable to type 'StyleProp<TextStyle>'.
        Type 'ViewStyle' is not assignable to type 'TextStyle'.
          Types of property 'userSelect' are incompatible.
            Type 'string | undefined' is not assignable to type '"contain" | "none" | "auto" | "text" | "all" | undefined'.
              Type 'string' is not assignable to type '"contain" | "none" | "auto" | "text" | "all" | undefined'.
  Overload 2 of 2, '(props: TextProps, context: any): Text', gave the following error.
    Type 'ViewStyle | TextStyle | ImageStyle' is not assignable to type 'StyleProp<TextStyle>'.
      Type 'ViewStyle' is not assignable to type 'StyleProp<TextStyle>'.
        Type 'ViewStyle' is not assignable to type 'TextStyle'.
          Types of property 'userSelect' are incompatible.
            Type 'string | undefined' is not assignable to type '"contain" | "none" | "auto" | "text" | "all" | undefined'.
              Type 'string' is not assignable to type '"contain" | "none" | "auto" | "text" | "all" | undefined'.
components/features/onboarding/PhotoStep.tsx(200,5): error TS2322: Type '{ color: string; fontSize: number; fontWeight: string; lineHeight: number; letterSpacing: number; }' is not assignable to type 'ViewStyle | TextStyle | ImageStyle'.
  Type '{ color: string; fontSize: number; fontWeight: string; lineHeight: number; letterSpacing: number; }' is not assignable to type 'TextStyle'.
    Types of property 'fontWeight' are incompatible.
      Type 'string' is not assignable to type '100 | 300 | "light" | "400" | "500" | "600" | "700" | 200 | 400 | 500 | 800 | "normal" | "100" | "200" | "300" | "800" | "900" | "bold" | "medium" | "black" | 600 | 700 | 900 | "ultralight" | ... 6 more ... | undefined'.
components/features/pets/PetDocuments.tsx(81,62): error TS2339: Property 'mime_type' does not exist on type '{ archived: boolean | null; auto_archive_date: string | null; confidentiality_level: string | null; created_at: string; document_date: string | null; document_range_end: string | null; ... 18 more ...; visibility: string | null; }'.
components/features/pets/PetDocuments.tsx(85,40): error TS2339: Property 'mime_type' does not exist on type '{ archived: boolean | null; auto_archive_date: string | null; confidentiality_level: string | null; created_at: string; document_date: string | null; document_range_end: string | null; ... 18 more ...; visibility: string | null; }'.
components/features/pets/PetDocuments.tsx(86,53): error TS2339: Property 'mime_type' does not exist on type '{ archived: boolean | null; auto_archive_date: string | null; confidentiality_level: string | null; created_at: string; document_date: string | null; document_range_end: string | null; ... 18 more ...; visibility: string | null; }'.
components/features/pets/PetDocuments.tsx(98,31): error TS2322: Type '{ name: string; size: number; color: string; }' is not assignable to type 'IntrinsicAttributes & { ios_icon_name?: string | undefined; android_material_icon_name: "sort" | "map" | "filter" | "abc" | "web" | "tag" | "group" | "download" | ... 2225 more ... | "zoom-out-map"; size?: number | undefined; color: string | OpaqueColorValue; style?: StyleProp<...>; weight?: SymbolWeight | undefined...'.
  Property 'name' does not exist on type 'IntrinsicAttributes & { ios_icon_name?: string | undefined; android_material_icon_name: "sort" | "map" | "filter" | "abc" | "web" | "tag" | "group" | "download" | ... 2225 more ... | "zoom-out-map"; size?: number | undefined; color: string | OpaqueColorValue; style?: StyleProp<...>; weight?: SymbolWeight | undefined...'.
components/features/pets/PetDocuments.tsx(110,25): error TS2322: Type '{ name: string; size: number; color: string; }' is not assignable to type 'IntrinsicAttributes & { ios_icon_name?: string | undefined; android_material_icon_name: "sort" | "map" | "filter" | "abc" | "web" | "tag" | "group" | "download" | ... 2225 more ... | "zoom-out-map"; size?: number | undefined; color: string | OpaqueColorValue; style?: StyleProp<...>; weight?: SymbolWeight | undefined...'.
  Property 'name' does not exist on type 'IntrinsicAttributes & { ios_icon_name?: string | undefined; android_material_icon_name: "sort" | "map" | "filter" | "abc" | "web" | "tag" | "group" | "download" | ... 2225 more ... | "zoom-out-map"; size?: number | undefined; color: string | OpaqueColorValue; style?: StyleProp<...>; weight?: SymbolWeight | undefined...'.
components/features/pets/PetGalleryComponent.tsx(161,11): error TS2322: Type '{ data: string[]; numColumns: number; keyExtractor: (item: string, index: number) => string; renderItem: ({ item, index }: { item: string; index: number; }) => Element; contentContainerStyle: { paddingBottom: number; }; scrollEnabled: false; estimatedItemSize: number; }' is not assignable to type 'IntrinsicAttributes & FlashListProps<string> & { ref?: Ref<FlashListRef<string>> | undefined; }'.
  Property 'estimatedItemSize' does not exist on type 'IntrinsicAttributes & FlashListProps<string> & { ref?: Ref<FlashListRef<string>> | undefined; }'.
components/features/pets/PetProfileForm.tsx(36,67): error TS2345: Argument of type 'string' is not assignable to parameter of type '"other" | "dog" | "cat" | (() => "other" | "dog" | "cat")'.
components/features/pets/PetProfileForm.tsx(38,64): error TS2345: Argument of type 'string' is not assignable to parameter of type '"" | "female" | "male" | (() => "" | "female" | "male")'.
components/features/pets/PetProfileForm.tsx(40,71): error TS2345: Argument of type 'string' is not assignable to parameter of type '"" | "medium" | "small" | "large" | (() => "" | "medium" | "small" | "large")'.
components/features/pets/PetProfileForm.tsx(89,11): error TS2322: Type 'string | null' is not assignable to type 'string | undefined'.
  Type 'null' is not assignable to type 'string | undefined'.
components/features/pets/PetProfileForm.tsx(108,15): error TS2339: Property 'data' does not exist on type '{ error: any; }'.
components/features/pets/PetProfileForm.tsx(146,51): error TS2322: Type 'string' is not assignable to type '"sort" | "map" | "filter" | "abc" | "web" | "tag" | "group" | "download" | "style" | "accessible" | "scale" | "animation" | "opacity" | "visibility" | "height" | "margin" | "padding" | ... 2216 more ... | "zoom-out-map"'.
components/features/pets/PetProfileForm.tsx(166,46): error TS2322: Type 'string' is not assignable to type '"sort" | "map" | "filter" | "abc" | "web" | "tag" | "group" | "download" | "style" | "accessible" | "scale" | "animation" | "opacity" | "visibility" | "height" | "margin" | "padding" | ... 2216 more ... | "zoom-out-map"'.
components/features/pets/PetProfileForm.tsx(184,51): error TS2322: Type 'string' is not assignable to type '"sort" | "map" | "filter" | "abc" | "web" | "tag" | "group" | "download" | "style" | "accessible" | "scale" | "animation" | "opacity" | "visibility" | "height" | "margin" | "padding" | ... 2216 more ... | "zoom-out-map"'.
components/features/pets/PetProfileForm.tsx(201,46): error TS2322: Type 'string' is not assignable to type '"sort" | "map" | "filter" | "abc" | "web" | "tag" | "group" | "download" | "style" | "accessible" | "scale" | "animation" | "opacity" | "visibility" | "height" | "margin" | "padding" | ... 2216 more ... | "zoom-out-map"'.
components/features/pets/PetQuickViewModal.tsx(60,113): error TS2769: No overload matches this call.
  Overload 1 of 4, '(value: string | number | Date): Date', gave the following error.
    Argument of type 'string | null' is not assignable to parameter of type 'string | number | Date'.
      Type 'null' is not assignable to type 'string | number | Date'.
  Overload 2 of 4, '(value: string | number): Date', gave the following error.
    Argument of type 'string | null' is not assignable to parameter of type 'string | number'.
      Type 'null' is not assignable to type 'string | number'.
components/features/pets/PetSelector.tsx(45,53): error TS2769: No overload matches this call.
  Overload 1 of 2, '(props: ViewProps): View', gave the following error.
    Type '{ backgroundColor: { 50: string; 100: string; 200: string; 300: string; 400: string; 500: string; 600: string; 700: string; 800: string; 900: string; }; borderColor: any; }' is not assignable to type 'ViewStyle | Falsy | RegisteredStyle<ViewStyle> | RecursiveArray<ViewStyle | Falsy | RegisteredStyle<ViewStyle>> | readonly (ViewStyle | ... 1 more ... | RegisteredStyle<...>)[]'.
      Types of property 'backgroundColor' are incompatible.
        Type '{ 50: string; 100: string; 200: string; 300: string; 400: string; 500: string; 600: string; 700: string; 800: string; 900: string; }' is not assignable to type 'ColorValue | undefined'.
  Overload 2 of 2, '(props: ViewProps, context: any): View', gave the following error.
    Type '{ backgroundColor: { 50: string; 100: string; 200: string; 300: string; 400: string; 500: string; 600: string; 700: string; 800: string; 900: string; }; borderColor: any; }' is not assignable to type 'ViewStyle | Falsy | RegisteredStyle<ViewStyle> | RecursiveArray<ViewStyle | Falsy | RegisteredStyle<ViewStyle>> | readonly (ViewStyle | ... 1 more ... | RegisteredStyle<...>)[]'.
      Types of property 'backgroundColor' are incompatible.
        Type '{ 50: string; 100: string; 200: string; 300: string; 400: string; 500: string; 600: string; 700: string; 800: string; 900: string; }' is not assignable to type 'ColorValue | undefined'.
components/features/pets/PetSelector.tsx(45,138): error TS2339: Property 'card' does not exist on type '{ primary: string; secondary: string; tertiary: string; gradient: { start: string; end: string; }; }'.
components/features/pets/profile/DocumentsTab.tsx(197,118): error TS2352: Conversion of type '{ 50: string; 100: string; 200: string; 300: string; 400: string; 500: string; 600: string; 700: string; 800: string; 900: string; }' to type 'string' may be a mistake because neither type sufficiently overlaps with the other. If this was intentional, convert the expression to 'unknown' first.
components/features/pets/profile/EventsTab.tsx(20,59): error TS2339: Property 'date' does not exist on type 'CalendarEvent'.
components/features/pets/profile/EventsTab.tsx(21,55): error TS2339: Property 'date' does not exist on type 'CalendarEvent'.
components/features/pets/profile/EventsTab.tsx(86,41): error TS2322: Type '{ name: string; android_material_icon_name: "schedule"; size: number; color: string; }' is not assignable to type 'IntrinsicAttributes & { ios_icon_name?: string | undefined; android_material_icon_name: "sort" | "map" | "filter" | "abc" | "web" | "tag" | "group" | "download" | ... 2225 more ... | "zoom-out-map"; size?: number | undefined; color: string | OpaqueColorValue; style?: StyleProp<...>; weight?: SymbolWeight | undefined...'.
  Property 'name' does not exist on type 'IntrinsicAttributes & { ios_icon_name?: string | undefined; android_material_icon_name: "sort" | "map" | "filter" | "abc" | "web" | "tag" | "group" | "download" | ... 2225 more ... | "zoom-out-map"; size?: number | undefined; color: string | OpaqueColorValue; style?: StyleProp<...>; weight?: SymbolWeight | undefined...'.
components/features/pets/profile/EventsTab.tsx(91,77): error TS2339: Property 'date' does not exist on type 'CalendarEvent'.
components/features/pets/profile/EventsTab.tsx(109,53): error TS2322: Type '{ name: any; android_material_icon_name: any; size: number; color: string; }' is not assignable to type 'IntrinsicAttributes & { ios_icon_name?: string | undefined; android_material_icon_name: "sort" | "map" | "filter" | "abc" | "web" | "tag" | "group" | "download" | ... 2225 more ... | "zoom-out-map"; size?: number | undefined; color: string | OpaqueColorValue; style?: StyleProp<...>; weight?: SymbolWeight | undefined...'.
  Property 'name' does not exist on type 'IntrinsicAttributes & { ios_icon_name?: string | undefined; android_material_icon_name: "sort" | "map" | "filter" | "abc" | "web" | "tag" | "group" | "download" | ... 2225 more ... | "zoom-out-map"; size?: number | undefined; color: string | OpaqueColorValue; style?: StyleProp<...>; weight?: SymbolWeight | undefined...'.
components/features/pets/profile/EventsTab.tsx(123,71): error TS2339: Property 'date' does not exist on type 'CalendarEvent'.
components/features/pets/profile/EventsTab.tsx(123,87): error TS2339: Property 'time' does not exist on type 'CalendarEvent'.
components/features/pets/profile/EventsTab.tsx(144,41): error TS2322: Type '{ name: string; android_material_icon_name: "history"; size: number; color: string; }' is not assignable to type 'IntrinsicAttributes & { ios_icon_name?: string | undefined; android_material_icon_name: "sort" | "map" | "filter" | "abc" | "web" | "tag" | "group" | "download" | ... 2225 more ... | "zoom-out-map"; size?: number | undefined; color: string | OpaqueColorValue; style?: StyleProp<...>; weight?: SymbolWeight | undefined...'.
  Property 'name' does not exist on type 'IntrinsicAttributes & { ios_icon_name?: string | undefined; android_material_icon_name: "sort" | "map" | "filter" | "abc" | "web" | "tag" | "group" | "download" | ... 2225 more ... | "zoom-out-map"; size?: number | undefined; color: string | OpaqueColorValue; style?: StyleProp<...>; weight?: SymbolWeight | undefined...'.
components/features/pets/profile/EventsTab.tsx(165,53): error TS2322: Type '{ name: any; android_material_icon_name: any; size: number; color: string; }' is not assignable to type 'IntrinsicAttributes & { ios_icon_name?: string | undefined; android_material_icon_name: "sort" | "map" | "filter" | "abc" | "web" | "tag" | "group" | "download" | ... 2225 more ... | "zoom-out-map"; size?: number | undefined; color: string | OpaqueColorValue; style?: StyleProp<...>; weight?: SymbolWeight | undefined...'.
  Property 'name' does not exist on type 'IntrinsicAttributes & { ios_icon_name?: string | undefined; android_material_icon_name: "sort" | "map" | "filter" | "abc" | "web" | "tag" | "group" | "download" | ... 2225 more ... | "zoom-out-map"; size?: number | undefined; color: string | OpaqueColorValue; style?: StyleProp<...>; weight?: SymbolWeight | undefined...'.
components/features/pets/profile/EventsTab.tsx(175,75): error TS2339: Property 'date' does not exist on type 'CalendarEvent'.
components/features/pets/profile/EventsTab.tsx(179,60): error TS2339: Property 'time' does not exist on type 'CalendarEvent'.
components/features/pets/profile/EventsTab.tsx(196,37): error TS2322: Type '{ name: string; android_material_icon_name: "event"; size: number; color: string; }' is not assignable to type 'IntrinsicAttributes & { ios_icon_name?: string | undefined; android_material_icon_name: "sort" | "map" | "filter" | "abc" | "web" | "tag" | "group" | "download" | ... 2225 more ... | "zoom-out-map"; size?: number | undefined; color: string | OpaqueColorValue; style?: StyleProp<...>; weight?: SymbolWeight | undefined...'.
  Property 'name' does not exist on type 'IntrinsicAttributes & { ios_icon_name?: string | undefined; android_material_icon_name: "sort" | "map" | "filter" | "abc" | "web" | "tag" | "group" | "download" | ... 2225 more ... | "zoom-out-map"; size?: number | undefined; color: string | OpaqueColorValue; style?: StyleProp<...>; weight?: SymbolWeight | undefined...'.
components/features/pets/profile/EventsTab.tsx(203,41): error TS2322: Type '{ name: string; android_material_icon_name: "add"; size: number; color: string; }' is not assignable to type 'IntrinsicAttributes & { ios_icon_name?: string | undefined; android_material_icon_name: "sort" | "map" | "filter" | "abc" | "web" | "tag" | "group" | "download" | ... 2225 more ... | "zoom-out-map"; size?: number | undefined; color: string | OpaqueColorValue; style?: StyleProp<...>; weight?: SymbolWeight | undefined...'.
  Property 'name' does not exist on type 'IntrinsicAttributes & { ios_icon_name?: string | undefined; android_material_icon_name: "sort" | "map" | "filter" | "abc" | "web" | "tag" | "group" | "download" | ... 2225 more ... | "zoom-out-map"; size?: number | undefined; color: string | OpaqueColorValue; style?: StyleProp<...>; weight?: SymbolWeight | undefined...'.
components/features/pets/profile/HistoryTab.tsx(172,37): error TS2322: Type '{ name: any; android_material_icon_name: any; size: number; color: string; }' is not assignable to type 'IntrinsicAttributes & { ios_icon_name?: string | undefined; android_material_icon_name: "sort" | "map" | "filter" | "abc" | "web" | "tag" | "group" | "download" | ... 2225 more ... | "zoom-out-map"; size?: number | undefined; color: string | OpaqueColorValue; style?: StyleProp<...>; weight?: SymbolWeight | undefined...'.
  Property 'name' does not exist on type 'IntrinsicAttributes & { ios_icon_name?: string | undefined; android_material_icon_name: "sort" | "map" | "filter" | "abc" | "web" | "tag" | "group" | "download" | ... 2225 more ... | "zoom-out-map"; size?: number | undefined; color: string | OpaqueColorValue; style?: StyleProp<...>; weight?: SymbolWeight | undefined...'.
components/features/pets/profile/HistoryTab.tsx(194,41): error TS2322: Type '{ name: string; android_material_icon_name: "history"; size: number; color: any; }' is not assignable to type 'IntrinsicAttributes & { ios_icon_name?: string | undefined; android_material_icon_name: "sort" | "map" | "filter" | "abc" | "web" | "tag" | "group" | "download" | ... 2225 more ... | "zoom-out-map"; size?: number | undefined; color: string | OpaqueColorValue; style?: StyleProp<...>; weight?: SymbolWeight | undefined...'.
  Property 'name' does not exist on type 'IntrinsicAttributes & { ios_icon_name?: string | undefined; android_material_icon_name: "sort" | "map" | "filter" | "abc" | "web" | "tag" | "group" | "download" | ... 2225 more ... | "zoom-out-map"; size?: number | undefined; color: string | OpaqueColorValue; style?: StyleProp<...>; weight?: SymbolWeight | undefined...'.
components/features/pets/profile/HistoryTab.tsx(194,121): error TS2339: Property 'gray' does not exist on type '{ primary: { 50: string; 100: string; 200: string; 300: string; 400: string; 500: string; 600: string; 700: string; 800: string; 900: string; }; secondary: { paw: string; pawLight: string; pawDark: string; leaf: string; ... 4 more ...; sunDark: string; }; ... 8 more ...; overlay: { ...; }; }'.
components/features/pets/profile/HistoryTab.tsx(210,49): error TS2322: Type '{ name: any; android_material_icon_name: any; size: number; color: string; }' is not assignable to type 'IntrinsicAttributes & { ios_icon_name?: string | undefined; android_material_icon_name: "sort" | "map" | "filter" | "abc" | "web" | "tag" | "group" | "download" | ... 2225 more ... | "zoom-out-map"; size?: number | undefined; color: string | OpaqueColorValue; style?: StyleProp<...>; weight?: SymbolWeight | undefined...'.
  Property 'name' does not exist on type 'IntrinsicAttributes & { ios_icon_name?: string | undefined; android_material_icon_name: "sort" | "map" | "filter" | "abc" | "web" | "tag" | "group" | "download" | ... 2225 more ... | "zoom-out-map"; size?: number | undefined; color: string | OpaqueColorValue; style?: StyleProp<...>; weight?: SymbolWeight | undefined...'.
components/features/pets/profile/OverviewTab.tsx(88,29): error TS2769: No overload matches this call.
  Overload 1 of 2, '(props: LinearGradientProps): LinearGradient', gave the following error.
    Type 'string[]' is not assignable to type 'readonly [ColorValue, ColorValue, ...ColorValue[]]'.
      Source provides no match for required element at position 0 in target.
  Overload 2 of 2, '(props: LinearGradientProps, context: any): LinearGradient', gave the following error.
    Type 'string[]' is not assignable to type 'readonly [ColorValue, ColorValue, ...ColorValue[]]'.
      Source provides no match for required element at position 0 in target.
components/features/pets/profile/OverviewTab.tsx(459,9): error TS1117: An object literal cannot have multiple properties with the same name.
components/features/pets/wizard/Step3Identification.tsx(130,49): error TS2339: Property 'col' does not exist on type '{ container: { flex: number; }; scrollContent: { paddingHorizontal: number; paddingTop: number; }; headerSection: { marginBottom: number; }; title: any; subtitle: any; formSection: { gap: number; }; card: { ...; } | ... 2 more ... | { ...; }; ... 23 more ...; continueButtonText: any; }'.
components/features/pets/wizard/Step3Identification.tsx(141,49): error TS2339: Property 'col' does not exist on type '{ container: { flex: number; }; scrollContent: { paddingHorizontal: number; paddingTop: number; }; headerSection: { marginBottom: number; }; title: any; subtitle: any; formSection: { gap: number; }; card: { ...; } | ... 2 more ... | { ...; }; ... 23 more ...; continueButtonText: any; }'.
components/features/pets/wizard/Step4Contacts.tsx(175,49): error TS2339: Property 'row' does not exist on type '{ container: { flex: number; }; scrollContent: { paddingHorizontal: number; paddingTop: number; }; headerSection: { marginBottom: number; }; title: any; subtitle: any; formSection: { gap: number; }; sectionHeader: { ...; }; ... 10 more ...; continueButtonText: any; }'.
components/features/pets/wizard/Step4Contacts.tsx(176,53): error TS2339: Property 'col' does not exist on type '{ container: { flex: number; }; scrollContent: { paddingHorizontal: number; paddingTop: number; }; headerSection: { marginBottom: number; }; title: any; subtitle: any; formSection: { gap: number; }; sectionHeader: { ...; }; ... 10 more ...; continueButtonText: any; }'.
components/features/pets/wizard/Step4Contacts.tsx(190,53): error TS2339: Property 'col' does not exist on type '{ container: { flex: number; }; scrollContent: { paddingHorizontal: number; paddingTop: number; }; headerSection: { marginBottom: number; }; title: any; subtitle: any; formSection: { gap: number; }; sectionHeader: { ...; }; ... 10 more ...; continueButtonText: any; }'.
components/features/sharing/ActiveLinksList.tsx(109,9): error TS2322: Type '{ data: ShareToken[]; renderItem: ({ item }: { item: PetShareToken; }) => Element; keyExtractor: (item: PetShareToken) => string; contentContainerStyle: { gap: number; }; scrollEnabled: false; estimatedItemSize: number; }' is not assignable to type 'IntrinsicAttributes & FlashListProps<PetShareToken> & { ref?: Ref<FlashListRef<PetShareToken>> | undefined; }'.
  Property 'estimatedItemSize' does not exist on type 'IntrinsicAttributes & FlashListProps<PetShareToken> & { ref?: Ref<FlashListRef<PetShareToken>> | undefined; }'.
components/features/sharing/DesktopShareModal.tsx(5,25): error TS2724: '"@/hooks/usePetSharing"' has no exported member named 'ShareToken'. Did you mean 'PetShareToken'?
components/features/sharing/DesktopShareModal.tsx(167,13): error TS2322: Type 'Element' is not assignable to type '(formState: FormState<any>) => ReactNode'.
  Type 'ReactElement<any, any>' provides no match for the signature '(formState: FormState<any>): ReactNode'.
components/features/sharing/ShareDetailsModal.tsx(12,21): error TS2305: Module '"expo-file-system"' has no exported member 'documentDirectory'.
components/features/sharing/ShareDetailsModal.tsx(67,13): error TS2322: Type '() => void' is not assignable to type '(data: any) => Promise<void>'.
  Type 'void' is not assignable to type 'Promise<void>'.
components/features/sharing/ShareModal.tsx(5,25): error TS2724: '"@/hooks/usePetSharing"' has no exported member named 'ShareToken'. Did you mean 'PetShareToken'?
components/features/sharing/ShareModal.tsx(160,6): error TS2741: Property 'onSubmit' is missing in type '{ children: () => Element; visible: boolean; onClose: () => void; title: string; hideFooter: true; forceLight: true; }' but required in type 'FormModalProps<any>'.
components/forms/FormDatePicker.tsx(47,20): error TS2367: This comparison appears to be unintentional because the types 'Readonly<{ colors: { primary: { 50: string; 100: string; 200: string; 300: string; 400: string; 500: string; 600: string; 700: string; 800: string; 900: string; }; secondary: { paw: string; pawLight: string; pawDark: string; ... 5 more ...; sunDark: string; }; ... 8 more ...; overlay: { ...; }; }; ... 8 more ...; co...' and 'string' have no overlap.
components/forms/FormField.tsx(31,20): error TS2367: This comparison appears to be unintentional because the types 'Readonly<{ colors: { primary: { 50: string; 100: string; 200: string; 300: string; 400: string; 500: string; 600: string; 700: string; 800: string; 900: string; }; secondary: { paw: string; pawLight: string; pawDark: string; ... 5 more ...; sunDark: string; }; ... 8 more ...; overlay: { ...; }; }; ... 8 more ...; co...' and 'string' have no overlap.
components/forms/FormField.tsx(98,31): error TS2769: No overload matches this call.
  Overload 1 of 2, '(props: TextProps): Text', gave the following error.
    Type '{ color: string; marginTop: number; fontSize: number; fontWeight: string; lineHeight: number; letterSpacing: number; }' is not assignable to type 'StyleProp<TextStyle>'.
      Type '{ color: string; marginTop: number; fontSize: number; fontWeight: string; lineHeight: number; letterSpacing: number; }' is not assignable to type 'TextStyle'.
        Types of property 'fontWeight' are incompatible.
          Type 'string' is not assignable to type '100 | 300 | "light" | "400" | "500" | "600" | "700" | 200 | 400 | 500 | 800 | "normal" | "100" | "200" | "300" | "800" | "900" | "bold" | "medium" | "black" | 600 | 700 | 900 | "ultralight" | ... 6 more ... | undefined'.
  Overload 2 of 2, '(props: TextProps, context: any): Text', gave the following error.
    Type '{ color: string; marginTop: number; fontSize: number; fontWeight: string; lineHeight: number; letterSpacing: number; }' is not assignable to type 'StyleProp<TextStyle>'.
      Type '{ color: string; marginTop: number; fontSize: number; fontWeight: string; lineHeight: number; letterSpacing: number; }' is not assignable to type 'TextStyle'.
        Types of property 'fontWeight' are incompatible.
          Type 'string' is not assignable to type '100 | 300 | "light" | "400" | "500" | "600" | "700" | 200 | 400 | 500 | 800 | "normal" | "100" | "200" | "300" | "800" | "900" | "bold" | "medium" | "black" | 600 | 700 | 900 | "ultralight" | ... 6 more ... | undefined'.
components/forms/FormImagePicker.tsx(38,20): error TS2367: This comparison appears to be unintentional because the types 'Readonly<{ colors: { primary: { 50: string; 100: string; 200: string; 300: string; 400: string; 500: string; 600: string; 700: string; 800: string; 900: string; }; secondary: { paw: string; pawLight: string; pawDark: string; ... 5 more ...; sunDark: string; }; ... 8 more ...; overlay: { ...; }; }; ... 8 more ...; co...' and 'string' have no overlap.
components/forms/FormImagePicker.tsx(48,20): error TS7053: Element implicitly has an 'any' type because expression of type '400' can't be used to index type '{ 50: string; 100: string; 500: string; 600: string; 700: string; }'.
  Property '400' does not exist on type '{ 50: string; 100: string; 500: string; 600: string; 700: string; }'.
components/forms/FormImagePicker.tsx(158,29): error TS2820: Type '"photo_camera"' is not assignable to type '"sort" | "map" | "filter" | "abc" | "web" | "tag" | "group" | "download" | "style" | "accessible" | "scale" | "animation" | "opacity" | "visibility" | "height" | "margin" | "padding" | ... 2216 more ... | "zoom-out-map"'. Did you mean '"photo-camera"'?
components/forms/FormRadioGroup.tsx(28,20): error TS2367: This comparison appears to be unintentional because the types 'Readonly<{ colors: { primary: { 50: string; 100: string; 200: string; 300: string; 400: string; 500: string; 600: string; 700: string; 800: string; 900: string; }; secondary: { paw: string; pawLight: string; pawDark: string; ... 5 more ...; sunDark: string; }; ... 8 more ...; overlay: { ...; }; }; ... 8 more ...; co...' and 'string' have no overlap.
components/forms/FormRadioGroup.tsx(37,20): error TS7053: Element implicitly has an 'any' type because expression of type '400' can't be used to index type '{ 50: string; 100: string; 500: string; 600: string; 700: string; }'.
  Property '400' does not exist on type '{ 50: string; 100: string; 500: string; 600: string; 700: string; }'.
components/forms/FormRangeSlider.tsx(39,20): error TS2367: This comparison appears to be unintentional because the types 'Readonly<{ colors: { primary: { 50: string; 100: string; 200: string; 300: string; 400: string; 500: string; 600: string; 700: string; 800: string; 900: string; }; secondary: { paw: string; pawLight: string; pawDark: string; ... 5 more ...; sunDark: string; }; ... 8 more ...; overlay: { ...; }; }; ... 8 more ...; co...' and 'string' have no overlap.
components/forms/FormRangeSlider.tsx(49,20): error TS7053: Element implicitly has an 'any' type because expression of type '400' can't be used to index type '{ 50: string; 100: string; 500: string; 600: string; 700: string; }'.
  Property '400' does not exist on type '{ 50: string; 100: string; 500: string; 600: string; 700: string; }'.
components/forms/FormSegmentedControl.tsx(26,20): error TS2367: This comparison appears to be unintentional because the types 'Readonly<{ colors: { primary: { 50: string; 100: string; 200: string; 300: string; 400: string; 500: string; 600: string; 700: string; 800: string; 900: string; }; secondary: { paw: string; pawLight: string; pawDark: string; ... 5 more ...; sunDark: string; }; ... 8 more ...; overlay: { ...; }; }; ... 8 more ...; co...' and 'string' have no overlap.
components/forms/FormSegmentedControl.tsx(47,20): error TS7053: Element implicitly has an 'any' type because expression of type '400' can't be used to index type '{ 50: string; 100: string; 500: string; 600: string; 700: string; }'.
  Property '400' does not exist on type '{ 50: string; 100: string; 500: string; 600: string; 700: string; }'.
components/forms/FormSelect.tsx(33,20): error TS2367: This comparison appears to be unintentional because the types 'Readonly<{ colors: { primary: { 50: string; 100: string; 200: string; 300: string; 400: string; 500: string; 600: string; 700: string; 800: string; 900: string; }; secondary: { paw: string; pawLight: string; pawDark: string; ... 5 more ...; sunDark: string; }; ... 8 more ...; overlay: { ...; }; }; ... 8 more ...; co...' and 'string' have no overlap.
components/forms/FormSelect.tsx(45,27): error TS2769: No overload matches this call.
  Overload 1 of 2, '(props: ViewProps): View', gave the following error.
    Type 'ViewStyle | TextStyle | ImageStyle' is not assignable to type 'StyleProp<ViewStyle>'.
      Type 'TextStyle' is not assignable to type 'StyleProp<ViewStyle>'.
        Type 'TextStyle' is not assignable to type 'ViewStyle'.
          Types of property 'cursor' are incompatible.
            Type 'string | undefined' is not assignable to type 'CursorValue | undefined'.
              Type 'string' is not assignable to type 'CursorValue | undefined'.
  Overload 2 of 2, '(props: ViewProps, context: any): View', gave the following error.
    Type 'ViewStyle | TextStyle | ImageStyle' is not assignable to type 'StyleProp<ViewStyle>'.
      Type 'TextStyle' is not assignable to type 'StyleProp<ViewStyle>'.
        Type 'TextStyle' is not assignable to type 'ViewStyle'.
          Types of property 'cursor' are incompatible.
            Type 'string | undefined' is not assignable to type 'CursorValue | undefined'.
              Type 'string' is not assignable to type 'CursorValue | undefined'.
components/forms/FormSelect.tsx(47,31): error TS2769: No overload matches this call.
  Overload 1 of 2, '(props: ViewProps): View', gave the following error.
    Type 'ViewStyle | TextStyle | ImageStyle' is not assignable to type 'StyleProp<ViewStyle>'.
      Type 'TextStyle' is not assignable to type 'StyleProp<ViewStyle>'.
        Type 'TextStyle' is not assignable to type 'ViewStyle'.
          Types of property 'cursor' are incompatible.
            Type 'string | undefined' is not assignable to type 'CursorValue | undefined'.
              Type 'string' is not assignable to type 'CursorValue | undefined'.
  Overload 2 of 2, '(props: ViewProps, context: any): View', gave the following error.
    Type 'ViewStyle | TextStyle | ImageStyle' is not assignable to type 'StyleProp<ViewStyle>'.
      Type 'TextStyle' is not assignable to type 'StyleProp<ViewStyle>'.
        Type 'TextStyle' is not assignable to type 'ViewStyle'.
          Types of property 'cursor' are incompatible.
            Type 'string | undefined' is not assignable to type 'CursorValue | undefined'.
              Type 'string' is not assignable to type 'CursorValue | undefined'.
components/forms/FormSelect.tsx(48,30): error TS2769: No overload matches this call.
  Overload 2 of 2, '(props: TextProps, context: any): Text', gave the following error.
    Type 'ViewStyle | TextStyle | ImageStyle' is not assignable to type 'TextStyle | Falsy | RegisteredStyle<TextStyle> | RecursiveArray<TextStyle | Falsy | RegisteredStyle<TextStyle>> | readonly (TextStyle | ... 1 more ... | RegisteredStyle<...>)[]'.
      Type 'ViewStyle' is not assignable to type 'TextStyle | Falsy | RegisteredStyle<TextStyle> | RecursiveArray<TextStyle | Falsy | RegisteredStyle<TextStyle>> | readonly (TextStyle | ... 1 more ... | RegisteredStyle<...>)[]'.
        Type 'ViewStyle' is not assignable to type 'TextStyle'.
          Types of property 'userSelect' are incompatible.
            Type 'string | undefined' is not assignable to type '"contain" | "none" | "auto" | "text" | "all" | undefined'.
              Type 'string' is not assignable to type '"contain" | "none" | "auto" | "text" | "all" | undefined'.
  Overload 2 of 2, '(props: TextProps, context: any): Text', gave the following error.
    Type 'false | ViewStyle | TextStyle | ImageStyle' is not assignable to type 'TextStyle | Falsy | RegisteredStyle<TextStyle> | RecursiveArray<TextStyle | Falsy | RegisteredStyle<TextStyle>> | readonly (TextStyle | ... 1 more ... | RegisteredStyle<...>)[]'.
      Type 'ViewStyle' is not assignable to type 'TextStyle | Falsy | RegisteredStyle<TextStyle> | RecursiveArray<TextStyle | Falsy | RegisteredStyle<TextStyle>> | readonly (TextStyle | ... 1 more ... | RegisteredStyle<...>)[]'.
        Type 'ViewStyle' is not assignable to type 'TextStyle'.
          Types of property 'userSelect' are incompatible.
            Type 'string | undefined' is not assignable to type '"contain" | "none" | "auto" | "text" | "all" | undefined'.
              Type 'string' is not assignable to type '"contain" | "none" | "auto" | "text" | "all" | undefined'.
components/forms/FormSelect.tsx(50,52): error TS2769: No overload matches this call.
  Overload 1 of 2, '(props: TextProps): Text', gave the following error.
    Type 'ViewStyle | TextStyle | ImageStyle' is not assignable to type 'StyleProp<TextStyle>'.
      Type 'ViewStyle' is not assignable to type 'StyleProp<TextStyle>'.
        Type 'ViewStyle' is not assignable to type 'TextStyle'.
          Types of property 'userSelect' are incompatible.
            Type 'string | undefined' is not assignable to type '"contain" | "none" | "auto" | "text" | "all" | undefined'.
              Type 'string' is not assignable to type '"contain" | "none" | "auto" | "text" | "all" | undefined'.
  Overload 2 of 2, '(props: TextProps, context: any): Text', gave the following error.
    Type 'ViewStyle | TextStyle | ImageStyle' is not assignable to type 'StyleProp<TextStyle>'.
      Type 'ViewStyle' is not assignable to type 'StyleProp<TextStyle>'.
        Type 'ViewStyle' is not assignable to type 'TextStyle'.
          Types of property 'userSelect' are incompatible.
            Type 'string | undefined' is not assignable to type '"contain" | "none" | "auto" | "text" | "all" | undefined'.
              Type 'string' is not assignable to type '"contain" | "none" | "auto" | "text" | "all" | undefined'.
components/forms/FormSelect.tsx(57,33): error TS2322: Type 'ViewStyle | TextStyle | ImageStyle' is not assignable to type 'ViewStyle | Falsy | RegisteredStyle<ViewStyle> | RecursiveArray<ViewStyle | Falsy | RegisteredStyle<ViewStyle>> | readonly (ViewStyle | ... 1 more ... | RegisteredStyle<...>)[]'.
  Type 'TextStyle' is not assignable to type 'ViewStyle | Falsy | RegisteredStyle<ViewStyle> | RecursiveArray<ViewStyle | Falsy | RegisteredStyle<ViewStyle>> | readonly (ViewStyle | ... 1 more ... | RegisteredStyle<...>)[]'.
    Type 'TextStyle' is not assignable to type 'ViewStyle'.
      Types of property 'cursor' are incompatible.
        Type 'string | undefined' is not assignable to type 'CursorValue | undefined'.
          Type 'string' is not assignable to type 'CursorValue | undefined'.
components/forms/FormSelect.tsx(58,33): error TS2322: Type 'false | ViewStyle | TextStyle | ImageStyle' is not assignable to type 'ViewStyle | Falsy | RegisteredStyle<ViewStyle> | RecursiveArray<ViewStyle | Falsy | RegisteredStyle<ViewStyle>> | readonly (ViewStyle | ... 1 more ... | RegisteredStyle<...>)[]'.
  Type 'TextStyle' is not assignable to type 'ViewStyle | Falsy | RegisteredStyle<ViewStyle> | RecursiveArray<ViewStyle | Falsy | RegisteredStyle<ViewStyle>> | readonly (ViewStyle | ... 1 more ... | RegisteredStyle<...>)[]'.
    Type 'TextStyle' is not assignable to type 'ViewStyle'.
      Types of property 'cursor' are incompatible.
        Type 'string | undefined' is not assignable to type 'CursorValue | undefined'.
          Type 'string' is not assignable to type 'CursorValue | undefined'.
components/forms/FormSelect.tsx(59,33): error TS2322: Type 'ViewStyle | TextStyle | ImageStyle | undefined' is not assignable to type 'ViewStyle | Falsy | RegisteredStyle<ViewStyle> | RecursiveArray<ViewStyle | Falsy | RegisteredStyle<ViewStyle>> | readonly (ViewStyle | ... 1 more ... | RegisteredStyle<...>)[]'.
  Type 'TextStyle' is not assignable to type 'ViewStyle | Falsy | RegisteredStyle<ViewStyle> | RecursiveArray<ViewStyle | Falsy | RegisteredStyle<ViewStyle>> | readonly (ViewStyle | ... 1 more ... | RegisteredStyle<...>)[]'.
    Type 'TextStyle' is not assignable to type 'ViewStyle'.
      Types of property 'cursor' are incompatible.
        Type 'string | undefined' is not assignable to type 'CursorValue | undefined'.
          Type 'string' is not assignable to type 'CursorValue | undefined'.
components/forms/FormSelect.tsx(63,30): error TS2769: No overload matches this call.
  Overload 2 of 2, '(props: TextProps, context: any): Text', gave the following error.
    Type 'ViewStyle | TextStyle | ImageStyle' is not assignable to type 'TextStyle | Falsy | RegisteredStyle<TextStyle> | RecursiveArray<TextStyle | Falsy | RegisteredStyle<TextStyle>> | readonly (TextStyle | ... 1 more ... | RegisteredStyle<...>)[]'.
      Type 'ViewStyle' is not assignable to type 'TextStyle | Falsy | RegisteredStyle<TextStyle> | RecursiveArray<TextStyle | Falsy | RegisteredStyle<TextStyle>> | readonly (TextStyle | ... 1 more ... | RegisteredStyle<...>)[]'.
        Type 'ViewStyle' is not assignable to type 'TextStyle'.
          Types of property 'userSelect' are incompatible.
            Type 'string | undefined' is not assignable to type '"contain" | "none" | "auto" | "text" | "all" | undefined'.
              Type 'string' is not assignable to type '"contain" | "none" | "auto" | "text" | "all" | undefined'.
  Overload 2 of 2, '(props: TextProps, context: any): Text', gave the following error.
    Type 'false | ViewStyle | TextStyle | ImageStyle' is not assignable to type 'TextStyle | Falsy | RegisteredStyle<TextStyle> | RecursiveArray<TextStyle | Falsy | RegisteredStyle<TextStyle>> | readonly (TextStyle | ... 1 more ... | RegisteredStyle<...>)[]'.
      Type 'ViewStyle' is not assignable to type 'TextStyle | Falsy | RegisteredStyle<TextStyle> | RecursiveArray<TextStyle | Falsy | RegisteredStyle<TextStyle>> | readonly (TextStyle | ... 1 more ... | RegisteredStyle<...>)[]'.
        Type 'ViewStyle' is not assignable to type 'TextStyle'.
          Types of property 'userSelect' are incompatible.
            Type 'string | undefined' is not assignable to type '"contain" | "none" | "auto" | "text" | "all" | undefined'.
              Type 'string' is not assignable to type '"contain" | "none" | "auto" | "text" | "all" | undefined'.
  Overload 2 of 2, '(props: TextProps, context: any): Text', gave the following error.
    Type 'false | ViewStyle | TextStyle | ImageStyle' is not assignable to type 'TextStyle | Falsy | RegisteredStyle<TextStyle> | RecursiveArray<TextStyle | Falsy | RegisteredStyle<TextStyle>> | readonly (TextStyle | ... 1 more ... | RegisteredStyle<...>)[]'.
      Type 'ViewStyle' is not assignable to type 'TextStyle | Falsy | RegisteredStyle<TextStyle> | RecursiveArray<TextStyle | Falsy | RegisteredStyle<TextStyle>> | readonly (TextStyle | ... 1 more ... | RegisteredStyle<...>)[]'.
        Type 'ViewStyle' is not assignable to type 'TextStyle'.
          Types of property 'userSelect' are incompatible.
            Type 'string | undefined' is not assignable to type '"contain" | "none" | "auto" | "text" | "all" | undefined'.
              Type 'string' is not assignable to type '"contain" | "none" | "auto" | "text" | "all" | undefined'.
components/forms/FormSelect.tsx(80,35): error TS2769: No overload matches this call.
  Overload 1 of 2, '(props: TextProps): Text', gave the following error.
    Type 'ViewStyle | TextStyle | ImageStyle' is not assignable to type 'StyleProp<TextStyle>'.
      Type 'ViewStyle' is not assignable to type 'StyleProp<TextStyle>'.
        Type 'ViewStyle' is not assignable to type 'TextStyle'.
          Types of property 'userSelect' are incompatible.
            Type 'string | undefined' is not assignable to type '"contain" | "none" | "auto" | "text" | "all" | undefined'.
              Type 'string' is not assignable to type '"contain" | "none" | "auto" | "text" | "all" | undefined'.
  Overload 2 of 2, '(props: TextProps, context: any): Text', gave the following error.
    Type 'ViewStyle | TextStyle | ImageStyle' is not assignable to type 'StyleProp<TextStyle>'.
      Type 'ViewStyle' is not assignable to type 'StyleProp<TextStyle>'.
        Type 'ViewStyle' is not assignable to type 'TextStyle'.
          Types of property 'userSelect' are incompatible.
            Type 'string | undefined' is not assignable to type '"contain" | "none" | "auto" | "text" | "all" | undefined'.
              Type 'string' is not assignable to type '"contain" | "none" | "auto" | "text" | "all" | undefined'.
components/forms/FormSelect.tsx(91,33): error TS2322: Type 'ViewStyle | TextStyle | ImageStyle' is not assignable to type 'StyleProp<ViewStyle>'.
  Type 'TextStyle' is not assignable to type 'StyleProp<ViewStyle>'.
    Type 'TextStyle' is not assignable to type 'ViewStyle'.
      Types of property 'cursor' are incompatible.
        Type 'string | undefined' is not assignable to type 'CursorValue | undefined'.
          Type 'string' is not assignable to type 'CursorValue | undefined'.
components/forms/FormSelect.tsx(95,34): error TS2769: No overload matches this call.
  Overload 2 of 2, '(props: ViewProps, context: any): View', gave the following error.
    Type 'ViewStyle | TextStyle | ImageStyle' is not assignable to type 'ViewStyle | Falsy | RegisteredStyle<ViewStyle> | RecursiveArray<ViewStyle | Falsy | RegisteredStyle<ViewStyle>> | readonly (ViewStyle | ... 1 more ... | RegisteredStyle<...>)[]'.
      Type 'TextStyle' is not assignable to type 'ViewStyle | Falsy | RegisteredStyle<ViewStyle> | RecursiveArray<ViewStyle | Falsy | RegisteredStyle<ViewStyle>> | readonly (ViewStyle | ... 1 more ... | RegisteredStyle<...>)[]'.
        Type 'TextStyle' is not assignable to type 'ViewStyle'.
          Types of property 'cursor' are incompatible.
            Type 'string | undefined' is not assignable to type 'CursorValue | undefined'.
              Type 'string' is not assignable to type 'CursorValue | undefined'.
  Overload 2 of 2, '(props: ViewProps, context: any): View', gave the following error.
    Type 'false | ViewStyle | TextStyle | ImageStyle' is not assignable to type 'ViewStyle | Falsy | RegisteredStyle<ViewStyle> | RecursiveArray<ViewStyle | Falsy | RegisteredStyle<ViewStyle>> | readonly (ViewStyle | ... 1 more ... | RegisteredStyle<...>)[]'.
      Type 'TextStyle' is not assignable to type 'ViewStyle | Falsy | RegisteredStyle<ViewStyle> | RecursiveArray<ViewStyle | Falsy | RegisteredStyle<ViewStyle>> | readonly (ViewStyle | ... 1 more ... | RegisteredStyle<...>)[]'.
        Type 'TextStyle' is not assignable to type 'ViewStyle'.
          Types of property 'cursor' are incompatible.
            Type 'string | undefined' is not assignable to type 'CursorValue | undefined'.
              Type 'string' is not assignable to type 'CursorValue | undefined'.
components/forms/FormSelect.tsx(96,43): error TS2769: No overload matches this call.
  Overload 1 of 2, '(props: ViewProps): View', gave the following error.
    Type 'ViewStyle | TextStyle | ImageStyle' is not assignable to type 'StyleProp<ViewStyle>'.
      Type 'TextStyle' is not assignable to type 'StyleProp<ViewStyle>'.
        Type 'TextStyle' is not assignable to type 'ViewStyle'.
          Types of property 'cursor' are incompatible.
            Type 'string | undefined' is not assignable to type 'CursorValue | undefined'.
              Type 'string' is not assignable to type 'CursorValue | undefined'.
  Overload 2 of 2, '(props: ViewProps, context: any): View', gave the following error.
    Type 'ViewStyle | TextStyle | ImageStyle' is not assignable to type 'StyleProp<ViewStyle>'.
      Type 'TextStyle' is not assignable to type 'StyleProp<ViewStyle>'.
        Type 'TextStyle' is not assignable to type 'ViewStyle'.
          Types of property 'cursor' are incompatible.
            Type 'string | undefined' is not assignable to type 'CursorValue | undefined'.
              Type 'string' is not assignable to type 'CursorValue | undefined'.
components/forms/FormSelect.tsx(97,42): error TS2769: No overload matches this call.
  Overload 2 of 2, '(props: TextProps, context: any): Text', gave the following error.
    Type 'ViewStyle | TextStyle | ImageStyle' is not assignable to type 'TextStyle | Falsy | RegisteredStyle<TextStyle> | RecursiveArray<TextStyle | Falsy | RegisteredStyle<TextStyle>> | readonly (TextStyle | ... 1 more ... | RegisteredStyle<...>)[]'.
      Type 'ViewStyle' is not assignable to type 'TextStyle | Falsy | RegisteredStyle<TextStyle> | RecursiveArray<TextStyle | Falsy | RegisteredStyle<TextStyle>> | readonly (TextStyle | ... 1 more ... | RegisteredStyle<...>)[]'.
        Type 'ViewStyle' is not assignable to type 'TextStyle'.
          Types of property 'userSelect' are incompatible.
            Type 'string | undefined' is not assignable to type '"contain" | "none" | "auto" | "text" | "all" | undefined'.
              Type 'string' is not assignable to type '"contain" | "none" | "auto" | "text" | "all" | undefined'.
  Overload 2 of 2, '(props: TextProps, context: any): Text', gave the following error.
    Type 'false | ViewStyle | TextStyle | ImageStyle' is not assignable to type 'TextStyle | Falsy | RegisteredStyle<TextStyle> | RecursiveArray<TextStyle | Falsy | RegisteredStyle<TextStyle>> | readonly (TextStyle | ... 1 more ... | RegisteredStyle<...>)[]'.
      Type 'ViewStyle' is not assignable to type 'TextStyle | Falsy | RegisteredStyle<TextStyle> | RecursiveArray<TextStyle | Falsy | RegisteredStyle<TextStyle>> | readonly (TextStyle | ... 1 more ... | RegisteredStyle<...>)[]'.
        Type 'ViewStyle' is not assignable to type 'TextStyle'.
          Types of property 'userSelect' are incompatible.
            Type 'string | undefined' is not assignable to type '"contain" | "none" | "auto" | "text" | "all" | undefined'.
              Type 'string' is not assignable to type '"contain" | "none" | "auto" | "text" | "all" | undefined'.
components/forms/FormSelect.tsx(116,53): error TS2322: Type 'ViewStyle | TextStyle | ImageStyle' is not assignable to type 'ViewStyle | Falsy | RegisteredStyle<ViewStyle> | RecursiveArray<ViewStyle | Falsy | RegisteredStyle<ViewStyle>> | readonly (ViewStyle | ... 1 more ... | RegisteredStyle<...>)[]'.
  Type 'TextStyle' is not assignable to type 'ViewStyle | Falsy | RegisteredStyle<ViewStyle> | RecursiveArray<ViewStyle | Falsy | RegisteredStyle<ViewStyle>> | readonly (ViewStyle | ... 1 more ... | RegisteredStyle<...>)[]'.
    Type 'TextStyle' is not assignable to type 'ViewStyle'.
      Types of property 'cursor' are incompatible.
        Type 'string | undefined' is not assignable to type 'CursorValue | undefined'.
          Type 'string' is not assignable to type 'CursorValue | undefined'.
components/forms/FormSelect.tsx(117,53): error TS2322: Type 'false | ViewStyle | TextStyle | ImageStyle' is not assignable to type 'ViewStyle | Falsy | RegisteredStyle<ViewStyle> | RecursiveArray<ViewStyle | Falsy | RegisteredStyle<ViewStyle>> | readonly (ViewStyle | ... 1 more ... | RegisteredStyle<...>)[]'.
  Type 'TextStyle' is not assignable to type 'ViewStyle | Falsy | RegisteredStyle<ViewStyle> | RecursiveArray<ViewStyle | Falsy | RegisteredStyle<ViewStyle>> | readonly (ViewStyle | ... 1 more ... | RegisteredStyle<...>)[]'.
    Type 'TextStyle' is not assignable to type 'ViewStyle'.
      Types of property 'cursor' are incompatible.
        Type 'string | undefined' is not assignable to type 'CursorValue | undefined'.
          Type 'string' is not assignable to type 'CursorValue | undefined'.
components/forms/FormSelect.tsx(124,50): error TS2769: No overload matches this call.
  Overload 2 of 2, '(props: TextProps, context: any): Text', gave the following error.
    Type 'ViewStyle | TextStyle | ImageStyle' is not assignable to type 'TextStyle | Falsy | RegisteredStyle<TextStyle> | RecursiveArray<TextStyle | Falsy | RegisteredStyle<TextStyle>> | readonly (TextStyle | ... 1 more ... | RegisteredStyle<...>)[]'.
      Type 'ViewStyle' is not assignable to type 'TextStyle | Falsy | RegisteredStyle<TextStyle> | RecursiveArray<TextStyle | Falsy | RegisteredStyle<TextStyle>> | readonly (TextStyle | ... 1 more ... | RegisteredStyle<...>)[]'.
        Type 'ViewStyle' is not assignable to type 'TextStyle'.
          Types of property 'userSelect' are incompatible.
            Type 'string | undefined' is not assignable to type '"contain" | "none" | "auto" | "text" | "all" | undefined'.
              Type 'string' is not assignable to type '"contain" | "none" | "auto" | "text" | "all" | undefined'.
  Overload 2 of 2, '(props: TextProps, context: any): Text', gave the following error.
    Type 'false | ViewStyle | TextStyle | ImageStyle' is not assignable to type 'TextStyle | Falsy | RegisteredStyle<TextStyle> | RecursiveArray<TextStyle | Falsy | RegisteredStyle<TextStyle>> | readonly (TextStyle | ... 1 more ... | RegisteredStyle<...>)[]'.
      Type 'ViewStyle' is not assignable to type 'TextStyle | Falsy | RegisteredStyle<TextStyle> | RecursiveArray<TextStyle | Falsy | RegisteredStyle<TextStyle>> | readonly (TextStyle | ... 1 more ... | RegisteredStyle<...>)[]'.
        Type 'ViewStyle' is not assignable to type 'TextStyle'.
          Types of property 'userSelect' are incompatible.
            Type 'string | undefined' is not assignable to type '"contain" | "none" | "auto" | "text" | "all" | undefined'.
              Type 'string' is not assignable to type '"contain" | "none" | "auto" | "text" | "all" | undefined'.
  Overload 2 of 2, '(props: TextProps, context: any): Text', gave the following error.
    Type 'false | ViewStyle | TextStyle | ImageStyle' is not assignable to type 'TextStyle | Falsy | RegisteredStyle<TextStyle> | RecursiveArray<TextStyle | Falsy | RegisteredStyle<TextStyle>> | readonly (TextStyle | ... 1 more ... | RegisteredStyle<...>)[]'.
      Type 'ViewStyle' is not assignable to type 'TextStyle | Falsy | RegisteredStyle<TextStyle> | RecursiveArray<TextStyle | Falsy | RegisteredStyle<TextStyle>> | readonly (TextStyle | ... 1 more ... | RegisteredStyle<...>)[]'.
        Type 'ViewStyle' is not assignable to type 'TextStyle'.
          Types of property 'userSelect' are incompatible.
            Type 'string | undefined' is not assignable to type '"contain" | "none" | "auto" | "text" | "all" | undefined'.
              Type 'string' is not assignable to type '"contain" | "none" | "auto" | "text" | "all" | undefined'.
components/forms/FormSelect.tsx(230,5): error TS2322: Type '{ color: string; fontSize: number; fontWeight: string; lineHeight: number; letterSpacing: number; }' is not assignable to type 'ViewStyle | TextStyle | ImageStyle'.
  Type '{ color: string; fontSize: number; fontWeight: string; lineHeight: number; letterSpacing: number; }' is not assignable to type 'TextStyle'.
    Types of property 'fontWeight' are incompatible.
      Type 'string' is not assignable to type '100 | 300 | "light" | "400" | "500" | "600" | "700" | 200 | 400 | 500 | 800 | "normal" | "100" | "200" | "300" | "800" | "900" | "bold" | "medium" | "black" | 600 | 700 | 900 | "ultralight" | ... 6 more ... | undefined'.
components/forms/FormToggle.tsx(24,20): error TS2367: This comparison appears to be unintentional because the types 'Readonly<{ colors: { primary: { 50: string; 100: string; 200: string; 300: string; 400: string; 500: string; 600: string; 700: string; 800: string; 900: string; }; secondary: { paw: string; pawLight: string; pawDark: string; ... 5 more ...; sunDark: string; }; ... 8 more ...; overlay: { ...; }; }; ... 8 more ...; co...' and 'string' have no overlap.
components/forms/FormToggle.tsx(44,20): error TS7053: Element implicitly has an 'any' type because expression of type '400' can't be used to index type '{ 50: string; 100: string; 500: string; 600: string; 700: string; }'.
  Property '400' does not exist on type '{ 50: string; 100: string; 500: string; 600: string; 700: string; }'.
components/forms/index.ts(3,10): error TS2305: Module '"./TextInput"' has no exported member 'default'.
components/forms/TextInput.tsx(17,5): error TS2339: Property 'error' does not exist on type 'TextInputProps'.
components/forms/TextInput.tsx(31,20): error TS2322: Type '{ theme?: ThemeName | null | undefined; debug?: DebugProp | undefined; hitSlop?: ((number | Insets) & (number | Insets)) | null | undefined; ... 640 more ...; error: any; }' is not assignable to type 'IntrinsicAttributes & Omit<TamaguiComponentPropsBaseBase & TextInputProps & InputExtraProps, "disabled" | ... 4 more ... | "placeholderTextColor"> & ... 5 more ... & RefAttributes<...>'.
  Property 'error' does not exist on type 'IntrinsicAttributes & Omit<TamaguiComponentPropsBaseBase & TextInputProps & InputExtraProps, "disabled" | ... 4 more ... | "placeholderTextColor"> & ... 5 more ... & RefAttributes<...>'.
components/forms/TextInput.tsx(34,23): error TS2322: Type '"$sm"' is not assignable to type '"unset" | GetThemeValueForKey<"fontSize"> | undefined'.
components/forms/TextInput.tsx(40,23): error TS2322: Type '"$sm"' is not assignable to type '"unset" | GetThemeValueForKey<"fontSize"> | undefined'.
components/health/MedicationWidget.tsx(43,53): error TS2322: Type '"pill"' is not assignable to type '"sort" | "map" | "filter" | "abc" | "web" | "tag" | "group" | "download" | "style" | "accessible" | "scale" | "animation" | "opacity" | "visibility" | "height" | "margin" | "padding" | ... 2216 more ... | "zoom-out-map"'.
components/health/PetHealthProfile.tsx(22,9): error TS2339: Property 'summary' does not exist on type '{ recentEvents: HealthEvent[]; upcomingEvents: HealthEvent[]; activeTreatments: MedicationTrackerView[]; loading: boolean; refresh: () => Promise<...>; }'.
components/health/PetHealthProfile.tsx(23,9): error TS2339: Property 'vaccinations' does not exist on type '{ recentEvents: HealthEvent[]; upcomingEvents: HealthEvent[]; activeTreatments: MedicationTrackerView[]; loading: boolean; refresh: () => Promise<...>; }'.
components/health/PetHealthProfile.tsx(24,9): error TS2339: Property 'medications' does not exist on type '{ recentEvents: HealthEvent[]; upcomingEvents: HealthEvent[]; activeTreatments: MedicationTrackerView[]; loading: boolean; refresh: () => Promise<...>; }'.
components/health/PetHealthProfile.tsx(25,9): error TS2339: Property 'preventiveCare' does not exist on type '{ recentEvents: HealthEvent[]; upcomingEvents: HealthEvent[]; activeTreatments: MedicationTrackerView[]; loading: boolean; refresh: () => Promise<...>; }'.
components/health/PetHealthProfile.tsx(27,9): error TS2339: Property 'error' does not exist on type '{ recentEvents: HealthEvent[]; upcomingEvents: HealthEvent[]; activeTreatments: MedicationTrackerView[]; loading: boolean; refresh: () => Promise<...>; }'.
components/health/PetHealthProfile.tsx(62,79): error TS2322: Type '{ score: any; isLoading: boolean; }' is not assignable to type 'IntrinsicAttributes & HealthScoreWidgetProps'.
  Property 'isLoading' does not exist on type 'IntrinsicAttributes & HealthScoreWidgetProps'. Did you mean 'loading'?
components/index.ts(19,10): error TS2305: Module '"./base"' has no exported member 'BadgeProps'.
components/index.ts(20,10): error TS2305: Module '"./base"' has no exported member 'AvatarProps'.
components/index.ts(31,5): error TS2305: Module '"./forms"' has no exported member 'Checkbox'.
components/index.ts(32,5): error TS2305: Module '"./forms"' has no exported member 'Switch'.
components/index.ts(33,5): error TS2305: Module '"./forms"' has no exported member 'RadioGroup'.
components/index.ts(34,5): error TS2305: Module '"./forms"' has no exported member 'SearchBar'.
components/index.ts(35,10): error TS2305: Module '"./forms"' has no exported member 'TextInputProps'.
components/index.ts(36,10): error TS2305: Module '"./forms"' has no exported member 'CheckboxProps'.
components/index.ts(37,10): error TS2305: Module '"./forms"' has no exported member 'SwitchProps'.
components/index.ts(38,10): error TS2305: Module '"./forms"' has no exported member 'RadioGroupProps'.
components/index.ts(39,10): error TS2305: Module '"./forms"' has no exported member 'RadioOption'.
components/index.ts(40,10): error TS2305: Module '"./forms"' has no exported member 'SearchBarProps'.
components/index.ts(59,26): error TS2305: Module '"tamagui"' has no exported member 'SeparatorProps'.
components/layout/AppHeader.tsx(232,12): error TS2741: Property 'petName' is missing in type '{ visible: boolean; onClose: () => void; petId: string; }' but required in type 'ShareModalProps'.
components/layout/CollapsibleSection.tsx(29,20): error TS2367: This comparison appears to be unintentional because the types 'Readonly<{ colors: { primary: { 50: string; 100: string; 200: string; 300: string; 400: string; 500: string; 600: string; 700: string; 800: string; 900: string; }; secondary: { paw: string; pawLight: string; pawDark: string; ... 5 more ...; sunDark: string; }; ... 8 more ...; overlay: { ...; }; }; ... 8 more ...; co...' and 'string' have no overlap.
components/layout/FloatingTabBar.tsx(42,48): error TS2304: Cannot find name 'containerWidth'.
components/layout/FloatingTabBar.tsx(42,78): error TS2304: Cannot find name 'containerWidth'.
components/layout/FloatingTabBar.tsx(96,21): error TS2304: Cannot find name 'containerWidth'.
components/layout/FloatingTabBar.tsx(134,15): error TS2769: No overload matches this call.
  Overload 1 of 2, '(props: ViewProps): View', gave the following error.
    Type '{ backgroundColor: string; borderRadius: number; borderWidth: number; borderColor: string; shadowColor: string; shadowOpacity: number; shadowRadius: number; shadowOffset: { width: number; height: number; }; elevation: number; overflow: string; }' is not assignable to type 'StyleProp<ViewStyle>'.
      Type '{ backgroundColor: string; borderRadius: number; borderWidth: number; borderColor: string; shadowColor: string; shadowOpacity: number; shadowRadius: number; shadowOffset: { width: number; height: number; }; elevation: number; overflow: string; }' is not assignable to type 'ViewStyle'.
        Types of property 'overflow' are incompatible.
          Type 'string' is not assignable to type '"hidden" | "visible" | "scroll" | undefined'.
  Overload 2 of 2, '(props: ViewProps, context: any): View', gave the following error.
    Type '{ backgroundColor: string; borderRadius: number; borderWidth: number; borderColor: string; shadowColor: string; shadowOpacity: number; shadowRadius: number; shadowOffset: { width: number; height: number; }; elevation: number; overflow: string; }' is not assignable to type 'StyleProp<ViewStyle>'.
      Type '{ backgroundColor: string; borderRadius: number; borderWidth: number; borderColor: string; shadowColor: string; shadowOpacity: number; shadowRadius: number; shadowOffset: { width: number; height: number; }; elevation: number; overflow: string; }' is not assignable to type 'ViewStyle'.
        Types of property 'overflow' are incompatible.
          Type 'string' is not assignable to type '"hidden" | "visible" | "scroll" | undefined'.
components/layout/ResponsiveWidgetGrid.tsx(61,25): error TS2769: No overload matches this call.
  Overload 1 of 2, '(props: ViewProps): View', gave the following error.
    Type '{ width: string; minWidth: "100%" | "31%" | "48%"; }' is not assignable to type 'StyleProp<ViewStyle>'.
      Types of property 'width' are incompatible.
        Type 'string' is not assignable to type 'DimensionValue | undefined'.
  Overload 2 of 2, '(props: ViewProps, context: any): View', gave the following error.
    Type '{ width: string; minWidth: "100%" | "31%" | "48%"; }' is not assignable to type 'StyleProp<ViewStyle>'.
      Types of property 'width' are incompatible.
        Type 'string' is not assignable to type 'DimensionValue | undefined'.
components/layout/SplashScreen.tsx(12,11): error TS2769: No overload matches this call.
  Overload 1 of 2, '(props: ViewProps): View', gave the following error.
    Type 'ViewStyle | TextStyle | ImageStyle' is not assignable to type 'StyleProp<ViewStyle>'.
      Type 'TextStyle' is not assignable to type 'StyleProp<ViewStyle>'.
        Type 'TextStyle' is not assignable to type 'ViewStyle'.
          Types of property 'cursor' are incompatible.
            Type 'string | undefined' is not assignable to type 'CursorValue | undefined'.
              Type 'string' is not assignable to type 'CursorValue | undefined'.
  Overload 2 of 2, '(props: ViewProps, context: any): View', gave the following error.
    Type 'ViewStyle | TextStyle | ImageStyle' is not assignable to type 'StyleProp<ViewStyle>'.
      Type 'TextStyle' is not assignable to type 'StyleProp<ViewStyle>'.
        Type 'TextStyle' is not assignable to type 'ViewStyle'.
          Types of property 'cursor' are incompatible.
            Type 'string | undefined' is not assignable to type 'CursorValue | undefined'.
              Type 'string' is not assignable to type 'CursorValue | undefined'.
components/layout/SplashScreen.tsx(13,13): error TS2769: No overload matches this call.
  Overload 1 of 2, '(props: ViewProps): View', gave the following error.
    Type 'ViewStyle | TextStyle | ImageStyle' is not assignable to type 'StyleProp<ViewStyle>'.
      Type 'TextStyle' is not assignable to type 'StyleProp<ViewStyle>'.
        Type 'TextStyle' is not assignable to type 'ViewStyle'.
          Types of property 'cursor' are incompatible.
            Type 'string | undefined' is not assignable to type 'CursorValue | undefined'.
              Type 'string' is not assignable to type 'CursorValue | undefined'.
  Overload 2 of 2, '(props: ViewProps, context: any): View', gave the following error.
    Type 'ViewStyle | TextStyle | ImageStyle' is not assignable to type 'StyleProp<ViewStyle>'.
      Type 'TextStyle' is not assignable to type 'StyleProp<ViewStyle>'.
        Type 'TextStyle' is not assignable to type 'ViewStyle'.
          Types of property 'cursor' are incompatible.
            Type 'string | undefined' is not assignable to type 'CursorValue | undefined'.
              Type 'string' is not assignable to type 'CursorValue | undefined'.
components/layout/SplashScreen.tsx(14,39): error TS2769: No overload matches this call.
  Overload 1 of 2, '(props: ImageProps): Image', gave the following error.
    Type 'ViewStyle | TextStyle | ImageStyle' is not assignable to type 'StyleProp<ImageStyle>'.
      Type 'ViewStyle' is not assignable to type 'StyleProp<ImageStyle>'.
        Type 'ViewStyle' is not assignable to type 'ImageStyle'.
          Types of property 'overflow' are incompatible.
            Type '"hidden" | "visible" | "scroll" | undefined' is not assignable to type '"hidden" | "visible" | undefined'.
              Type '"scroll"' is not assignable to type '"hidden" | "visible" | undefined'.
  Overload 2 of 2, '(props: ImageProps, context: any): Image', gave the following error.
    Type 'ViewStyle | TextStyle | ImageStyle' is not assignable to type 'StyleProp<ImageStyle>'.
      Type 'ViewStyle' is not assignable to type 'StyleProp<ImageStyle>'.
        Type 'ViewStyle' is not assignable to type 'ImageStyle'.
          Types of property 'overflow' are incompatible.
            Type '"hidden" | "visible" | "scroll" | undefined' is not assignable to type '"hidden" | "visible" | undefined'.
              Type '"scroll"' is not assignable to type '"hidden" | "visible" | undefined'.
components/layout/SplashScreen.tsx(15,15): error TS2769: No overload matches this call.
  Overload 1 of 2, '(props: TextProps): Text', gave the following error.
    Type 'ViewStyle | TextStyle | ImageStyle' is not assignable to type 'StyleProp<TextStyle>'.
      Type 'ViewStyle' is not assignable to type 'StyleProp<TextStyle>'.
        Type 'ViewStyle' is not assignable to type 'TextStyle'.
          Types of property 'userSelect' are incompatible.
            Type 'string | undefined' is not assignable to type '"contain" | "none" | "auto" | "text" | "all" | undefined'.
              Type 'string' is not assignable to type '"contain" | "none" | "auto" | "text" | "all" | undefined'.
  Overload 2 of 2, '(props: TextProps, context: any): Text', gave the following error.
    Type 'ViewStyle | TextStyle | ImageStyle' is not assignable to type 'StyleProp<TextStyle>'.
      Type 'ViewStyle' is not assignable to type 'StyleProp<TextStyle>'.
        Type 'ViewStyle' is not assignable to type 'TextStyle'.
          Types of property 'userSelect' are incompatible.
            Type 'string | undefined' is not assignable to type '"contain" | "none" | "auto" | "text" | "all" | undefined'.
              Type 'string' is not assignable to type '"contain" | "none" | "auto" | "text" | "all" | undefined'.
components/layout/SplashScreen.tsx(45,5): error TS2322: Type 'string' is not assignable to type '100 | 300 | "light" | "400" | "500" | "600" | "700" | 200 | 400 | 500 | 800 | "normal" | "100" | "200" | "300" | "800" | "900" | "bold" | "medium" | "black" | 600 | 700 | 900 | "ultralight" | ... 6 more ... | undefined'.
components/navigation/BottomSheet.tsx(45,20): error TS2367: This comparison appears to be unintentional because the types 'Readonly<{ colors: { primary: { 50: string; 100: string; 200: string; 300: string; 400: string; 500: string; 600: string; 700: string; 800: string; 900: string; }; secondary: { paw: string; pawLight: string; pawDark: string; ... 5 more ...; sunDark: string; }; ... 8 more ...; overlay: { ...; }; }; ... 8 more ...; co...' and 'string' have no overlap.
components/passport/ConditionList.tsx(26,54): error TS2339: Property 'info' does not exist on type '{ primary: { 50: string; 100: string; 200: string; 300: string; 400: string; 500: string; 600: string; 700: string; 800: string; 900: string; }; secondary: { paw: string; pawLight: string; pawDark: string; leaf: string; ... 4 more ...; sunDark: string; }; ... 8 more ...; overlay: { ...; }; }'.
components/passport/forms/AddNoteForm.tsx(50,20): error TS2367: This comparison appears to be unintentional because the types 'Readonly<{ colors: { primary: { 50: string; 100: string; 200: string; 300: string; 400: string; 500: string; 600: string; 700: string; 800: string; 900: string; }; secondary: { paw: string; pawLight: string; pawDark: string; ... 5 more ...; sunDark: string; }; ... 8 more ...; overlay: { ...; }; }; ... 8 more ...; co...' and 'string' have no overlap.
components/passport/forms/AddNoteForm.tsx(119,37): error TS2820: Type '"note_add"' is not assignable to type '"sort" | "map" | "filter" | "abc" | "web" | "tag" | "group" | "download" | "style" | "accessible" | "scale" | "animation" | "opacity" | "visibility" | "height" | "margin" | "padding" | ... 2216 more ... | "zoom-out-map"'. Did you mean '"note-add"'?
components/passport/forms/AddNoteForm.tsx(165,26): error TS2741: Property 'onBack' is missing in type '{ onPrimary: (e?: BaseSyntheticEvent<object, any, any> | undefined) => Promise<void>; primaryLabel: string; disabled: boolean; }' but required in type 'Props'.
components/passport/forms/AllergyForm.tsx(55,20): error TS2367: This comparison appears to be unintentional because the types 'Readonly<{ colors: { primary: { 50: string; 100: string; 200: string; 300: string; 400: string; 500: string; 600: string; 700: string; 800: string; 900: string; }; secondary: { paw: string; pawLight: string; pawDark: string; ... 5 more ...; sunDark: string; }; ... 8 more ...; overlay: { ...; }; }; ... 8 more ...; co...' and 'string' have no overlap.
components/passport/forms/AllergyForm.tsx(60,9): error TS2322: Type 'Resolver<{ type: "medication" | "food" | "environment"; allergen: string; severity: "mild" | "moderate" | "severe"; reactionDescription?: string | undefined; notes?: string | undefined; }, any, { ...; }>' is not assignable to type 'Resolver<AllergyFormData, any, AllergyFormData>'.
  Types of parameters 'options' and 'options' are incompatible.
    Type 'ResolverOptions<AllergyFormData>' is not assignable to type 'ResolverOptions<{ type: "medication" | "food" | "environment"; allergen: string; severity: "mild" | "moderate" | "severe"; reactionDescription?: string | undefined; notes?: string | undefined; }>'.
      Type '"medication" | "food" | "environment"' is not assignable to type 'AllergyType'.
        Type '"medication"' is not assignable to type 'AllergyType'.
components/passport/forms/AllergyForm.tsx(154,33): error TS2322: Type 'Control<AllergyFormData, any, TFieldValues>' is not assignable to type 'Control<AllergyFormData>'.
  The types of '_options.resolver' are incompatible between these types.
    Type 'Resolver<AllergyFormData, any, TFieldValues> | undefined' is not assignable to type 'Resolver<AllergyFormData, any, AllergyFormData> | undefined'.
      Type 'Resolver<AllergyFormData, any, TFieldValues>' is not assignable to type 'Resolver<AllergyFormData, any, AllergyFormData>'.
        Type 'ResolverResult<AllergyFormData, TFieldValues> | Promise<ResolverResult<AllergyFormData, TFieldValues>>' is not assignable to type 'ResolverResult<AllergyFormData, AllergyFormData> | Promise<ResolverResult<AllergyFormData, AllergyFormData>>'.
          Type 'ResolverSuccess<TFieldValues>' is not assignable to type 'ResolverResult<AllergyFormData, AllergyFormData> | Promise<ResolverResult<AllergyFormData, AllergyFormData>>'.
            Type 'ResolverSuccess<TFieldValues>' is not assignable to type 'ResolverSuccess<AllergyFormData>'.
              Type 'TFieldValues' is not assignable to type 'AllergyFormData'.
                Type 'FieldValues' is missing the following properties from type 'AllergyFormData': type, allergen, reactionDescription, severity
components/passport/forms/AllergyForm.tsx(162,33): error TS2322: Type 'Control<AllergyFormData, any, TFieldValues>' is not assignable to type 'Control<AllergyFormData>'.
  The types of '_options.resolver' are incompatible between these types.
    Type 'Resolver<AllergyFormData, any, TFieldValues> | undefined' is not assignable to type 'Resolver<AllergyFormData, any, AllergyFormData> | undefined'.
      Type 'Resolver<AllergyFormData, any, TFieldValues>' is not assignable to type 'Resolver<AllergyFormData, any, AllergyFormData>'.
        Type 'ResolverResult<AllergyFormData, TFieldValues> | Promise<ResolverResult<AllergyFormData, TFieldValues>>' is not assignable to type 'ResolverResult<AllergyFormData, AllergyFormData> | Promise<ResolverResult<AllergyFormData, AllergyFormData>>'.
          Type 'ResolverSuccess<TFieldValues>' is not assignable to type 'ResolverResult<AllergyFormData, AllergyFormData> | Promise<ResolverResult<AllergyFormData, AllergyFormData>>'.
            Type 'ResolverSuccess<TFieldValues>' is not assignable to type 'ResolverSuccess<AllergyFormData>'.
              Type 'TFieldValues' is not assignable to type 'AllergyFormData'.
                Type 'FieldValues' is missing the following properties from type 'AllergyFormData': type, allergen, reactionDescription, severity
components/passport/forms/AllergyForm.tsx(170,33): error TS2322: Type 'Control<AllergyFormData, any, TFieldValues>' is not assignable to type 'Control<AllergyFormData>'.
  The types of '_options.resolver' are incompatible between these types.
    Type 'Resolver<AllergyFormData, any, TFieldValues> | undefined' is not assignable to type 'Resolver<AllergyFormData, any, AllergyFormData> | undefined'.
      Type 'Resolver<AllergyFormData, any, TFieldValues>' is not assignable to type 'Resolver<AllergyFormData, any, AllergyFormData>'.
        Type 'ResolverResult<AllergyFormData, TFieldValues> | Promise<ResolverResult<AllergyFormData, TFieldValues>>' is not assignable to type 'ResolverResult<AllergyFormData, AllergyFormData> | Promise<ResolverResult<AllergyFormData, AllergyFormData>>'.
          Type 'ResolverSuccess<TFieldValues>' is not assignable to type 'ResolverResult<AllergyFormData, AllergyFormData> | Promise<ResolverResult<AllergyFormData, AllergyFormData>>'.
            Type 'ResolverSuccess<TFieldValues>' is not assignable to type 'ResolverSuccess<AllergyFormData>'.
              Type 'TFieldValues' is not assignable to type 'AllergyFormData'.
                Type 'FieldValues' is missing the following properties from type 'AllergyFormData': type, allergen, reactionDescription, severity
components/passport/forms/AllergyForm.tsx(178,33): error TS2322: Type 'Control<AllergyFormData, any, TFieldValues>' is not assignable to type 'Control<AllergyFormData>'.
  The types of '_options.resolver' are incompatible between these types.
    Type 'Resolver<AllergyFormData, any, TFieldValues> | undefined' is not assignable to type 'Resolver<AllergyFormData, any, AllergyFormData> | undefined'.
      Type 'Resolver<AllergyFormData, any, TFieldValues>' is not assignable to type 'Resolver<AllergyFormData, any, AllergyFormData>'.
        Type 'ResolverResult<AllergyFormData, TFieldValues> | Promise<ResolverResult<AllergyFormData, TFieldValues>>' is not assignable to type 'ResolverResult<AllergyFormData, AllergyFormData> | Promise<ResolverResult<AllergyFormData, AllergyFormData>>'.
          Type 'ResolverSuccess<TFieldValues>' is not assignable to type 'ResolverResult<AllergyFormData, AllergyFormData> | Promise<ResolverResult<AllergyFormData, AllergyFormData>>'.
            Type 'ResolverSuccess<TFieldValues>' is not assignable to type 'ResolverSuccess<AllergyFormData>'.
              Type 'TFieldValues' is not assignable to type 'AllergyFormData'.
                Type 'FieldValues' is missing the following properties from type 'AllergyFormData': type, allergen, reactionDescription, severity
components/passport/forms/AllergyForm.tsx(187,33): error TS2322: Type 'Control<AllergyFormData, any, TFieldValues>' is not assignable to type 'Control<AllergyFormData>'.
  The types of '_options.resolver' are incompatible between these types.
    Type 'Resolver<AllergyFormData, any, TFieldValues> | undefined' is not assignable to type 'Resolver<AllergyFormData, any, AllergyFormData> | undefined'.
      Type 'Resolver<AllergyFormData, any, TFieldValues>' is not assignable to type 'Resolver<AllergyFormData, any, AllergyFormData>'.
        Type 'ResolverResult<AllergyFormData, TFieldValues> | Promise<ResolverResult<AllergyFormData, TFieldValues>>' is not assignable to type 'ResolverResult<AllergyFormData, AllergyFormData> | Promise<ResolverResult<AllergyFormData, AllergyFormData>>'.
          Type 'ResolverSuccess<TFieldValues>' is not assignable to type 'ResolverResult<AllergyFormData, AllergyFormData> | Promise<ResolverResult<AllergyFormData, AllergyFormData>>'.
            Type 'ResolverSuccess<TFieldValues>' is not assignable to type 'ResolverSuccess<AllergyFormData>'.
              Type 'TFieldValues' is not assignable to type 'AllergyFormData'.
                Type 'FieldValues' is missing the following properties from type 'AllergyFormData': type, allergen, reactionDescription, severity
components/passport/forms/AllergyForm.tsx(200,26): error TS2741: Property 'onBack' is missing in type '{ onPrimary: (e?: BaseSyntheticEvent<object, any, any> | undefined) => Promise<void>; primaryLabel: string; disabled: boolean; }' but required in type 'Props'.
components/passport/forms/AllergyForm.tsx(201,53): error TS2345: Argument of type '(data: AllergyFormData) => Promise<void>' is not assignable to parameter of type 'SubmitHandler<TFieldValues>'.
  Types of parameters 'data' and 'data' are incompatible.
    Type 'TFieldValues' is not assignable to type 'AllergyFormData'.
      Type 'FieldValues' is missing the following properties from type 'AllergyFormData': type, allergen, reactionDescription, severity
components/passport/forms/BCSForm.tsx(35,20): error TS2367: This comparison appears to be unintentional because the types 'Readonly<{ colors: { primary: { 50: string; 100: string; 200: string; 300: string; 400: string; 500: string; 600: string; 700: string; 800: string; 900: string; }; secondary: { paw: string; pawLight: string; pawDark: string; ... 5 more ...; sunDark: string; }; ... 8 more ...; overlay: { ...; }; }; ... 8 more ...; co...' and 'string' have no overlap.
components/passport/forms/BCSForm.tsx(188,26): error TS2741: Property 'onBack' is missing in type '{ primaryLabel: string; onPrimary: (e?: BaseSyntheticEvent<object, any, any> | undefined) => Promise<void>; disabled: boolean; }' but required in type 'Props'.
components/passport/forms/ConditionForm.tsx(49,20): error TS2367: This comparison appears to be unintentional because the types 'Readonly<{ colors: { primary: { 50: string; 100: string; 200: string; 300: string; 400: string; 500: string; 600: string; 700: string; 800: string; 900: string; }; secondary: { paw: string; pawLight: string; pawDark: string; ... 5 more ...; sunDark: string; }; ... 8 more ...; overlay: { ...; }; }; ... 8 more ...; co...' and 'string' have no overlap.
components/passport/forms/ConditionForm.tsx(117,45): error TS2322: Type '{ name: string; size: number; color: string; }' is not assignable to type 'IntrinsicAttributes & { ios_icon_name?: string | undefined; android_material_icon_name: "sort" | "map" | "filter" | "abc" | "web" | "tag" | "group" | "download" | ... 2225 more ... | "zoom-out-map"; size?: number | undefined; color: string | OpaqueColorValue; style?: StyleProp<...>; weight?: SymbolWeight | undefined...'.
  Property 'name' does not exist on type 'IntrinsicAttributes & { ios_icon_name?: string | undefined; android_material_icon_name: "sort" | "map" | "filter" | "abc" | "web" | "tag" | "group" | "download" | ... 2225 more ... | "zoom-out-map"; size?: number | undefined; color: string | OpaqueColorValue; style?: StyleProp<...>; weight?: SymbolWeight | undefined...'.
components/passport/forms/ConditionForm.tsx(129,41): error TS2322: Type '{ name: string; size: number; color: string; }' is not assignable to type 'IntrinsicAttributes & { ios_icon_name?: string | undefined; android_material_icon_name: "sort" | "map" | "filter" | "abc" | "web" | "tag" | "group" | "download" | ... 2225 more ... | "zoom-out-map"; size?: number | undefined; color: string | OpaqueColorValue; style?: StyleProp<...>; weight?: SymbolWeight | undefined...'.
  Property 'name' does not exist on type 'IntrinsicAttributes & { ios_icon_name?: string | undefined; android_material_icon_name: "sort" | "map" | "filter" | "abc" | "web" | "tag" | "group" | "download" | ... 2225 more ... | "zoom-out-map"; size?: number | undefined; color: string | OpaqueColorValue; style?: StyleProp<...>; weight?: SymbolWeight | undefined...'.
components/passport/forms/ConditionForm.tsx(140,29): error TS2322: Type '{ control: Control<{ conditionName: string; status: "Active" | "Chronic" | "Resolved" | "Watch"; diagnosedDate?: Date | undefined; notes?: string | undefined; }, any, { conditionName: string; status: "Active" | ... 2 more ... | "Watch"; diagnosedDate?: Date | undefined; notes?: string | undefined; }>; ... 4 more ......' is not assignable to type 'IntrinsicAttributes & FormFieldProps<{ conditionName: string; status: "Active" | "Chronic" | "Resolved" | "Watch"; diagnosedDate?: Date | undefined; notes?: string | undefined; }>'.
  Property 'error' does not exist on type 'IntrinsicAttributes & FormFieldProps<{ conditionName: string; status: "Active" | "Chronic" | "Resolved" | "Watch"; diagnosedDate?: Date | undefined; notes?: string | undefined; }>'.
components/passport/forms/ConditionForm.tsx(176,29): error TS2322: Type '{ label: string; onPress: (e?: BaseSyntheticEvent<object, any, any> | undefined) => Promise<void>; loading: boolean; disabled: boolean; }' is not assignable to type 'IntrinsicAttributes & Props'.
  Property 'label' does not exist on type 'IntrinsicAttributes & Props'.
components/passport/forms/ConditionForm.tsx(183,37): error TS2741: Property 'visible' is missing in type '{ message: string; }' but required in type 'LoadingOverlayProps'.
components/passport/forms/EditPetForm.tsx(77,20): error TS2367: This comparison appears to be unintentional because the types 'Readonly<{ colors: { primary: { 50: string; 100: string; 200: string; 300: string; 400: string; 500: string; 600: string; 700: string; 800: string; 900: string; }; secondary: { paw: string; pawLight: string; pawDark: string; ... 5 more ...; sunDark: string; }; ... 8 more ...; overlay: { ...; }; }; ... 8 more ...; co...' and 'string' have no overlap.
components/passport/forms/EditPetForm.tsx(84,9): error TS2322: Type 'Resolver<{ name: string; species: "other" | "dog" | "cat" | "bird" | "rabbit" | "reptile"; gender: "female" | "male"; breed?: string | undefined; date_of_birth?: Date | undefined; photo_url?: string | undefined; ... 16 more ...; spayed_neutered_date?: Date | undefined; }, any, { ...; }>' is not assignable to type 'Resolver<{ name: string; species: "other" | "dog" | "cat" | "bird" | "rabbit" | "reptile"; gender: "female" | "male"; weight_unit: "kg" | "lbs"; is_spayed_neutered: boolean; breed?: string | undefined; ... 16 more ...; spayed_neutered_date?: Date | undefined; }, any, { ...; }>'.
  Types of parameters 'options' and 'options' are incompatible.
    Type 'ResolverOptions<{ name: string; species: "other" | "dog" | "cat" | "bird" | "rabbit" | "reptile"; gender: "female" | "male"; weight_unit: "kg" | "lbs"; is_spayed_neutered: boolean; breed?: string | undefined; ... 16 more ...; spayed_neutered_date?: Date | undefined; }>' is not assignable to type 'ResolverOptions<{ name: string; species: "other" | "dog" | "cat" | "bird" | "rabbit" | "reptile"; gender: "female" | "male"; breed?: string | undefined; date_of_birth?: Date | undefined; photo_url?: string | undefined; ... 16 more ...; spayed_neutered_date?: Date | undefined; }>'.
      Type '"kg" | "lbs" | undefined' is not assignable to type '"kg" | "lbs"'.
        Type 'undefined' is not assignable to type '"kg" | "lbs"'.
components/passport/forms/EditPetForm.tsx(145,29): error TS2322: Type 'Control<{ name: string; species: "other" | "dog" | "cat" | "bird" | "rabbit" | "reptile"; gender: "female" | "male"; weight_unit: "kg" | "lbs"; is_spayed_neutered: boolean; breed?: string | undefined; ... 16 more ...; spayed_neutered_date?: Date | undefined; }, any, TFieldValues>' is not assignable to type 'Control<{ name: string; species: "other" | "dog" | "cat" | "bird" | "rabbit" | "reptile"; gender: "female" | "male"; weight_unit: "kg" | "lbs"; is_spayed_neutered: boolean; breed?: string | undefined; ... 16 more ...; spayed_neutered_date?: Date | undefined; }>'.
  The types of '_options.resolver' are incompatible between these types.
    Type 'Resolver<{ name: string; species: "other" | "dog" | "cat" | "bird" | "rabbit" | "reptile"; gender: "female" | "male"; weight_unit: "kg" | "lbs"; is_spayed_neutered: boolean; breed?: string | undefined; ... 16 more ...; spayed_neutered_date?: Date | undefined; }, any, TFieldValues> | undefined' is not assignable to type 'Resolver<{ name: string; species: "other" | "dog" | "cat" | "bird" | "rabbit" | "reptile"; gender: "female" | "male"; weight_unit: "kg" | "lbs"; is_spayed_neutered: boolean; breed?: string | undefined; ... 16 more ...; spayed_neutered_date?: Date | undefined; }, any, { ...; }> | undefined'.
      Type 'Resolver<{ name: string; species: "other" | "dog" | "cat" | "bird" | "rabbit" | "reptile"; gender: "female" | "male"; weight_unit: "kg" | "lbs"; is_spayed_neutered: boolean; breed?: string | undefined; ... 16 more ...; spayed_neutered_date?: Date | undefined; }, any, TFieldValues>' is not assignable to type 'Resolver<{ name: string; species: "other" | "dog" | "cat" | "bird" | "rabbit" | "reptile"; gender: "female" | "male"; weight_unit: "kg" | "lbs"; is_spayed_neutered: boolean; breed?: string | undefined; ... 16 more ...; spayed_neutered_date?: Date | undefined; }, any, { ...; }>'.
        Type 'ResolverResult<{ name: string; species: "other" | "dog" | "cat" | "bird" | "rabbit" | "reptile"; gender: "female" | "male"; weight_unit: "kg" | "lbs"; is_spayed_neutered: boolean; breed?: string | undefined; ... 16 more ...; spayed_neutered_date?: Date | undefined; }, TFieldValues> | Promise<...>' is not assignable to type 'ResolverResult<{ name: string; species: "other" | "dog" | "cat" | "bird" | "rabbit" | "reptile"; gender: "female" | "male"; weight_unit: "kg" | "lbs"; is_spayed_neutered: boolean; breed?: string | undefined; ... 16 more ...; spayed_neutered_date?: Date | undefined; }, { ...; }> | Promise<...>'.
          Type 'ResolverSuccess<TFieldValues>' is not assignable to type 'ResolverResult<{ name: string; species: "other" | "dog" | "cat" | "bird" | "rabbit" | "reptile"; gender: "female" | "male"; weight_unit: "kg" | "lbs"; is_spayed_neutered: boolean; breed?: string | undefined; ... 16 more ...; spayed_neutered_date?: Date | undefined; }, { ...; }> | Promise<...>'.
            Type 'ResolverSuccess<TFieldValues>' is not assignable to type 'ResolverSuccess<{ name: string; species: "other" | "dog" | "cat" | "bird" | "rabbit" | "reptile"; gender: "female" | "male"; weight_unit: "kg" | "lbs"; is_spayed_neutered: boolean; breed?: string | undefined; ... 16 more ...; spayed_neutered_date?: Date | undefined; }>'.
              Type 'TFieldValues' is not assignable to type '{ name: string; species: "other" | "dog" | "cat" | "bird" | "rabbit" | "reptile"; gender: "female" | "male"; weight_unit: "kg" | "lbs"; is_spayed_neutered: boolean; breed?: string | undefined; ... 16 more ...; spayed_neutered_date?: Date | undefined; }'.
                Type 'FieldValues' is missing the following properties from type '{ name: string; species: "other" | "dog" | "cat" | "bird" | "rabbit" | "reptile"; gender: "female" | "male"; weight_unit: "kg" | "lbs"; is_spayed_neutered: boolean; breed?: string | undefined; ... 16 more ...; spayed_neutered_date?: Date | undefined; }': name, species, gender, weight_unit, is_spayed_neutered
components/passport/forms/EditPetForm.tsx(175,29): error TS2322: Type 'Control<{ name: string; species: "other" | "dog" | "cat" | "bird" | "rabbit" | "reptile"; gender: "female" | "male"; weight_unit: "kg" | "lbs"; is_spayed_neutered: boolean; breed?: string | undefined; ... 16 more ...; spayed_neutered_date?: Date | undefined; }, any, TFieldValues>' is not assignable to type 'Control<{ name: string; species: "other" | "dog" | "cat" | "bird" | "rabbit" | "reptile"; gender: "female" | "male"; weight_unit: "kg" | "lbs"; is_spayed_neutered: boolean; breed?: string | undefined; ... 16 more ...; spayed_neutered_date?: Date | undefined; }>'.
  The types of '_options.resolver' are incompatible between these types.
    Type 'Resolver<{ name: string; species: "other" | "dog" | "cat" | "bird" | "rabbit" | "reptile"; gender: "female" | "male"; weight_unit: "kg" | "lbs"; is_spayed_neutered: boolean; breed?: string | undefined; ... 16 more ...; spayed_neutered_date?: Date | undefined; }, any, TFieldValues> | undefined' is not assignable to type 'Resolver<{ name: string; species: "other" | "dog" | "cat" | "bird" | "rabbit" | "reptile"; gender: "female" | "male"; weight_unit: "kg" | "lbs"; is_spayed_neutered: boolean; breed?: string | undefined; ... 16 more ...; spayed_neutered_date?: Date | undefined; }, any, { ...; }> | undefined'.
      Type 'Resolver<{ name: string; species: "other" | "dog" | "cat" | "bird" | "rabbit" | "reptile"; gender: "female" | "male"; weight_unit: "kg" | "lbs"; is_spayed_neutered: boolean; breed?: string | undefined; ... 16 more ...; spayed_neutered_date?: Date | undefined; }, any, TFieldValues>' is not assignable to type 'Resolver<{ name: string; species: "other" | "dog" | "cat" | "bird" | "rabbit" | "reptile"; gender: "female" | "male"; weight_unit: "kg" | "lbs"; is_spayed_neutered: boolean; breed?: string | undefined; ... 16 more ...; spayed_neutered_date?: Date | undefined; }, any, { ...; }>'.
        Type 'ResolverResult<{ name: string; species: "other" | "dog" | "cat" | "bird" | "rabbit" | "reptile"; gender: "female" | "male"; weight_unit: "kg" | "lbs"; is_spayed_neutered: boolean; breed?: string | undefined; ... 16 more ...; spayed_neutered_date?: Date | undefined; }, TFieldValues> | Promise<...>' is not assignable to type 'ResolverResult<{ name: string; species: "other" | "dog" | "cat" | "bird" | "rabbit" | "reptile"; gender: "female" | "male"; weight_unit: "kg" | "lbs"; is_spayed_neutered: boolean; breed?: string | undefined; ... 16 more ...; spayed_neutered_date?: Date | undefined; }, { ...; }> | Promise<...>'.
          Type 'ResolverSuccess<TFieldValues>' is not assignable to type 'ResolverResult<{ name: string; species: "other" | "dog" | "cat" | "bird" | "rabbit" | "reptile"; gender: "female" | "male"; weight_unit: "kg" | "lbs"; is_spayed_neutered: boolean; breed?: string | undefined; ... 16 more ...; spayed_neutered_date?: Date | undefined; }, { ...; }> | Promise<...>'.
            Type 'ResolverSuccess<TFieldValues>' is not assignable to type 'ResolverSuccess<{ name: string; species: "other" | "dog" | "cat" | "bird" | "rabbit" | "reptile"; gender: "female" | "male"; weight_unit: "kg" | "lbs"; is_spayed_neutered: boolean; breed?: string | undefined; ... 16 more ...; spayed_neutered_date?: Date | undefined; }>'.
              Type 'TFieldValues' is not assignable to type '{ name: string; species: "other" | "dog" | "cat" | "bird" | "rabbit" | "reptile"; gender: "female" | "male"; weight_unit: "kg" | "lbs"; is_spayed_neutered: boolean; breed?: string | undefined; ... 16 more ...; spayed_neutered_date?: Date | undefined; }'.
                Type 'FieldValues' is missing the following properties from type '{ name: string; species: "other" | "dog" | "cat" | "bird" | "rabbit" | "reptile"; gender: "female" | "male"; weight_unit: "kg" | "lbs"; is_spayed_neutered: boolean; breed?: string | undefined; ... 16 more ...; spayed_neutered_date?: Date | undefined; }': name, species, gender, weight_unit, is_spayed_neutered
components/passport/forms/EditPetForm.tsx(200,29): error TS2322: Type 'Control<{ name: string; species: "other" | "dog" | "cat" | "bird" | "rabbit" | "reptile"; gender: "female" | "male"; weight_unit: "kg" | "lbs"; is_spayed_neutered: boolean; breed?: string | undefined; ... 16 more ...; spayed_neutered_date?: Date | undefined; }, any, TFieldValues>' is not assignable to type 'Control<{ name: string; species: "other" | "dog" | "cat" | "bird" | "rabbit" | "reptile"; gender: "female" | "male"; weight_unit: "kg" | "lbs"; is_spayed_neutered: boolean; breed?: string | undefined; ... 16 more ...; spayed_neutered_date?: Date | undefined; }>'.
  The types of '_options.resolver' are incompatible between these types.
    Type 'Resolver<{ name: string; species: "other" | "dog" | "cat" | "bird" | "rabbit" | "reptile"; gender: "female" | "male"; weight_unit: "kg" | "lbs"; is_spayed_neutered: boolean; breed?: string | undefined; ... 16 more ...; spayed_neutered_date?: Date | undefined; }, any, TFieldValues> | undefined' is not assignable to type 'Resolver<{ name: string; species: "other" | "dog" | "cat" | "bird" | "rabbit" | "reptile"; gender: "female" | "male"; weight_unit: "kg" | "lbs"; is_spayed_neutered: boolean; breed?: string | undefined; ... 16 more ...; spayed_neutered_date?: Date | undefined; }, any, { ...; }> | undefined'.
      Type 'Resolver<{ name: string; species: "other" | "dog" | "cat" | "bird" | "rabbit" | "reptile"; gender: "female" | "male"; weight_unit: "kg" | "lbs"; is_spayed_neutered: boolean; breed?: string | undefined; ... 16 more ...; spayed_neutered_date?: Date | undefined; }, any, TFieldValues>' is not assignable to type 'Resolver<{ name: string; species: "other" | "dog" | "cat" | "bird" | "rabbit" | "reptile"; gender: "female" | "male"; weight_unit: "kg" | "lbs"; is_spayed_neutered: boolean; breed?: string | undefined; ... 16 more ...; spayed_neutered_date?: Date | undefined; }, any, { ...; }>'.
        Type 'ResolverResult<{ name: string; species: "other" | "dog" | "cat" | "bird" | "rabbit" | "reptile"; gender: "female" | "male"; weight_unit: "kg" | "lbs"; is_spayed_neutered: boolean; breed?: string | undefined; ... 16 more ...; spayed_neutered_date?: Date | undefined; }, TFieldValues> | Promise<...>' is not assignable to type 'ResolverResult<{ name: string; species: "other" | "dog" | "cat" | "bird" | "rabbit" | "reptile"; gender: "female" | "male"; weight_unit: "kg" | "lbs"; is_spayed_neutered: boolean; breed?: string | undefined; ... 16 more ...; spayed_neutered_date?: Date | undefined; }, { ...; }> | Promise<...>'.
          Type 'ResolverSuccess<TFieldValues>' is not assignable to type 'ResolverResult<{ name: string; species: "other" | "dog" | "cat" | "bird" | "rabbit" | "reptile"; gender: "female" | "male"; weight_unit: "kg" | "lbs"; is_spayed_neutered: boolean; breed?: string | undefined; ... 16 more ...; spayed_neutered_date?: Date | undefined; }, { ...; }> | Promise<...>'.
            Type 'ResolverSuccess<TFieldValues>' is not assignable to type 'ResolverSuccess<{ name: string; species: "other" | "dog" | "cat" | "bird" | "rabbit" | "reptile"; gender: "female" | "male"; weight_unit: "kg" | "lbs"; is_spayed_neutered: boolean; breed?: string | undefined; ... 16 more ...; spayed_neutered_date?: Date | undefined; }>'.
              Type 'TFieldValues' is not assignable to type '{ name: string; species: "other" | "dog" | "cat" | "bird" | "rabbit" | "reptile"; gender: "female" | "male"; weight_unit: "kg" | "lbs"; is_spayed_neutered: boolean; breed?: string | undefined; ... 16 more ...; spayed_neutered_date?: Date | undefined; }'.
                Type 'FieldValues' is missing the following properties from type '{ name: string; species: "other" | "dog" | "cat" | "bird" | "rabbit" | "reptile"; gender: "female" | "male"; weight_unit: "kg" | "lbs"; is_spayed_neutered: boolean; breed?: string | undefined; ... 16 more ...; spayed_neutered_date?: Date | undefined; }': name, species, gender, weight_unit, is_spayed_neutered
components/passport/forms/EditPetForm.tsx(207,29): error TS2322: Type 'Control<{ name: string; species: "other" | "dog" | "cat" | "bird" | "rabbit" | "reptile"; gender: "female" | "male"; weight_unit: "kg" | "lbs"; is_spayed_neutered: boolean; breed?: string | undefined; ... 16 more ...; spayed_neutered_date?: Date | undefined; }, any, TFieldValues>' is not assignable to type 'Control<{ name: string; species: "other" | "dog" | "cat" | "bird" | "rabbit" | "reptile"; gender: "female" | "male"; weight_unit: "kg" | "lbs"; is_spayed_neutered: boolean; breed?: string | undefined; ... 16 more ...; spayed_neutered_date?: Date | undefined; }>'.
  The types of '_options.resolver' are incompatible between these types.
    Type 'Resolver<{ name: string; species: "other" | "dog" | "cat" | "bird" | "rabbit" | "reptile"; gender: "female" | "male"; weight_unit: "kg" | "lbs"; is_spayed_neutered: boolean; breed?: string | undefined; ... 16 more ...; spayed_neutered_date?: Date | undefined; }, any, TFieldValues> | undefined' is not assignable to type 'Resolver<{ name: string; species: "other" | "dog" | "cat" | "bird" | "rabbit" | "reptile"; gender: "female" | "male"; weight_unit: "kg" | "lbs"; is_spayed_neutered: boolean; breed?: string | undefined; ... 16 more ...; spayed_neutered_date?: Date | undefined; }, any, { ...; }> | undefined'.
      Type 'Resolver<{ name: string; species: "other" | "dog" | "cat" | "bird" | "rabbit" | "reptile"; gender: "female" | "male"; weight_unit: "kg" | "lbs"; is_spayed_neutered: boolean; breed?: string | undefined; ... 16 more ...; spayed_neutered_date?: Date | undefined; }, any, TFieldValues>' is not assignable to type 'Resolver<{ name: string; species: "other" | "dog" | "cat" | "bird" | "rabbit" | "reptile"; gender: "female" | "male"; weight_unit: "kg" | "lbs"; is_spayed_neutered: boolean; breed?: string | undefined; ... 16 more ...; spayed_neutered_date?: Date | undefined; }, any, { ...; }>'.
        Type 'ResolverResult<{ name: string; species: "other" | "dog" | "cat" | "bird" | "rabbit" | "reptile"; gender: "female" | "male"; weight_unit: "kg" | "lbs"; is_spayed_neutered: boolean; breed?: string | undefined; ... 16 more ...; spayed_neutered_date?: Date | undefined; }, TFieldValues> | Promise<...>' is not assignable to type 'ResolverResult<{ name: string; species: "other" | "dog" | "cat" | "bird" | "rabbit" | "reptile"; gender: "female" | "male"; weight_unit: "kg" | "lbs"; is_spayed_neutered: boolean; breed?: string | undefined; ... 16 more ...; spayed_neutered_date?: Date | undefined; }, { ...; }> | Promise<...>'.
          Type 'ResolverSuccess<TFieldValues>' is not assignable to type 'ResolverResult<{ name: string; species: "other" | "dog" | "cat" | "bird" | "rabbit" | "reptile"; gender: "female" | "male"; weight_unit: "kg" | "lbs"; is_spayed_neutered: boolean; breed?: string | undefined; ... 16 more ...; spayed_neutered_date?: Date | undefined; }, { ...; }> | Promise<...>'.
            Type 'ResolverSuccess<TFieldValues>' is not assignable to type 'ResolverSuccess<{ name: string; species: "other" | "dog" | "cat" | "bird" | "rabbit" | "reptile"; gender: "female" | "male"; weight_unit: "kg" | "lbs"; is_spayed_neutered: boolean; breed?: string | undefined; ... 16 more ...; spayed_neutered_date?: Date | undefined; }>'.
              Type 'TFieldValues' is not assignable to type '{ name: string; species: "other" | "dog" | "cat" | "bird" | "rabbit" | "reptile"; gender: "female" | "male"; weight_unit: "kg" | "lbs"; is_spayed_neutered: boolean; breed?: string | undefined; ... 16 more ...; spayed_neutered_date?: Date | undefined; }'.
                Type 'FieldValues' is missing the following properties from type '{ name: string; species: "other" | "dog" | "cat" | "bird" | "rabbit" | "reptile"; gender: "female" | "male"; weight_unit: "kg" | "lbs"; is_spayed_neutered: boolean; breed?: string | undefined; ... 16 more ...; spayed_neutered_date?: Date | undefined; }': name, species, gender, weight_unit, is_spayed_neutered
components/passport/forms/EditPetForm.tsx(227,44): error TS2532: Object is possibly 'undefined'.
components/passport/forms/EditPetForm.tsx(227,77): error TS2532: Object is possibly 'undefined'.
components/passport/forms/EditPetForm.tsx(236,37): error TS2322: Type 'Control<{ name: string; species: "other" | "dog" | "cat" | "bird" | "rabbit" | "reptile"; gender: "female" | "male"; weight_unit: "kg" | "lbs"; is_spayed_neutered: boolean; breed?: string | undefined; ... 16 more ...; spayed_neutered_date?: Date | undefined; }, any, TFieldValues>' is not assignable to type 'Control<{ name: string; species: "other" | "dog" | "cat" | "bird" | "rabbit" | "reptile"; gender: "female" | "male"; weight_unit: "kg" | "lbs"; is_spayed_neutered: boolean; breed?: string | undefined; ... 16 more ...; spayed_neutered_date?: Date | undefined; }>'.
  The types of '_options.resolver' are incompatible between these types.
    Type 'Resolver<{ name: string; species: "other" | "dog" | "cat" | "bird" | "rabbit" | "reptile"; gender: "female" | "male"; weight_unit: "kg" | "lbs"; is_spayed_neutered: boolean; breed?: string | undefined; ... 16 more ...; spayed_neutered_date?: Date | undefined; }, any, TFieldValues> | undefined' is not assignable to type 'Resolver<{ name: string; species: "other" | "dog" | "cat" | "bird" | "rabbit" | "reptile"; gender: "female" | "male"; weight_unit: "kg" | "lbs"; is_spayed_neutered: boolean; breed?: string | undefined; ... 16 more ...; spayed_neutered_date?: Date | undefined; }, any, { ...; }> | undefined'.
      Type 'Resolver<{ name: string; species: "other" | "dog" | "cat" | "bird" | "rabbit" | "reptile"; gender: "female" | "male"; weight_unit: "kg" | "lbs"; is_spayed_neutered: boolean; breed?: string | undefined; ... 16 more ...; spayed_neutered_date?: Date | undefined; }, any, TFieldValues>' is not assignable to type 'Resolver<{ name: string; species: "other" | "dog" | "cat" | "bird" | "rabbit" | "reptile"; gender: "female" | "male"; weight_unit: "kg" | "lbs"; is_spayed_neutered: boolean; breed?: string | undefined; ... 16 more ...; spayed_neutered_date?: Date | undefined; }, any, { ...; }>'.
        Type 'ResolverResult<{ name: string; species: "other" | "dog" | "cat" | "bird" | "rabbit" | "reptile"; gender: "female" | "male"; weight_unit: "kg" | "lbs"; is_spayed_neutered: boolean; breed?: string | undefined; ... 16 more ...; spayed_neutered_date?: Date | undefined; }, TFieldValues> | Promise<...>' is not assignable to type 'ResolverResult<{ name: string; species: "other" | "dog" | "cat" | "bird" | "rabbit" | "reptile"; gender: "female" | "male"; weight_unit: "kg" | "lbs"; is_spayed_neutered: boolean; breed?: string | undefined; ... 16 more ...; spayed_neutered_date?: Date | undefined; }, { ...; }> | Promise<...>'.
          Type 'ResolverSuccess<TFieldValues>' is not assignable to type 'ResolverResult<{ name: string; species: "other" | "dog" | "cat" | "bird" | "rabbit" | "reptile"; gender: "female" | "male"; weight_unit: "kg" | "lbs"; is_spayed_neutered: boolean; breed?: string | undefined; ... 16 more ...; spayed_neutered_date?: Date | undefined; }, { ...; }> | Promise<...>'.
            Type 'ResolverSuccess<TFieldValues>' is not assignable to type 'ResolverSuccess<{ name: string; species: "other" | "dog" | "cat" | "bird" | "rabbit" | "reptile"; gender: "female" | "male"; weight_unit: "kg" | "lbs"; is_spayed_neutered: boolean; breed?: string | undefined; ... 16 more ...; spayed_neutered_date?: Date | undefined; }>'.
              Type 'TFieldValues' is not assignable to type '{ name: string; species: "other" | "dog" | "cat" | "bird" | "rabbit" | "reptile"; gender: "female" | "male"; weight_unit: "kg" | "lbs"; is_spayed_neutered: boolean; breed?: string | undefined; ... 16 more ...; spayed_neutered_date?: Date | undefined; }'.
                Type 'FieldValues' is missing the following properties from type '{ name: string; species: "other" | "dog" | "cat" | "bird" | "rabbit" | "reptile"; gender: "female" | "male"; weight_unit: "kg" | "lbs"; is_spayed_neutered: boolean; breed?: string | undefined; ... 16 more ...; spayed_neutered_date?: Date | undefined; }': name, species, gender, weight_unit, is_spayed_neutered
components/passport/forms/EditPetForm.tsx(285,29): error TS2322: Type 'Control<{ name: string; species: "other" | "dog" | "cat" | "bird" | "rabbit" | "reptile"; gender: "female" | "male"; weight_unit: "kg" | "lbs"; is_spayed_neutered: boolean; breed?: string | undefined; ... 16 more ...; spayed_neutered_date?: Date | undefined; }, any, TFieldValues>' is not assignable to type 'Control<{ name: string; species: "other" | "dog" | "cat" | "bird" | "rabbit" | "reptile"; gender: "female" | "male"; weight_unit: "kg" | "lbs"; is_spayed_neutered: boolean; breed?: string | undefined; ... 16 more ...; spayed_neutered_date?: Date | undefined; }>'.
  The types of '_options.resolver' are incompatible between these types.
    Type 'Resolver<{ name: string; species: "other" | "dog" | "cat" | "bird" | "rabbit" | "reptile"; gender: "female" | "male"; weight_unit: "kg" | "lbs"; is_spayed_neutered: boolean; breed?: string | undefined; ... 16 more ...; spayed_neutered_date?: Date | undefined; }, any, TFieldValues> | undefined' is not assignable to type 'Resolver<{ name: string; species: "other" | "dog" | "cat" | "bird" | "rabbit" | "reptile"; gender: "female" | "male"; weight_unit: "kg" | "lbs"; is_spayed_neutered: boolean; breed?: string | undefined; ... 16 more ...; spayed_neutered_date?: Date | undefined; }, any, { ...; }> | undefined'.
      Type 'Resolver<{ name: string; species: "other" | "dog" | "cat" | "bird" | "rabbit" | "reptile"; gender: "female" | "male"; weight_unit: "kg" | "lbs"; is_spayed_neutered: boolean; breed?: string | undefined; ... 16 more ...; spayed_neutered_date?: Date | undefined; }, any, TFieldValues>' is not assignable to type 'Resolver<{ name: string; species: "other" | "dog" | "cat" | "bird" | "rabbit" | "reptile"; gender: "female" | "male"; weight_unit: "kg" | "lbs"; is_spayed_neutered: boolean; breed?: string | undefined; ... 16 more ...; spayed_neutered_date?: Date | undefined; }, any, { ...; }>'.
        Type 'ResolverResult<{ name: string; species: "other" | "dog" | "cat" | "bird" | "rabbit" | "reptile"; gender: "female" | "male"; weight_unit: "kg" | "lbs"; is_spayed_neutered: boolean; breed?: string | undefined; ... 16 more ...; spayed_neutered_date?: Date | undefined; }, TFieldValues> | Promise<...>' is not assignable to type 'ResolverResult<{ name: string; species: "other" | "dog" | "cat" | "bird" | "rabbit" | "reptile"; gender: "female" | "male"; weight_unit: "kg" | "lbs"; is_spayed_neutered: boolean; breed?: string | undefined; ... 16 more ...; spayed_neutered_date?: Date | undefined; }, { ...; }> | Promise<...>'.
          Type 'ResolverSuccess<TFieldValues>' is not assignable to type 'ResolverResult<{ name: string; species: "other" | "dog" | "cat" | "bird" | "rabbit" | "reptile"; gender: "female" | "male"; weight_unit: "kg" | "lbs"; is_spayed_neutered: boolean; breed?: string | undefined; ... 16 more ...; spayed_neutered_date?: Date | undefined; }, { ...; }> | Promise<...>'.
            Type 'ResolverSuccess<TFieldValues>' is not assignable to type 'ResolverSuccess<{ name: string; species: "other" | "dog" | "cat" | "bird" | "rabbit" | "reptile"; gender: "female" | "male"; weight_unit: "kg" | "lbs"; is_spayed_neutered: boolean; breed?: string | undefined; ... 16 more ...; spayed_neutered_date?: Date | undefined; }>'.
              Type 'TFieldValues' is not assignable to type '{ name: string; species: "other" | "dog" | "cat" | "bird" | "rabbit" | "reptile"; gender: "female" | "male"; weight_unit: "kg" | "lbs"; is_spayed_neutered: boolean; breed?: string | undefined; ... 16 more ...; spayed_neutered_date?: Date | undefined; }'.
                Type 'FieldValues' is missing the following properties from type '{ name: string; species: "other" | "dog" | "cat" | "bird" | "rabbit" | "reptile"; gender: "female" | "male"; weight_unit: "kg" | "lbs"; is_spayed_neutered: boolean; breed?: string | undefined; ... 16 more ...; spayed_neutered_date?: Date | undefined; }': name, species, gender, weight_unit, is_spayed_neutered
components/passport/forms/EditPetForm.tsx(294,29): error TS2322: Type 'Control<{ name: string; species: "other" | "dog" | "cat" | "bird" | "rabbit" | "reptile"; gender: "female" | "male"; weight_unit: "kg" | "lbs"; is_spayed_neutered: boolean; breed?: string | undefined; ... 16 more ...; spayed_neutered_date?: Date | undefined; }, any, TFieldValues>' is not assignable to type 'Control<{ name: string; species: "other" | "dog" | "cat" | "bird" | "rabbit" | "reptile"; gender: "female" | "male"; weight_unit: "kg" | "lbs"; is_spayed_neutered: boolean; breed?: string | undefined; ... 16 more ...; spayed_neutered_date?: Date | undefined; }>'.
  The types of '_options.resolver' are incompatible between these types.
    Type 'Resolver<{ name: string; species: "other" | "dog" | "cat" | "bird" | "rabbit" | "reptile"; gender: "female" | "male"; weight_unit: "kg" | "lbs"; is_spayed_neutered: boolean; breed?: string | undefined; ... 16 more ...; spayed_neutered_date?: Date | undefined; }, any, TFieldValues> | undefined' is not assignable to type 'Resolver<{ name: string; species: "other" | "dog" | "cat" | "bird" | "rabbit" | "reptile"; gender: "female" | "male"; weight_unit: "kg" | "lbs"; is_spayed_neutered: boolean; breed?: string | undefined; ... 16 more ...; spayed_neutered_date?: Date | undefined; }, any, { ...; }> | undefined'.
      Type 'Resolver<{ name: string; species: "other" | "dog" | "cat" | "bird" | "rabbit" | "reptile"; gender: "female" | "male"; weight_unit: "kg" | "lbs"; is_spayed_neutered: boolean; breed?: string | undefined; ... 16 more ...; spayed_neutered_date?: Date | undefined; }, any, TFieldValues>' is not assignable to type 'Resolver<{ name: string; species: "other" | "dog" | "cat" | "bird" | "rabbit" | "reptile"; gender: "female" | "male"; weight_unit: "kg" | "lbs"; is_spayed_neutered: boolean; breed?: string | undefined; ... 16 more ...; spayed_neutered_date?: Date | undefined; }, any, { ...; }>'.
        Type 'ResolverResult<{ name: string; species: "other" | "dog" | "cat" | "bird" | "rabbit" | "reptile"; gender: "female" | "male"; weight_unit: "kg" | "lbs"; is_spayed_neutered: boolean; breed?: string | undefined; ... 16 more ...; spayed_neutered_date?: Date | undefined; }, TFieldValues> | Promise<...>' is not assignable to type 'ResolverResult<{ name: string; species: "other" | "dog" | "cat" | "bird" | "rabbit" | "reptile"; gender: "female" | "male"; weight_unit: "kg" | "lbs"; is_spayed_neutered: boolean; breed?: string | undefined; ... 16 more ...; spayed_neutered_date?: Date | undefined; }, { ...; }> | Promise<...>'.
          Type 'ResolverSuccess<TFieldValues>' is not assignable to type 'ResolverResult<{ name: string; species: "other" | "dog" | "cat" | "bird" | "rabbit" | "reptile"; gender: "female" | "male"; weight_unit: "kg" | "lbs"; is_spayed_neutered: boolean; breed?: string | undefined; ... 16 more ...; spayed_neutered_date?: Date | undefined; }, { ...; }> | Promise<...>'.
            Type 'ResolverSuccess<TFieldValues>' is not assignable to type 'ResolverSuccess<{ name: string; species: "other" | "dog" | "cat" | "bird" | "rabbit" | "reptile"; gender: "female" | "male"; weight_unit: "kg" | "lbs"; is_spayed_neutered: boolean; breed?: string | undefined; ... 16 more ...; spayed_neutered_date?: Date | undefined; }>'.
              Type 'TFieldValues' is not assignable to type '{ name: string; species: "other" | "dog" | "cat" | "bird" | "rabbit" | "reptile"; gender: "female" | "male"; weight_unit: "kg" | "lbs"; is_spayed_neutered: boolean; breed?: string | undefined; ... 16 more ...; spayed_neutered_date?: Date | undefined; }'.
                Type 'FieldValues' is missing the following properties from type '{ name: string; species: "other" | "dog" | "cat" | "bird" | "rabbit" | "reptile"; gender: "female" | "male"; weight_unit: "kg" | "lbs"; is_spayed_neutered: boolean; breed?: string | undefined; ... 16 more ...; spayed_neutered_date?: Date | undefined; }': name, species, gender, weight_unit, is_spayed_neutered
components/passport/forms/EditPetForm.tsx(301,29): error TS2322: Type 'Control<{ name: string; species: "other" | "dog" | "cat" | "bird" | "rabbit" | "reptile"; gender: "female" | "male"; weight_unit: "kg" | "lbs"; is_spayed_neutered: boolean; breed?: string | undefined; ... 16 more ...; spayed_neutered_date?: Date | undefined; }, any, TFieldValues>' is not assignable to type 'Control<{ name: string; species: "other" | "dog" | "cat" | "bird" | "rabbit" | "reptile"; gender: "female" | "male"; weight_unit: "kg" | "lbs"; is_spayed_neutered: boolean; breed?: string | undefined; ... 16 more ...; spayed_neutered_date?: Date | undefined; }>'.
  The types of '_options.resolver' are incompatible between these types.
    Type 'Resolver<{ name: string; species: "other" | "dog" | "cat" | "bird" | "rabbit" | "reptile"; gender: "female" | "male"; weight_unit: "kg" | "lbs"; is_spayed_neutered: boolean; breed?: string | undefined; ... 16 more ...; spayed_neutered_date?: Date | undefined; }, any, TFieldValues> | undefined' is not assignable to type 'Resolver<{ name: string; species: "other" | "dog" | "cat" | "bird" | "rabbit" | "reptile"; gender: "female" | "male"; weight_unit: "kg" | "lbs"; is_spayed_neutered: boolean; breed?: string | undefined; ... 16 more ...; spayed_neutered_date?: Date | undefined; }, any, { ...; }> | undefined'.
      Type 'Resolver<{ name: string; species: "other" | "dog" | "cat" | "bird" | "rabbit" | "reptile"; gender: "female" | "male"; weight_unit: "kg" | "lbs"; is_spayed_neutered: boolean; breed?: string | undefined; ... 16 more ...; spayed_neutered_date?: Date | undefined; }, any, TFieldValues>' is not assignable to type 'Resolver<{ name: string; species: "other" | "dog" | "cat" | "bird" | "rabbit" | "reptile"; gender: "female" | "male"; weight_unit: "kg" | "lbs"; is_spayed_neutered: boolean; breed?: string | undefined; ... 16 more ...; spayed_neutered_date?: Date | undefined; }, any, { ...; }>'.
        Type 'ResolverResult<{ name: string; species: "other" | "dog" | "cat" | "bird" | "rabbit" | "reptile"; gender: "female" | "male"; weight_unit: "kg" | "lbs"; is_spayed_neutered: boolean; breed?: string | undefined; ... 16 more ...; spayed_neutered_date?: Date | undefined; }, TFieldValues> | Promise<...>' is not assignable to type 'ResolverResult<{ name: string; species: "other" | "dog" | "cat" | "bird" | "rabbit" | "reptile"; gender: "female" | "male"; weight_unit: "kg" | "lbs"; is_spayed_neutered: boolean; breed?: string | undefined; ... 16 more ...; spayed_neutered_date?: Date | undefined; }, { ...; }> | Promise<...>'.
          Type 'ResolverSuccess<TFieldValues>' is not assignable to type 'ResolverResult<{ name: string; species: "other" | "dog" | "cat" | "bird" | "rabbit" | "reptile"; gender: "female" | "male"; weight_unit: "kg" | "lbs"; is_spayed_neutered: boolean; breed?: string | undefined; ... 16 more ...; spayed_neutered_date?: Date | undefined; }, { ...; }> | Promise<...>'.
            Type 'ResolverSuccess<TFieldValues>' is not assignable to type 'ResolverSuccess<{ name: string; species: "other" | "dog" | "cat" | "bird" | "rabbit" | "reptile"; gender: "female" | "male"; weight_unit: "kg" | "lbs"; is_spayed_neutered: boolean; breed?: string | undefined; ... 16 more ...; spayed_neutered_date?: Date | undefined; }>'.
              Type 'TFieldValues' is not assignable to type '{ name: string; species: "other" | "dog" | "cat" | "bird" | "rabbit" | "reptile"; gender: "female" | "male"; weight_unit: "kg" | "lbs"; is_spayed_neutered: boolean; breed?: string | undefined; ... 16 more ...; spayed_neutered_date?: Date | undefined; }'.
                Type 'FieldValues' is missing the following properties from type '{ name: string; species: "other" | "dog" | "cat" | "bird" | "rabbit" | "reptile"; gender: "female" | "male"; weight_unit: "kg" | "lbs"; is_spayed_neutered: boolean; breed?: string | undefined; ... 16 more ...; spayed_neutered_date?: Date | undefined; }': name, species, gender, weight_unit, is_spayed_neutered
components/passport/forms/EditPetForm.tsx(308,29): error TS2322: Type 'Control<{ name: string; species: "other" | "dog" | "cat" | "bird" | "rabbit" | "reptile"; gender: "female" | "male"; weight_unit: "kg" | "lbs"; is_spayed_neutered: boolean; breed?: string | undefined; ... 16 more ...; spayed_neutered_date?: Date | undefined; }, any, TFieldValues>' is not assignable to type 'Control<{ name: string; species: "other" | "dog" | "cat" | "bird" | "rabbit" | "reptile"; gender: "female" | "male"; weight_unit: "kg" | "lbs"; is_spayed_neutered: boolean; breed?: string | undefined; ... 16 more ...; spayed_neutered_date?: Date | undefined; }>'.
  The types of '_options.resolver' are incompatible between these types.
    Type 'Resolver<{ name: string; species: "other" | "dog" | "cat" | "bird" | "rabbit" | "reptile"; gender: "female" | "male"; weight_unit: "kg" | "lbs"; is_spayed_neutered: boolean; breed?: string | undefined; ... 16 more ...; spayed_neutered_date?: Date | undefined; }, any, TFieldValues> | undefined' is not assignable to type 'Resolver<{ name: string; species: "other" | "dog" | "cat" | "bird" | "rabbit" | "reptile"; gender: "female" | "male"; weight_unit: "kg" | "lbs"; is_spayed_neutered: boolean; breed?: string | undefined; ... 16 more ...; spayed_neutered_date?: Date | undefined; }, any, { ...; }> | undefined'.
      Type 'Resolver<{ name: string; species: "other" | "dog" | "cat" | "bird" | "rabbit" | "reptile"; gender: "female" | "male"; weight_unit: "kg" | "lbs"; is_spayed_neutered: boolean; breed?: string | undefined; ... 16 more ...; spayed_neutered_date?: Date | undefined; }, any, TFieldValues>' is not assignable to type 'Resolver<{ name: string; species: "other" | "dog" | "cat" | "bird" | "rabbit" | "reptile"; gender: "female" | "male"; weight_unit: "kg" | "lbs"; is_spayed_neutered: boolean; breed?: string | undefined; ... 16 more ...; spayed_neutered_date?: Date | undefined; }, any, { ...; }>'.
        Type 'ResolverResult<{ name: string; species: "other" | "dog" | "cat" | "bird" | "rabbit" | "reptile"; gender: "female" | "male"; weight_unit: "kg" | "lbs"; is_spayed_neutered: boolean; breed?: string | undefined; ... 16 more ...; spayed_neutered_date?: Date | undefined; }, TFieldValues> | Promise<...>' is not assignable to type 'ResolverResult<{ name: string; species: "other" | "dog" | "cat" | "bird" | "rabbit" | "reptile"; gender: "female" | "male"; weight_unit: "kg" | "lbs"; is_spayed_neutered: boolean; breed?: string | undefined; ... 16 more ...; spayed_neutered_date?: Date | undefined; }, { ...; }> | Promise<...>'.
          Type 'ResolverSuccess<TFieldValues>' is not assignable to type 'ResolverResult<{ name: string; species: "other" | "dog" | "cat" | "bird" | "rabbit" | "reptile"; gender: "female" | "male"; weight_unit: "kg" | "lbs"; is_spayed_neutered: boolean; breed?: string | undefined; ... 16 more ...; spayed_neutered_date?: Date | undefined; }, { ...; }> | Promise<...>'.
            Type 'ResolverSuccess<TFieldValues>' is not assignable to type 'ResolverSuccess<{ name: string; species: "other" | "dog" | "cat" | "bird" | "rabbit" | "reptile"; gender: "female" | "male"; weight_unit: "kg" | "lbs"; is_spayed_neutered: boolean; breed?: string | undefined; ... 16 more ...; spayed_neutered_date?: Date | undefined; }>'.
              Type 'TFieldValues' is not assignable to type '{ name: string; species: "other" | "dog" | "cat" | "bird" | "rabbit" | "reptile"; gender: "female" | "male"; weight_unit: "kg" | "lbs"; is_spayed_neutered: boolean; breed?: string | undefined; ... 16 more ...; spayed_neutered_date?: Date | undefined; }'.
                Type 'FieldValues' is missing the following properties from type '{ name: string; species: "other" | "dog" | "cat" | "bird" | "rabbit" | "reptile"; gender: "female" | "male"; weight_unit: "kg" | "lbs"; is_spayed_neutered: boolean; breed?: string | undefined; ... 16 more ...; spayed_neutered_date?: Date | undefined; }': name, species, gender, weight_unit, is_spayed_neutered
components/passport/forms/EditPetForm.tsx(329,29): error TS2322: Type 'Control<{ name: string; species: "other" | "dog" | "cat" | "bird" | "rabbit" | "reptile"; gender: "female" | "male"; weight_unit: "kg" | "lbs"; is_spayed_neutered: boolean; breed?: string | undefined; ... 16 more ...; spayed_neutered_date?: Date | undefined; }, any, TFieldValues>' is not assignable to type 'Control<{ name: string; species: "other" | "dog" | "cat" | "bird" | "rabbit" | "reptile"; gender: "female" | "male"; weight_unit: "kg" | "lbs"; is_spayed_neutered: boolean; breed?: string | undefined; ... 16 more ...; spayed_neutered_date?: Date | undefined; }>'.
  The types of '_options.resolver' are incompatible between these types.
    Type 'Resolver<{ name: string; species: "other" | "dog" | "cat" | "bird" | "rabbit" | "reptile"; gender: "female" | "male"; weight_unit: "kg" | "lbs"; is_spayed_neutered: boolean; breed?: string | undefined; ... 16 more ...; spayed_neutered_date?: Date | undefined; }, any, TFieldValues> | undefined' is not assignable to type 'Resolver<{ name: string; species: "other" | "dog" | "cat" | "bird" | "rabbit" | "reptile"; gender: "female" | "male"; weight_unit: "kg" | "lbs"; is_spayed_neutered: boolean; breed?: string | undefined; ... 16 more ...; spayed_neutered_date?: Date | undefined; }, any, { ...; }> | undefined'.
      Type 'Resolver<{ name: string; species: "other" | "dog" | "cat" | "bird" | "rabbit" | "reptile"; gender: "female" | "male"; weight_unit: "kg" | "lbs"; is_spayed_neutered: boolean; breed?: string | undefined; ... 16 more ...; spayed_neutered_date?: Date | undefined; }, any, TFieldValues>' is not assignable to type 'Resolver<{ name: string; species: "other" | "dog" | "cat" | "bird" | "rabbit" | "reptile"; gender: "female" | "male"; weight_unit: "kg" | "lbs"; is_spayed_neutered: boolean; breed?: string | undefined; ... 16 more ...; spayed_neutered_date?: Date | undefined; }, any, { ...; }>'.
        Type 'ResolverResult<{ name: string; species: "other" | "dog" | "cat" | "bird" | "rabbit" | "reptile"; gender: "female" | "male"; weight_unit: "kg" | "lbs"; is_spayed_neutered: boolean; breed?: string | undefined; ... 16 more ...; spayed_neutered_date?: Date | undefined; }, TFieldValues> | Promise<...>' is not assignable to type 'ResolverResult<{ name: string; species: "other" | "dog" | "cat" | "bird" | "rabbit" | "reptile"; gender: "female" | "male"; weight_unit: "kg" | "lbs"; is_spayed_neutered: boolean; breed?: string | undefined; ... 16 more ...; spayed_neutered_date?: Date | undefined; }, { ...; }> | Promise<...>'.
          Type 'ResolverSuccess<TFieldValues>' is not assignable to type 'ResolverResult<{ name: string; species: "other" | "dog" | "cat" | "bird" | "rabbit" | "reptile"; gender: "female" | "male"; weight_unit: "kg" | "lbs"; is_spayed_neutered: boolean; breed?: string | undefined; ... 16 more ...; spayed_neutered_date?: Date | undefined; }, { ...; }> | Promise<...>'.
            Type 'ResolverSuccess<TFieldValues>' is not assignable to type 'ResolverSuccess<{ name: string; species: "other" | "dog" | "cat" | "bird" | "rabbit" | "reptile"; gender: "female" | "male"; weight_unit: "kg" | "lbs"; is_spayed_neutered: boolean; breed?: string | undefined; ... 16 more ...; spayed_neutered_date?: Date | undefined; }>'.
              Type 'TFieldValues' is not assignable to type '{ name: string; species: "other" | "dog" | "cat" | "bird" | "rabbit" | "reptile"; gender: "female" | "male"; weight_unit: "kg" | "lbs"; is_spayed_neutered: boolean; breed?: string | undefined; ... 16 more ...; spayed_neutered_date?: Date | undefined; }'.
                Type 'FieldValues' is missing the following properties from type '{ name: string; species: "other" | "dog" | "cat" | "bird" | "rabbit" | "reptile"; gender: "female" | "male"; weight_unit: "kg" | "lbs"; is_spayed_neutered: boolean; breed?: string | undefined; ... 16 more ...; spayed_neutered_date?: Date | undefined; }': name, species, gender, weight_unit, is_spayed_neutered
components/passport/forms/EditPetForm.tsx(337,29): error TS2322: Type 'Control<{ name: string; species: "other" | "dog" | "cat" | "bird" | "rabbit" | "reptile"; gender: "female" | "male"; weight_unit: "kg" | "lbs"; is_spayed_neutered: boolean; breed?: string | undefined; ... 16 more ...; spayed_neutered_date?: Date | undefined; }, any, TFieldValues>' is not assignable to type 'Control<{ name: string; species: "other" | "dog" | "cat" | "bird" | "rabbit" | "reptile"; gender: "female" | "male"; weight_unit: "kg" | "lbs"; is_spayed_neutered: boolean; breed?: string | undefined; ... 16 more ...; spayed_neutered_date?: Date | undefined; }>'.
  The types of '_options.resolver' are incompatible between these types.
    Type 'Resolver<{ name: string; species: "other" | "dog" | "cat" | "bird" | "rabbit" | "reptile"; gender: "female" | "male"; weight_unit: "kg" | "lbs"; is_spayed_neutered: boolean; breed?: string | undefined; ... 16 more ...; spayed_neutered_date?: Date | undefined; }, any, TFieldValues> | undefined' is not assignable to type 'Resolver<{ name: string; species: "other" | "dog" | "cat" | "bird" | "rabbit" | "reptile"; gender: "female" | "male"; weight_unit: "kg" | "lbs"; is_spayed_neutered: boolean; breed?: string | undefined; ... 16 more ...; spayed_neutered_date?: Date | undefined; }, any, { ...; }> | undefined'.
      Type 'Resolver<{ name: string; species: "other" | "dog" | "cat" | "bird" | "rabbit" | "reptile"; gender: "female" | "male"; weight_unit: "kg" | "lbs"; is_spayed_neutered: boolean; breed?: string | undefined; ... 16 more ...; spayed_neutered_date?: Date | undefined; }, any, TFieldValues>' is not assignable to type 'Resolver<{ name: string; species: "other" | "dog" | "cat" | "bird" | "rabbit" | "reptile"; gender: "female" | "male"; weight_unit: "kg" | "lbs"; is_spayed_neutered: boolean; breed?: string | undefined; ... 16 more ...; spayed_neutered_date?: Date | undefined; }, any, { ...; }>'.
        Type 'ResolverResult<{ name: string; species: "other" | "dog" | "cat" | "bird" | "rabbit" | "reptile"; gender: "female" | "male"; weight_unit: "kg" | "lbs"; is_spayed_neutered: boolean; breed?: string | undefined; ... 16 more ...; spayed_neutered_date?: Date | undefined; }, TFieldValues> | Promise<...>' is not assignable to type 'ResolverResult<{ name: string; species: "other" | "dog" | "cat" | "bird" | "rabbit" | "reptile"; gender: "female" | "male"; weight_unit: "kg" | "lbs"; is_spayed_neutered: boolean; breed?: string | undefined; ... 16 more ...; spayed_neutered_date?: Date | undefined; }, { ...; }> | Promise<...>'.
          Type 'ResolverSuccess<TFieldValues>' is not assignable to type 'ResolverResult<{ name: string; species: "other" | "dog" | "cat" | "bird" | "rabbit" | "reptile"; gender: "female" | "male"; weight_unit: "kg" | "lbs"; is_spayed_neutered: boolean; breed?: string | undefined; ... 16 more ...; spayed_neutered_date?: Date | undefined; }, { ...; }> | Promise<...>'.
            Type 'ResolverSuccess<TFieldValues>' is not assignable to type 'ResolverSuccess<{ name: string; species: "other" | "dog" | "cat" | "bird" | "rabbit" | "reptile"; gender: "female" | "male"; weight_unit: "kg" | "lbs"; is_spayed_neutered: boolean; breed?: string | undefined; ... 16 more ...; spayed_neutered_date?: Date | undefined; }>'.
              Type 'TFieldValues' is not assignable to type '{ name: string; species: "other" | "dog" | "cat" | "bird" | "rabbit" | "reptile"; gender: "female" | "male"; weight_unit: "kg" | "lbs"; is_spayed_neutered: boolean; breed?: string | undefined; ... 16 more ...; spayed_neutered_date?: Date | undefined; }'.
                Type 'FieldValues' is missing the following properties from type '{ name: string; species: "other" | "dog" | "cat" | "bird" | "rabbit" | "reptile"; gender: "female" | "male"; weight_unit: "kg" | "lbs"; is_spayed_neutered: boolean; breed?: string | undefined; ... 16 more ...; spayed_neutered_date?: Date | undefined; }': name, species, gender, weight_unit, is_spayed_neutered
components/passport/forms/EditPetForm.tsx(348,29): error TS2322: Type 'Control<{ name: string; species: "other" | "dog" | "cat" | "bird" | "rabbit" | "reptile"; gender: "female" | "male"; weight_unit: "kg" | "lbs"; is_spayed_neutered: boolean; breed?: string | undefined; ... 16 more ...; spayed_neutered_date?: Date | undefined; }, any, TFieldValues>' is not assignable to type 'Control<{ name: string; species: "other" | "dog" | "cat" | "bird" | "rabbit" | "reptile"; gender: "female" | "male"; weight_unit: "kg" | "lbs"; is_spayed_neutered: boolean; breed?: string | undefined; ... 16 more ...; spayed_neutered_date?: Date | undefined; }>'.
  The types of '_options.resolver' are incompatible between these types.
    Type 'Resolver<{ name: string; species: "other" | "dog" | "cat" | "bird" | "rabbit" | "reptile"; gender: "female" | "male"; weight_unit: "kg" | "lbs"; is_spayed_neutered: boolean; breed?: string | undefined; ... 16 more ...; spayed_neutered_date?: Date | undefined; }, any, TFieldValues> | undefined' is not assignable to type 'Resolver<{ name: string; species: "other" | "dog" | "cat" | "bird" | "rabbit" | "reptile"; gender: "female" | "male"; weight_unit: "kg" | "lbs"; is_spayed_neutered: boolean; breed?: string | undefined; ... 16 more ...; spayed_neutered_date?: Date | undefined; }, any, { ...; }> | undefined'.
      Type 'Resolver<{ name: string; species: "other" | "dog" | "cat" | "bird" | "rabbit" | "reptile"; gender: "female" | "male"; weight_unit: "kg" | "lbs"; is_spayed_neutered: boolean; breed?: string | undefined; ... 16 more ...; spayed_neutered_date?: Date | undefined; }, any, TFieldValues>' is not assignable to type 'Resolver<{ name: string; species: "other" | "dog" | "cat" | "bird" | "rabbit" | "reptile"; gender: "female" | "male"; weight_unit: "kg" | "lbs"; is_spayed_neutered: boolean; breed?: string | undefined; ... 16 more ...; spayed_neutered_date?: Date | undefined; }, any, { ...; }>'.
        Type 'ResolverResult<{ name: string; species: "other" | "dog" | "cat" | "bird" | "rabbit" | "reptile"; gender: "female" | "male"; weight_unit: "kg" | "lbs"; is_spayed_neutered: boolean; breed?: string | undefined; ... 16 more ...; spayed_neutered_date?: Date | undefined; }, TFieldValues> | Promise<...>' is not assignable to type 'ResolverResult<{ name: string; species: "other" | "dog" | "cat" | "bird" | "rabbit" | "reptile"; gender: "female" | "male"; weight_unit: "kg" | "lbs"; is_spayed_neutered: boolean; breed?: string | undefined; ... 16 more ...; spayed_neutered_date?: Date | undefined; }, { ...; }> | Promise<...>'.
          Type 'ResolverSuccess<TFieldValues>' is not assignable to type 'ResolverResult<{ name: string; species: "other" | "dog" | "cat" | "bird" | "rabbit" | "reptile"; gender: "female" | "male"; weight_unit: "kg" | "lbs"; is_spayed_neutered: boolean; breed?: string | undefined; ... 16 more ...; spayed_neutered_date?: Date | undefined; }, { ...; }> | Promise<...>'.
            Type 'ResolverSuccess<TFieldValues>' is not assignable to type 'ResolverSuccess<{ name: string; species: "other" | "dog" | "cat" | "bird" | "rabbit" | "reptile"; gender: "female" | "male"; weight_unit: "kg" | "lbs"; is_spayed_neutered: boolean; breed?: string | undefined; ... 16 more ...; spayed_neutered_date?: Date | undefined; }>'.
              Type 'TFieldValues' is not assignable to type '{ name: string; species: "other" | "dog" | "cat" | "bird" | "rabbit" | "reptile"; gender: "female" | "male"; weight_unit: "kg" | "lbs"; is_spayed_neutered: boolean; breed?: string | undefined; ... 16 more ...; spayed_neutered_date?: Date | undefined; }'.
                Type 'FieldValues' is missing the following properties from type '{ name: string; species: "other" | "dog" | "cat" | "bird" | "rabbit" | "reptile"; gender: "female" | "male"; weight_unit: "kg" | "lbs"; is_spayed_neutered: boolean; breed?: string | undefined; ... 16 more ...; spayed_neutered_date?: Date | undefined; }': name, species, gender, weight_unit, is_spayed_neutered
components/passport/forms/EditPetForm.tsx(360,29): error TS2322: Type 'Control<{ name: string; species: "other" | "dog" | "cat" | "bird" | "rabbit" | "reptile"; gender: "female" | "male"; weight_unit: "kg" | "lbs"; is_spayed_neutered: boolean; breed?: string | undefined; ... 16 more ...; spayed_neutered_date?: Date | undefined; }, any, TFieldValues>' is not assignable to type 'Control<{ name: string; species: "other" | "dog" | "cat" | "bird" | "rabbit" | "reptile"; gender: "female" | "male"; weight_unit: "kg" | "lbs"; is_spayed_neutered: boolean; breed?: string | undefined; ... 16 more ...; spayed_neutered_date?: Date | undefined; }>'.
  The types of '_options.resolver' are incompatible between these types.
    Type 'Resolver<{ name: string; species: "other" | "dog" | "cat" | "bird" | "rabbit" | "reptile"; gender: "female" | "male"; weight_unit: "kg" | "lbs"; is_spayed_neutered: boolean; breed?: string | undefined; ... 16 more ...; spayed_neutered_date?: Date | undefined; }, any, TFieldValues> | undefined' is not assignable to type 'Resolver<{ name: string; species: "other" | "dog" | "cat" | "bird" | "rabbit" | "reptile"; gender: "female" | "male"; weight_unit: "kg" | "lbs"; is_spayed_neutered: boolean; breed?: string | undefined; ... 16 more ...; spayed_neutered_date?: Date | undefined; }, any, { ...; }> | undefined'.
      Type 'Resolver<{ name: string; species: "other" | "dog" | "cat" | "bird" | "rabbit" | "reptile"; gender: "female" | "male"; weight_unit: "kg" | "lbs"; is_spayed_neutered: boolean; breed?: string | undefined; ... 16 more ...; spayed_neutered_date?: Date | undefined; }, any, TFieldValues>' is not assignable to type 'Resolver<{ name: string; species: "other" | "dog" | "cat" | "bird" | "rabbit" | "reptile"; gender: "female" | "male"; weight_unit: "kg" | "lbs"; is_spayed_neutered: boolean; breed?: string | undefined; ... 16 more ...; spayed_neutered_date?: Date | undefined; }, any, { ...; }>'.
        Type 'ResolverResult<{ name: string; species: "other" | "dog" | "cat" | "bird" | "rabbit" | "reptile"; gender: "female" | "male"; weight_unit: "kg" | "lbs"; is_spayed_neutered: boolean; breed?: string | undefined; ... 16 more ...; spayed_neutered_date?: Date | undefined; }, TFieldValues> | Promise<...>' is not assignable to type 'ResolverResult<{ name: string; species: "other" | "dog" | "cat" | "bird" | "rabbit" | "reptile"; gender: "female" | "male"; weight_unit: "kg" | "lbs"; is_spayed_neutered: boolean; breed?: string | undefined; ... 16 more ...; spayed_neutered_date?: Date | undefined; }, { ...; }> | Promise<...>'.
          Type 'ResolverSuccess<TFieldValues>' is not assignable to type 'ResolverResult<{ name: string; species: "other" | "dog" | "cat" | "bird" | "rabbit" | "reptile"; gender: "female" | "male"; weight_unit: "kg" | "lbs"; is_spayed_neutered: boolean; breed?: string | undefined; ... 16 more ...; spayed_neutered_date?: Date | undefined; }, { ...; }> | Promise<...>'.
            Type 'ResolverSuccess<TFieldValues>' is not assignable to type 'ResolverSuccess<{ name: string; species: "other" | "dog" | "cat" | "bird" | "rabbit" | "reptile"; gender: "female" | "male"; weight_unit: "kg" | "lbs"; is_spayed_neutered: boolean; breed?: string | undefined; ... 16 more ...; spayed_neutered_date?: Date | undefined; }>'.
              Type 'TFieldValues' is not assignable to type '{ name: string; species: "other" | "dog" | "cat" | "bird" | "rabbit" | "reptile"; gender: "female" | "male"; weight_unit: "kg" | "lbs"; is_spayed_neutered: boolean; breed?: string | undefined; ... 16 more ...; spayed_neutered_date?: Date | undefined; }'.
                Type 'FieldValues' is missing the following properties from type '{ name: string; species: "other" | "dog" | "cat" | "bird" | "rabbit" | "reptile"; gender: "female" | "male"; weight_unit: "kg" | "lbs"; is_spayed_neutered: boolean; breed?: string | undefined; ... 16 more ...; spayed_neutered_date?: Date | undefined; }': name, species, gender, weight_unit, is_spayed_neutered
components/passport/forms/EditPetForm.tsx(371,29): error TS2322: Type 'Control<{ name: string; species: "other" | "dog" | "cat" | "bird" | "rabbit" | "reptile"; gender: "female" | "male"; weight_unit: "kg" | "lbs"; is_spayed_neutered: boolean; breed?: string | undefined; ... 16 more ...; spayed_neutered_date?: Date | undefined; }, any, TFieldValues>' is not assignable to type 'Control<{ name: string; species: "other" | "dog" | "cat" | "bird" | "rabbit" | "reptile"; gender: "female" | "male"; weight_unit: "kg" | "lbs"; is_spayed_neutered: boolean; breed?: string | undefined; ... 16 more ...; spayed_neutered_date?: Date | undefined; }>'.
  The types of '_options.resolver' are incompatible between these types.
    Type 'Resolver<{ name: string; species: "other" | "dog" | "cat" | "bird" | "rabbit" | "reptile"; gender: "female" | "male"; weight_unit: "kg" | "lbs"; is_spayed_neutered: boolean; breed?: string | undefined; ... 16 more ...; spayed_neutered_date?: Date | undefined; }, any, TFieldValues> | undefined' is not assignable to type 'Resolver<{ name: string; species: "other" | "dog" | "cat" | "bird" | "rabbit" | "reptile"; gender: "female" | "male"; weight_unit: "kg" | "lbs"; is_spayed_neutered: boolean; breed?: string | undefined; ... 16 more ...; spayed_neutered_date?: Date | undefined; }, any, { ...; }> | undefined'.
      Type 'Resolver<{ name: string; species: "other" | "dog" | "cat" | "bird" | "rabbit" | "reptile"; gender: "female" | "male"; weight_unit: "kg" | "lbs"; is_spayed_neutered: boolean; breed?: string | undefined; ... 16 more ...; spayed_neutered_date?: Date | undefined; }, any, TFieldValues>' is not assignable to type 'Resolver<{ name: string; species: "other" | "dog" | "cat" | "bird" | "rabbit" | "reptile"; gender: "female" | "male"; weight_unit: "kg" | "lbs"; is_spayed_neutered: boolean; breed?: string | undefined; ... 16 more ...; spayed_neutered_date?: Date | undefined; }, any, { ...; }>'.
        Type 'ResolverResult<{ name: string; species: "other" | "dog" | "cat" | "bird" | "rabbit" | "reptile"; gender: "female" | "male"; weight_unit: "kg" | "lbs"; is_spayed_neutered: boolean; breed?: string | undefined; ... 16 more ...; spayed_neutered_date?: Date | undefined; }, TFieldValues> | Promise<...>' is not assignable to type 'ResolverResult<{ name: string; species: "other" | "dog" | "cat" | "bird" | "rabbit" | "reptile"; gender: "female" | "male"; weight_unit: "kg" | "lbs"; is_spayed_neutered: boolean; breed?: string | undefined; ... 16 more ...; spayed_neutered_date?: Date | undefined; }, { ...; }> | Promise<...>'.
          Type 'ResolverSuccess<TFieldValues>' is not assignable to type 'ResolverResult<{ name: string; species: "other" | "dog" | "cat" | "bird" | "rabbit" | "reptile"; gender: "female" | "male"; weight_unit: "kg" | "lbs"; is_spayed_neutered: boolean; breed?: string | undefined; ... 16 more ...; spayed_neutered_date?: Date | undefined; }, { ...; }> | Promise<...>'.
            Type 'ResolverSuccess<TFieldValues>' is not assignable to type 'ResolverSuccess<{ name: string; species: "other" | "dog" | "cat" | "bird" | "rabbit" | "reptile"; gender: "female" | "male"; weight_unit: "kg" | "lbs"; is_spayed_neutered: boolean; breed?: string | undefined; ... 16 more ...; spayed_neutered_date?: Date | undefined; }>'.
              Type 'TFieldValues' is not assignable to type '{ name: string; species: "other" | "dog" | "cat" | "bird" | "rabbit" | "reptile"; gender: "female" | "male"; weight_unit: "kg" | "lbs"; is_spayed_neutered: boolean; breed?: string | undefined; ... 16 more ...; spayed_neutered_date?: Date | undefined; }'.
                Type 'FieldValues' is missing the following properties from type '{ name: string; species: "other" | "dog" | "cat" | "bird" | "rabbit" | "reptile"; gender: "female" | "male"; weight_unit: "kg" | "lbs"; is_spayed_neutered: boolean; breed?: string | undefined; ... 16 more ...; spayed_neutered_date?: Date | undefined; }': name, species, gender, weight_unit, is_spayed_neutered
components/passport/forms/EditPetForm.tsx(392,33): error TS2322: Type 'Control<{ name: string; species: "other" | "dog" | "cat" | "bird" | "rabbit" | "reptile"; gender: "female" | "male"; weight_unit: "kg" | "lbs"; is_spayed_neutered: boolean; breed?: string | undefined; ... 16 more ...; spayed_neutered_date?: Date | undefined; }, any, TFieldValues>' is not assignable to type 'Control<{ name: string; species: "other" | "dog" | "cat" | "bird" | "rabbit" | "reptile"; gender: "female" | "male"; weight_unit: "kg" | "lbs"; is_spayed_neutered: boolean; breed?: string | undefined; ... 16 more ...; spayed_neutered_date?: Date | undefined; }>'.
  The types of '_options.resolver' are incompatible between these types.
    Type 'Resolver<{ name: string; species: "other" | "dog" | "cat" | "bird" | "rabbit" | "reptile"; gender: "female" | "male"; weight_unit: "kg" | "lbs"; is_spayed_neutered: boolean; breed?: string | undefined; ... 16 more ...; spayed_neutered_date?: Date | undefined; }, any, TFieldValues> | undefined' is not assignable to type 'Resolver<{ name: string; species: "other" | "dog" | "cat" | "bird" | "rabbit" | "reptile"; gender: "female" | "male"; weight_unit: "kg" | "lbs"; is_spayed_neutered: boolean; breed?: string | undefined; ... 16 more ...; spayed_neutered_date?: Date | undefined; }, any, { ...; }> | undefined'.
      Type 'Resolver<{ name: string; species: "other" | "dog" | "cat" | "bird" | "rabbit" | "reptile"; gender: "female" | "male"; weight_unit: "kg" | "lbs"; is_spayed_neutered: boolean; breed?: string | undefined; ... 16 more ...; spayed_neutered_date?: Date | undefined; }, any, TFieldValues>' is not assignable to type 'Resolver<{ name: string; species: "other" | "dog" | "cat" | "bird" | "rabbit" | "reptile"; gender: "female" | "male"; weight_unit: "kg" | "lbs"; is_spayed_neutered: boolean; breed?: string | undefined; ... 16 more ...; spayed_neutered_date?: Date | undefined; }, any, { ...; }>'.
        Type 'ResolverResult<{ name: string; species: "other" | "dog" | "cat" | "bird" | "rabbit" | "reptile"; gender: "female" | "male"; weight_unit: "kg" | "lbs"; is_spayed_neutered: boolean; breed?: string | undefined; ... 16 more ...; spayed_neutered_date?: Date | undefined; }, TFieldValues> | Promise<...>' is not assignable to type 'ResolverResult<{ name: string; species: "other" | "dog" | "cat" | "bird" | "rabbit" | "reptile"; gender: "female" | "male"; weight_unit: "kg" | "lbs"; is_spayed_neutered: boolean; breed?: string | undefined; ... 16 more ...; spayed_neutered_date?: Date | undefined; }, { ...; }> | Promise<...>'.
          Type 'ResolverSuccess<TFieldValues>' is not assignable to type 'ResolverResult<{ name: string; species: "other" | "dog" | "cat" | "bird" | "rabbit" | "reptile"; gender: "female" | "male"; weight_unit: "kg" | "lbs"; is_spayed_neutered: boolean; breed?: string | undefined; ... 16 more ...; spayed_neutered_date?: Date | undefined; }, { ...; }> | Promise<...>'.
            Type 'ResolverSuccess<TFieldValues>' is not assignable to type 'ResolverSuccess<{ name: string; species: "other" | "dog" | "cat" | "bird" | "rabbit" | "reptile"; gender: "female" | "male"; weight_unit: "kg" | "lbs"; is_spayed_neutered: boolean; breed?: string | undefined; ... 16 more ...; spayed_neutered_date?: Date | undefined; }>'.
              Type 'TFieldValues' is not assignable to type '{ name: string; species: "other" | "dog" | "cat" | "bird" | "rabbit" | "reptile"; gender: "female" | "male"; weight_unit: "kg" | "lbs"; is_spayed_neutered: boolean; breed?: string | undefined; ... 16 more ...; spayed_neutered_date?: Date | undefined; }'.
                Type 'FieldValues' is missing the following properties from type '{ name: string; species: "other" | "dog" | "cat" | "bird" | "rabbit" | "reptile"; gender: "female" | "male"; weight_unit: "kg" | "lbs"; is_spayed_neutered: boolean; breed?: string | undefined; ... 16 more ...; spayed_neutered_date?: Date | undefined; }': name, species, gender, weight_unit, is_spayed_neutered
components/passport/forms/EditPetForm.tsx(472,18): error TS2741: Property 'onBack' is missing in type '{ onPrimary: (e?: BaseSyntheticEvent<object, any, any> | undefined) => Promise<void>; primaryLabel: string; disabled: boolean; }' but required in type 'Props'.
components/passport/forms/EditPetForm.tsx(473,45): error TS2345: Argument of type '(data: CompletePetFormData) => Promise<void>' is not assignable to parameter of type 'SubmitHandler<TFieldValues>'.
  Types of parameters 'data' and 'data' are incompatible.
    Type 'TFieldValues' is not assignable to type '{ name: string; species: "other" | "dog" | "cat" | "bird" | "rabbit" | "reptile"; gender: "female" | "male"; weight_unit: "kg" | "lbs"; is_spayed_neutered: boolean; breed?: string | undefined; ... 16 more ...; spayed_neutered_date?: Date | undefined; }'.
      Type 'FieldValues' is missing the following properties from type '{ name: string; species: "other" | "dog" | "cat" | "bird" | "rabbit" | "reptile"; gender: "female" | "male"; weight_unit: "kg" | "lbs"; is_spayed_neutered: boolean; breed?: string | undefined; ... 16 more ...; spayed_neutered_date?: Date | undefined; }': name, species, gender, weight_unit, is_spayed_neutered
components/passport/forms/EmergencyContactForm.tsx(51,20): error TS2367: This comparison appears to be unintentional because the types 'Readonly<{ colors: { primary: { 50: string; 100: string; 200: string; 300: string; 400: string; 500: string; 600: string; 700: string; 800: string; 900: string; }; secondary: { paw: string; pawLight: string; pawDark: string; ... 5 more ...; sunDark: string; }; ... 8 more ...; overlay: { ...; }; }; ... 8 more ...; co...' and 'string' have no overlap.
components/passport/forms/EmergencyContactForm.tsx(56,9): error TS2322: Type 'Resolver<{ contactType: "owner" | "veterinarian" | "alternate" | "emergency_vet"; name: string; phone: string; relationship?: string | undefined; email?: string | undefined; address?: string | undefined; isPrimary?: boolean | undefined; }, any, { ...; }>' is not assignable to type 'Resolver<EmergencyContactFormData, any, EmergencyContactFormData>'.
  Types of parameters 'options' and 'options' are incompatible.
    Type 'ResolverOptions<EmergencyContactFormData>' is not assignable to type 'ResolverOptions<{ contactType: "owner" | "veterinarian" | "alternate" | "emergency_vet"; name: string; phone: string; relationship?: string | undefined; email?: string | undefined; address?: string | undefined; isPrimary?: boolean | undefined; }>'.
      Type '"owner" | "veterinarian" | "alternate" | "emergency_vet"' is not assignable to type 'EmergencyContactType'.
        Type '"owner"' is not assignable to type 'EmergencyContactType'.
components/passport/forms/EmergencyContactForm.tsx(150,33): error TS2322: Type 'Control<EmergencyContactFormData, any, TFieldValues>' is not assignable to type 'Control<EmergencyContactFormData>'.
  The types of '_options.resolver' are incompatible between these types.
    Type 'Resolver<EmergencyContactFormData, any, TFieldValues> | undefined' is not assignable to type 'Resolver<EmergencyContactFormData, any, EmergencyContactFormData> | undefined'.
      Type 'Resolver<EmergencyContactFormData, any, TFieldValues>' is not assignable to type 'Resolver<EmergencyContactFormData, any, EmergencyContactFormData>'.
        Type 'ResolverResult<EmergencyContactFormData, TFieldValues> | Promise<ResolverResult<EmergencyContactFormData, TFieldValues>>' is not assignable to type 'ResolverResult<EmergencyContactFormData, EmergencyContactFormData> | Promise<ResolverResult<EmergencyContactFormData, EmergencyContactFormData>>'.
          Type 'ResolverSuccess<TFieldValues>' is not assignable to type 'ResolverResult<EmergencyContactFormData, EmergencyContactFormData> | Promise<ResolverResult<EmergencyContactFormData, EmergencyContactFormData>>'.
            Type 'ResolverSuccess<TFieldValues>' is not assignable to type 'ResolverSuccess<EmergencyContactFormData>'.
              Type 'TFieldValues' is not assignable to type 'EmergencyContactFormData'.
                Type 'FieldValues' is missing the following properties from type 'EmergencyContactFormData': contactType, name, phone, isPrimary
components/passport/forms/EmergencyContactForm.tsx(158,33): error TS2322: Type 'Control<EmergencyContactFormData, any, TFieldValues>' is not assignable to type 'Control<EmergencyContactFormData>'.
  The types of '_options.resolver' are incompatible between these types.
    Type 'Resolver<EmergencyContactFormData, any, TFieldValues> | undefined' is not assignable to type 'Resolver<EmergencyContactFormData, any, EmergencyContactFormData> | undefined'.
      Type 'Resolver<EmergencyContactFormData, any, TFieldValues>' is not assignable to type 'Resolver<EmergencyContactFormData, any, EmergencyContactFormData>'.
        Type 'ResolverResult<EmergencyContactFormData, TFieldValues> | Promise<ResolverResult<EmergencyContactFormData, TFieldValues>>' is not assignable to type 'ResolverResult<EmergencyContactFormData, EmergencyContactFormData> | Promise<ResolverResult<EmergencyContactFormData, EmergencyContactFormData>>'.
          Type 'ResolverSuccess<TFieldValues>' is not assignable to type 'ResolverResult<EmergencyContactFormData, EmergencyContactFormData> | Promise<ResolverResult<EmergencyContactFormData, EmergencyContactFormData>>'.
            Type 'ResolverSuccess<TFieldValues>' is not assignable to type 'ResolverSuccess<EmergencyContactFormData>'.
              Type 'TFieldValues' is not assignable to type 'EmergencyContactFormData'.
                Type 'FieldValues' is missing the following properties from type 'EmergencyContactFormData': contactType, name, phone, isPrimary
components/passport/forms/EmergencyContactForm.tsx(166,33): error TS2322: Type 'Control<EmergencyContactFormData, any, TFieldValues>' is not assignable to type 'Control<EmergencyContactFormData>'.
  The types of '_options.resolver' are incompatible between these types.
    Type 'Resolver<EmergencyContactFormData, any, TFieldValues> | undefined' is not assignable to type 'Resolver<EmergencyContactFormData, any, EmergencyContactFormData> | undefined'.
      Type 'Resolver<EmergencyContactFormData, any, TFieldValues>' is not assignable to type 'Resolver<EmergencyContactFormData, any, EmergencyContactFormData>'.
        Type 'ResolverResult<EmergencyContactFormData, TFieldValues> | Promise<ResolverResult<EmergencyContactFormData, TFieldValues>>' is not assignable to type 'ResolverResult<EmergencyContactFormData, EmergencyContactFormData> | Promise<ResolverResult<EmergencyContactFormData, EmergencyContactFormData>>'.
          Type 'ResolverSuccess<TFieldValues>' is not assignable to type 'ResolverResult<EmergencyContactFormData, EmergencyContactFormData> | Promise<ResolverResult<EmergencyContactFormData, EmergencyContactFormData>>'.
            Type 'ResolverSuccess<TFieldValues>' is not assignable to type 'ResolverSuccess<EmergencyContactFormData>'.
              Type 'TFieldValues' is not assignable to type 'EmergencyContactFormData'.
                Type 'FieldValues' is missing the following properties from type 'EmergencyContactFormData': contactType, name, phone, isPrimary
components/passport/forms/EmergencyContactForm.tsx(173,33): error TS2322: Type 'Control<EmergencyContactFormData, any, TFieldValues>' is not assignable to type 'Control<EmergencyContactFormData>'.
  The types of '_options.resolver' are incompatible between these types.
    Type 'Resolver<EmergencyContactFormData, any, TFieldValues> | undefined' is not assignable to type 'Resolver<EmergencyContactFormData, any, EmergencyContactFormData> | undefined'.
      Type 'Resolver<EmergencyContactFormData, any, TFieldValues>' is not assignable to type 'Resolver<EmergencyContactFormData, any, EmergencyContactFormData>'.
        Type 'ResolverResult<EmergencyContactFormData, TFieldValues> | Promise<ResolverResult<EmergencyContactFormData, TFieldValues>>' is not assignable to type 'ResolverResult<EmergencyContactFormData, EmergencyContactFormData> | Promise<ResolverResult<EmergencyContactFormData, EmergencyContactFormData>>'.
          Type 'ResolverSuccess<TFieldValues>' is not assignable to type 'ResolverResult<EmergencyContactFormData, EmergencyContactFormData> | Promise<ResolverResult<EmergencyContactFormData, EmergencyContactFormData>>'.
            Type 'ResolverSuccess<TFieldValues>' is not assignable to type 'ResolverSuccess<EmergencyContactFormData>'.
              Type 'TFieldValues' is not assignable to type 'EmergencyContactFormData'.
                Type 'FieldValues' is missing the following properties from type 'EmergencyContactFormData': contactType, name, phone, isPrimary
components/passport/forms/EmergencyContactForm.tsx(182,33): error TS2322: Type 'Control<EmergencyContactFormData, any, TFieldValues>' is not assignable to type 'Control<EmergencyContactFormData>'.
  The types of '_options.resolver' are incompatible between these types.
    Type 'Resolver<EmergencyContactFormData, any, TFieldValues> | undefined' is not assignable to type 'Resolver<EmergencyContactFormData, any, EmergencyContactFormData> | undefined'.
      Type 'Resolver<EmergencyContactFormData, any, TFieldValues>' is not assignable to type 'Resolver<EmergencyContactFormData, any, EmergencyContactFormData>'.
        Type 'ResolverResult<EmergencyContactFormData, TFieldValues> | Promise<ResolverResult<EmergencyContactFormData, TFieldValues>>' is not assignable to type 'ResolverResult<EmergencyContactFormData, EmergencyContactFormData> | Promise<ResolverResult<EmergencyContactFormData, EmergencyContactFormData>>'.
          Type 'ResolverSuccess<TFieldValues>' is not assignable to type 'ResolverResult<EmergencyContactFormData, EmergencyContactFormData> | Promise<ResolverResult<EmergencyContactFormData, EmergencyContactFormData>>'.
            Type 'ResolverSuccess<TFieldValues>' is not assignable to type 'ResolverSuccess<EmergencyContactFormData>'.
              Type 'TFieldValues' is not assignable to type 'EmergencyContactFormData'.
                Type 'FieldValues' is missing the following properties from type 'EmergencyContactFormData': contactType, name, phone, isPrimary
components/passport/forms/EmergencyContactForm.tsx(195,41): error TS2322: Type '{ label: string; placeholder: string; initialValue: string | undefined; onSelect: (details: AddressData) => void; }' is not assignable to type 'IntrinsicAttributes & AddressAutocompleteProps'.
  Property 'label' does not exist on type 'IntrinsicAttributes & AddressAutocompleteProps'.
components/passport/forms/EmergencyContactForm.tsx(198,81): error TS2339: Property 'formattedAddress' does not exist on type 'AddressData'.
components/passport/forms/EmergencyContactForm.tsx(225,26): error TS2741: Property 'onBack' is missing in type '{ onPrimary: (e?: BaseSyntheticEvent<object, any, any> | undefined) => Promise<void>; primaryLabel: string; disabled: boolean; }' but required in type 'Props'.
components/passport/forms/EmergencyContactForm.tsx(226,53): error TS2345: Argument of type '(data: EmergencyContactFormData) => Promise<void>' is not assignable to parameter of type 'SubmitHandler<TFieldValues>'.
  Types of parameters 'data' and 'data' are incompatible.
    Type 'TFieldValues' is not assignable to type 'EmergencyContactFormData'.
      Type 'FieldValues' is missing the following properties from type 'EmergencyContactFormData': contactType, name, phone, isPrimary
components/passport/forms/HealthRecordForm.tsx(73,20): error TS2367: This comparison appears to be unintentional because the types 'Readonly<{ colors: { primary: { 50: string; 100: string; 200: string; 300: string; 400: string; 500: string; 600: string; 700: string; 800: string; 900: string; }; secondary: { paw: string; pawLight: string; pawDark: string; ... 5 more ...; sunDark: string; }; ... 8 more ...; overlay: { ...; }; }; ... 8 more ...; co...' and 'string' have no overlap.
components/passport/forms/HealthRecordForm.tsx(78,9): error TS2322: Type 'Resolver<{ date: Date; weight?: number | undefined; weightUnit?: "kg" | "lb" | undefined; temperature?: number | undefined; temperatureUnit?: "F" | "C" | undefined; heartRate?: number | undefined; ... 7 more ...; notes?: string | undefined; }, any, { ...; }>' is not assignable to type 'Resolver<{ date: Date; weightUnit: "kg" | "lb"; temperatureUnit: "F" | "C"; weight?: number | undefined; temperature?: number | undefined; heartRate?: number | undefined; respiratoryRate?: number | undefined; ... 6 more ...; notes?: string | undefined; }, any, { ...; }>'.
  Types of parameters 'options' and 'options' are incompatible.
    Type 'ResolverOptions<{ date: Date; weightUnit: "kg" | "lb"; temperatureUnit: "F" | "C"; weight?: number | undefined; temperature?: number | undefined; heartRate?: number | undefined; respiratoryRate?: number | undefined; ... 6 more ...; notes?: string | undefined; }>' is not assignable to type 'ResolverOptions<{ date: Date; weight?: number | undefined; weightUnit?: "kg" | "lb" | undefined; temperature?: number | undefined; temperatureUnit?: "F" | "C" | undefined; heartRate?: number | undefined; ... 7 more ...; notes?: string | undefined; }>'.
      Type '"kg" | "lb" | undefined' is not assignable to type '"kg" | "lb"'.
        Type 'undefined' is not assignable to type '"kg" | "lb"'.
components/passport/forms/HealthRecordForm.tsx(175,33): error TS2322: Type 'Control<{ date: Date; weightUnit: "kg" | "lb"; temperatureUnit: "F" | "C"; weight?: number | undefined; temperature?: number | undefined; heartRate?: number | undefined; respiratoryRate?: number | undefined; ... 6 more ...; notes?: string | undefined; }, any, TFieldValues>' is not assignable to type 'Control<{ date: Date; weightUnit: "kg" | "lb"; temperatureUnit: "F" | "C"; weight?: number | undefined; temperature?: number | undefined; heartRate?: number | undefined; respiratoryRate?: number | undefined; ... 6 more ...; notes?: string | undefined; }>'.
  The types of '_options.resolver' are incompatible between these types.
    Type 'Resolver<{ date: Date; weightUnit: "kg" | "lb"; temperatureUnit: "F" | "C"; weight?: number | undefined; temperature?: number | undefined; heartRate?: number | undefined; respiratoryRate?: number | undefined; ... 6 more ...; notes?: string | undefined; }, any, TFieldValues> | undefined' is not assignable to type 'Resolver<{ date: Date; weightUnit: "kg" | "lb"; temperatureUnit: "F" | "C"; weight?: number | undefined; temperature?: number | undefined; heartRate?: number | undefined; respiratoryRate?: number | undefined; ... 6 more ...; notes?: string | undefined; }, any, { ...; }> | undefined'.
      Type 'Resolver<{ date: Date; weightUnit: "kg" | "lb"; temperatureUnit: "F" | "C"; weight?: number | undefined; temperature?: number | undefined; heartRate?: number | undefined; respiratoryRate?: number | undefined; ... 6 more ...; notes?: string | undefined; }, any, TFieldValues>' is not assignable to type 'Resolver<{ date: Date; weightUnit: "kg" | "lb"; temperatureUnit: "F" | "C"; weight?: number | undefined; temperature?: number | undefined; heartRate?: number | undefined; respiratoryRate?: number | undefined; ... 6 more ...; notes?: string | undefined; }, any, { ...; }>'.
        Type 'ResolverResult<{ date: Date; weightUnit: "kg" | "lb"; temperatureUnit: "F" | "C"; weight?: number | undefined; temperature?: number | undefined; heartRate?: number | undefined; respiratoryRate?: number | undefined; ... 6 more ...; notes?: string | undefined; }, TFieldValues> | Promise<...>' is not assignable to type 'ResolverResult<{ date: Date; weightUnit: "kg" | "lb"; temperatureUnit: "F" | "C"; weight?: number | undefined; temperature?: number | undefined; heartRate?: number | undefined; respiratoryRate?: number | undefined; ... 6 more ...; notes?: string | undefined; }, { ...; }> | Promise<...>'.
          Type 'ResolverSuccess<TFieldValues>' is not assignable to type 'ResolverResult<{ date: Date; weightUnit: "kg" | "lb"; temperatureUnit: "F" | "C"; weight?: number | undefined; temperature?: number | undefined; heartRate?: number | undefined; respiratoryRate?: number | undefined; ... 6 more ...; notes?: string | undefined; }, { ...; }> | Promise<...>'.
            Type 'ResolverSuccess<TFieldValues>' is not assignable to type 'ResolverSuccess<{ date: Date; weightUnit: "kg" | "lb"; temperatureUnit: "F" | "C"; weight?: number | undefined; temperature?: number | undefined; heartRate?: number | undefined; respiratoryRate?: number | undefined; ... 6 more ...; notes?: string | undefined; }>'.
              Type 'TFieldValues' is not assignable to type '{ date: Date; weightUnit: "kg" | "lb"; temperatureUnit: "F" | "C"; weight?: number | undefined; temperature?: number | undefined; heartRate?: number | undefined; respiratoryRate?: number | undefined; ... 6 more ...; notes?: string | undefined; }'.
                Type 'FieldValues' is missing the following properties from type '{ date: Date; weightUnit: "kg" | "lb"; temperatureUnit: "F" | "C"; weight?: number | undefined; temperature?: number | undefined; heartRate?: number | undefined; respiratoryRate?: number | undefined; ... 6 more ...; notes?: string | undefined; }': date, weightUnit, temperatureUnit
components/passport/forms/HealthRecordForm.tsx(184,41): error TS2322: Type 'Control<{ date: Date; weightUnit: "kg" | "lb"; temperatureUnit: "F" | "C"; weight?: number | undefined; temperature?: number | undefined; heartRate?: number | undefined; respiratoryRate?: number | undefined; ... 6 more ...; notes?: string | undefined; }, any, TFieldValues>' is not assignable to type 'Control<{ date: Date; weightUnit: "kg" | "lb"; temperatureUnit: "F" | "C"; weight?: number | undefined; temperature?: number | undefined; heartRate?: number | undefined; respiratoryRate?: number | undefined; ... 6 more ...; notes?: string | undefined; }>'.
  The types of '_options.resolver' are incompatible between these types.
    Type 'Resolver<{ date: Date; weightUnit: "kg" | "lb"; temperatureUnit: "F" | "C"; weight?: number | undefined; temperature?: number | undefined; heartRate?: number | undefined; respiratoryRate?: number | undefined; ... 6 more ...; notes?: string | undefined; }, any, TFieldValues> | undefined' is not assignable to type 'Resolver<{ date: Date; weightUnit: "kg" | "lb"; temperatureUnit: "F" | "C"; weight?: number | undefined; temperature?: number | undefined; heartRate?: number | undefined; respiratoryRate?: number | undefined; ... 6 more ...; notes?: string | undefined; }, any, { ...; }> | undefined'.
      Type 'Resolver<{ date: Date; weightUnit: "kg" | "lb"; temperatureUnit: "F" | "C"; weight?: number | undefined; temperature?: number | undefined; heartRate?: number | undefined; respiratoryRate?: number | undefined; ... 6 more ...; notes?: string | undefined; }, any, TFieldValues>' is not assignable to type 'Resolver<{ date: Date; weightUnit: "kg" | "lb"; temperatureUnit: "F" | "C"; weight?: number | undefined; temperature?: number | undefined; heartRate?: number | undefined; respiratoryRate?: number | undefined; ... 6 more ...; notes?: string | undefined; }, any, { ...; }>'.
        Type 'ResolverResult<{ date: Date; weightUnit: "kg" | "lb"; temperatureUnit: "F" | "C"; weight?: number | undefined; temperature?: number | undefined; heartRate?: number | undefined; respiratoryRate?: number | undefined; ... 6 more ...; notes?: string | undefined; }, TFieldValues> | Promise<...>' is not assignable to type 'ResolverResult<{ date: Date; weightUnit: "kg" | "lb"; temperatureUnit: "F" | "C"; weight?: number | undefined; temperature?: number | undefined; heartRate?: number | undefined; respiratoryRate?: number | undefined; ... 6 more ...; notes?: string | undefined; }, { ...; }> | Promise<...>'.
          Type 'ResolverSuccess<TFieldValues>' is not assignable to type 'ResolverResult<{ date: Date; weightUnit: "kg" | "lb"; temperatureUnit: "F" | "C"; weight?: number | undefined; temperature?: number | undefined; heartRate?: number | undefined; respiratoryRate?: number | undefined; ... 6 more ...; notes?: string | undefined; }, { ...; }> | Promise<...>'.
            Type 'ResolverSuccess<TFieldValues>' is not assignable to type 'ResolverSuccess<{ date: Date; weightUnit: "kg" | "lb"; temperatureUnit: "F" | "C"; weight?: number | undefined; temperature?: number | undefined; heartRate?: number | undefined; respiratoryRate?: number | undefined; ... 6 more ...; notes?: string | undefined; }>'.
              Type 'TFieldValues' is not assignable to type '{ date: Date; weightUnit: "kg" | "lb"; temperatureUnit: "F" | "C"; weight?: number | undefined; temperature?: number | undefined; heartRate?: number | undefined; respiratoryRate?: number | undefined; ... 6 more ...; notes?: string | undefined; }'.
                Type 'FieldValues' is missing the following properties from type '{ date: Date; weightUnit: "kg" | "lb"; temperatureUnit: "F" | "C"; weight?: number | undefined; temperature?: number | undefined; heartRate?: number | undefined; respiratoryRate?: number | undefined; ... 6 more ...; notes?: string | undefined; }': date, weightUnit, temperatureUnit
components/passport/forms/HealthRecordForm.tsx(193,41): error TS2322: Type 'Control<{ date: Date; weightUnit: "kg" | "lb"; temperatureUnit: "F" | "C"; weight?: number | undefined; temperature?: number | undefined; heartRate?: number | undefined; respiratoryRate?: number | undefined; ... 6 more ...; notes?: string | undefined; }, any, TFieldValues>' is not assignable to type 'Control<{ date: Date; weightUnit: "kg" | "lb"; temperatureUnit: "F" | "C"; weight?: number | undefined; temperature?: number | undefined; heartRate?: number | undefined; respiratoryRate?: number | undefined; ... 6 more ...; notes?: string | undefined; }>'.
  The types of '_options.resolver' are incompatible between these types.
    Type 'Resolver<{ date: Date; weightUnit: "kg" | "lb"; temperatureUnit: "F" | "C"; weight?: number | undefined; temperature?: number | undefined; heartRate?: number | undefined; respiratoryRate?: number | undefined; ... 6 more ...; notes?: string | undefined; }, any, TFieldValues> | undefined' is not assignable to type 'Resolver<{ date: Date; weightUnit: "kg" | "lb"; temperatureUnit: "F" | "C"; weight?: number | undefined; temperature?: number | undefined; heartRate?: number | undefined; respiratoryRate?: number | undefined; ... 6 more ...; notes?: string | undefined; }, any, { ...; }> | undefined'.
      Type 'Resolver<{ date: Date; weightUnit: "kg" | "lb"; temperatureUnit: "F" | "C"; weight?: number | undefined; temperature?: number | undefined; heartRate?: number | undefined; respiratoryRate?: number | undefined; ... 6 more ...; notes?: string | undefined; }, any, TFieldValues>' is not assignable to type 'Resolver<{ date: Date; weightUnit: "kg" | "lb"; temperatureUnit: "F" | "C"; weight?: number | undefined; temperature?: number | undefined; heartRate?: number | undefined; respiratoryRate?: number | undefined; ... 6 more ...; notes?: string | undefined; }, any, { ...; }>'.
        Type 'ResolverResult<{ date: Date; weightUnit: "kg" | "lb"; temperatureUnit: "F" | "C"; weight?: number | undefined; temperature?: number | undefined; heartRate?: number | undefined; respiratoryRate?: number | undefined; ... 6 more ...; notes?: string | undefined; }, TFieldValues> | Promise<...>' is not assignable to type 'ResolverResult<{ date: Date; weightUnit: "kg" | "lb"; temperatureUnit: "F" | "C"; weight?: number | undefined; temperature?: number | undefined; heartRate?: number | undefined; respiratoryRate?: number | undefined; ... 6 more ...; notes?: string | undefined; }, { ...; }> | Promise<...>'.
          Type 'ResolverSuccess<TFieldValues>' is not assignable to type 'ResolverResult<{ date: Date; weightUnit: "kg" | "lb"; temperatureUnit: "F" | "C"; weight?: number | undefined; temperature?: number | undefined; heartRate?: number | undefined; respiratoryRate?: number | undefined; ... 6 more ...; notes?: string | undefined; }, { ...; }> | Promise<...>'.
            Type 'ResolverSuccess<TFieldValues>' is not assignable to type 'ResolverSuccess<{ date: Date; weightUnit: "kg" | "lb"; temperatureUnit: "F" | "C"; weight?: number | undefined; temperature?: number | undefined; heartRate?: number | undefined; respiratoryRate?: number | undefined; ... 6 more ...; notes?: string | undefined; }>'.
              Type 'TFieldValues' is not assignable to type '{ date: Date; weightUnit: "kg" | "lb"; temperatureUnit: "F" | "C"; weight?: number | undefined; temperature?: number | undefined; heartRate?: number | undefined; respiratoryRate?: number | undefined; ... 6 more ...; notes?: string | undefined; }'.
                Type 'FieldValues' is missing the following properties from type '{ date: Date; weightUnit: "kg" | "lb"; temperatureUnit: "F" | "C"; weight?: number | undefined; temperature?: number | undefined; heartRate?: number | undefined; respiratoryRate?: number | undefined; ... 6 more ...; notes?: string | undefined; }': date, weightUnit, temperatureUnit
components/passport/forms/HealthRecordForm.tsx(205,41): error TS2322: Type 'Control<{ date: Date; weightUnit: "kg" | "lb"; temperatureUnit: "F" | "C"; weight?: number | undefined; temperature?: number | undefined; heartRate?: number | undefined; respiratoryRate?: number | undefined; ... 6 more ...; notes?: string | undefined; }, any, TFieldValues>' is not assignable to type 'Control<{ date: Date; weightUnit: "kg" | "lb"; temperatureUnit: "F" | "C"; weight?: number | undefined; temperature?: number | undefined; heartRate?: number | undefined; respiratoryRate?: number | undefined; ... 6 more ...; notes?: string | undefined; }>'.
  The types of '_options.resolver' are incompatible between these types.
    Type 'Resolver<{ date: Date; weightUnit: "kg" | "lb"; temperatureUnit: "F" | "C"; weight?: number | undefined; temperature?: number | undefined; heartRate?: number | undefined; respiratoryRate?: number | undefined; ... 6 more ...; notes?: string | undefined; }, any, TFieldValues> | undefined' is not assignable to type 'Resolver<{ date: Date; weightUnit: "kg" | "lb"; temperatureUnit: "F" | "C"; weight?: number | undefined; temperature?: number | undefined; heartRate?: number | undefined; respiratoryRate?: number | undefined; ... 6 more ...; notes?: string | undefined; }, any, { ...; }> | undefined'.
      Type 'Resolver<{ date: Date; weightUnit: "kg" | "lb"; temperatureUnit: "F" | "C"; weight?: number | undefined; temperature?: number | undefined; heartRate?: number | undefined; respiratoryRate?: number | undefined; ... 6 more ...; notes?: string | undefined; }, any, TFieldValues>' is not assignable to type 'Resolver<{ date: Date; weightUnit: "kg" | "lb"; temperatureUnit: "F" | "C"; weight?: number | undefined; temperature?: number | undefined; heartRate?: number | undefined; respiratoryRate?: number | undefined; ... 6 more ...; notes?: string | undefined; }, any, { ...; }>'.
        Type 'ResolverResult<{ date: Date; weightUnit: "kg" | "lb"; temperatureUnit: "F" | "C"; weight?: number | undefined; temperature?: number | undefined; heartRate?: number | undefined; respiratoryRate?: number | undefined; ... 6 more ...; notes?: string | undefined; }, TFieldValues> | Promise<...>' is not assignable to type 'ResolverResult<{ date: Date; weightUnit: "kg" | "lb"; temperatureUnit: "F" | "C"; weight?: number | undefined; temperature?: number | undefined; heartRate?: number | undefined; respiratoryRate?: number | undefined; ... 6 more ...; notes?: string | undefined; }, { ...; }> | Promise<...>'.
          Type 'ResolverSuccess<TFieldValues>' is not assignable to type 'ResolverResult<{ date: Date; weightUnit: "kg" | "lb"; temperatureUnit: "F" | "C"; weight?: number | undefined; temperature?: number | undefined; heartRate?: number | undefined; respiratoryRate?: number | undefined; ... 6 more ...; notes?: string | undefined; }, { ...; }> | Promise<...>'.
            Type 'ResolverSuccess<TFieldValues>' is not assignable to type 'ResolverSuccess<{ date: Date; weightUnit: "kg" | "lb"; temperatureUnit: "F" | "C"; weight?: number | undefined; temperature?: number | undefined; heartRate?: number | undefined; respiratoryRate?: number | undefined; ... 6 more ...; notes?: string | undefined; }>'.
              Type 'TFieldValues' is not assignable to type '{ date: Date; weightUnit: "kg" | "lb"; temperatureUnit: "F" | "C"; weight?: number | undefined; temperature?: number | undefined; heartRate?: number | undefined; respiratoryRate?: number | undefined; ... 6 more ...; notes?: string | undefined; }'.
                Type 'FieldValues' is missing the following properties from type '{ date: Date; weightUnit: "kg" | "lb"; temperatureUnit: "F" | "C"; weight?: number | undefined; temperature?: number | undefined; heartRate?: number | undefined; respiratoryRate?: number | undefined; ... 6 more ...; notes?: string | undefined; }': date, weightUnit, temperatureUnit
components/passport/forms/HealthRecordForm.tsx(214,41): error TS2322: Type 'Control<{ date: Date; weightUnit: "kg" | "lb"; temperatureUnit: "F" | "C"; weight?: number | undefined; temperature?: number | undefined; heartRate?: number | undefined; respiratoryRate?: number | undefined; ... 6 more ...; notes?: string | undefined; }, any, TFieldValues>' is not assignable to type 'Control<{ date: Date; weightUnit: "kg" | "lb"; temperatureUnit: "F" | "C"; weight?: number | undefined; temperature?: number | undefined; heartRate?: number | undefined; respiratoryRate?: number | undefined; ... 6 more ...; notes?: string | undefined; }>'.
  The types of '_options.resolver' are incompatible between these types.
    Type 'Resolver<{ date: Date; weightUnit: "kg" | "lb"; temperatureUnit: "F" | "C"; weight?: number | undefined; temperature?: number | undefined; heartRate?: number | undefined; respiratoryRate?: number | undefined; ... 6 more ...; notes?: string | undefined; }, any, TFieldValues> | undefined' is not assignable to type 'Resolver<{ date: Date; weightUnit: "kg" | "lb"; temperatureUnit: "F" | "C"; weight?: number | undefined; temperature?: number | undefined; heartRate?: number | undefined; respiratoryRate?: number | undefined; ... 6 more ...; notes?: string | undefined; }, any, { ...; }> | undefined'.
      Type 'Resolver<{ date: Date; weightUnit: "kg" | "lb"; temperatureUnit: "F" | "C"; weight?: number | undefined; temperature?: number | undefined; heartRate?: number | undefined; respiratoryRate?: number | undefined; ... 6 more ...; notes?: string | undefined; }, any, TFieldValues>' is not assignable to type 'Resolver<{ date: Date; weightUnit: "kg" | "lb"; temperatureUnit: "F" | "C"; weight?: number | undefined; temperature?: number | undefined; heartRate?: number | undefined; respiratoryRate?: number | undefined; ... 6 more ...; notes?: string | undefined; }, any, { ...; }>'.
        Type 'ResolverResult<{ date: Date; weightUnit: "kg" | "lb"; temperatureUnit: "F" | "C"; weight?: number | undefined; temperature?: number | undefined; heartRate?: number | undefined; respiratoryRate?: number | undefined; ... 6 more ...; notes?: string | undefined; }, TFieldValues> | Promise<...>' is not assignable to type 'ResolverResult<{ date: Date; weightUnit: "kg" | "lb"; temperatureUnit: "F" | "C"; weight?: number | undefined; temperature?: number | undefined; heartRate?: number | undefined; respiratoryRate?: number | undefined; ... 6 more ...; notes?: string | undefined; }, { ...; }> | Promise<...>'.
          Type 'ResolverSuccess<TFieldValues>' is not assignable to type 'ResolverResult<{ date: Date; weightUnit: "kg" | "lb"; temperatureUnit: "F" | "C"; weight?: number | undefined; temperature?: number | undefined; heartRate?: number | undefined; respiratoryRate?: number | undefined; ... 6 more ...; notes?: string | undefined; }, { ...; }> | Promise<...>'.
            Type 'ResolverSuccess<TFieldValues>' is not assignable to type 'ResolverSuccess<{ date: Date; weightUnit: "kg" | "lb"; temperatureUnit: "F" | "C"; weight?: number | undefined; temperature?: number | undefined; heartRate?: number | undefined; respiratoryRate?: number | undefined; ... 6 more ...; notes?: string | undefined; }>'.
              Type 'TFieldValues' is not assignable to type '{ date: Date; weightUnit: "kg" | "lb"; temperatureUnit: "F" | "C"; weight?: number | undefined; temperature?: number | undefined; heartRate?: number | undefined; respiratoryRate?: number | undefined; ... 6 more ...; notes?: string | undefined; }'.
                Type 'FieldValues' is missing the following properties from type '{ date: Date; weightUnit: "kg" | "lb"; temperatureUnit: "F" | "C"; weight?: number | undefined; temperature?: number | undefined; heartRate?: number | undefined; respiratoryRate?: number | undefined; ... 6 more ...; notes?: string | undefined; }': date, weightUnit, temperatureUnit
components/passport/forms/HealthRecordForm.tsx(225,41): error TS2322: Type 'Control<{ date: Date; weightUnit: "kg" | "lb"; temperatureUnit: "F" | "C"; weight?: number | undefined; temperature?: number | undefined; heartRate?: number | undefined; respiratoryRate?: number | undefined; ... 6 more ...; notes?: string | undefined; }, any, TFieldValues>' is not assignable to type 'Control<{ date: Date; weightUnit: "kg" | "lb"; temperatureUnit: "F" | "C"; weight?: number | undefined; temperature?: number | undefined; heartRate?: number | undefined; respiratoryRate?: number | undefined; ... 6 more ...; notes?: string | undefined; }>'.
  The types of '_options.resolver' are incompatible between these types.
    Type 'Resolver<{ date: Date; weightUnit: "kg" | "lb"; temperatureUnit: "F" | "C"; weight?: number | undefined; temperature?: number | undefined; heartRate?: number | undefined; respiratoryRate?: number | undefined; ... 6 more ...; notes?: string | undefined; }, any, TFieldValues> | undefined' is not assignable to type 'Resolver<{ date: Date; weightUnit: "kg" | "lb"; temperatureUnit: "F" | "C"; weight?: number | undefined; temperature?: number | undefined; heartRate?: number | undefined; respiratoryRate?: number | undefined; ... 6 more ...; notes?: string | undefined; }, any, { ...; }> | undefined'.
      Type 'Resolver<{ date: Date; weightUnit: "kg" | "lb"; temperatureUnit: "F" | "C"; weight?: number | undefined; temperature?: number | undefined; heartRate?: number | undefined; respiratoryRate?: number | undefined; ... 6 more ...; notes?: string | undefined; }, any, TFieldValues>' is not assignable to type 'Resolver<{ date: Date; weightUnit: "kg" | "lb"; temperatureUnit: "F" | "C"; weight?: number | undefined; temperature?: number | undefined; heartRate?: number | undefined; respiratoryRate?: number | undefined; ... 6 more ...; notes?: string | undefined; }, any, { ...; }>'.
        Type 'ResolverResult<{ date: Date; weightUnit: "kg" | "lb"; temperatureUnit: "F" | "C"; weight?: number | undefined; temperature?: number | undefined; heartRate?: number | undefined; respiratoryRate?: number | undefined; ... 6 more ...; notes?: string | undefined; }, TFieldValues> | Promise<...>' is not assignable to type 'ResolverResult<{ date: Date; weightUnit: "kg" | "lb"; temperatureUnit: "F" | "C"; weight?: number | undefined; temperature?: number | undefined; heartRate?: number | undefined; respiratoryRate?: number | undefined; ... 6 more ...; notes?: string | undefined; }, { ...; }> | Promise<...>'.
          Type 'ResolverSuccess<TFieldValues>' is not assignable to type 'ResolverResult<{ date: Date; weightUnit: "kg" | "lb"; temperatureUnit: "F" | "C"; weight?: number | undefined; temperature?: number | undefined; heartRate?: number | undefined; respiratoryRate?: number | undefined; ... 6 more ...; notes?: string | undefined; }, { ...; }> | Promise<...>'.
            Type 'ResolverSuccess<TFieldValues>' is not assignable to type 'ResolverSuccess<{ date: Date; weightUnit: "kg" | "lb"; temperatureUnit: "F" | "C"; weight?: number | undefined; temperature?: number | undefined; heartRate?: number | undefined; respiratoryRate?: number | undefined; ... 6 more ...; notes?: string | undefined; }>'.
              Type 'TFieldValues' is not assignable to type '{ date: Date; weightUnit: "kg" | "lb"; temperatureUnit: "F" | "C"; weight?: number | undefined; temperature?: number | undefined; heartRate?: number | undefined; respiratoryRate?: number | undefined; ... 6 more ...; notes?: string | undefined; }'.
                Type 'FieldValues' is missing the following properties from type '{ date: Date; weightUnit: "kg" | "lb"; temperatureUnit: "F" | "C"; weight?: number | undefined; temperature?: number | undefined; heartRate?: number | undefined; respiratoryRate?: number | undefined; ... 6 more ...; notes?: string | undefined; }': date, weightUnit, temperatureUnit
components/passport/forms/HealthRecordForm.tsx(234,41): error TS2322: Type 'Control<{ date: Date; weightUnit: "kg" | "lb"; temperatureUnit: "F" | "C"; weight?: number | undefined; temperature?: number | undefined; heartRate?: number | undefined; respiratoryRate?: number | undefined; ... 6 more ...; notes?: string | undefined; }, any, TFieldValues>' is not assignable to type 'Control<{ date: Date; weightUnit: "kg" | "lb"; temperatureUnit: "F" | "C"; weight?: number | undefined; temperature?: number | undefined; heartRate?: number | undefined; respiratoryRate?: number | undefined; ... 6 more ...; notes?: string | undefined; }>'.
  The types of '_options.resolver' are incompatible between these types.
    Type 'Resolver<{ date: Date; weightUnit: "kg" | "lb"; temperatureUnit: "F" | "C"; weight?: number | undefined; temperature?: number | undefined; heartRate?: number | undefined; respiratoryRate?: number | undefined; ... 6 more ...; notes?: string | undefined; }, any, TFieldValues> | undefined' is not assignable to type 'Resolver<{ date: Date; weightUnit: "kg" | "lb"; temperatureUnit: "F" | "C"; weight?: number | undefined; temperature?: number | undefined; heartRate?: number | undefined; respiratoryRate?: number | undefined; ... 6 more ...; notes?: string | undefined; }, any, { ...; }> | undefined'.
      Type 'Resolver<{ date: Date; weightUnit: "kg" | "lb"; temperatureUnit: "F" | "C"; weight?: number | undefined; temperature?: number | undefined; heartRate?: number | undefined; respiratoryRate?: number | undefined; ... 6 more ...; notes?: string | undefined; }, any, TFieldValues>' is not assignable to type 'Resolver<{ date: Date; weightUnit: "kg" | "lb"; temperatureUnit: "F" | "C"; weight?: number | undefined; temperature?: number | undefined; heartRate?: number | undefined; respiratoryRate?: number | undefined; ... 6 more ...; notes?: string | undefined; }, any, { ...; }>'.
        Type 'ResolverResult<{ date: Date; weightUnit: "kg" | "lb"; temperatureUnit: "F" | "C"; weight?: number | undefined; temperature?: number | undefined; heartRate?: number | undefined; respiratoryRate?: number | undefined; ... 6 more ...; notes?: string | undefined; }, TFieldValues> | Promise<...>' is not assignable to type 'ResolverResult<{ date: Date; weightUnit: "kg" | "lb"; temperatureUnit: "F" | "C"; weight?: number | undefined; temperature?: number | undefined; heartRate?: number | undefined; respiratoryRate?: number | undefined; ... 6 more ...; notes?: string | undefined; }, { ...; }> | Promise<...>'.
          Type 'ResolverSuccess<TFieldValues>' is not assignable to type 'ResolverResult<{ date: Date; weightUnit: "kg" | "lb"; temperatureUnit: "F" | "C"; weight?: number | undefined; temperature?: number | undefined; heartRate?: number | undefined; respiratoryRate?: number | undefined; ... 6 more ...; notes?: string | undefined; }, { ...; }> | Promise<...>'.
            Type 'ResolverSuccess<TFieldValues>' is not assignable to type 'ResolverSuccess<{ date: Date; weightUnit: "kg" | "lb"; temperatureUnit: "F" | "C"; weight?: number | undefined; temperature?: number | undefined; heartRate?: number | undefined; respiratoryRate?: number | undefined; ... 6 more ...; notes?: string | undefined; }>'.
              Type 'TFieldValues' is not assignable to type '{ date: Date; weightUnit: "kg" | "lb"; temperatureUnit: "F" | "C"; weight?: number | undefined; temperature?: number | undefined; heartRate?: number | undefined; respiratoryRate?: number | undefined; ... 6 more ...; notes?: string | undefined; }'.
                Type 'FieldValues' is missing the following properties from type '{ date: Date; weightUnit: "kg" | "lb"; temperatureUnit: "F" | "C"; weight?: number | undefined; temperature?: number | undefined; heartRate?: number | undefined; respiratoryRate?: number | undefined; ... 6 more ...; notes?: string | undefined; }': date, weightUnit, temperatureUnit
components/passport/forms/HealthRecordForm.tsx(244,33): error TS2322: Type 'Control<{ date: Date; weightUnit: "kg" | "lb"; temperatureUnit: "F" | "C"; weight?: number | undefined; temperature?: number | undefined; heartRate?: number | undefined; respiratoryRate?: number | undefined; ... 6 more ...; notes?: string | undefined; }, any, TFieldValues>' is not assignable to type 'Control<{ date: Date; weightUnit: "kg" | "lb"; temperatureUnit: "F" | "C"; weight?: number | undefined; temperature?: number | undefined; heartRate?: number | undefined; respiratoryRate?: number | undefined; ... 6 more ...; notes?: string | undefined; }>'.
  The types of '_options.resolver' are incompatible between these types.
    Type 'Resolver<{ date: Date; weightUnit: "kg" | "lb"; temperatureUnit: "F" | "C"; weight?: number | undefined; temperature?: number | undefined; heartRate?: number | undefined; respiratoryRate?: number | undefined; ... 6 more ...; notes?: string | undefined; }, any, TFieldValues> | undefined' is not assignable to type 'Resolver<{ date: Date; weightUnit: "kg" | "lb"; temperatureUnit: "F" | "C"; weight?: number | undefined; temperature?: number | undefined; heartRate?: number | undefined; respiratoryRate?: number | undefined; ... 6 more ...; notes?: string | undefined; }, any, { ...; }> | undefined'.
      Type 'Resolver<{ date: Date; weightUnit: "kg" | "lb"; temperatureUnit: "F" | "C"; weight?: number | undefined; temperature?: number | undefined; heartRate?: number | undefined; respiratoryRate?: number | undefined; ... 6 more ...; notes?: string | undefined; }, any, TFieldValues>' is not assignable to type 'Resolver<{ date: Date; weightUnit: "kg" | "lb"; temperatureUnit: "F" | "C"; weight?: number | undefined; temperature?: number | undefined; heartRate?: number | undefined; respiratoryRate?: number | undefined; ... 6 more ...; notes?: string | undefined; }, any, { ...; }>'.
        Type 'ResolverResult<{ date: Date; weightUnit: "kg" | "lb"; temperatureUnit: "F" | "C"; weight?: number | undefined; temperature?: number | undefined; heartRate?: number | undefined; respiratoryRate?: number | undefined; ... 6 more ...; notes?: string | undefined; }, TFieldValues> | Promise<...>' is not assignable to type 'ResolverResult<{ date: Date; weightUnit: "kg" | "lb"; temperatureUnit: "F" | "C"; weight?: number | undefined; temperature?: number | undefined; heartRate?: number | undefined; respiratoryRate?: number | undefined; ... 6 more ...; notes?: string | undefined; }, { ...; }> | Promise<...>'.
          Type 'ResolverSuccess<TFieldValues>' is not assignable to type 'ResolverResult<{ date: Date; weightUnit: "kg" | "lb"; temperatureUnit: "F" | "C"; weight?: number | undefined; temperature?: number | undefined; heartRate?: number | undefined; respiratoryRate?: number | undefined; ... 6 more ...; notes?: string | undefined; }, { ...; }> | Promise<...>'.
            Type 'ResolverSuccess<TFieldValues>' is not assignable to type 'ResolverSuccess<{ date: Date; weightUnit: "kg" | "lb"; temperatureUnit: "F" | "C"; weight?: number | undefined; temperature?: number | undefined; heartRate?: number | undefined; respiratoryRate?: number | undefined; ... 6 more ...; notes?: string | undefined; }>'.
              Type 'TFieldValues' is not assignable to type '{ date: Date; weightUnit: "kg" | "lb"; temperatureUnit: "F" | "C"; weight?: number | undefined; temperature?: number | undefined; heartRate?: number | undefined; respiratoryRate?: number | undefined; ... 6 more ...; notes?: string | undefined; }'.
                Type 'FieldValues' is missing the following properties from type '{ date: Date; weightUnit: "kg" | "lb"; temperatureUnit: "F" | "C"; weight?: number | undefined; temperature?: number | undefined; heartRate?: number | undefined; respiratoryRate?: number | undefined; ... 6 more ...; notes?: string | undefined; }': date, weightUnit, temperatureUnit
components/passport/forms/HealthRecordForm.tsx(255,41): error TS2322: Type 'Control<{ date: Date; weightUnit: "kg" | "lb"; temperatureUnit: "F" | "C"; weight?: number | undefined; temperature?: number | undefined; heartRate?: number | undefined; respiratoryRate?: number | undefined; ... 6 more ...; notes?: string | undefined; }, any, TFieldValues>' is not assignable to type 'Control<{ date: Date; weightUnit: "kg" | "lb"; temperatureUnit: "F" | "C"; weight?: number | undefined; temperature?: number | undefined; heartRate?: number | undefined; respiratoryRate?: number | undefined; ... 6 more ...; notes?: string | undefined; }>'.
  The types of '_options.resolver' are incompatible between these types.
    Type 'Resolver<{ date: Date; weightUnit: "kg" | "lb"; temperatureUnit: "F" | "C"; weight?: number | undefined; temperature?: number | undefined; heartRate?: number | undefined; respiratoryRate?: number | undefined; ... 6 more ...; notes?: string | undefined; }, any, TFieldValues> | undefined' is not assignable to type 'Resolver<{ date: Date; weightUnit: "kg" | "lb"; temperatureUnit: "F" | "C"; weight?: number | undefined; temperature?: number | undefined; heartRate?: number | undefined; respiratoryRate?: number | undefined; ... 6 more ...; notes?: string | undefined; }, any, { ...; }> | undefined'.
      Type 'Resolver<{ date: Date; weightUnit: "kg" | "lb"; temperatureUnit: "F" | "C"; weight?: number | undefined; temperature?: number | undefined; heartRate?: number | undefined; respiratoryRate?: number | undefined; ... 6 more ...; notes?: string | undefined; }, any, TFieldValues>' is not assignable to type 'Resolver<{ date: Date; weightUnit: "kg" | "lb"; temperatureUnit: "F" | "C"; weight?: number | undefined; temperature?: number | undefined; heartRate?: number | undefined; respiratoryRate?: number | undefined; ... 6 more ...; notes?: string | undefined; }, any, { ...; }>'.
        Type 'ResolverResult<{ date: Date; weightUnit: "kg" | "lb"; temperatureUnit: "F" | "C"; weight?: number | undefined; temperature?: number | undefined; heartRate?: number | undefined; respiratoryRate?: number | undefined; ... 6 more ...; notes?: string | undefined; }, TFieldValues> | Promise<...>' is not assignable to type 'ResolverResult<{ date: Date; weightUnit: "kg" | "lb"; temperatureUnit: "F" | "C"; weight?: number | undefined; temperature?: number | undefined; heartRate?: number | undefined; respiratoryRate?: number | undefined; ... 6 more ...; notes?: string | undefined; }, { ...; }> | Promise<...>'.
          Type 'ResolverSuccess<TFieldValues>' is not assignable to type 'ResolverResult<{ date: Date; weightUnit: "kg" | "lb"; temperatureUnit: "F" | "C"; weight?: number | undefined; temperature?: number | undefined; heartRate?: number | undefined; respiratoryRate?: number | undefined; ... 6 more ...; notes?: string | undefined; }, { ...; }> | Promise<...>'.
            Type 'ResolverSuccess<TFieldValues>' is not assignable to type 'ResolverSuccess<{ date: Date; weightUnit: "kg" | "lb"; temperatureUnit: "F" | "C"; weight?: number | undefined; temperature?: number | undefined; heartRate?: number | undefined; respiratoryRate?: number | undefined; ... 6 more ...; notes?: string | undefined; }>'.
              Type 'TFieldValues' is not assignable to type '{ date: Date; weightUnit: "kg" | "lb"; temperatureUnit: "F" | "C"; weight?: number | undefined; temperature?: number | undefined; heartRate?: number | undefined; respiratoryRate?: number | undefined; ... 6 more ...; notes?: string | undefined; }'.
                Type 'FieldValues' is missing the following properties from type '{ date: Date; weightUnit: "kg" | "lb"; temperatureUnit: "F" | "C"; weight?: number | undefined; temperature?: number | undefined; heartRate?: number | undefined; respiratoryRate?: number | undefined; ... 6 more ...; notes?: string | undefined; }': date, weightUnit, temperatureUnit
components/passport/forms/HealthRecordForm.tsx(263,41): error TS2322: Type 'Control<{ date: Date; weightUnit: "kg" | "lb"; temperatureUnit: "F" | "C"; weight?: number | undefined; temperature?: number | undefined; heartRate?: number | undefined; respiratoryRate?: number | undefined; ... 6 more ...; notes?: string | undefined; }, any, TFieldValues>' is not assignable to type 'Control<{ date: Date; weightUnit: "kg" | "lb"; temperatureUnit: "F" | "C"; weight?: number | undefined; temperature?: number | undefined; heartRate?: number | undefined; respiratoryRate?: number | undefined; ... 6 more ...; notes?: string | undefined; }>'.
  The types of '_options.resolver' are incompatible between these types.
    Type 'Resolver<{ date: Date; weightUnit: "kg" | "lb"; temperatureUnit: "F" | "C"; weight?: number | undefined; temperature?: number | undefined; heartRate?: number | undefined; respiratoryRate?: number | undefined; ... 6 more ...; notes?: string | undefined; }, any, TFieldValues> | undefined' is not assignable to type 'Resolver<{ date: Date; weightUnit: "kg" | "lb"; temperatureUnit: "F" | "C"; weight?: number | undefined; temperature?: number | undefined; heartRate?: number | undefined; respiratoryRate?: number | undefined; ... 6 more ...; notes?: string | undefined; }, any, { ...; }> | undefined'.
      Type 'Resolver<{ date: Date; weightUnit: "kg" | "lb"; temperatureUnit: "F" | "C"; weight?: number | undefined; temperature?: number | undefined; heartRate?: number | undefined; respiratoryRate?: number | undefined; ... 6 more ...; notes?: string | undefined; }, any, TFieldValues>' is not assignable to type 'Resolver<{ date: Date; weightUnit: "kg" | "lb"; temperatureUnit: "F" | "C"; weight?: number | undefined; temperature?: number | undefined; heartRate?: number | undefined; respiratoryRate?: number | undefined; ... 6 more ...; notes?: string | undefined; }, any, { ...; }>'.
        Type 'ResolverResult<{ date: Date; weightUnit: "kg" | "lb"; temperatureUnit: "F" | "C"; weight?: number | undefined; temperature?: number | undefined; heartRate?: number | undefined; respiratoryRate?: number | undefined; ... 6 more ...; notes?: string | undefined; }, TFieldValues> | Promise<...>' is not assignable to type 'ResolverResult<{ date: Date; weightUnit: "kg" | "lb"; temperatureUnit: "F" | "C"; weight?: number | undefined; temperature?: number | undefined; heartRate?: number | undefined; respiratoryRate?: number | undefined; ... 6 more ...; notes?: string | undefined; }, { ...; }> | Promise<...>'.
          Type 'ResolverSuccess<TFieldValues>' is not assignable to type 'ResolverResult<{ date: Date; weightUnit: "kg" | "lb"; temperatureUnit: "F" | "C"; weight?: number | undefined; temperature?: number | undefined; heartRate?: number | undefined; respiratoryRate?: number | undefined; ... 6 more ...; notes?: string | undefined; }, { ...; }> | Promise<...>'.
            Type 'ResolverSuccess<TFieldValues>' is not assignable to type 'ResolverSuccess<{ date: Date; weightUnit: "kg" | "lb"; temperatureUnit: "F" | "C"; weight?: number | undefined; temperature?: number | undefined; heartRate?: number | undefined; respiratoryRate?: number | undefined; ... 6 more ...; notes?: string | undefined; }>'.
              Type 'TFieldValues' is not assignable to type '{ date: Date; weightUnit: "kg" | "lb"; temperatureUnit: "F" | "C"; weight?: number | undefined; temperature?: number | undefined; heartRate?: number | undefined; respiratoryRate?: number | undefined; ... 6 more ...; notes?: string | undefined; }'.
                Type 'FieldValues' is missing the following properties from type '{ date: Date; weightUnit: "kg" | "lb"; temperatureUnit: "F" | "C"; weight?: number | undefined; temperature?: number | undefined; heartRate?: number | undefined; respiratoryRate?: number | undefined; ... 6 more ...; notes?: string | undefined; }': date, weightUnit, temperatureUnit
components/passport/forms/HealthRecordForm.tsx(274,41): error TS2322: Type 'Control<{ date: Date; weightUnit: "kg" | "lb"; temperatureUnit: "F" | "C"; weight?: number | undefined; temperature?: number | undefined; heartRate?: number | undefined; respiratoryRate?: number | undefined; ... 6 more ...; notes?: string | undefined; }, any, TFieldValues>' is not assignable to type 'Control<{ date: Date; weightUnit: "kg" | "lb"; temperatureUnit: "F" | "C"; weight?: number | undefined; temperature?: number | undefined; heartRate?: number | undefined; respiratoryRate?: number | undefined; ... 6 more ...; notes?: string | undefined; }>'.
  The types of '_options.resolver' are incompatible between these types.
    Type 'Resolver<{ date: Date; weightUnit: "kg" | "lb"; temperatureUnit: "F" | "C"; weight?: number | undefined; temperature?: number | undefined; heartRate?: number | undefined; respiratoryRate?: number | undefined; ... 6 more ...; notes?: string | undefined; }, any, TFieldValues> | undefined' is not assignable to type 'Resolver<{ date: Date; weightUnit: "kg" | "lb"; temperatureUnit: "F" | "C"; weight?: number | undefined; temperature?: number | undefined; heartRate?: number | undefined; respiratoryRate?: number | undefined; ... 6 more ...; notes?: string | undefined; }, any, { ...; }> | undefined'.
      Type 'Resolver<{ date: Date; weightUnit: "kg" | "lb"; temperatureUnit: "F" | "C"; weight?: number | undefined; temperature?: number | undefined; heartRate?: number | undefined; respiratoryRate?: number | undefined; ... 6 more ...; notes?: string | undefined; }, any, TFieldValues>' is not assignable to type 'Resolver<{ date: Date; weightUnit: "kg" | "lb"; temperatureUnit: "F" | "C"; weight?: number | undefined; temperature?: number | undefined; heartRate?: number | undefined; respiratoryRate?: number | undefined; ... 6 more ...; notes?: string | undefined; }, any, { ...; }>'.
        Type 'ResolverResult<{ date: Date; weightUnit: "kg" | "lb"; temperatureUnit: "F" | "C"; weight?: number | undefined; temperature?: number | undefined; heartRate?: number | undefined; respiratoryRate?: number | undefined; ... 6 more ...; notes?: string | undefined; }, TFieldValues> | Promise<...>' is not assignable to type 'ResolverResult<{ date: Date; weightUnit: "kg" | "lb"; temperatureUnit: "F" | "C"; weight?: number | undefined; temperature?: number | undefined; heartRate?: number | undefined; respiratoryRate?: number | undefined; ... 6 more ...; notes?: string | undefined; }, { ...; }> | Promise<...>'.
          Type 'ResolverSuccess<TFieldValues>' is not assignable to type 'ResolverResult<{ date: Date; weightUnit: "kg" | "lb"; temperatureUnit: "F" | "C"; weight?: number | undefined; temperature?: number | undefined; heartRate?: number | undefined; respiratoryRate?: number | undefined; ... 6 more ...; notes?: string | undefined; }, { ...; }> | Promise<...>'.
            Type 'ResolverSuccess<TFieldValues>' is not assignable to type 'ResolverSuccess<{ date: Date; weightUnit: "kg" | "lb"; temperatureUnit: "F" | "C"; weight?: number | undefined; temperature?: number | undefined; heartRate?: number | undefined; respiratoryRate?: number | undefined; ... 6 more ...; notes?: string | undefined; }>'.
              Type 'TFieldValues' is not assignable to type '{ date: Date; weightUnit: "kg" | "lb"; temperatureUnit: "F" | "C"; weight?: number | undefined; temperature?: number | undefined; heartRate?: number | undefined; respiratoryRate?: number | undefined; ... 6 more ...; notes?: string | undefined; }'.
                Type 'FieldValues' is missing the following properties from type '{ date: Date; weightUnit: "kg" | "lb"; temperatureUnit: "F" | "C"; weight?: number | undefined; temperature?: number | undefined; heartRate?: number | undefined; respiratoryRate?: number | undefined; ... 6 more ...; notes?: string | undefined; }': date, weightUnit, temperatureUnit
components/passport/forms/HealthRecordForm.tsx(282,41): error TS2322: Type 'Control<{ date: Date; weightUnit: "kg" | "lb"; temperatureUnit: "F" | "C"; weight?: number | undefined; temperature?: number | undefined; heartRate?: number | undefined; respiratoryRate?: number | undefined; ... 6 more ...; notes?: string | undefined; }, any, TFieldValues>' is not assignable to type 'Control<{ date: Date; weightUnit: "kg" | "lb"; temperatureUnit: "F" | "C"; weight?: number | undefined; temperature?: number | undefined; heartRate?: number | undefined; respiratoryRate?: number | undefined; ... 6 more ...; notes?: string | undefined; }>'.
  The types of '_options.resolver' are incompatible between these types.
    Type 'Resolver<{ date: Date; weightUnit: "kg" | "lb"; temperatureUnit: "F" | "C"; weight?: number | undefined; temperature?: number | undefined; heartRate?: number | undefined; respiratoryRate?: number | undefined; ... 6 more ...; notes?: string | undefined; }, any, TFieldValues> | undefined' is not assignable to type 'Resolver<{ date: Date; weightUnit: "kg" | "lb"; temperatureUnit: "F" | "C"; weight?: number | undefined; temperature?: number | undefined; heartRate?: number | undefined; respiratoryRate?: number | undefined; ... 6 more ...; notes?: string | undefined; }, any, { ...; }> | undefined'.
      Type 'Resolver<{ date: Date; weightUnit: "kg" | "lb"; temperatureUnit: "F" | "C"; weight?: number | undefined; temperature?: number | undefined; heartRate?: number | undefined; respiratoryRate?: number | undefined; ... 6 more ...; notes?: string | undefined; }, any, TFieldValues>' is not assignable to type 'Resolver<{ date: Date; weightUnit: "kg" | "lb"; temperatureUnit: "F" | "C"; weight?: number | undefined; temperature?: number | undefined; heartRate?: number | undefined; respiratoryRate?: number | undefined; ... 6 more ...; notes?: string | undefined; }, any, { ...; }>'.
        Type 'ResolverResult<{ date: Date; weightUnit: "kg" | "lb"; temperatureUnit: "F" | "C"; weight?: number | undefined; temperature?: number | undefined; heartRate?: number | undefined; respiratoryRate?: number | undefined; ... 6 more ...; notes?: string | undefined; }, TFieldValues> | Promise<...>' is not assignable to type 'ResolverResult<{ date: Date; weightUnit: "kg" | "lb"; temperatureUnit: "F" | "C"; weight?: number | undefined; temperature?: number | undefined; heartRate?: number | undefined; respiratoryRate?: number | undefined; ... 6 more ...; notes?: string | undefined; }, { ...; }> | Promise<...>'.
          Type 'ResolverSuccess<TFieldValues>' is not assignable to type 'ResolverResult<{ date: Date; weightUnit: "kg" | "lb"; temperatureUnit: "F" | "C"; weight?: number | undefined; temperature?: number | undefined; heartRate?: number | undefined; respiratoryRate?: number | undefined; ... 6 more ...; notes?: string | undefined; }, { ...; }> | Promise<...>'.
            Type 'ResolverSuccess<TFieldValues>' is not assignable to type 'ResolverSuccess<{ date: Date; weightUnit: "kg" | "lb"; temperatureUnit: "F" | "C"; weight?: number | undefined; temperature?: number | undefined; heartRate?: number | undefined; respiratoryRate?: number | undefined; ... 6 more ...; notes?: string | undefined; }>'.
              Type 'TFieldValues' is not assignable to type '{ date: Date; weightUnit: "kg" | "lb"; temperatureUnit: "F" | "C"; weight?: number | undefined; temperature?: number | undefined; heartRate?: number | undefined; respiratoryRate?: number | undefined; ... 6 more ...; notes?: string | undefined; }'.
                Type 'FieldValues' is missing the following properties from type '{ date: Date; weightUnit: "kg" | "lb"; temperatureUnit: "F" | "C"; weight?: number | undefined; temperature?: number | undefined; heartRate?: number | undefined; respiratoryRate?: number | undefined; ... 6 more ...; notes?: string | undefined; }': date, weightUnit, temperatureUnit
components/passport/forms/HealthRecordForm.tsx(291,33): error TS2322: Type 'Control<{ date: Date; weightUnit: "kg" | "lb"; temperatureUnit: "F" | "C"; weight?: number | undefined; temperature?: number | undefined; heartRate?: number | undefined; respiratoryRate?: number | undefined; ... 6 more ...; notes?: string | undefined; }, any, TFieldValues>' is not assignable to type 'Control<{ date: Date; weightUnit: "kg" | "lb"; temperatureUnit: "F" | "C"; weight?: number | undefined; temperature?: number | undefined; heartRate?: number | undefined; respiratoryRate?: number | undefined; ... 6 more ...; notes?: string | undefined; }>'.
  The types of '_options.resolver' are incompatible between these types.
    Type 'Resolver<{ date: Date; weightUnit: "kg" | "lb"; temperatureUnit: "F" | "C"; weight?: number | undefined; temperature?: number | undefined; heartRate?: number | undefined; respiratoryRate?: number | undefined; ... 6 more ...; notes?: string | undefined; }, any, TFieldValues> | undefined' is not assignable to type 'Resolver<{ date: Date; weightUnit: "kg" | "lb"; temperatureUnit: "F" | "C"; weight?: number | undefined; temperature?: number | undefined; heartRate?: number | undefined; respiratoryRate?: number | undefined; ... 6 more ...; notes?: string | undefined; }, any, { ...; }> | undefined'.
      Type 'Resolver<{ date: Date; weightUnit: "kg" | "lb"; temperatureUnit: "F" | "C"; weight?: number | undefined; temperature?: number | undefined; heartRate?: number | undefined; respiratoryRate?: number | undefined; ... 6 more ...; notes?: string | undefined; }, any, TFieldValues>' is not assignable to type 'Resolver<{ date: Date; weightUnit: "kg" | "lb"; temperatureUnit: "F" | "C"; weight?: number | undefined; temperature?: number | undefined; heartRate?: number | undefined; respiratoryRate?: number | undefined; ... 6 more ...; notes?: string | undefined; }, any, { ...; }>'.
        Type 'ResolverResult<{ date: Date; weightUnit: "kg" | "lb"; temperatureUnit: "F" | "C"; weight?: number | undefined; temperature?: number | undefined; heartRate?: number | undefined; respiratoryRate?: number | undefined; ... 6 more ...; notes?: string | undefined; }, TFieldValues> | Promise<...>' is not assignable to type 'ResolverResult<{ date: Date; weightUnit: "kg" | "lb"; temperatureUnit: "F" | "C"; weight?: number | undefined; temperature?: number | undefined; heartRate?: number | undefined; respiratoryRate?: number | undefined; ... 6 more ...; notes?: string | undefined; }, { ...; }> | Promise<...>'.
          Type 'ResolverSuccess<TFieldValues>' is not assignable to type 'ResolverResult<{ date: Date; weightUnit: "kg" | "lb"; temperatureUnit: "F" | "C"; weight?: number | undefined; temperature?: number | undefined; heartRate?: number | undefined; respiratoryRate?: number | undefined; ... 6 more ...; notes?: string | undefined; }, { ...; }> | Promise<...>'.
            Type 'ResolverSuccess<TFieldValues>' is not assignable to type 'ResolverSuccess<{ date: Date; weightUnit: "kg" | "lb"; temperatureUnit: "F" | "C"; weight?: number | undefined; temperature?: number | undefined; heartRate?: number | undefined; respiratoryRate?: number | undefined; ... 6 more ...; notes?: string | undefined; }>'.
              Type 'TFieldValues' is not assignable to type '{ date: Date; weightUnit: "kg" | "lb"; temperatureUnit: "F" | "C"; weight?: number | undefined; temperature?: number | undefined; heartRate?: number | undefined; respiratoryRate?: number | undefined; ... 6 more ...; notes?: string | undefined; }'.
                Type 'FieldValues' is missing the following properties from type '{ date: Date; weightUnit: "kg" | "lb"; temperatureUnit: "F" | "C"; weight?: number | undefined; temperature?: number | undefined; heartRate?: number | undefined; respiratoryRate?: number | undefined; ... 6 more ...; notes?: string | undefined; }': date, weightUnit, temperatureUnit
components/passport/forms/HealthRecordForm.tsx(298,33): error TS2322: Type 'Control<{ date: Date; weightUnit: "kg" | "lb"; temperatureUnit: "F" | "C"; weight?: number | undefined; temperature?: number | undefined; heartRate?: number | undefined; respiratoryRate?: number | undefined; ... 6 more ...; notes?: string | undefined; }, any, TFieldValues>' is not assignable to type 'Control<{ date: Date; weightUnit: "kg" | "lb"; temperatureUnit: "F" | "C"; weight?: number | undefined; temperature?: number | undefined; heartRate?: number | undefined; respiratoryRate?: number | undefined; ... 6 more ...; notes?: string | undefined; }>'.
  The types of '_options.resolver' are incompatible between these types.
    Type 'Resolver<{ date: Date; weightUnit: "kg" | "lb"; temperatureUnit: "F" | "C"; weight?: number | undefined; temperature?: number | undefined; heartRate?: number | undefined; respiratoryRate?: number | undefined; ... 6 more ...; notes?: string | undefined; }, any, TFieldValues> | undefined' is not assignable to type 'Resolver<{ date: Date; weightUnit: "kg" | "lb"; temperatureUnit: "F" | "C"; weight?: number | undefined; temperature?: number | undefined; heartRate?: number | undefined; respiratoryRate?: number | undefined; ... 6 more ...; notes?: string | undefined; }, any, { ...; }> | undefined'.
      Type 'Resolver<{ date: Date; weightUnit: "kg" | "lb"; temperatureUnit: "F" | "C"; weight?: number | undefined; temperature?: number | undefined; heartRate?: number | undefined; respiratoryRate?: number | undefined; ... 6 more ...; notes?: string | undefined; }, any, TFieldValues>' is not assignable to type 'Resolver<{ date: Date; weightUnit: "kg" | "lb"; temperatureUnit: "F" | "C"; weight?: number | undefined; temperature?: number | undefined; heartRate?: number | undefined; respiratoryRate?: number | undefined; ... 6 more ...; notes?: string | undefined; }, any, { ...; }>'.
        Type 'ResolverResult<{ date: Date; weightUnit: "kg" | "lb"; temperatureUnit: "F" | "C"; weight?: number | undefined; temperature?: number | undefined; heartRate?: number | undefined; respiratoryRate?: number | undefined; ... 6 more ...; notes?: string | undefined; }, TFieldValues> | Promise<...>' is not assignable to type 'ResolverResult<{ date: Date; weightUnit: "kg" | "lb"; temperatureUnit: "F" | "C"; weight?: number | undefined; temperature?: number | undefined; heartRate?: number | undefined; respiratoryRate?: number | undefined; ... 6 more ...; notes?: string | undefined; }, { ...; }> | Promise<...>'.
          Type 'ResolverSuccess<TFieldValues>' is not assignable to type 'ResolverResult<{ date: Date; weightUnit: "kg" | "lb"; temperatureUnit: "F" | "C"; weight?: number | undefined; temperature?: number | undefined; heartRate?: number | undefined; respiratoryRate?: number | undefined; ... 6 more ...; notes?: string | undefined; }, { ...; }> | Promise<...>'.
            Type 'ResolverSuccess<TFieldValues>' is not assignable to type 'ResolverSuccess<{ date: Date; weightUnit: "kg" | "lb"; temperatureUnit: "F" | "C"; weight?: number | undefined; temperature?: number | undefined; heartRate?: number | undefined; respiratoryRate?: number | undefined; ... 6 more ...; notes?: string | undefined; }>'.
              Type 'TFieldValues' is not assignable to type '{ date: Date; weightUnit: "kg" | "lb"; temperatureUnit: "F" | "C"; weight?: number | undefined; temperature?: number | undefined; heartRate?: number | undefined; respiratoryRate?: number | undefined; ... 6 more ...; notes?: string | undefined; }'.
                Type 'FieldValues' is missing the following properties from type '{ date: Date; weightUnit: "kg" | "lb"; temperatureUnit: "F" | "C"; weight?: number | undefined; temperature?: number | undefined; heartRate?: number | undefined; respiratoryRate?: number | undefined; ... 6 more ...; notes?: string | undefined; }': date, weightUnit, temperatureUnit
components/passport/forms/HealthRecordForm.tsx(310,26): error TS2741: Property 'onBack' is missing in type '{ onPrimary: (e?: BaseSyntheticEvent<object, any, any> | undefined) => Promise<void>; primaryLabel: string; disabled: boolean; }' but required in type 'Props'.
components/passport/forms/HealthRecordForm.tsx(311,53): error TS2345: Argument of type '(data: HealthRecordFormData) => Promise<void>' is not assignable to parameter of type 'SubmitHandler<TFieldValues>'.
  Types of parameters 'data' and 'data' are incompatible.
    Type 'TFieldValues' is not assignable to type '{ date: Date; weightUnit: "kg" | "lb"; temperatureUnit: "F" | "C"; weight?: number | undefined; temperature?: number | undefined; heartRate?: number | undefined; respiratoryRate?: number | undefined; ... 6 more ...; notes?: string | undefined; }'.
      Type 'FieldValues' is missing the following properties from type '{ date: Date; weightUnit: "kg" | "lb"; temperatureUnit: "F" | "C"; weight?: number | undefined; temperature?: number | undefined; heartRate?: number | undefined; respiratoryRate?: number | undefined; ... 6 more ...; notes?: string | undefined; }': date, weightUnit, temperatureUnit
components/passport/forms/MedicationForm.tsx(51,20): error TS2367: This comparison appears to be unintentional because the types 'Readonly<{ colors: { primary: { 50: string; 100: string; 200: string; 300: string; 400: string; 500: string; 600: string; 700: string; 800: string; 900: string; }; secondary: { paw: string; pawLight: string; pawDark: string; ... 5 more ...; sunDark: string; }; ... 8 more ...; overlay: { ...; }; }; ... 8 more ...; co...' and 'string' have no overlap.
components/passport/forms/MedicationForm.tsx(56,9): error TS2322: Type 'Resolver<{ treatmentName: string; category: "preventive" | "acute" | "chronic"; startDate: Date; dosage: string; frequency: string; endDate?: Date | undefined; timeOfDay?: string | undefined; prescribedBy?: string | undefined; pharmacy?: string | undefined; withFood?: boolean | undefined; notes?: string | undefined;...' is not assignable to type 'Resolver<TreatmentFormData, any, TreatmentFormData>'.
  Types of parameters 'options' and 'options' are incompatible.
    Type 'ResolverOptions<TreatmentFormData>' is not assignable to type 'ResolverOptions<{ treatmentName: string; category: "preventive" | "acute" | "chronic"; startDate: Date; dosage: string; frequency: string; endDate?: Date | undefined; timeOfDay?: string | undefined; prescribedBy?: string | undefined; pharmacy?: string | undefined; withFood?: boolean | undefined; notes?: string | und...'.
      Type '"preventive" | "acute" | "chronic"' is not assignable to type 'TreatmentCategory'.
        Type '"preventive"' is not assignable to type 'TreatmentCategory'.
components/passport/forms/MedicationForm.tsx(152,33): error TS2322: Type 'Control<TreatmentFormData, any, TFieldValues>' is not assignable to type 'Control<TreatmentFormData>'.
  The types of '_options.resolver' are incompatible between these types.
    Type 'Resolver<TreatmentFormData, any, TFieldValues> | undefined' is not assignable to type 'Resolver<TreatmentFormData, any, TreatmentFormData> | undefined'.
      Type 'Resolver<TreatmentFormData, any, TFieldValues>' is not assignable to type 'Resolver<TreatmentFormData, any, TreatmentFormData>'.
        Type 'ResolverResult<TreatmentFormData, TFieldValues> | Promise<ResolverResult<TreatmentFormData, TFieldValues>>' is not assignable to type 'ResolverResult<TreatmentFormData, TreatmentFormData> | Promise<ResolverResult<TreatmentFormData, TreatmentFormData>>'.
          Type 'ResolverSuccess<TFieldValues>' is not assignable to type 'ResolverResult<TreatmentFormData, TreatmentFormData> | Promise<ResolverResult<TreatmentFormData, TreatmentFormData>>'.
            Type 'ResolverSuccess<TFieldValues>' is not assignable to type 'ResolverSuccess<TreatmentFormData>'.
              Type 'TFieldValues' is not assignable to type 'TreatmentFormData'.
                Type 'FieldValues' is missing the following properties from type 'TreatmentFormData': treatmentName, category, startDate, dosage, frequency
components/passport/forms/MedicationForm.tsx(160,33): error TS2322: Type 'Control<TreatmentFormData, any, TFieldValues>' is not assignable to type 'Control<TreatmentFormData>'.
  The types of '_options.resolver' are incompatible between these types.
    Type 'Resolver<TreatmentFormData, any, TFieldValues> | undefined' is not assignable to type 'Resolver<TreatmentFormData, any, TreatmentFormData> | undefined'.
      Type 'Resolver<TreatmentFormData, any, TFieldValues>' is not assignable to type 'Resolver<TreatmentFormData, any, TreatmentFormData>'.
        Type 'ResolverResult<TreatmentFormData, TFieldValues> | Promise<ResolverResult<TreatmentFormData, TFieldValues>>' is not assignable to type 'ResolverResult<TreatmentFormData, TreatmentFormData> | Promise<ResolverResult<TreatmentFormData, TreatmentFormData>>'.
          Type 'ResolverSuccess<TFieldValues>' is not assignable to type 'ResolverResult<TreatmentFormData, TreatmentFormData> | Promise<ResolverResult<TreatmentFormData, TreatmentFormData>>'.
            Type 'ResolverSuccess<TFieldValues>' is not assignable to type 'ResolverSuccess<TreatmentFormData>'.
              Type 'TFieldValues' is not assignable to type 'TreatmentFormData'.
                Type 'FieldValues' is missing the following properties from type 'TreatmentFormData': treatmentName, category, startDate, dosage, frequency
components/passport/forms/MedicationForm.tsx(170,41): error TS2322: Type 'Control<TreatmentFormData, any, TFieldValues>' is not assignable to type 'Control<TreatmentFormData>'.
  The types of '_options.resolver' are incompatible between these types.
    Type 'Resolver<TreatmentFormData, any, TFieldValues> | undefined' is not assignable to type 'Resolver<TreatmentFormData, any, TreatmentFormData> | undefined'.
      Type 'Resolver<TreatmentFormData, any, TFieldValues>' is not assignable to type 'Resolver<TreatmentFormData, any, TreatmentFormData>'.
        Type 'ResolverResult<TreatmentFormData, TFieldValues> | Promise<ResolverResult<TreatmentFormData, TFieldValues>>' is not assignable to type 'ResolverResult<TreatmentFormData, TreatmentFormData> | Promise<ResolverResult<TreatmentFormData, TreatmentFormData>>'.
          Type 'ResolverSuccess<TFieldValues>' is not assignable to type 'ResolverResult<TreatmentFormData, TreatmentFormData> | Promise<ResolverResult<TreatmentFormData, TreatmentFormData>>'.
            Type 'ResolverSuccess<TFieldValues>' is not assignable to type 'ResolverSuccess<TreatmentFormData>'.
              Type 'TFieldValues' is not assignable to type 'TreatmentFormData'.
                Type 'FieldValues' is missing the following properties from type 'TreatmentFormData': treatmentName, category, startDate, dosage, frequency
components/passport/forms/MedicationForm.tsx(178,41): error TS2322: Type 'Control<TreatmentFormData, any, TFieldValues>' is not assignable to type 'Control<TreatmentFormData>'.
  The types of '_options.resolver' are incompatible between these types.
    Type 'Resolver<TreatmentFormData, any, TFieldValues> | undefined' is not assignable to type 'Resolver<TreatmentFormData, any, TreatmentFormData> | undefined'.
      Type 'Resolver<TreatmentFormData, any, TFieldValues>' is not assignable to type 'Resolver<TreatmentFormData, any, TreatmentFormData>'.
        Type 'ResolverResult<TreatmentFormData, TFieldValues> | Promise<ResolverResult<TreatmentFormData, TFieldValues>>' is not assignable to type 'ResolverResult<TreatmentFormData, TreatmentFormData> | Promise<ResolverResult<TreatmentFormData, TreatmentFormData>>'.
          Type 'ResolverSuccess<TFieldValues>' is not assignable to type 'ResolverResult<TreatmentFormData, TreatmentFormData> | Promise<ResolverResult<TreatmentFormData, TreatmentFormData>>'.
            Type 'ResolverSuccess<TFieldValues>' is not assignable to type 'ResolverSuccess<TreatmentFormData>'.
              Type 'TFieldValues' is not assignable to type 'TreatmentFormData'.
                Type 'FieldValues' is missing the following properties from type 'TreatmentFormData': treatmentName, category, startDate, dosage, frequency
components/passport/forms/MedicationForm.tsx(189,41): error TS2322: Type 'Control<TreatmentFormData, any, TFieldValues>' is not assignable to type 'Control<TreatmentFormData>'.
  The types of '_options.resolver' are incompatible between these types.
    Type 'Resolver<TreatmentFormData, any, TFieldValues> | undefined' is not assignable to type 'Resolver<TreatmentFormData, any, TreatmentFormData> | undefined'.
      Type 'Resolver<TreatmentFormData, any, TFieldValues>' is not assignable to type 'Resolver<TreatmentFormData, any, TreatmentFormData>'.
        Type 'ResolverResult<TreatmentFormData, TFieldValues> | Promise<ResolverResult<TreatmentFormData, TFieldValues>>' is not assignable to type 'ResolverResult<TreatmentFormData, TreatmentFormData> | Promise<ResolverResult<TreatmentFormData, TreatmentFormData>>'.
          Type 'ResolverSuccess<TFieldValues>' is not assignable to type 'ResolverResult<TreatmentFormData, TreatmentFormData> | Promise<ResolverResult<TreatmentFormData, TreatmentFormData>>'.
            Type 'ResolverSuccess<TFieldValues>' is not assignable to type 'ResolverSuccess<TreatmentFormData>'.
              Type 'TFieldValues' is not assignable to type 'TreatmentFormData'.
                Type 'FieldValues' is missing the following properties from type 'TreatmentFormData': treatmentName, category, startDate, dosage, frequency
components/passport/forms/MedicationForm.tsx(198,41): error TS2322: Type 'Control<TreatmentFormData, any, TFieldValues>' is not assignable to type 'Control<TreatmentFormData>'.
  The types of '_options.resolver' are incompatible between these types.
    Type 'Resolver<TreatmentFormData, any, TFieldValues> | undefined' is not assignable to type 'Resolver<TreatmentFormData, any, TreatmentFormData> | undefined'.
      Type 'Resolver<TreatmentFormData, any, TFieldValues>' is not assignable to type 'Resolver<TreatmentFormData, any, TreatmentFormData>'.
        Type 'ResolverResult<TreatmentFormData, TFieldValues> | Promise<ResolverResult<TreatmentFormData, TFieldValues>>' is not assignable to type 'ResolverResult<TreatmentFormData, TreatmentFormData> | Promise<ResolverResult<TreatmentFormData, TreatmentFormData>>'.
          Type 'ResolverSuccess<TFieldValues>' is not assignable to type 'ResolverResult<TreatmentFormData, TreatmentFormData> | Promise<ResolverResult<TreatmentFormData, TreatmentFormData>>'.
            Type 'ResolverSuccess<TFieldValues>' is not assignable to type 'ResolverSuccess<TreatmentFormData>'.
              Type 'TFieldValues' is not assignable to type 'TreatmentFormData'.
                Type 'FieldValues' is missing the following properties from type 'TreatmentFormData': treatmentName, category, startDate, dosage, frequency
components/passport/forms/MedicationForm.tsx(208,33): error TS2322: Type 'Control<TreatmentFormData, any, TFieldValues>' is not assignable to type 'Control<TreatmentFormData>'.
  The types of '_options.resolver' are incompatible between these types.
    Type 'Resolver<TreatmentFormData, any, TFieldValues> | undefined' is not assignable to type 'Resolver<TreatmentFormData, any, TreatmentFormData> | undefined'.
      Type 'Resolver<TreatmentFormData, any, TFieldValues>' is not assignable to type 'Resolver<TreatmentFormData, any, TreatmentFormData>'.
        Type 'ResolverResult<TreatmentFormData, TFieldValues> | Promise<ResolverResult<TreatmentFormData, TFieldValues>>' is not assignable to type 'ResolverResult<TreatmentFormData, TreatmentFormData> | Promise<ResolverResult<TreatmentFormData, TreatmentFormData>>'.
          Type 'ResolverSuccess<TFieldValues>' is not assignable to type 'ResolverResult<TreatmentFormData, TreatmentFormData> | Promise<ResolverResult<TreatmentFormData, TreatmentFormData>>'.
            Type 'ResolverSuccess<TFieldValues>' is not assignable to type 'ResolverSuccess<TreatmentFormData>'.
              Type 'TFieldValues' is not assignable to type 'TreatmentFormData'.
                Type 'FieldValues' is missing the following properties from type 'TreatmentFormData': treatmentName, category, startDate, dosage, frequency
components/passport/forms/MedicationForm.tsx(217,41): error TS2322: Type 'Control<TreatmentFormData, any, TFieldValues>' is not assignable to type 'Control<TreatmentFormData>'.
  The types of '_options.resolver' are incompatible between these types.
    Type 'Resolver<TreatmentFormData, any, TFieldValues> | undefined' is not assignable to type 'Resolver<TreatmentFormData, any, TreatmentFormData> | undefined'.
      Type 'Resolver<TreatmentFormData, any, TFieldValues>' is not assignable to type 'Resolver<TreatmentFormData, any, TreatmentFormData>'.
        Type 'ResolverResult<TreatmentFormData, TFieldValues> | Promise<ResolverResult<TreatmentFormData, TFieldValues>>' is not assignable to type 'ResolverResult<TreatmentFormData, TreatmentFormData> | Promise<ResolverResult<TreatmentFormData, TreatmentFormData>>'.
          Type 'ResolverSuccess<TFieldValues>' is not assignable to type 'ResolverResult<TreatmentFormData, TreatmentFormData> | Promise<ResolverResult<TreatmentFormData, TreatmentFormData>>'.
            Type 'ResolverSuccess<TFieldValues>' is not assignable to type 'ResolverSuccess<TreatmentFormData>'.
              Type 'TFieldValues' is not assignable to type 'TreatmentFormData'.
                Type 'FieldValues' is missing the following properties from type 'TreatmentFormData': treatmentName, category, startDate, dosage, frequency
components/passport/forms/MedicationForm.tsx(262,33): error TS2322: Type 'Control<TreatmentFormData, any, TFieldValues>' is not assignable to type 'Control<TreatmentFormData>'.
  The types of '_options.resolver' are incompatible between these types.
    Type 'Resolver<TreatmentFormData, any, TFieldValues> | undefined' is not assignable to type 'Resolver<TreatmentFormData, any, TreatmentFormData> | undefined'.
      Type 'Resolver<TreatmentFormData, any, TFieldValues>' is not assignable to type 'Resolver<TreatmentFormData, any, TreatmentFormData>'.
        Type 'ResolverResult<TreatmentFormData, TFieldValues> | Promise<ResolverResult<TreatmentFormData, TFieldValues>>' is not assignable to type 'ResolverResult<TreatmentFormData, TreatmentFormData> | Promise<ResolverResult<TreatmentFormData, TreatmentFormData>>'.
          Type 'ResolverSuccess<TFieldValues>' is not assignable to type 'ResolverResult<TreatmentFormData, TreatmentFormData> | Promise<ResolverResult<TreatmentFormData, TreatmentFormData>>'.
            Type 'ResolverSuccess<TFieldValues>' is not assignable to type 'ResolverSuccess<TreatmentFormData>'.
              Type 'TFieldValues' is not assignable to type 'TreatmentFormData'.
                Type 'FieldValues' is missing the following properties from type 'TreatmentFormData': treatmentName, category, startDate, dosage, frequency
components/passport/forms/MedicationForm.tsx(274,26): error TS2741: Property 'onBack' is missing in type '{ onPrimary: (e?: BaseSyntheticEvent<object, any, any> | undefined) => Promise<void>; primaryLabel: string; disabled: boolean; }' but required in type 'Props'.
components/passport/forms/MedicationForm.tsx(275,53): error TS2345: Argument of type '(data: TreatmentFormData) => Promise<void>' is not assignable to parameter of type 'SubmitHandler<TFieldValues>'.
  Types of parameters 'data' and 'data' are incompatible.
    Type 'TFieldValues' is not assignable to type 'TreatmentFormData'.
      Type 'FieldValues' is missing the following properties from type 'TreatmentFormData': treatmentName, category, startDate, dosage, frequency
components/passport/forms/TreatmentForm.tsx(51,20): error TS2367: This comparison appears to be unintentional because the types 'Readonly<{ colors: { primary: { 50: string; 100: string; 200: string; 300: string; 400: string; 500: string; 600: string; 700: string; 800: string; 900: string; }; secondary: { paw: string; pawLight: string; pawDark: string; ... 5 more ...; sunDark: string; }; ... 8 more ...; overlay: { ...; }; }; ... 8 more ...; co...' and 'string' have no overlap.
components/passport/forms/TreatmentForm.tsx(56,9): error TS2322: Type 'Resolver<{ treatmentName: string; category: "preventive" | "acute" | "chronic"; startDate: Date; dosage: string; frequency: string; endDate?: Date | undefined; timeOfDay?: string | undefined; prescribedBy?: string | undefined; pharmacy?: string | undefined; withFood?: boolean | undefined; notes?: string | undefined;...' is not assignable to type 'Resolver<TreatmentFormData, any, TreatmentFormData>'.
  Types of parameters 'options' and 'options' are incompatible.
    Type 'ResolverOptions<TreatmentFormData>' is not assignable to type 'ResolverOptions<{ treatmentName: string; category: "preventive" | "acute" | "chronic"; startDate: Date; dosage: string; frequency: string; endDate?: Date | undefined; timeOfDay?: string | undefined; prescribedBy?: string | undefined; pharmacy?: string | undefined; withFood?: boolean | undefined; notes?: string | und...'.
      Type '"preventive" | "acute" | "chronic"' is not assignable to type 'TreatmentCategory'.
        Type '"preventive"' is not assignable to type 'TreatmentCategory'.
components/passport/forms/TreatmentForm.tsx(152,33): error TS2322: Type 'Control<TreatmentFormData, any, TFieldValues>' is not assignable to type 'Control<TreatmentFormData>'.
  The types of '_options.resolver' are incompatible between these types.
    Type 'Resolver<TreatmentFormData, any, TFieldValues> | undefined' is not assignable to type 'Resolver<TreatmentFormData, any, TreatmentFormData> | undefined'.
      Type 'Resolver<TreatmentFormData, any, TFieldValues>' is not assignable to type 'Resolver<TreatmentFormData, any, TreatmentFormData>'.
        Type 'ResolverResult<TreatmentFormData, TFieldValues> | Promise<ResolverResult<TreatmentFormData, TFieldValues>>' is not assignable to type 'ResolverResult<TreatmentFormData, TreatmentFormData> | Promise<ResolverResult<TreatmentFormData, TreatmentFormData>>'.
          Type 'ResolverSuccess<TFieldValues>' is not assignable to type 'ResolverResult<TreatmentFormData, TreatmentFormData> | Promise<ResolverResult<TreatmentFormData, TreatmentFormData>>'.
            Type 'ResolverSuccess<TFieldValues>' is not assignable to type 'ResolverSuccess<TreatmentFormData>'.
              Type 'TFieldValues' is not assignable to type 'TreatmentFormData'.
                Type 'FieldValues' is missing the following properties from type 'TreatmentFormData': treatmentName, category, startDate, dosage, frequency
components/passport/forms/TreatmentForm.tsx(160,33): error TS2322: Type 'Control<TreatmentFormData, any, TFieldValues>' is not assignable to type 'Control<TreatmentFormData>'.
  The types of '_options.resolver' are incompatible between these types.
    Type 'Resolver<TreatmentFormData, any, TFieldValues> | undefined' is not assignable to type 'Resolver<TreatmentFormData, any, TreatmentFormData> | undefined'.
      Type 'Resolver<TreatmentFormData, any, TFieldValues>' is not assignable to type 'Resolver<TreatmentFormData, any, TreatmentFormData>'.
        Type 'ResolverResult<TreatmentFormData, TFieldValues> | Promise<ResolverResult<TreatmentFormData, TFieldValues>>' is not assignable to type 'ResolverResult<TreatmentFormData, TreatmentFormData> | Promise<ResolverResult<TreatmentFormData, TreatmentFormData>>'.
          Type 'ResolverSuccess<TFieldValues>' is not assignable to type 'ResolverResult<TreatmentFormData, TreatmentFormData> | Promise<ResolverResult<TreatmentFormData, TreatmentFormData>>'.
            Type 'ResolverSuccess<TFieldValues>' is not assignable to type 'ResolverSuccess<TreatmentFormData>'.
              Type 'TFieldValues' is not assignable to type 'TreatmentFormData'.
                Type 'FieldValues' is missing the following properties from type 'TreatmentFormData': treatmentName, category, startDate, dosage, frequency
components/passport/forms/TreatmentForm.tsx(170,41): error TS2322: Type 'Control<TreatmentFormData, any, TFieldValues>' is not assignable to type 'Control<TreatmentFormData>'.
  The types of '_options.resolver' are incompatible between these types.
    Type 'Resolver<TreatmentFormData, any, TFieldValues> | undefined' is not assignable to type 'Resolver<TreatmentFormData, any, TreatmentFormData> | undefined'.
      Type 'Resolver<TreatmentFormData, any, TFieldValues>' is not assignable to type 'Resolver<TreatmentFormData, any, TreatmentFormData>'.
        Type 'ResolverResult<TreatmentFormData, TFieldValues> | Promise<ResolverResult<TreatmentFormData, TFieldValues>>' is not assignable to type 'ResolverResult<TreatmentFormData, TreatmentFormData> | Promise<ResolverResult<TreatmentFormData, TreatmentFormData>>'.
          Type 'ResolverSuccess<TFieldValues>' is not assignable to type 'ResolverResult<TreatmentFormData, TreatmentFormData> | Promise<ResolverResult<TreatmentFormData, TreatmentFormData>>'.
            Type 'ResolverSuccess<TFieldValues>' is not assignable to type 'ResolverSuccess<TreatmentFormData>'.
              Type 'TFieldValues' is not assignable to type 'TreatmentFormData'.
                Type 'FieldValues' is missing the following properties from type 'TreatmentFormData': treatmentName, category, startDate, dosage, frequency
components/passport/forms/TreatmentForm.tsx(178,41): error TS2322: Type 'Control<TreatmentFormData, any, TFieldValues>' is not assignable to type 'Control<TreatmentFormData>'.
  The types of '_options.resolver' are incompatible between these types.
    Type 'Resolver<TreatmentFormData, any, TFieldValues> | undefined' is not assignable to type 'Resolver<TreatmentFormData, any, TreatmentFormData> | undefined'.
      Type 'Resolver<TreatmentFormData, any, TFieldValues>' is not assignable to type 'Resolver<TreatmentFormData, any, TreatmentFormData>'.
        Type 'ResolverResult<TreatmentFormData, TFieldValues> | Promise<ResolverResult<TreatmentFormData, TFieldValues>>' is not assignable to type 'ResolverResult<TreatmentFormData, TreatmentFormData> | Promise<ResolverResult<TreatmentFormData, TreatmentFormData>>'.
          Type 'ResolverSuccess<TFieldValues>' is not assignable to type 'ResolverResult<TreatmentFormData, TreatmentFormData> | Promise<ResolverResult<TreatmentFormData, TreatmentFormData>>'.
            Type 'ResolverSuccess<TFieldValues>' is not assignable to type 'ResolverSuccess<TreatmentFormData>'.
              Type 'TFieldValues' is not assignable to type 'TreatmentFormData'.
                Type 'FieldValues' is missing the following properties from type 'TreatmentFormData': treatmentName, category, startDate, dosage, frequency
components/passport/forms/TreatmentForm.tsx(190,41): error TS2322: Type 'Control<TreatmentFormData, any, TFieldValues>' is not assignable to type 'Control<TreatmentFormData>'.
  The types of '_options.resolver' are incompatible between these types.
    Type 'Resolver<TreatmentFormData, any, TFieldValues> | undefined' is not assignable to type 'Resolver<TreatmentFormData, any, TreatmentFormData> | undefined'.
      Type 'Resolver<TreatmentFormData, any, TFieldValues>' is not assignable to type 'Resolver<TreatmentFormData, any, TreatmentFormData>'.
        Type 'ResolverResult<TreatmentFormData, TFieldValues> | Promise<ResolverResult<TreatmentFormData, TFieldValues>>' is not assignable to type 'ResolverResult<TreatmentFormData, TreatmentFormData> | Promise<ResolverResult<TreatmentFormData, TreatmentFormData>>'.
          Type 'ResolverSuccess<TFieldValues>' is not assignable to type 'ResolverResult<TreatmentFormData, TreatmentFormData> | Promise<ResolverResult<TreatmentFormData, TreatmentFormData>>'.
            Type 'ResolverSuccess<TFieldValues>' is not assignable to type 'ResolverSuccess<TreatmentFormData>'.
              Type 'TFieldValues' is not assignable to type 'TreatmentFormData'.
                Type 'FieldValues' is missing the following properties from type 'TreatmentFormData': treatmentName, category, startDate, dosage, frequency
components/passport/forms/TreatmentForm.tsx(199,41): error TS2322: Type 'Control<TreatmentFormData, any, TFieldValues>' is not assignable to type 'Control<TreatmentFormData>'.
  The types of '_options.resolver' are incompatible between these types.
    Type 'Resolver<TreatmentFormData, any, TFieldValues> | undefined' is not assignable to type 'Resolver<TreatmentFormData, any, TreatmentFormData> | undefined'.
      Type 'Resolver<TreatmentFormData, any, TFieldValues>' is not assignable to type 'Resolver<TreatmentFormData, any, TreatmentFormData>'.
        Type 'ResolverResult<TreatmentFormData, TFieldValues> | Promise<ResolverResult<TreatmentFormData, TFieldValues>>' is not assignable to type 'ResolverResult<TreatmentFormData, TreatmentFormData> | Promise<ResolverResult<TreatmentFormData, TreatmentFormData>>'.
          Type 'ResolverSuccess<TFieldValues>' is not assignable to type 'ResolverResult<TreatmentFormData, TreatmentFormData> | Promise<ResolverResult<TreatmentFormData, TreatmentFormData>>'.
            Type 'ResolverSuccess<TFieldValues>' is not assignable to type 'ResolverSuccess<TreatmentFormData>'.
              Type 'TFieldValues' is not assignable to type 'TreatmentFormData'.
                Type 'FieldValues' is missing the following properties from type 'TreatmentFormData': treatmentName, category, startDate, dosage, frequency
components/passport/forms/TreatmentForm.tsx(209,33): error TS2322: Type 'Control<TreatmentFormData, any, TFieldValues>' is not assignable to type 'Control<TreatmentFormData>'.
  The types of '_options.resolver' are incompatible between these types.
    Type 'Resolver<TreatmentFormData, any, TFieldValues> | undefined' is not assignable to type 'Resolver<TreatmentFormData, any, TreatmentFormData> | undefined'.
      Type 'Resolver<TreatmentFormData, any, TFieldValues>' is not assignable to type 'Resolver<TreatmentFormData, any, TreatmentFormData>'.
        Type 'ResolverResult<TreatmentFormData, TFieldValues> | Promise<ResolverResult<TreatmentFormData, TFieldValues>>' is not assignable to type 'ResolverResult<TreatmentFormData, TreatmentFormData> | Promise<ResolverResult<TreatmentFormData, TreatmentFormData>>'.
          Type 'ResolverSuccess<TFieldValues>' is not assignable to type 'ResolverResult<TreatmentFormData, TreatmentFormData> | Promise<ResolverResult<TreatmentFormData, TreatmentFormData>>'.
            Type 'ResolverSuccess<TFieldValues>' is not assignable to type 'ResolverSuccess<TreatmentFormData>'.
              Type 'TFieldValues' is not assignable to type 'TreatmentFormData'.
                Type 'FieldValues' is missing the following properties from type 'TreatmentFormData': treatmentName, category, startDate, dosage, frequency
components/passport/forms/TreatmentForm.tsx(218,41): error TS2322: Type 'Control<TreatmentFormData, any, TFieldValues>' is not assignable to type 'Control<TreatmentFormData>'.
  The types of '_options.resolver' are incompatible between these types.
    Type 'Resolver<TreatmentFormData, any, TFieldValues> | undefined' is not assignable to type 'Resolver<TreatmentFormData, any, TreatmentFormData> | undefined'.
      Type 'Resolver<TreatmentFormData, any, TFieldValues>' is not assignable to type 'Resolver<TreatmentFormData, any, TreatmentFormData>'.
        Type 'ResolverResult<TreatmentFormData, TFieldValues> | Promise<ResolverResult<TreatmentFormData, TFieldValues>>' is not assignable to type 'ResolverResult<TreatmentFormData, TreatmentFormData> | Promise<ResolverResult<TreatmentFormData, TreatmentFormData>>'.
          Type 'ResolverSuccess<TFieldValues>' is not assignable to type 'ResolverResult<TreatmentFormData, TreatmentFormData> | Promise<ResolverResult<TreatmentFormData, TreatmentFormData>>'.
            Type 'ResolverSuccess<TFieldValues>' is not assignable to type 'ResolverSuccess<TreatmentFormData>'.
              Type 'TFieldValues' is not assignable to type 'TreatmentFormData'.
                Type 'FieldValues' is missing the following properties from type 'TreatmentFormData': treatmentName, category, startDate, dosage, frequency
components/passport/forms/TreatmentForm.tsx(263,33): error TS2322: Type 'Control<TreatmentFormData, any, TFieldValues>' is not assignable to type 'Control<TreatmentFormData>'.
  The types of '_options.resolver' are incompatible between these types.
    Type 'Resolver<TreatmentFormData, any, TFieldValues> | undefined' is not assignable to type 'Resolver<TreatmentFormData, any, TreatmentFormData> | undefined'.
      Type 'Resolver<TreatmentFormData, any, TFieldValues>' is not assignable to type 'Resolver<TreatmentFormData, any, TreatmentFormData>'.
        Type 'ResolverResult<TreatmentFormData, TFieldValues> | Promise<ResolverResult<TreatmentFormData, TFieldValues>>' is not assignable to type 'ResolverResult<TreatmentFormData, TreatmentFormData> | Promise<ResolverResult<TreatmentFormData, TreatmentFormData>>'.
          Type 'ResolverSuccess<TFieldValues>' is not assignable to type 'ResolverResult<TreatmentFormData, TreatmentFormData> | Promise<ResolverResult<TreatmentFormData, TreatmentFormData>>'.
            Type 'ResolverSuccess<TFieldValues>' is not assignable to type 'ResolverSuccess<TreatmentFormData>'.
              Type 'TFieldValues' is not assignable to type 'TreatmentFormData'.
                Type 'FieldValues' is missing the following properties from type 'TreatmentFormData': treatmentName, category, startDate, dosage, frequency
components/passport/forms/TreatmentForm.tsx(275,26): error TS2741: Property 'onBack' is missing in type '{ onPrimary: (e?: BaseSyntheticEvent<object, any, any> | undefined) => Promise<void>; primaryLabel: string; disabled: boolean; }' but required in type 'Props'.
components/passport/forms/TreatmentForm.tsx(276,53): error TS2345: Argument of type '(data: TreatmentFormData) => Promise<void>' is not assignable to parameter of type 'SubmitHandler<TFieldValues>'.
  Types of parameters 'data' and 'data' are incompatible.
    Type 'TFieldValues' is not assignable to type 'TreatmentFormData'.
      Type 'FieldValues' is missing the following properties from type 'TreatmentFormData': treatmentName, category, startDate, dosage, frequency
components/passport/forms/VaccinationForm.tsx(58,20): error TS2367: This comparison appears to be unintentional because the types 'Readonly<{ colors: { primary: { 50: string; 100: string; 200: string; 300: string; 400: string; 500: string; 600: string; 700: string; 800: string; 900: string; }; secondary: { paw: string; pawLight: string; pawDark: string; ... 5 more ...; sunDark: string; }; ... 8 more ...; overlay: { ...; }; }; ... 8 more ...; co...' and 'string' have no overlap.
components/passport/forms/VaccinationForm.tsx(63,9): error TS2322: Type 'Resolver<{ vaccineName: string; category: "core" | "non-core"; dateGiven: Date; nextDueDate?: Date | undefined; doseNumber?: number | undefined; administeringVet?: string | undefined; ... 6 more ...; notes?: string | undefined; }, any, { ...; }>' is not assignable to type 'Resolver<VaccinationFormData, any, VaccinationFormData>'.
  Types of parameters 'options' and 'options' are incompatible.
    Type 'ResolverOptions<VaccinationFormData>' is not assignable to type 'ResolverOptions<{ vaccineName: string; category: "core" | "non-core"; dateGiven: Date; nextDueDate?: Date | undefined; doseNumber?: number | undefined; administeringVet?: string | undefined; ... 6 more ...; notes?: string | undefined; }>'.
      Type '"core" | "non-core"' is not assignable to type 'VaccineCategory'.
        Type '"core"' is not assignable to type 'VaccineCategory'.
components/passport/forms/VaccinationForm.tsx(162,33): error TS2322: Type 'Control<VaccinationFormData, any, TFieldValues>' is not assignable to type 'Control<VaccinationFormData>'.
  The types of '_options.resolver' are incompatible between these types.
    Type 'Resolver<VaccinationFormData, any, TFieldValues> | undefined' is not assignable to type 'Resolver<VaccinationFormData, any, VaccinationFormData> | undefined'.
      Type 'Resolver<VaccinationFormData, any, TFieldValues>' is not assignable to type 'Resolver<VaccinationFormData, any, VaccinationFormData>'.
        Type 'ResolverResult<VaccinationFormData, TFieldValues> | Promise<ResolverResult<VaccinationFormData, TFieldValues>>' is not assignable to type 'ResolverResult<VaccinationFormData, VaccinationFormData> | Promise<ResolverResult<VaccinationFormData, VaccinationFormData>>'.
          Type 'ResolverSuccess<TFieldValues>' is not assignable to type 'ResolverResult<VaccinationFormData, VaccinationFormData> | Promise<ResolverResult<VaccinationFormData, VaccinationFormData>>'.
            Type 'ResolverSuccess<TFieldValues>' is not assignable to type 'ResolverSuccess<VaccinationFormData>'.
              Type 'TFieldValues' is not assignable to type 'VaccinationFormData'.
                Type 'FieldValues' is missing the following properties from type 'VaccinationFormData': vaccineName, category, dateGiven
components/passport/forms/VaccinationForm.tsx(170,33): error TS2322: Type 'Control<VaccinationFormData, any, TFieldValues>' is not assignable to type 'Control<VaccinationFormData>'.
  The types of '_options.resolver' are incompatible between these types.
    Type 'Resolver<VaccinationFormData, any, TFieldValues> | undefined' is not assignable to type 'Resolver<VaccinationFormData, any, VaccinationFormData> | undefined'.
      Type 'Resolver<VaccinationFormData, any, TFieldValues>' is not assignable to type 'Resolver<VaccinationFormData, any, VaccinationFormData>'.
        Type 'ResolverResult<VaccinationFormData, TFieldValues> | Promise<ResolverResult<VaccinationFormData, TFieldValues>>' is not assignable to type 'ResolverResult<VaccinationFormData, VaccinationFormData> | Promise<ResolverResult<VaccinationFormData, VaccinationFormData>>'.
          Type 'ResolverSuccess<TFieldValues>' is not assignable to type 'ResolverResult<VaccinationFormData, VaccinationFormData> | Promise<ResolverResult<VaccinationFormData, VaccinationFormData>>'.
            Type 'ResolverSuccess<TFieldValues>' is not assignable to type 'ResolverSuccess<VaccinationFormData>'.
              Type 'TFieldValues' is not assignable to type 'VaccinationFormData'.
                Type 'FieldValues' is missing the following properties from type 'VaccinationFormData': vaccineName, category, dateGiven
components/passport/forms/VaccinationForm.tsx(180,41): error TS2322: Type 'Control<VaccinationFormData, any, TFieldValues>' is not assignable to type 'Control<VaccinationFormData>'.
  The types of '_options.resolver' are incompatible between these types.
    Type 'Resolver<VaccinationFormData, any, TFieldValues> | undefined' is not assignable to type 'Resolver<VaccinationFormData, any, VaccinationFormData> | undefined'.
      Type 'Resolver<VaccinationFormData, any, TFieldValues>' is not assignable to type 'Resolver<VaccinationFormData, any, VaccinationFormData>'.
        Type 'ResolverResult<VaccinationFormData, TFieldValues> | Promise<ResolverResult<VaccinationFormData, TFieldValues>>' is not assignable to type 'ResolverResult<VaccinationFormData, VaccinationFormData> | Promise<ResolverResult<VaccinationFormData, VaccinationFormData>>'.
          Type 'ResolverSuccess<TFieldValues>' is not assignable to type 'ResolverResult<VaccinationFormData, VaccinationFormData> | Promise<ResolverResult<VaccinationFormData, VaccinationFormData>>'.
            Type 'ResolverSuccess<TFieldValues>' is not assignable to type 'ResolverSuccess<VaccinationFormData>'.
              Type 'TFieldValues' is not assignable to type 'VaccinationFormData'.
                Type 'FieldValues' is missing the following properties from type 'VaccinationFormData': vaccineName, category, dateGiven
components/passport/forms/VaccinationForm.tsx(189,41): error TS2322: Type 'Control<VaccinationFormData, any, TFieldValues>' is not assignable to type 'Control<VaccinationFormData>'.
  The types of '_options.resolver' are incompatible between these types.
    Type 'Resolver<VaccinationFormData, any, TFieldValues> | undefined' is not assignable to type 'Resolver<VaccinationFormData, any, VaccinationFormData> | undefined'.
      Type 'Resolver<VaccinationFormData, any, TFieldValues>' is not assignable to type 'Resolver<VaccinationFormData, any, VaccinationFormData>'.
        Type 'ResolverResult<VaccinationFormData, TFieldValues> | Promise<ResolverResult<VaccinationFormData, TFieldValues>>' is not assignable to type 'ResolverResult<VaccinationFormData, VaccinationFormData> | Promise<ResolverResult<VaccinationFormData, VaccinationFormData>>'.
          Type 'ResolverSuccess<TFieldValues>' is not assignable to type 'ResolverResult<VaccinationFormData, VaccinationFormData> | Promise<ResolverResult<VaccinationFormData, VaccinationFormData>>'.
            Type 'ResolverSuccess<TFieldValues>' is not assignable to type 'ResolverSuccess<VaccinationFormData>'.
              Type 'TFieldValues' is not assignable to type 'VaccinationFormData'.
                Type 'FieldValues' is missing the following properties from type 'VaccinationFormData': vaccineName, category, dateGiven
components/passport/forms/VaccinationForm.tsx(198,33): error TS2322: Type 'Control<VaccinationFormData, any, TFieldValues>' is not assignable to type 'Control<VaccinationFormData>'.
  The types of '_options.resolver' are incompatible between these types.
    Type 'Resolver<VaccinationFormData, any, TFieldValues> | undefined' is not assignable to type 'Resolver<VaccinationFormData, any, VaccinationFormData> | undefined'.
      Type 'Resolver<VaccinationFormData, any, TFieldValues>' is not assignable to type 'Resolver<VaccinationFormData, any, VaccinationFormData>'.
        Type 'ResolverResult<VaccinationFormData, TFieldValues> | Promise<ResolverResult<VaccinationFormData, TFieldValues>>' is not assignable to type 'ResolverResult<VaccinationFormData, VaccinationFormData> | Promise<ResolverResult<VaccinationFormData, VaccinationFormData>>'.
          Type 'ResolverSuccess<TFieldValues>' is not assignable to type 'ResolverResult<VaccinationFormData, VaccinationFormData> | Promise<ResolverResult<VaccinationFormData, VaccinationFormData>>'.
            Type 'ResolverSuccess<TFieldValues>' is not assignable to type 'ResolverSuccess<VaccinationFormData>'.
              Type 'TFieldValues' is not assignable to type 'VaccinationFormData'.
                Type 'FieldValues' is missing the following properties from type 'VaccinationFormData': vaccineName, category, dateGiven
components/passport/forms/VaccinationForm.tsx(222,41): error TS2322: Type 'Control<VaccinationFormData, any, TFieldValues>' is not assignable to type 'Control<VaccinationFormData>'.
  The types of '_options.resolver' are incompatible between these types.
    Type 'Resolver<VaccinationFormData, any, TFieldValues> | undefined' is not assignable to type 'Resolver<VaccinationFormData, any, VaccinationFormData> | undefined'.
      Type 'Resolver<VaccinationFormData, any, TFieldValues>' is not assignable to type 'Resolver<VaccinationFormData, any, VaccinationFormData>'.
        Type 'ResolverResult<VaccinationFormData, TFieldValues> | Promise<ResolverResult<VaccinationFormData, TFieldValues>>' is not assignable to type 'ResolverResult<VaccinationFormData, VaccinationFormData> | Promise<ResolverResult<VaccinationFormData, VaccinationFormData>>'.
          Type 'ResolverSuccess<TFieldValues>' is not assignable to type 'ResolverResult<VaccinationFormData, VaccinationFormData> | Promise<ResolverResult<VaccinationFormData, VaccinationFormData>>'.
            Type 'ResolverSuccess<TFieldValues>' is not assignable to type 'ResolverSuccess<VaccinationFormData>'.
              Type 'TFieldValues' is not assignable to type 'VaccinationFormData'.
                Type 'FieldValues' is missing the following properties from type 'VaccinationFormData': vaccineName, category, dateGiven
components/passport/forms/VaccinationForm.tsx(230,41): error TS2322: Type 'Control<VaccinationFormData, any, TFieldValues>' is not assignable to type 'Control<VaccinationFormData>'.
  The types of '_options.resolver' are incompatible between these types.
    Type 'Resolver<VaccinationFormData, any, TFieldValues> | undefined' is not assignable to type 'Resolver<VaccinationFormData, any, VaccinationFormData> | undefined'.
      Type 'Resolver<VaccinationFormData, any, TFieldValues>' is not assignable to type 'Resolver<VaccinationFormData, any, VaccinationFormData>'.
        Type 'ResolverResult<VaccinationFormData, TFieldValues> | Promise<ResolverResult<VaccinationFormData, TFieldValues>>' is not assignable to type 'ResolverResult<VaccinationFormData, VaccinationFormData> | Promise<ResolverResult<VaccinationFormData, VaccinationFormData>>'.
          Type 'ResolverSuccess<TFieldValues>' is not assignable to type 'ResolverResult<VaccinationFormData, VaccinationFormData> | Promise<ResolverResult<VaccinationFormData, VaccinationFormData>>'.
            Type 'ResolverSuccess<TFieldValues>' is not assignable to type 'ResolverSuccess<VaccinationFormData>'.
              Type 'TFieldValues' is not assignable to type 'VaccinationFormData'.
                Type 'FieldValues' is missing the following properties from type 'VaccinationFormData': vaccineName, category, dateGiven
components/passport/forms/VaccinationForm.tsx(239,33): error TS2322: Type 'Control<VaccinationFormData, any, TFieldValues>' is not assignable to type 'Control<VaccinationFormData>'.
  The types of '_options.resolver' are incompatible between these types.
    Type 'Resolver<VaccinationFormData, any, TFieldValues> | undefined' is not assignable to type 'Resolver<VaccinationFormData, any, VaccinationFormData> | undefined'.
      Type 'Resolver<VaccinationFormData, any, TFieldValues>' is not assignable to type 'Resolver<VaccinationFormData, any, VaccinationFormData>'.
        Type 'ResolverResult<VaccinationFormData, TFieldValues> | Promise<ResolverResult<VaccinationFormData, TFieldValues>>' is not assignable to type 'ResolverResult<VaccinationFormData, VaccinationFormData> | Promise<ResolverResult<VaccinationFormData, VaccinationFormData>>'.
          Type 'ResolverSuccess<TFieldValues>' is not assignable to type 'ResolverResult<VaccinationFormData, VaccinationFormData> | Promise<ResolverResult<VaccinationFormData, VaccinationFormData>>'.
            Type 'ResolverSuccess<TFieldValues>' is not assignable to type 'ResolverSuccess<VaccinationFormData>'.
              Type 'TFieldValues' is not assignable to type 'VaccinationFormData'.
                Type 'FieldValues' is missing the following properties from type 'VaccinationFormData': vaccineName, category, dateGiven
components/passport/forms/VaccinationForm.tsx(267,33): error TS2322: Type 'Control<VaccinationFormData, any, TFieldValues>' is not assignable to type 'Control<VaccinationFormData>'.
  The types of '_options.resolver' are incompatible between these types.
    Type 'Resolver<VaccinationFormData, any, TFieldValues> | undefined' is not assignable to type 'Resolver<VaccinationFormData, any, VaccinationFormData> | undefined'.
      Type 'Resolver<VaccinationFormData, any, TFieldValues>' is not assignable to type 'Resolver<VaccinationFormData, any, VaccinationFormData>'.
        Type 'ResolverResult<VaccinationFormData, TFieldValues> | Promise<ResolverResult<VaccinationFormData, TFieldValues>>' is not assignable to type 'ResolverResult<VaccinationFormData, VaccinationFormData> | Promise<ResolverResult<VaccinationFormData, VaccinationFormData>>'.
          Type 'ResolverSuccess<TFieldValues>' is not assignable to type 'ResolverResult<VaccinationFormData, VaccinationFormData> | Promise<ResolverResult<VaccinationFormData, VaccinationFormData>>'.
            Type 'ResolverSuccess<TFieldValues>' is not assignable to type 'ResolverSuccess<VaccinationFormData>'.
              Type 'TFieldValues' is not assignable to type 'VaccinationFormData'.
                Type 'FieldValues' is missing the following properties from type 'VaccinationFormData': vaccineName, category, dateGiven
components/passport/forms/VaccinationForm.tsx(280,26): error TS2741: Property 'onBack' is missing in type '{ onPrimary: (e?: BaseSyntheticEvent<object, any, any> | undefined) => Promise<void>; primaryLabel: string; disabled: boolean; }' but required in type 'Props'.
components/passport/forms/VaccinationForm.tsx(281,53): error TS2345: Argument of type '(data: VaccinationFormData) => Promise<void>' is not assignable to parameter of type 'SubmitHandler<TFieldValues>'.
  Types of parameters 'data' and 'data' are incompatible.
    Type 'TFieldValues' is not assignable to type 'VaccinationFormData'.
      Type 'FieldValues' is missing the following properties from type 'VaccinationFormData': vaccineName, category, dateGiven
components/passport/modals/WeightTrackingModal.tsx(112,78): error TS2322: Type '{ 50: string; 100: string; 200: string; 300: string; 400: string; 500: string; 600: string; 700: string; 800: string; 900: string; }' is not assignable to type 'string | OpaqueColorValue | undefined'.
components/passport/OwnerInfo.tsx(59,41): error TS2769: No overload matches this call.
  Overload 1 of 2, '(props: ViewProps): View', gave the following error.
    Type '{ backgroundColor: any; borderColor: { primary: string; secondary: string; focus: string; }; }' is not assignable to type 'ViewStyle | Falsy | RegisteredStyle<ViewStyle> | RecursiveArray<ViewStyle | Falsy | RegisteredStyle<ViewStyle>> | readonly (ViewStyle | ... 1 more ... | RegisteredStyle<...>)[]'.
      Types of property 'borderColor' are incompatible.
        Type '{ primary: string; secondary: string; focus: string; }' is not assignable to type 'ColorValue | undefined'.
  Overload 2 of 2, '(props: ViewProps, context: any): View', gave the following error.
    Type '{ backgroundColor: any; borderColor: { primary: string; secondary: string; focus: string; }; }' is not assignable to type 'ViewStyle | Falsy | RegisteredStyle<ViewStyle> | RecursiveArray<ViewStyle | Falsy | RegisteredStyle<ViewStyle>> | readonly (ViewStyle | ... 1 more ... | RegisteredStyle<...>)[]'.
      Types of property 'borderColor' are incompatible.
        Type '{ primary: string; secondary: string; focus: string; }' is not assignable to type 'ColorValue | undefined'.
components/passport/OwnerInfo.tsx(59,67): error TS2339: Property 'card' does not exist on type '{ primary: { 50: string; 100: string; 200: string; 300: string; 400: string; 500: string; 600: string; 700: string; 800: string; 900: string; }; secondary: { paw: string; pawLight: string; pawDark: string; leaf: string; ... 4 more ...; sunDark: string; }; ... 8 more ...; overlay: { ...; }; }'.
components/passport/OwnerInfo.tsx(61,60): error TS2322: Type '{ 50: string; 100: string; 200: string; 300: string; 400: string; 500: string; 600: string; 700: string; 800: string; 900: string; }' is not assignable to type 'string | OpaqueColorValue'.
components/passport/OwnerInfo.tsx(62,45): error TS2769: No overload matches this call.
  Overload 1 of 2, '(props: TextProps): Text', gave the following error.
    Type '{ color: { primary: string; secondary: string; tertiary: string; quaternary: string; inverse: string; }; }' is not assignable to type 'TextStyle | Falsy | RegisteredStyle<TextStyle> | RecursiveArray<TextStyle | Falsy | RegisteredStyle<TextStyle>> | readonly (TextStyle | ... 1 more ... | RegisteredStyle<...>)[]'.
      Types of property 'color' are incompatible.
        Type '{ primary: string; secondary: string; tertiary: string; quaternary: string; inverse: string; }' is not assignable to type 'ColorValue | undefined'.
  Overload 2 of 2, '(props: TextProps, context: any): Text', gave the following error.
    Type '{ color: { primary: string; secondary: string; tertiary: string; quaternary: string; inverse: string; }; }' is not assignable to type 'TextStyle | Falsy | RegisteredStyle<TextStyle> | RecursiveArray<TextStyle | Falsy | RegisteredStyle<TextStyle>> | readonly (TextStyle | ... 1 more ... | RegisteredStyle<...>)[]'.
      Types of property 'color' are incompatible.
        Type '{ primary: string; secondary: string; tertiary: string; quaternary: string; inverse: string; }' is not assignable to type 'ColorValue | undefined'.
components/passport/OwnerInfo.tsx(66,44): error TS2769: No overload matches this call.
  Overload 1 of 2, '(props: TextProps): Text', gave the following error.
    Type '{ color: { primary: string; secondary: string; tertiary: string; quaternary: string; inverse: string; }; }' is not assignable to type 'TextStyle | Falsy | RegisteredStyle<TextStyle> | RecursiveArray<TextStyle | Falsy | RegisteredStyle<TextStyle>> | readonly (TextStyle | ... 1 more ... | RegisteredStyle<...>)[]'.
      Types of property 'color' are incompatible.
        Type '{ primary: string; secondary: string; tertiary: string; quaternary: string; inverse: string; }' is not assignable to type 'ColorValue | undefined'.
  Overload 2 of 2, '(props: TextProps, context: any): Text', gave the following error.
    Type '{ color: { primary: string; secondary: string; tertiary: string; quaternary: string; inverse: string; }; }' is not assignable to type 'TextStyle | Falsy | RegisteredStyle<TextStyle> | RecursiveArray<TextStyle | Falsy | RegisteredStyle<TextStyle>> | readonly (TextStyle | ... 1 more ... | RegisteredStyle<...>)[]'.
      Types of property 'color' are incompatible.
        Type '{ primary: string; secondary: string; tertiary: string; quaternary: string; inverse: string; }' is not assignable to type 'ColorValue | undefined'.
components/passport/OwnerInfo.tsx(72,37): error TS2322: Type '{ name: string; size: number; color: any; }' is not assignable to type 'IntrinsicAttributes & { ios_icon_name?: string | undefined; android_material_icon_name: "sort" | "map" | "filter" | "abc" | "web" | "tag" | "group" | "download" | ... 2225 more ... | "zoom-out-map"; size?: number | undefined; color: string | OpaqueColorValue; style?: StyleProp<...>; weight?: SymbolWeight | undefined...'.
  Property 'name' does not exist on type 'IntrinsicAttributes & { ios_icon_name?: string | undefined; android_material_icon_name: "sort" | "map" | "filter" | "abc" | "web" | "tag" | "group" | "download" | ... 2225 more ... | "zoom-out-map"; size?: number | undefined; color: string | OpaqueColorValue; style?: StyleProp<...>; weight?: SymbolWeight | undefined...'.
components/passport/OwnerInfo.tsx(72,81): error TS2551: Property 'textSecondary' does not exist on type '{ primary: { 50: string; 100: string; 200: string; 300: string; 400: string; 500: string; 600: string; 700: string; 800: string; 900: string; }; secondary: { paw: string; pawLight: string; pawDark: string; leaf: string; ... 4 more ...; sunDark: string; }; ... 8 more ...; overlay: { ...; }; }'. Did you mean 'secondary'?
components/passport/OwnerInfo.tsx(73,70): error TS2551: Property 'textSecondary' does not exist on type '{ primary: { 50: string; 100: string; 200: string; 300: string; 400: string; 500: string; 600: string; 700: string; 800: string; 900: string; }; secondary: { paw: string; pawLight: string; pawDark: string; leaf: string; ... 4 more ...; sunDark: string; }; ... 8 more ...; overlay: { ...; }; }'. Did you mean 'secondary'?
components/passport/PassportHeader.tsx(7,10): error TS2305: Module '"expo-file-system"' has no exported member 'documentDirectory'.
components/passport/PassportHeader.tsx(7,49): error TS2305: Module '"expo-file-system"' has no exported member 'EncodingType'.
components/passport/PassportHeader.tsx(39,17): error TS2353: Object literal may only specify known properties, and 'responseType' does not exist in type 'FunctionInvokeOptions'.
components/passport/PetIdentification.tsx(76,41): error TS2339: Property 'photoContainer' does not exist on type '{ container: { position: "relative"; shadowColor: string; shadowOffset: { width: number; height: number; }; shadowOpacity: number; shadowRadius: number; elevation?: undefined; boxShadow?: undefined; backgroundColor: string; borderRadius: number; padding: number; marginBottom: number; } | { ...; } | { ...; } | { ...;...'.
components/passport/PetIdentification.tsx(81,44): error TS2339: Property 'photo' does not exist on type '{ container: { position: "relative"; shadowColor: string; shadowOffset: { width: number; height: number; }; shadowOpacity: number; shadowRadius: number; elevation?: undefined; boxShadow?: undefined; backgroundColor: string; borderRadius: number; padding: number; marginBottom: number; } | { ...; } | { ...; } | { ...;...'.
components/passport/PetIdentification.tsx(91,40): error TS2339: Property 'photoPlaceholder' does not exist on type '{ container: { position: "relative"; shadowColor: string; shadowOffset: { width: number; height: number; }; shadowOpacity: number; shadowRadius: number; elevation?: undefined; boxShadow?: undefined; backgroundColor: string; borderRadius: number; padding: number; marginBottom: number; } | { ...; } | { ...; } | { ...;...'.
components/passport/PetIdentification.tsx(103,53): error TS2339: Property 'photoInitial' does not exist on type '{ container: { position: "relative"; shadowColor: string; shadowOffset: { width: number; height: number; }; shadowOpacity: number; shadowRadius: number; elevation?: undefined; boxShadow?: undefined; backgroundColor: string; borderRadius: number; padding: number; marginBottom: number; } | { ...; } | { ...; } | { ...;...'.
components/passport/PetIdentification.tsx(127,38): error TS2551: Property 'infoContainer' does not exist on type '{ container: { position: "relative"; shadowColor: string; shadowOffset: { width: number; height: number; }; shadowOpacity: number; shadowRadius: number; elevation?: undefined; boxShadow?: undefined; backgroundColor: string; borderRadius: number; padding: number; marginBottom: number; } | { ...; } | { ...; } | { ...;...'. Did you mean 'container'?
components/passport/PetIdentification.tsx(129,42): error TS2339: Property 'headerRow' does not exist on type '{ container: { position: "relative"; shadowColor: string; shadowOffset: { width: number; height: number; }; shadowOpacity: number; shadowRadius: number; elevation?: undefined; boxShadow?: undefined; backgroundColor: string; borderRadius: number; padding: number; marginBottom: number; } | { ...; } | { ...; } | { ...;...'.
components/passport/widgets/BloodTypeWidget.tsx(21,20): error TS2367: This comparison appears to be unintentional because the types 'Readonly<{ colors: { primary: { 50: string; 100: string; 200: string; 300: string; 400: string; 500: string; 600: string; 700: string; 800: string; 900: string; }; secondary: { paw: string; pawLight: string; pawDark: string; ... 5 more ...; sunDark: string; }; ... 8 more ...; overlay: { ...; }; }; ... 8 more ...; co...' and 'string' have no overlap.
components/passport/widgets/BloodTypeWidget.tsx(29,19): error TS7053: Element implicitly has an 'any' type because expression of type '400' can't be used to index type '{ 50: string; 100: string; 500: string; 600: string; 700: string; }'.
  Property '400' does not exist on type '{ 50: string; 100: string; 500: string; 600: string; 700: string; }'.
components/passport/widgets/BloodTypeWidget.tsx(30,20): error TS7053: Element implicitly has an 'any' type because expression of type '900' can't be used to index type '{ 50: string; 100: string; 500: string; 600: string; 700: string; }'.
  Property '900' does not exist on type '{ 50: string; 100: string; 500: string; 600: string; 700: string; }'.
components/passport/widgets/BloodTypeWidget.tsx(31,24): error TS7053: Element implicitly has an 'any' type because expression of type '300' can't be used to index type '{ 50: string; 100: string; 500: string; 600: string; 700: string; }'.
  Property '300' does not exist on type '{ 50: string; 100: string; 500: string; 600: string; 700: string; }'.
components/passport/widgets/MicrochipWidget.tsx(23,20): error TS2367: This comparison appears to be unintentional because the types 'Readonly<{ colors: { primary: { 50: string; 100: string; 200: string; 300: string; 400: string; 500: string; 600: string; 700: string; 800: string; 900: string; }; secondary: { paw: string; pawLight: string; pawDark: string; ... 5 more ...; sunDark: string; }; ... 8 more ...; overlay: { ...; }; }; ... 8 more ...; co...' and 'string' have no overlap.
components/passport/widgets/RegistrationWidget.tsx(21,20): error TS2367: This comparison appears to be unintentional because the types 'Readonly<{ colors: { primary: { 50: string; 100: string; 200: string; 300: string; 400: string; 500: string; 600: string; 700: string; 800: string; 900: string; }; secondary: { paw: string; pawLight: string; pawDark: string; ... 5 more ...; sunDark: string; }; ... 8 more ...; overlay: { ...; }; }; ... 8 more ...; co...' and 'string' have no overlap.
components/passport/widgets/TattooWidget.tsx(21,20): error TS2367: This comparison appears to be unintentional because the types 'Readonly<{ colors: { primary: { 50: string; 100: string; 200: string; 300: string; 400: string; 500: string; 600: string; 700: string; 800: string; 900: string; }; secondary: { paw: string; pawLight: string; pawDark: string; ... 5 more ...; sunDark: string; }; ... 8 more ...; overlay: { ...; }; }; ... 8 more ...; co...' and 'string' have no overlap.
components/passport/widgets/WeightWidget.tsx(27,20): error TS2367: This comparison appears to be unintentional because the types 'Readonly<{ colors: { primary: { 50: string; 100: string; 200: string; 300: string; 400: string; 500: string; 600: string; 700: string; 800: string; 900: string; }; secondary: { paw: string; pawLight: string; pawDark: string; ... 5 more ...; sunDark: string; }; ... 8 more ...; overlay: { ...; }; }; ... 8 more ...; co...' and 'string' have no overlap.
components/passport/widgets/WeightWidget.tsx(36,22): error TS7053: Element implicitly has an 'any' type because expression of type '400' can't be used to index type '{ 50: string; 100: string; 500: string; 600: string; 700: string; }'.
  Property '400' does not exist on type '{ 50: string; 100: string; 500: string; 600: string; 700: string; }'.
components/passport/widgets/WeightWidget.tsx(37,22): error TS7053: Element implicitly has an 'any' type because expression of type '400' can't be used to index type '{ 50: string; 100: string; 500: string; 600: string; 700: string; }'.
  Property '400' does not exist on type '{ 50: string; 100: string; 500: string; 600: string; 700: string; }'.
components/pet/edit/EditKeyInfoModal.tsx(88,13): error TS2322: Type '{ children: () => Element; visible: boolean; onClose: () => void; title: string; submitLabel: string; onSubmit: () => Promise<void>; loading: boolean; }' is not assignable to type 'IntrinsicAttributes & FormModalProps<any>'.
  Property 'loading' does not exist on type 'IntrinsicAttributes & FormModalProps<any>'.
components/pet/edit/EditPetBasicInfo.tsx(93,15): error TS2769: No overload matches this call.
  Overload 1 of 2, '(props: ViewProps): View', gave the following error.
    Type 'ViewStyle | TextStyle | ImageStyle' is not assignable to type 'StyleProp<ViewStyle>'.
      Type 'TextStyle' is not assignable to type 'StyleProp<ViewStyle>'.
        Type 'TextStyle' is not assignable to type 'ViewStyle'.
          Types of property 'cursor' are incompatible.
            Type 'string | undefined' is not assignable to type 'CursorValue | undefined'.
              Type 'string' is not assignable to type 'CursorValue | undefined'.
  Overload 2 of 2, '(props: ViewProps, context: any): View', gave the following error.
    Type 'ViewStyle | TextStyle | ImageStyle' is not assignable to type 'StyleProp<ViewStyle>'.
      Type 'TextStyle' is not assignable to type 'StyleProp<ViewStyle>'.
        Type 'TextStyle' is not assignable to type 'ViewStyle'.
          Types of property 'cursor' are incompatible.
            Type 'string | undefined' is not assignable to type 'CursorValue | undefined'.
              Type 'string' is not assignable to type 'CursorValue | undefined'.
components/pet/edit/EditPetBasicInfo.tsx(95,19): error TS2769: No overload matches this call.
  Overload 1 of 2, '(props: ViewProps): View', gave the following error.
    Type 'ViewStyle | TextStyle | ImageStyle' is not assignable to type 'StyleProp<ViewStyle>'.
      Type 'TextStyle' is not assignable to type 'StyleProp<ViewStyle>'.
        Type 'TextStyle' is not assignable to type 'ViewStyle'.
          Types of property 'cursor' are incompatible.
            Type 'string | undefined' is not assignable to type 'CursorValue | undefined'.
              Type 'string' is not assignable to type 'CursorValue | undefined'.
  Overload 2 of 2, '(props: ViewProps, context: any): View', gave the following error.
    Type 'ViewStyle | TextStyle | ImageStyle' is not assignable to type 'StyleProp<ViewStyle>'.
      Type 'TextStyle' is not assignable to type 'StyleProp<ViewStyle>'.
        Type 'TextStyle' is not assignable to type 'ViewStyle'.
          Types of property 'cursor' are incompatible.
            Type 'string | undefined' is not assignable to type 'CursorValue | undefined'.
              Type 'string' is not assignable to type 'CursorValue | undefined'.
components/pet/edit/EditPetBasicInfo.tsx(96,61): error TS2322: Type 'ViewStyle | TextStyle | ImageStyle' is not assignable to type 'StyleProp<ViewStyle>'.
  Type 'TextStyle' is not assignable to type 'StyleProp<ViewStyle>'.
    Type 'TextStyle' is not assignable to type 'ViewStyle'.
      Types of property 'cursor' are incompatible.
        Type 'string | undefined' is not assignable to type 'CursorValue | undefined'.
          Type 'string' is not assignable to type 'CursorValue | undefined'.
components/pet/edit/EditPetBasicInfo.tsx(98,65): error TS2769: No overload matches this call.
  Overload 1 of 2, '(props: ImageProps): Image', gave the following error.
    Type 'ViewStyle | TextStyle | ImageStyle' is not assignable to type 'StyleProp<ImageStyle>'.
      Type 'ViewStyle' is not assignable to type 'StyleProp<ImageStyle>'.
        Type 'ViewStyle' is not assignable to type 'ImageStyle'.
          Types of property 'overflow' are incompatible.
            Type '"hidden" | "visible" | "scroll" | undefined' is not assignable to type '"hidden" | "visible" | undefined'.
              Type '"scroll"' is not assignable to type '"hidden" | "visible" | undefined'.
  Overload 2 of 2, '(props: ImageProps, context: any): Image', gave the following error.
    Type 'ViewStyle | TextStyle | ImageStyle' is not assignable to type 'StyleProp<ImageStyle>'.
      Type 'ViewStyle' is not assignable to type 'StyleProp<ImageStyle>'.
        Type 'ViewStyle' is not assignable to type 'ImageStyle'.
          Types of property 'overflow' are incompatible.
            Type '"hidden" | "visible" | "scroll" | undefined' is not assignable to type '"hidden" | "visible" | undefined'.
              Type '"scroll"' is not assignable to type '"hidden" | "visible" | undefined'.
components/pet/edit/EditPetBasicInfo.tsx(100,31): error TS2769: No overload matches this call.
  Overload 1 of 2, '(props: ViewProps): View', gave the following error.
    Type 'ViewStyle | TextStyle | ImageStyle' is not assignable to type 'StyleProp<ViewStyle>'.
      Type 'TextStyle' is not assignable to type 'StyleProp<ViewStyle>'.
        Type 'TextStyle' is not assignable to type 'ViewStyle'.
          Types of property 'cursor' are incompatible.
            Type 'string | undefined' is not assignable to type 'CursorValue | undefined'.
              Type 'string' is not assignable to type 'CursorValue | undefined'.
  Overload 2 of 2, '(props: ViewProps, context: any): View', gave the following error.
    Type 'ViewStyle | TextStyle | ImageStyle' is not assignable to type 'StyleProp<ViewStyle>'.
      Type 'TextStyle' is not assignable to type 'StyleProp<ViewStyle>'.
        Type 'TextStyle' is not assignable to type 'ViewStyle'.
          Types of property 'cursor' are incompatible.
            Type 'string | undefined' is not assignable to type 'CursorValue | undefined'.
              Type 'string' is not assignable to type 'CursorValue | undefined'.
components/pet/edit/EditPetBasicInfo.tsx(104,27): error TS2769: No overload matches this call.
  Overload 1 of 2, '(props: ViewProps): View', gave the following error.
    Type 'ViewStyle | TextStyle | ImageStyle' is not assignable to type 'StyleProp<ViewStyle>'.
      Type 'TextStyle' is not assignable to type 'StyleProp<ViewStyle>'.
        Type 'TextStyle' is not assignable to type 'ViewStyle'.
          Types of property 'cursor' are incompatible.
            Type 'string | undefined' is not assignable to type 'CursorValue | undefined'.
              Type 'string' is not assignable to type 'CursorValue | undefined'.
  Overload 2 of 2, '(props: ViewProps, context: any): View', gave the following error.
    Type 'ViewStyle | TextStyle | ImageStyle' is not assignable to type 'StyleProp<ViewStyle>'.
      Type 'TextStyle' is not assignable to type 'StyleProp<ViewStyle>'.
        Type 'TextStyle' is not assignable to type 'ViewStyle'.
          Types of property 'cursor' are incompatible.
            Type 'string | undefined' is not assignable to type 'CursorValue | undefined'.
              Type 'string' is not assignable to type 'CursorValue | undefined'.
components/pet/edit/EditPetBasicInfo.tsx(109,27): error TS2769: No overload matches this call.
  Overload 1 of 2, '(props: TextProps): Text', gave the following error.
    Type 'ViewStyle | TextStyle | ImageStyle' is not assignable to type 'StyleProp<TextStyle>'.
      Type 'ViewStyle' is not assignable to type 'StyleProp<TextStyle>'.
        Type 'ViewStyle' is not assignable to type 'TextStyle'.
          Types of property 'userSelect' are incompatible.
            Type 'string | undefined' is not assignable to type '"contain" | "none" | "auto" | "text" | "all" | undefined'.
              Type 'string' is not assignable to type '"contain" | "none" | "auto" | "text" | "all" | undefined'.
  Overload 2 of 2, '(props: TextProps, context: any): Text', gave the following error.
    Type 'ViewStyle | TextStyle | ImageStyle' is not assignable to type 'StyleProp<TextStyle>'.
      Type 'ViewStyle' is not assignable to type 'StyleProp<TextStyle>'.
        Type 'ViewStyle' is not assignable to type 'TextStyle'.
          Types of property 'userSelect' are incompatible.
            Type 'string | undefined' is not assignable to type '"contain" | "none" | "auto" | "text" | "all" | undefined'.
              Type 'string' is not assignable to type '"contain" | "none" | "auto" | "text" | "all" | undefined'.
components/pet/edit/EditPetBasicInfo.tsx(114,19): error TS2769: No overload matches this call.
  Overload 1 of 2, '(props: ViewProps): View', gave the following error.
    Type 'ViewStyle | TextStyle | ImageStyle' is not assignable to type 'StyleProp<ViewStyle>'.
      Type 'TextStyle' is not assignable to type 'StyleProp<ViewStyle>'.
        Type 'TextStyle' is not assignable to type 'ViewStyle'.
          Types of property 'cursor' are incompatible.
            Type 'string | undefined' is not assignable to type 'CursorValue | undefined'.
              Type 'string' is not assignable to type 'CursorValue | undefined'.
  Overload 2 of 2, '(props: ViewProps, context: any): View', gave the following error.
    Type 'ViewStyle | TextStyle | ImageStyle' is not assignable to type 'StyleProp<ViewStyle>'.
      Type 'TextStyle' is not assignable to type 'StyleProp<ViewStyle>'.
        Type 'TextStyle' is not assignable to type 'ViewStyle'.
          Types of property 'cursor' are incompatible.
            Type 'string | undefined' is not assignable to type 'CursorValue | undefined'.
              Type 'string' is not assignable to type 'CursorValue | undefined'.
components/pet/edit/EditPetBasicInfo.tsx(115,23): error TS2769: No overload matches this call.
  Overload 1 of 2, '(props: TextProps): Text', gave the following error.
    Type 'ViewStyle | TextStyle | ImageStyle' is not assignable to type 'StyleProp<TextStyle>'.
      Type 'ViewStyle' is not assignable to type 'StyleProp<TextStyle>'.
        Type 'ViewStyle' is not assignable to type 'TextStyle'.
          Types of property 'userSelect' are incompatible.
            Type 'string | undefined' is not assignable to type '"contain" | "none" | "auto" | "text" | "all" | undefined'.
              Type 'string' is not assignable to type '"contain" | "none" | "auto" | "text" | "all" | undefined'.
  Overload 2 of 2, '(props: TextProps, context: any): Text', gave the following error.
    Type 'ViewStyle | TextStyle | ImageStyle' is not assignable to type 'StyleProp<TextStyle>'.
      Type 'ViewStyle' is not assignable to type 'StyleProp<TextStyle>'.
        Type 'ViewStyle' is not assignable to type 'TextStyle'.
          Types of property 'userSelect' are incompatible.
            Type 'string | undefined' is not assignable to type '"contain" | "none" | "auto" | "text" | "all" | undefined'.
              Type 'string' is not assignable to type '"contain" | "none" | "auto" | "text" | "all" | undefined'.
components/pet/edit/EditPetBasicInfo.tsx(116,18): error TS2769: No overload matches this call.
  Overload 2 of 2, '(props: TextInputProps, context: any): TextInput', gave the following error.
    Type 'ViewStyle | TextStyle | ImageStyle' is not assignable to type 'TextStyle | Falsy | RegisteredStyle<TextStyle> | RecursiveArray<TextStyle | Falsy | RegisteredStyle<TextStyle>> | readonly (TextStyle | ... 1 more ... | RegisteredStyle<...>)[]'.
      Type 'ViewStyle' is not assignable to type 'TextStyle | Falsy | RegisteredStyle<TextStyle> | RecursiveArray<TextStyle | Falsy | RegisteredStyle<TextStyle>> | readonly (TextStyle | ... 1 more ... | RegisteredStyle<...>)[]'.
        Type 'ViewStyle' is not assignable to type 'TextStyle'.
          Types of property 'userSelect' are incompatible.
            Type 'string | undefined' is not assignable to type '"contain" | "none" | "auto" | "text" | "all" | undefined'.
              Type 'string' is not assignable to type '"contain" | "none" | "auto" | "text" | "all" | undefined'.
  Overload 2 of 2, '(props: TextInputProps, context: any): TextInput', gave the following error.
    Type '"" | ViewStyle | TextStyle | ImageStyle' is not assignable to type 'TextStyle | Falsy | RegisteredStyle<TextStyle> | RecursiveArray<TextStyle | Falsy | RegisteredStyle<TextStyle>> | readonly (TextStyle | ... 1 more ... | RegisteredStyle<...>)[]'.
      Type 'ViewStyle' is not assignable to type 'TextStyle | Falsy | RegisteredStyle<TextStyle> | RecursiveArray<TextStyle | Falsy | RegisteredStyle<TextStyle>> | readonly (TextStyle | ... 1 more ... | RegisteredStyle<...>)[]'.
        Type 'ViewStyle' is not assignable to type 'TextStyle'.
          Types of property 'userSelect' are incompatible.
            Type 'string | undefined' is not assignable to type '"contain" | "none" | "auto" | "text" | "all" | undefined'.
              Type 'string' is not assignable to type '"contain" | "none" | "auto" | "text" | "all" | undefined'.
components/pet/edit/EditPetBasicInfo.tsx(124,39): error TS2769: No overload matches this call.
  Overload 1 of 2, '(props: TextProps): Text', gave the following error.
    Type 'ViewStyle | TextStyle | ImageStyle' is not assignable to type 'StyleProp<TextStyle>'.
      Type 'ViewStyle' is not assignable to type 'StyleProp<TextStyle>'.
        Type 'ViewStyle' is not assignable to type 'TextStyle'.
          Types of property 'userSelect' are incompatible.
            Type 'string | undefined' is not assignable to type '"contain" | "none" | "auto" | "text" | "all" | undefined'.
              Type 'string' is not assignable to type '"contain" | "none" | "auto" | "text" | "all" | undefined'.
  Overload 2 of 2, '(props: TextProps, context: any): Text', gave the following error.
    Type 'ViewStyle | TextStyle | ImageStyle' is not assignable to type 'StyleProp<TextStyle>'.
      Type 'ViewStyle' is not assignable to type 'StyleProp<TextStyle>'.
        Type 'ViewStyle' is not assignable to type 'TextStyle'.
          Types of property 'userSelect' are incompatible.
            Type 'string | undefined' is not assignable to type '"contain" | "none" | "auto" | "text" | "all" | undefined'.
              Type 'string' is not assignable to type '"contain" | "none" | "auto" | "text" | "all" | undefined'.
components/pet/edit/EditPetBasicInfo.tsx(127,19): error TS2769: No overload matches this call.
  Overload 1 of 2, '(props: ViewProps): View', gave the following error.
    Type 'ViewStyle | TextStyle | ImageStyle' is not assignable to type 'StyleProp<ViewStyle>'.
      Type 'TextStyle' is not assignable to type 'StyleProp<ViewStyle>'.
        Type 'TextStyle' is not assignable to type 'ViewStyle'.
          Types of property 'cursor' are incompatible.
            Type 'string | undefined' is not assignable to type 'CursorValue | undefined'.
              Type 'string' is not assignable to type 'CursorValue | undefined'.
  Overload 2 of 2, '(props: ViewProps, context: any): View', gave the following error.
    Type 'ViewStyle | TextStyle | ImageStyle' is not assignable to type 'StyleProp<ViewStyle>'.
      Type 'TextStyle' is not assignable to type 'StyleProp<ViewStyle>'.
        Type 'TextStyle' is not assignable to type 'ViewStyle'.
          Types of property 'cursor' are incompatible.
            Type 'string | undefined' is not assignable to type 'CursorValue | undefined'.
              Type 'string' is not assignable to type 'CursorValue | undefined'.
components/pet/edit/EditPetBasicInfo.tsx(128,31): error TS2769: No overload matches this call.
  Overload 1 of 2, '(props: ViewProps): View', gave the following error.
    Type 'ViewStyle | TextStyle | ImageStyle' is not assignable to type 'ViewStyle | Falsy | RegisteredStyle<ViewStyle> | RecursiveArray<ViewStyle | Falsy | RegisteredStyle<ViewStyle>> | readonly (ViewStyle | ... 1 more ... | RegisteredStyle<...>)[]'.
      Type 'TextStyle' is not assignable to type 'ViewStyle | Falsy | RegisteredStyle<ViewStyle> | RecursiveArray<ViewStyle | Falsy | RegisteredStyle<ViewStyle>> | readonly (ViewStyle | ... 1 more ... | RegisteredStyle<...>)[]'.
        Type 'TextStyle' is not assignable to type 'ViewStyle'.
          Types of property 'cursor' are incompatible.
            Type 'string | undefined' is not assignable to type 'CursorValue | undefined'.
              Type 'string' is not assignable to type 'CursorValue | undefined'.
  Overload 2 of 2, '(props: ViewProps, context: any): View', gave the following error.
    Type 'ViewStyle | TextStyle | ImageStyle' is not assignable to type 'ViewStyle | Falsy | RegisteredStyle<ViewStyle> | RecursiveArray<ViewStyle | Falsy | RegisteredStyle<ViewStyle>> | readonly (ViewStyle | ... 1 more ... | RegisteredStyle<...>)[]'.
      Type 'TextStyle' is not assignable to type 'ViewStyle | Falsy | RegisteredStyle<ViewStyle> | RecursiveArray<ViewStyle | Falsy | RegisteredStyle<ViewStyle>> | readonly (ViewStyle | ... 1 more ... | RegisteredStyle<...>)[]'.
        Type 'TextStyle' is not assignable to type 'ViewStyle'.
          Types of property 'cursor' are incompatible.
            Type 'string | undefined' is not assignable to type 'CursorValue | undefined'.
              Type 'string' is not assignable to type 'CursorValue | undefined'.
components/pet/edit/EditPetBasicInfo.tsx(136,46): error TS2769: No overload matches this call.
  Overload 1 of 2, '(props: TextProps): Text', gave the following error.
    Type 'ViewStyle | TextStyle | ImageStyle' is not assignable to type 'StyleProp<TextStyle>'.
      Type 'ViewStyle' is not assignable to type 'StyleProp<TextStyle>'.
        Type 'ViewStyle' is not assignable to type 'TextStyle'.
          Types of property 'userSelect' are incompatible.
            Type 'string | undefined' is not assignable to type '"contain" | "none" | "auto" | "text" | "all" | undefined'.
              Type 'string' is not assignable to type '"contain" | "none" | "auto" | "text" | "all" | undefined'.
  Overload 2 of 2, '(props: TextProps, context: any): Text', gave the following error.
    Type 'ViewStyle | TextStyle | ImageStyle' is not assignable to type 'StyleProp<TextStyle>'.
      Type 'ViewStyle' is not assignable to type 'StyleProp<TextStyle>'.
        Type 'ViewStyle' is not assignable to type 'TextStyle'.
          Types of property 'userSelect' are incompatible.
            Type 'string | undefined' is not assignable to type '"contain" | "none" | "auto" | "text" | "all" | undefined'.
              Type 'string' is not assignable to type '"contain" | "none" | "auto" | "text" | "all" | undefined'.
components/pet/edit/EditPetBasicInfo.tsx(138,31): error TS2769: No overload matches this call.
  Overload 1 of 2, '(props: ViewProps): View', gave the following error.
    Type 'ViewStyle | TextStyle | ImageStyle' is not assignable to type 'ViewStyle | Falsy | RegisteredStyle<ViewStyle> | RecursiveArray<ViewStyle | Falsy | RegisteredStyle<ViewStyle>> | readonly (ViewStyle | ... 1 more ... | RegisteredStyle<...>)[]'.
      Type 'TextStyle' is not assignable to type 'ViewStyle | Falsy | RegisteredStyle<ViewStyle> | RecursiveArray<ViewStyle | Falsy | RegisteredStyle<ViewStyle>> | readonly (ViewStyle | ... 1 more ... | RegisteredStyle<...>)[]'.
        Type 'TextStyle' is not assignable to type 'ViewStyle'.
          Types of property 'cursor' are incompatible.
            Type 'string | undefined' is not assignable to type 'CursorValue | undefined'.
              Type 'string' is not assignable to type 'CursorValue | undefined'.
  Overload 2 of 2, '(props: ViewProps, context: any): View', gave the following error.
    Type 'ViewStyle | TextStyle | ImageStyle' is not assignable to type 'ViewStyle | Falsy | RegisteredStyle<ViewStyle> | RecursiveArray<ViewStyle | Falsy | RegisteredStyle<ViewStyle>> | readonly (ViewStyle | ... 1 more ... | RegisteredStyle<...>)[]'.
      Type 'TextStyle' is not assignable to type 'ViewStyle | Falsy | RegisteredStyle<ViewStyle> | RecursiveArray<ViewStyle | Falsy | RegisteredStyle<ViewStyle>> | readonly (ViewStyle | ... 1 more ... | RegisteredStyle<...>)[]'.
        Type 'TextStyle' is not assignable to type 'ViewStyle'.
          Types of property 'cursor' are incompatible.
            Type 'string | undefined' is not assignable to type 'CursorValue | undefined'.
              Type 'string' is not assignable to type 'CursorValue | undefined'.
components/pet/edit/EditPetBasicInfo.tsx(139,27): error TS2769: No overload matches this call.
  Overload 1 of 2, '(props: TextProps): Text', gave the following error.
    Type 'ViewStyle | TextStyle | ImageStyle' is not assignable to type 'StyleProp<TextStyle>'.
      Type 'ViewStyle' is not assignable to type 'StyleProp<TextStyle>'.
        Type 'ViewStyle' is not assignable to type 'TextStyle'.
          Types of property 'userSelect' are incompatible.
            Type 'string | undefined' is not assignable to type '"contain" | "none" | "auto" | "text" | "all" | undefined'.
              Type 'string' is not assignable to type '"contain" | "none" | "auto" | "text" | "all" | undefined'.
  Overload 2 of 2, '(props: TextProps, context: any): Text', gave the following error.
    Type 'ViewStyle | TextStyle | ImageStyle' is not assignable to type 'StyleProp<TextStyle>'.
      Type 'ViewStyle' is not assignable to type 'StyleProp<TextStyle>'.
        Type 'ViewStyle' is not assignable to type 'TextStyle'.
          Types of property 'userSelect' are incompatible.
            Type 'string | undefined' is not assignable to type '"contain" | "none" | "auto" | "text" | "all" | undefined'.
              Type 'string' is not assignable to type '"contain" | "none" | "auto" | "text" | "all" | undefined'.
components/pet/edit/EditPetBasicInfo.tsx(141,25): error TS2769: No overload matches this call.
  Overload 1 of 2, '(props: TextInputProps): TextInput', gave the following error.
    Type 'ViewStyle | TextStyle | ImageStyle' is not assignable to type 'StyleProp<TextStyle>'.
      Type 'ViewStyle' is not assignable to type 'StyleProp<TextStyle>'.
        Type 'ViewStyle' is not assignable to type 'TextStyle'.
          Types of property 'userSelect' are incompatible.
            Type 'string | undefined' is not assignable to type '"contain" | "none" | "auto" | "text" | "all" | undefined'.
              Type 'string' is not assignable to type '"contain" | "none" | "auto" | "text" | "all" | undefined'.
  Overload 2 of 2, '(props: TextInputProps, context: any): TextInput', gave the following error.
    Type 'ViewStyle | TextStyle | ImageStyle' is not assignable to type 'StyleProp<TextStyle>'.
      Type 'ViewStyle' is not assignable to type 'StyleProp<TextStyle>'.
        Type 'ViewStyle' is not assignable to type 'TextStyle'.
          Types of property 'userSelect' are incompatible.
            Type 'string | undefined' is not assignable to type '"contain" | "none" | "auto" | "text" | "all" | undefined'.
              Type 'string' is not assignable to type '"contain" | "none" | "auto" | "text" | "all" | undefined'.
components/pet/edit/EditPetBasicInfo.tsx(149,19): error TS2769: No overload matches this call.
  Overload 1 of 2, '(props: ViewProps): View', gave the following error.
    Type 'ViewStyle | TextStyle | ImageStyle' is not assignable to type 'StyleProp<ViewStyle>'.
      Type 'TextStyle' is not assignable to type 'StyleProp<ViewStyle>'.
        Type 'TextStyle' is not assignable to type 'ViewStyle'.
          Types of property 'cursor' are incompatible.
            Type 'string | undefined' is not assignable to type 'CursorValue | undefined'.
              Type 'string' is not assignable to type 'CursorValue | undefined'.
  Overload 2 of 2, '(props: ViewProps, context: any): View', gave the following error.
    Type 'ViewStyle | TextStyle | ImageStyle' is not assignable to type 'StyleProp<ViewStyle>'.
      Type 'TextStyle' is not assignable to type 'StyleProp<ViewStyle>'.
        Type 'TextStyle' is not assignable to type 'ViewStyle'.
          Types of property 'cursor' are incompatible.
            Type 'string | undefined' is not assignable to type 'CursorValue | undefined'.
              Type 'string' is not assignable to type 'CursorValue | undefined'.
components/pet/edit/EditPetBasicInfo.tsx(150,23): error TS2769: No overload matches this call.
  Overload 1 of 2, '(props: TextProps): Text', gave the following error.
    Type 'ViewStyle | TextStyle | ImageStyle' is not assignable to type 'StyleProp<TextStyle>'.
      Type 'ViewStyle' is not assignable to type 'StyleProp<TextStyle>'.
        Type 'ViewStyle' is not assignable to type 'TextStyle'.
          Types of property 'userSelect' are incompatible.
            Type 'string | undefined' is not assignable to type '"contain" | "none" | "auto" | "text" | "all" | undefined'.
              Type 'string' is not assignable to type '"contain" | "none" | "auto" | "text" | "all" | undefined'.
  Overload 2 of 2, '(props: TextProps, context: any): Text', gave the following error.
    Type 'ViewStyle | TextStyle | ImageStyle' is not assignable to type 'StyleProp<TextStyle>'.
      Type 'ViewStyle' is not assignable to type 'StyleProp<TextStyle>'.
        Type 'ViewStyle' is not assignable to type 'TextStyle'.
          Types of property 'userSelect' are incompatible.
            Type 'string | undefined' is not assignable to type '"contain" | "none" | "auto" | "text" | "all" | undefined'.
              Type 'string' is not assignable to type '"contain" | "none" | "auto" | "text" | "all" | undefined'.
components/pet/edit/EditPetBasicInfo.tsx(151,23): error TS2769: No overload matches this call.
  Overload 1 of 2, '(props: ViewProps): View', gave the following error.
    Type 'ViewStyle | TextStyle | ImageStyle' is not assignable to type 'StyleProp<ViewStyle>'.
      Type 'TextStyle' is not assignable to type 'StyleProp<ViewStyle>'.
        Type 'TextStyle' is not assignable to type 'ViewStyle'.
          Types of property 'cursor' are incompatible.
            Type 'string | undefined' is not assignable to type 'CursorValue | undefined'.
              Type 'string' is not assignable to type 'CursorValue | undefined'.
  Overload 2 of 2, '(props: ViewProps, context: any): View', gave the following error.
    Type 'ViewStyle | TextStyle | ImageStyle' is not assignable to type 'StyleProp<ViewStyle>'.
      Type 'TextStyle' is not assignable to type 'StyleProp<ViewStyle>'.
        Type 'TextStyle' is not assignable to type 'ViewStyle'.
          Types of property 'cursor' are incompatible.
            Type 'string | undefined' is not assignable to type 'CursorValue | undefined'.
              Type 'string' is not assignable to type 'CursorValue | undefined'.
components/pet/edit/EditPetBasicInfo.tsx(156,33): error TS2322: Type 'ViewStyle | TextStyle | ImageStyle' is not assignable to type 'ViewStyle | Falsy | RegisteredStyle<ViewStyle> | RecursiveArray<ViewStyle | Falsy | RegisteredStyle<ViewStyle>> | readonly (ViewStyle | ... 1 more ... | RegisteredStyle<...>)[]'.
  Type 'TextStyle' is not assignable to type 'ViewStyle | Falsy | RegisteredStyle<ViewStyle> | RecursiveArray<ViewStyle | Falsy | RegisteredStyle<ViewStyle>> | readonly (ViewStyle | ... 1 more ... | RegisteredStyle<...>)[]'.
    Type 'TextStyle' is not assignable to type 'ViewStyle'.
      Types of property 'cursor' are incompatible.
        Type 'string | undefined' is not assignable to type 'CursorValue | undefined'.
          Type 'string' is not assignable to type 'CursorValue | undefined'.
components/pet/edit/EditPetBasicInfo.tsx(157,33): error TS2322: Type 'false | ViewStyle | TextStyle | ImageStyle' is not assignable to type 'ViewStyle | Falsy | RegisteredStyle<ViewStyle> | RecursiveArray<ViewStyle | Falsy | RegisteredStyle<ViewStyle>> | readonly (ViewStyle | ... 1 more ... | RegisteredStyle<...>)[]'.
  Type 'TextStyle' is not assignable to type 'ViewStyle | Falsy | RegisteredStyle<ViewStyle> | RecursiveArray<ViewStyle | Falsy | RegisteredStyle<ViewStyle>> | readonly (ViewStyle | ... 1 more ... | RegisteredStyle<...>)[]'.
    Type 'TextStyle' is not assignable to type 'ViewStyle'.
      Types of property 'cursor' are incompatible.
        Type 'string | undefined' is not assignable to type 'CursorValue | undefined'.
          Type 'string' is not assignable to type 'CursorValue | undefined'.
components/pet/edit/EditPetBasicInfo.tsx(163,33): error TS2322: Type 'string' is not assignable to type '"sort" | "map" | "filter" | "abc" | "web" | "tag" | "group" | "download" | "style" | "accessible" | "scale" | "animation" | "opacity" | "visibility" | "height" | "margin" | "padding" | ... 2216 more ... | "zoom-out-map"'.
components/pet/edit/EditPetBasicInfo.tsx(167,30): error TS2769: No overload matches this call.
  Overload 2 of 2, '(props: TextProps, context: any): Text', gave the following error.
    Type 'ViewStyle | TextStyle | ImageStyle' is not assignable to type 'TextStyle | Falsy | RegisteredStyle<TextStyle> | RecursiveArray<TextStyle | Falsy | RegisteredStyle<TextStyle>> | readonly (TextStyle | ... 1 more ... | RegisteredStyle<...>)[]'.
      Type 'ViewStyle' is not assignable to type 'TextStyle | Falsy | RegisteredStyle<TextStyle> | RecursiveArray<TextStyle | Falsy | RegisteredStyle<TextStyle>> | readonly (TextStyle | ... 1 more ... | RegisteredStyle<...>)[]'.
        Type 'ViewStyle' is not assignable to type 'TextStyle'.
          Types of property 'userSelect' are incompatible.
            Type 'string | undefined' is not assignable to type '"contain" | "none" | "auto" | "text" | "all" | undefined'.
              Type 'string' is not assignable to type '"contain" | "none" | "auto" | "text" | "all" | undefined'.
  Overload 2 of 2, '(props: TextProps, context: any): Text', gave the following error.
    Type 'false | ViewStyle | TextStyle | ImageStyle' is not assignable to type 'TextStyle | Falsy | RegisteredStyle<TextStyle> | RecursiveArray<TextStyle | Falsy | RegisteredStyle<TextStyle>> | readonly (TextStyle | ... 1 more ... | RegisteredStyle<...>)[]'.
      Type 'ViewStyle' is not assignable to type 'TextStyle | Falsy | RegisteredStyle<TextStyle> | RecursiveArray<TextStyle | Falsy | RegisteredStyle<TextStyle>> | readonly (TextStyle | ... 1 more ... | RegisteredStyle<...>)[]'.
        Type 'ViewStyle' is not assignable to type 'TextStyle'.
          Types of property 'userSelect' are incompatible.
            Type 'string | undefined' is not assignable to type '"contain" | "none" | "auto" | "text" | "all" | undefined'.
              Type 'string' is not assignable to type '"contain" | "none" | "auto" | "text" | "all" | undefined'.
components/pet/edit/EditPetBasicInfo.tsx(187,19): error TS2769: No overload matches this call.
  Overload 1 of 2, '(props: ViewProps): View', gave the following error.
    Type 'ViewStyle | TextStyle | ImageStyle' is not assignable to type 'StyleProp<ViewStyle>'.
      Type 'TextStyle' is not assignable to type 'StyleProp<ViewStyle>'.
        Type 'TextStyle' is not assignable to type 'ViewStyle'.
          Types of property 'cursor' are incompatible.
            Type 'string | undefined' is not assignable to type 'CursorValue | undefined'.
              Type 'string' is not assignable to type 'CursorValue | undefined'.
  Overload 2 of 2, '(props: ViewProps, context: any): View', gave the following error.
    Type 'ViewStyle | TextStyle | ImageStyle' is not assignable to type 'StyleProp<ViewStyle>'.
      Type 'TextStyle' is not assignable to type 'StyleProp<ViewStyle>'.
        Type 'TextStyle' is not assignable to type 'ViewStyle'.
          Types of property 'cursor' are incompatible.
            Type 'string | undefined' is not assignable to type 'CursorValue | undefined'.
              Type 'string' is not assignable to type 'CursorValue | undefined'.
components/pet/edit/EditPetBasicInfo.tsx(188,31): error TS2769: No overload matches this call.
  Overload 1 of 2, '(props: TextProps): Text', gave the following error.
    Type 'ViewStyle | TextStyle | ImageStyle' is not assignable to type 'TextStyle | Falsy | RegisteredStyle<TextStyle> | RecursiveArray<TextStyle | Falsy | RegisteredStyle<TextStyle>> | readonly (TextStyle | ... 1 more ... | RegisteredStyle<...>)[]'.
      Type 'ViewStyle' is not assignable to type 'TextStyle | Falsy | RegisteredStyle<TextStyle> | RecursiveArray<TextStyle | Falsy | RegisteredStyle<TextStyle>> | readonly (TextStyle | ... 1 more ... | RegisteredStyle<...>)[]'.
        Type 'ViewStyle' is not assignable to type 'TextStyle'.
          Types of property 'userSelect' are incompatible.
            Type 'string | undefined' is not assignable to type '"contain" | "none" | "auto" | "text" | "all" | undefined'.
              Type 'string' is not assignable to type '"contain" | "none" | "auto" | "text" | "all" | undefined'.
  Overload 2 of 2, '(props: TextProps, context: any): Text', gave the following error.
    Type 'ViewStyle | TextStyle | ImageStyle' is not assignable to type 'TextStyle | Falsy | RegisteredStyle<TextStyle> | RecursiveArray<TextStyle | Falsy | RegisteredStyle<TextStyle>> | readonly (TextStyle | ... 1 more ... | RegisteredStyle<...>)[]'.
      Type 'ViewStyle' is not assignable to type 'TextStyle | Falsy | RegisteredStyle<TextStyle> | RecursiveArray<TextStyle | Falsy | RegisteredStyle<TextStyle>> | readonly (TextStyle | ... 1 more ... | RegisteredStyle<...>)[]'.
        Type 'ViewStyle' is not assignable to type 'TextStyle'.
          Types of property 'userSelect' are incompatible.
            Type 'string | undefined' is not assignable to type '"contain" | "none" | "auto" | "text" | "all" | undefined'.
              Type 'string' is not assignable to type '"contain" | "none" | "auto" | "text" | "all" | undefined'.
components/pet/edit/EditPetBasicInfo.tsx(191,19): error TS2769: No overload matches this call.
  Overload 1 of 2, '(props: ViewProps): View', gave the following error.
    Type 'ViewStyle | TextStyle | ImageStyle' is not assignable to type 'StyleProp<ViewStyle>'.
      Type 'TextStyle' is not assignable to type 'StyleProp<ViewStyle>'.
        Type 'TextStyle' is not assignable to type 'ViewStyle'.
          Types of property 'cursor' are incompatible.
            Type 'string | undefined' is not assignable to type 'CursorValue | undefined'.
              Type 'string' is not assignable to type 'CursorValue | undefined'.
  Overload 2 of 2, '(props: ViewProps, context: any): View', gave the following error.
    Type 'ViewStyle | TextStyle | ImageStyle' is not assignable to type 'StyleProp<ViewStyle>'.
      Type 'TextStyle' is not assignable to type 'StyleProp<ViewStyle>'.
        Type 'TextStyle' is not assignable to type 'ViewStyle'.
          Types of property 'cursor' are incompatible.
            Type 'string | undefined' is not assignable to type 'CursorValue | undefined'.
              Type 'string' is not assignable to type 'CursorValue | undefined'.
components/pet/edit/EditPetBasicInfo.tsx(192,31): error TS2769: No overload matches this call.
  Overload 1 of 2, '(props: ViewProps): View', gave the following error.
    Type 'ViewStyle | TextStyle | ImageStyle' is not assignable to type 'ViewStyle | Falsy | RegisteredStyle<ViewStyle> | RecursiveArray<ViewStyle | Falsy | RegisteredStyle<ViewStyle>> | readonly (ViewStyle | ... 1 more ... | RegisteredStyle<...>)[]'.
      Type 'TextStyle' is not assignable to type 'ViewStyle | Falsy | RegisteredStyle<ViewStyle> | RecursiveArray<ViewStyle | Falsy | RegisteredStyle<ViewStyle>> | readonly (ViewStyle | ... 1 more ... | RegisteredStyle<...>)[]'.
        Type 'TextStyle' is not assignable to type 'ViewStyle'.
          Types of property 'cursor' are incompatible.
            Type 'string | undefined' is not assignable to type 'CursorValue | undefined'.
              Type 'string' is not assignable to type 'CursorValue | undefined'.
  Overload 2 of 2, '(props: ViewProps, context: any): View', gave the following error.
    Type 'ViewStyle | TextStyle | ImageStyle' is not assignable to type 'ViewStyle | Falsy | RegisteredStyle<ViewStyle> | RecursiveArray<ViewStyle | Falsy | RegisteredStyle<ViewStyle>> | readonly (ViewStyle | ... 1 more ... | RegisteredStyle<...>)[]'.
      Type 'TextStyle' is not assignable to type 'ViewStyle | Falsy | RegisteredStyle<ViewStyle> | RecursiveArray<ViewStyle | Falsy | RegisteredStyle<ViewStyle>> | readonly (ViewStyle | ... 1 more ... | RegisteredStyle<...>)[]'.
        Type 'TextStyle' is not assignable to type 'ViewStyle'.
          Types of property 'cursor' are incompatible.
            Type 'string | undefined' is not assignable to type 'CursorValue | undefined'.
              Type 'string' is not assignable to type 'CursorValue | undefined'.
components/pet/edit/EditPetBasicInfo.tsx(193,27): error TS2769: No overload matches this call.
  Overload 1 of 2, '(props: TextProps): Text', gave the following error.
    Type 'ViewStyle | TextStyle | ImageStyle' is not assignable to type 'StyleProp<TextStyle>'.
      Type 'ViewStyle' is not assignable to type 'StyleProp<TextStyle>'.
        Type 'ViewStyle' is not assignable to type 'TextStyle'.
          Types of property 'userSelect' are incompatible.
            Type 'string | undefined' is not assignable to type '"contain" | "none" | "auto" | "text" | "all" | undefined'.
              Type 'string' is not assignable to type '"contain" | "none" | "auto" | "text" | "all" | undefined'.
  Overload 2 of 2, '(props: TextProps, context: any): Text', gave the following error.
    Type 'ViewStyle | TextStyle | ImageStyle' is not assignable to type 'StyleProp<TextStyle>'.
      Type 'ViewStyle' is not assignable to type 'StyleProp<TextStyle>'.
        Type 'ViewStyle' is not assignable to type 'TextStyle'.
          Types of property 'userSelect' are incompatible.
            Type 'string | undefined' is not assignable to type '"contain" | "none" | "auto" | "text" | "all" | undefined'.
              Type 'string' is not assignable to type '"contain" | "none" | "auto" | "text" | "all" | undefined'.
components/pet/edit/EditPetBasicInfo.tsx(195,25): error TS2769: No overload matches this call.
  Overload 1 of 2, '(props: TextInputProps): TextInput', gave the following error.
    Type 'ViewStyle | TextStyle | ImageStyle' is not assignable to type 'StyleProp<TextStyle>'.
      Type 'ViewStyle' is not assignable to type 'StyleProp<TextStyle>'.
        Type 'ViewStyle' is not assignable to type 'TextStyle'.
          Types of property 'userSelect' are incompatible.
            Type 'string | undefined' is not assignable to type '"contain" | "none" | "auto" | "text" | "all" | undefined'.
              Type 'string' is not assignable to type '"contain" | "none" | "auto" | "text" | "all" | undefined'.
  Overload 2 of 2, '(props: TextInputProps, context: any): TextInput', gave the following error.
    Type 'ViewStyle | TextStyle | ImageStyle' is not assignable to type 'StyleProp<TextStyle>'.
      Type 'ViewStyle' is not assignable to type 'StyleProp<TextStyle>'.
        Type 'ViewStyle' is not assignable to type 'TextStyle'.
          Types of property 'userSelect' are incompatible.
            Type 'string | undefined' is not assignable to type '"contain" | "none" | "auto" | "text" | "all" | undefined'.
              Type 'string' is not assignable to type '"contain" | "none" | "auto" | "text" | "all" | undefined'.
components/pet/edit/EditPetBasicInfo.tsx(201,31): error TS2769: No overload matches this call.
  Overload 1 of 2, '(props: ViewProps): View', gave the following error.
    Type 'ViewStyle | TextStyle | ImageStyle' is not assignable to type 'ViewStyle | Falsy | RegisteredStyle<ViewStyle> | RecursiveArray<ViewStyle | Falsy | RegisteredStyle<ViewStyle>> | readonly (ViewStyle | ... 1 more ... | RegisteredStyle<...>)[]'.
      Type 'TextStyle' is not assignable to type 'ViewStyle | Falsy | RegisteredStyle<ViewStyle> | RecursiveArray<ViewStyle | Falsy | RegisteredStyle<ViewStyle>> | readonly (ViewStyle | ... 1 more ... | RegisteredStyle<...>)[]'.
        Type 'TextStyle' is not assignable to type 'ViewStyle'.
          Types of property 'cursor' are incompatible.
            Type 'string | undefined' is not assignable to type 'CursorValue | undefined'.
              Type 'string' is not assignable to type 'CursorValue | undefined'.
  Overload 2 of 2, '(props: ViewProps, context: any): View', gave the following error.
    Type 'ViewStyle | TextStyle | ImageStyle' is not assignable to type 'ViewStyle | Falsy | RegisteredStyle<ViewStyle> | RecursiveArray<ViewStyle | Falsy | RegisteredStyle<ViewStyle>> | readonly (ViewStyle | ... 1 more ... | RegisteredStyle<...>)[]'.
      Type 'TextStyle' is not assignable to type 'ViewStyle | Falsy | RegisteredStyle<ViewStyle> | RecursiveArray<ViewStyle | Falsy | RegisteredStyle<ViewStyle>> | readonly (ViewStyle | ... 1 more ... | RegisteredStyle<...>)[]'.
        Type 'TextStyle' is not assignable to type 'ViewStyle'.
          Types of property 'cursor' are incompatible.
            Type 'string | undefined' is not assignable to type 'CursorValue | undefined'.
              Type 'string' is not assignable to type 'CursorValue | undefined'.
components/pet/edit/EditPetBasicInfo.tsx(212,19): error TS2769: No overload matches this call.
  Overload 1 of 2, '(props: ViewProps): View', gave the following error.
    Type 'ViewStyle | TextStyle | ImageStyle' is not assignable to type 'StyleProp<ViewStyle>'.
      Type 'TextStyle' is not assignable to type 'StyleProp<ViewStyle>'.
        Type 'TextStyle' is not assignable to type 'ViewStyle'.
          Types of property 'cursor' are incompatible.
            Type 'string | undefined' is not assignable to type 'CursorValue | undefined'.
              Type 'string' is not assignable to type 'CursorValue | undefined'.
  Overload 2 of 2, '(props: ViewProps, context: any): View', gave the following error.
    Type 'ViewStyle | TextStyle | ImageStyle' is not assignable to type 'StyleProp<ViewStyle>'.
      Type 'TextStyle' is not assignable to type 'StyleProp<ViewStyle>'.
        Type 'TextStyle' is not assignable to type 'ViewStyle'.
          Types of property 'cursor' are incompatible.
            Type 'string | undefined' is not assignable to type 'CursorValue | undefined'.
              Type 'string' is not assignable to type 'CursorValue | undefined'.
components/pet/edit/EditPetBasicInfo.tsx(213,31): error TS2769: No overload matches this call.
  Overload 1 of 2, '(props: ViewProps): View', gave the following error.
    Type 'ViewStyle | TextStyle | ImageStyle' is not assignable to type 'ViewStyle | Falsy | RegisteredStyle<ViewStyle> | RecursiveArray<ViewStyle | Falsy | RegisteredStyle<ViewStyle>> | readonly (ViewStyle | ... 1 more ... | RegisteredStyle<...>)[]'.
      Type 'TextStyle' is not assignable to type 'ViewStyle | Falsy | RegisteredStyle<ViewStyle> | RecursiveArray<ViewStyle | Falsy | RegisteredStyle<ViewStyle>> | readonly (ViewStyle | ... 1 more ... | RegisteredStyle<...>)[]'.
        Type 'TextStyle' is not assignable to type 'ViewStyle'.
          Types of property 'cursor' are incompatible.
            Type 'string | undefined' is not assignable to type 'CursorValue | undefined'.
              Type 'string' is not assignable to type 'CursorValue | undefined'.
  Overload 2 of 2, '(props: ViewProps, context: any): View', gave the following error.
    Type 'ViewStyle | TextStyle | ImageStyle' is not assignable to type 'ViewStyle | Falsy | RegisteredStyle<ViewStyle> | RecursiveArray<ViewStyle | Falsy | RegisteredStyle<ViewStyle>> | readonly (ViewStyle | ... 1 more ... | RegisteredStyle<...>)[]'.
      Type 'TextStyle' is not assignable to type 'ViewStyle | Falsy | RegisteredStyle<ViewStyle> | RecursiveArray<ViewStyle | Falsy | RegisteredStyle<ViewStyle>> | readonly (ViewStyle | ... 1 more ... | RegisteredStyle<...>)[]'.
        Type 'TextStyle' is not assignable to type 'ViewStyle'.
          Types of property 'cursor' are incompatible.
            Type 'string | undefined' is not assignable to type 'CursorValue | undefined'.
              Type 'string' is not assignable to type 'CursorValue | undefined'.
components/pet/edit/EditPetBasicInfo.tsx(222,31): error TS2769: No overload matches this call.
  Overload 1 of 2, '(props: ViewProps): View', gave the following error.
    Type 'ViewStyle | TextStyle | ImageStyle' is not assignable to type 'ViewStyle | Falsy | RegisteredStyle<ViewStyle> | RecursiveArray<ViewStyle | Falsy | RegisteredStyle<ViewStyle>> | readonly (ViewStyle | ... 1 more ... | RegisteredStyle<...>)[]'.
      Type 'TextStyle' is not assignable to type 'ViewStyle | Falsy | RegisteredStyle<ViewStyle> | RecursiveArray<ViewStyle | Falsy | RegisteredStyle<ViewStyle>> | readonly (ViewStyle | ... 1 more ... | RegisteredStyle<...>)[]'.
        Type 'TextStyle' is not assignable to type 'ViewStyle'.
          Types of property 'cursor' are incompatible.
            Type 'string | undefined' is not assignable to type 'CursorValue | undefined'.
              Type 'string' is not assignable to type 'CursorValue | undefined'.
  Overload 2 of 2, '(props: ViewProps, context: any): View', gave the following error.
    Type 'ViewStyle | TextStyle | ImageStyle' is not assignable to type 'ViewStyle | Falsy | RegisteredStyle<ViewStyle> | RecursiveArray<ViewStyle | Falsy | RegisteredStyle<ViewStyle>> | readonly (ViewStyle | ... 1 more ... | RegisteredStyle<...>)[]'.
      Type 'TextStyle' is not assignable to type 'ViewStyle | Falsy | RegisteredStyle<ViewStyle> | RecursiveArray<ViewStyle | Falsy | RegisteredStyle<ViewStyle>> | readonly (ViewStyle | ... 1 more ... | RegisteredStyle<...>)[]'.
        Type 'TextStyle' is not assignable to type 'ViewStyle'.
          Types of property 'cursor' are incompatible.
            Type 'string | undefined' is not assignable to type 'CursorValue | undefined'.
              Type 'string' is not assignable to type 'CursorValue | undefined'.
components/pet/edit/EditPetBasicInfo.tsx(233,19): error TS2769: No overload matches this call.
  Overload 1 of 2, '(props: ViewProps): View', gave the following error.
    Type 'ViewStyle | TextStyle | ImageStyle' is not assignable to type 'StyleProp<ViewStyle>'.
      Type 'TextStyle' is not assignable to type 'StyleProp<ViewStyle>'.
        Type 'TextStyle' is not assignable to type 'ViewStyle'.
          Types of property 'cursor' are incompatible.
            Type 'string | undefined' is not assignable to type 'CursorValue | undefined'.
              Type 'string' is not assignable to type 'CursorValue | undefined'.
  Overload 2 of 2, '(props: ViewProps, context: any): View', gave the following error.
    Type 'ViewStyle | TextStyle | ImageStyle' is not assignable to type 'StyleProp<ViewStyle>'.
      Type 'TextStyle' is not assignable to type 'StyleProp<ViewStyle>'.
        Type 'TextStyle' is not assignable to type 'ViewStyle'.
          Types of property 'cursor' are incompatible.
            Type 'string | undefined' is not assignable to type 'CursorValue | undefined'.
              Type 'string' is not assignable to type 'CursorValue | undefined'.
components/pet/edit/EditPetBasicInfo.tsx(234,23): error TS2769: No overload matches this call.
  Overload 1 of 2, '(props: TextProps): Text', gave the following error.
    Type 'ViewStyle | TextStyle | ImageStyle' is not assignable to type 'StyleProp<TextStyle>'.
      Type 'ViewStyle' is not assignable to type 'StyleProp<TextStyle>'.
        Type 'ViewStyle' is not assignable to type 'TextStyle'.
          Types of property 'userSelect' are incompatible.
            Type 'string | undefined' is not assignable to type '"contain" | "none" | "auto" | "text" | "all" | undefined'.
              Type 'string' is not assignable to type '"contain" | "none" | "auto" | "text" | "all" | undefined'.
  Overload 2 of 2, '(props: TextProps, context: any): Text', gave the following error.
    Type 'ViewStyle | TextStyle | ImageStyle' is not assignable to type 'StyleProp<TextStyle>'.
      Type 'ViewStyle' is not assignable to type 'StyleProp<TextStyle>'.
        Type 'ViewStyle' is not assignable to type 'TextStyle'.
          Types of property 'userSelect' are incompatible.
            Type 'string | undefined' is not assignable to type '"contain" | "none" | "auto" | "text" | "all" | undefined'.
              Type 'string' is not assignable to type '"contain" | "none" | "auto" | "text" | "all" | undefined'.
components/pet/edit/EditPetBasicInfo.tsx(236,21): error TS2769: No overload matches this call.
  Overload 1 of 2, '(props: TextInputProps): TextInput', gave the following error.
    Type 'ViewStyle | TextStyle | ImageStyle' is not assignable to type 'StyleProp<TextStyle>'.
      Type 'ViewStyle' is not assignable to type 'StyleProp<TextStyle>'.
        Type 'ViewStyle' is not assignable to type 'TextStyle'.
          Types of property 'userSelect' are incompatible.
            Type 'string | undefined' is not assignable to type '"contain" | "none" | "auto" | "text" | "all" | undefined'.
              Type 'string' is not assignable to type '"contain" | "none" | "auto" | "text" | "all" | undefined'.
  Overload 2 of 2, '(props: TextInputProps, context: any): TextInput', gave the following error.
    Type 'ViewStyle | TextStyle | ImageStyle' is not assignable to type 'StyleProp<TextStyle>'.
      Type 'ViewStyle' is not assignable to type 'StyleProp<TextStyle>'.
        Type 'ViewStyle' is not assignable to type 'TextStyle'.
          Types of property 'userSelect' are incompatible.
            Type 'string | undefined' is not assignable to type '"contain" | "none" | "auto" | "text" | "all" | undefined'.
              Type 'string' is not assignable to type '"contain" | "none" | "auto" | "text" | "all" | undefined'.
components/pet/edit/EditPetBasicInfo.tsx(243,19): error TS2769: No overload matches this call.
  Overload 1 of 2, '(props: ViewProps): View', gave the following error.
    Type 'ViewStyle | TextStyle | ImageStyle' is not assignable to type 'StyleProp<ViewStyle>'.
      Type 'TextStyle' is not assignable to type 'StyleProp<ViewStyle>'.
        Type 'TextStyle' is not assignable to type 'ViewStyle'.
          Types of property 'cursor' are incompatible.
            Type 'string | undefined' is not assignable to type 'CursorValue | undefined'.
              Type 'string' is not assignable to type 'CursorValue | undefined'.
  Overload 2 of 2, '(props: ViewProps, context: any): View', gave the following error.
    Type 'ViewStyle | TextStyle | ImageStyle' is not assignable to type 'StyleProp<ViewStyle>'.
      Type 'TextStyle' is not assignable to type 'StyleProp<ViewStyle>'.
        Type 'TextStyle' is not assignable to type 'ViewStyle'.
          Types of property 'cursor' are incompatible.
            Type 'string | undefined' is not assignable to type 'CursorValue | undefined'.
              Type 'string' is not assignable to type 'CursorValue | undefined'.
components/pet/edit/EditPetBasicInfo.tsx(244,23): error TS2769: No overload matches this call.
  Overload 1 of 2, '(props: TextProps): Text', gave the following error.
    Type 'ViewStyle | TextStyle | ImageStyle' is not assignable to type 'StyleProp<TextStyle>'.
      Type 'ViewStyle' is not assignable to type 'StyleProp<TextStyle>'.
        Type 'ViewStyle' is not assignable to type 'TextStyle'.
          Types of property 'userSelect' are incompatible.
            Type 'string | undefined' is not assignable to type '"contain" | "none" | "auto" | "text" | "all" | undefined'.
              Type 'string' is not assignable to type '"contain" | "none" | "auto" | "text" | "all" | undefined'.
  Overload 2 of 2, '(props: TextProps, context: any): Text', gave the following error.
    Type 'ViewStyle | TextStyle | ImageStyle' is not assignable to type 'StyleProp<TextStyle>'.
      Type 'ViewStyle' is not assignable to type 'StyleProp<TextStyle>'.
        Type 'ViewStyle' is not assignable to type 'TextStyle'.
          Types of property 'userSelect' are incompatible.
            Type 'string | undefined' is not assignable to type '"contain" | "none" | "auto" | "text" | "all" | undefined'.
              Type 'string' is not assignable to type '"contain" | "none" | "auto" | "text" | "all" | undefined'.
components/pet/edit/EditPetBasicInfo.tsx(246,21): error TS2769: No overload matches this call.
  Overload 1 of 2, '(props: TextInputProps): TextInput', gave the following error.
    Type 'ViewStyle | TextStyle | ImageStyle' is not assignable to type 'StyleProp<TextStyle>'.
      Type 'ViewStyle' is not assignable to type 'StyleProp<TextStyle>'.
        Type 'ViewStyle' is not assignable to type 'TextStyle'.
          Types of property 'userSelect' are incompatible.
            Type 'string | undefined' is not assignable to type '"contain" | "none" | "auto" | "text" | "all" | undefined'.
              Type 'string' is not assignable to type '"contain" | "none" | "auto" | "text" | "all" | undefined'.
  Overload 2 of 2, '(props: TextInputProps, context: any): TextInput', gave the following error.
    Type 'ViewStyle | TextStyle | ImageStyle' is not assignable to type 'StyleProp<TextStyle>'.
      Type 'ViewStyle' is not assignable to type 'StyleProp<TextStyle>'.
        Type 'ViewStyle' is not assignable to type 'TextStyle'.
          Types of property 'userSelect' are incompatible.
            Type 'string | undefined' is not assignable to type '"contain" | "none" | "auto" | "text" | "all" | undefined'.
              Type 'string' is not assignable to type '"contain" | "none" | "auto" | "text" | "all" | undefined'.
components/pet/edit/EditPetBasicInfo.tsx(311,5): error TS2322: Type '{ color: string; fontSize: number; fontWeight: string; lineHeight: number; letterSpacing: number; }' is not assignable to type 'ViewStyle | TextStyle | ImageStyle'.
  Type '{ color: string; fontSize: number; fontWeight: string; lineHeight: number; letterSpacing: number; }' is not assignable to type 'TextStyle'.
    Types of property 'fontWeight' are incompatible.
      Type 'string' is not assignable to type '100 | 300 | "light" | "400" | "500" | "600" | "700" | 200 | 400 | 500 | 800 | "normal" | "100" | "200" | "300" | "800" | "900" | "bold" | "medium" | "black" | 600 | 700 | 900 | "ultralight" | ... 6 more ... | undefined'.
components/pet/edit/EditPetContacts.tsx(35,33): error TS2345: Argument of type '{ address: string | null; city: string | null; clinic_name: string; country: string | null; created_at: string | null; email: string | null; id: string; is_primary: boolean | null; ... 9 more ...; zip_code: string | null; }' is not assignable to parameter of type 'SetStateAction<Partial<Veterinarian>>'.
  Type '{ address: string | null; city: string | null; clinic_name: string; country: string | null; created_at: string | null; email: string | null; id: string; is_primary: boolean | null; ... 9 more ...; zip_code: string | null; }' is not assignable to type 'Partial<Veterinarian>'.
    Types of property 'city' are incompatible.
      Type 'string | null' is not assignable to type 'string | undefined'.
        Type 'null' is not assignable to type 'string | undefined'.
components/pet/edit/EditPetContacts.tsx(39,23): error TS2769: No overload matches this call.
  Overload 1 of 2, '(relation: "content" | "settings" | "notifications" | "pets" | "profiles" | "documents" | "users" | "roles" | "activity_logs" | "allergies" | "audit_logs" | "behavior_tags" | "breeds" | ... 25 more ... | "weight_entries"): PostgrestQueryBuilder<...>', gave the following error.
    Argument of type '"emergency_contacts"' is not assignable to parameter of type '"content" | "settings" | "notifications" | "pets" | "profiles" | "documents" | "users" | "roles" | "activity_logs" | "allergies" | "audit_logs" | "behavior_tags" | "breeds" | ... 25 more ... | "weight_entries"'.
  Overload 2 of 2, '(relation: never): PostgrestQueryBuilder<{ PostgrestVersion: "13.0.5"; }, { Tables: { activity_logs: { Row: { activity_data: Json; activity_type: string; created_at: string | null; id: string; pet_id: string | null; profile_id: string; }; Insert: { ...; }; Update: { ...; }; Relationships: [...]; }; ... 37 more ...; weight_entries: { ...; }; }; Views: {}; Functions: { ...; }; Enums: {}; CompositeTypes: {}; }, never, never, never>', gave the following error.
    Argument of type '"emergency_contacts"' is not assignable to parameter of type 'never'.
components/pet/edit/EditPetContacts.tsx(45,30): error TS2345: Argument of type '{ address: string | null; bio: string | null; country_code: string | null; created_at: string | null; date_of_birth: string | null; first_name: string | null; gender: string | null; ... 11 more ...; website: string | null; } | ... 37 more ... | { ...; }' is not assignable to parameter of type 'SetStateAction<Partial<EmergencyContact>>'.
  Type '{ address: string | null; bio: string | null; country_code: string | null; created_at: string | null; date_of_birth: string | null; first_name: string | null; gender: string | null; ... 11 more ...; website: string | null; }' is not assignable to type 'SetStateAction<Partial<EmergencyContact>>'.
    Type '{ address: string | null; bio: string | null; country_code: string | null; created_at: string | null; date_of_birth: string | null; first_name: string | null; gender: string | null; ... 11 more ...; website: string | null; }' is not assignable to type 'Partial<EmergencyContact>'.
      Types of property 'created_at' are incompatible.
        Type 'string | null' is not assignable to type 'string | undefined'.
          Type 'null' is not assignable to type 'string | undefined'.
components/pet/edit/EditPetContacts.tsx(79,31): error TS2769: No overload matches this call.
  Overload 1 of 2, '(props: ViewProps): View', gave the following error.
    Type 'ViewStyle | TextStyle | ImageStyle' is not assignable to type 'StyleProp<ViewStyle>'.
      Type 'TextStyle' is not assignable to type 'StyleProp<ViewStyle>'.
        Type 'TextStyle' is not assignable to type 'ViewStyle'.
          Types of property 'cursor' are incompatible.
            Type 'string | undefined' is not assignable to type 'CursorValue | undefined'.
              Type 'string' is not assignable to type 'CursorValue | undefined'.
  Overload 2 of 2, '(props: ViewProps, context: any): View', gave the following error.
    Type 'ViewStyle | TextStyle | ImageStyle' is not assignable to type 'StyleProp<ViewStyle>'.
      Type 'TextStyle' is not assignable to type 'StyleProp<ViewStyle>'.
        Type 'TextStyle' is not assignable to type 'ViewStyle'.
          Types of property 'cursor' are incompatible.
            Type 'string | undefined' is not assignable to type 'CursorValue | undefined'.
              Type 'string' is not assignable to type 'CursorValue | undefined'.
components/pet/edit/EditPetContacts.tsx(82,15): error TS2769: No overload matches this call.
  Overload 1 of 2, '(props: ViewProps): View', gave the following error.
    Type 'ViewStyle | TextStyle | ImageStyle' is not assignable to type 'StyleProp<ViewStyle>'.
      Type 'TextStyle' is not assignable to type 'StyleProp<ViewStyle>'.
        Type 'TextStyle' is not assignable to type 'ViewStyle'.
          Types of property 'cursor' are incompatible.
            Type 'string | undefined' is not assignable to type 'CursorValue | undefined'.
              Type 'string' is not assignable to type 'CursorValue | undefined'.
  Overload 2 of 2, '(props: ViewProps, context: any): View', gave the following error.
    Type 'ViewStyle | TextStyle | ImageStyle' is not assignable to type 'StyleProp<ViewStyle>'.
      Type 'TextStyle' is not assignable to type 'StyleProp<ViewStyle>'.
        Type 'TextStyle' is not assignable to type 'ViewStyle'.
          Types of property 'cursor' are incompatible.
            Type 'string | undefined' is not assignable to type 'CursorValue | undefined'.
              Type 'string' is not assignable to type 'CursorValue | undefined'.
components/pet/edit/EditPetContacts.tsx(84,19): error TS2769: No overload matches this call.
  Overload 1 of 2, '(props: ViewProps): View', gave the following error.
    Type 'ViewStyle | TextStyle | ImageStyle' is not assignable to type 'StyleProp<ViewStyle>'.
      Type 'TextStyle' is not assignable to type 'StyleProp<ViewStyle>'.
        Type 'TextStyle' is not assignable to type 'ViewStyle'.
          Types of property 'cursor' are incompatible.
            Type 'string | undefined' is not assignable to type 'CursorValue | undefined'.
              Type 'string' is not assignable to type 'CursorValue | undefined'.
  Overload 2 of 2, '(props: ViewProps, context: any): View', gave the following error.
    Type 'ViewStyle | TextStyle | ImageStyle' is not assignable to type 'StyleProp<ViewStyle>'.
      Type 'TextStyle' is not assignable to type 'StyleProp<ViewStyle>'.
        Type 'TextStyle' is not assignable to type 'ViewStyle'.
          Types of property 'cursor' are incompatible.
            Type 'string | undefined' is not assignable to type 'CursorValue | undefined'.
              Type 'string' is not assignable to type 'CursorValue | undefined'.
components/pet/edit/EditPetContacts.tsx(85,24): error TS2769: No overload matches this call.
  Overload 1 of 2, '(props: ViewProps): View', gave the following error.
    Type 'ViewStyle | TextStyle | ImageStyle' is not assignable to type 'StyleProp<ViewStyle>'.
      Type 'TextStyle' is not assignable to type 'StyleProp<ViewStyle>'.
        Type 'TextStyle' is not assignable to type 'ViewStyle'.
          Types of property 'cursor' are incompatible.
            Type 'string | undefined' is not assignable to type 'CursorValue | undefined'.
              Type 'string' is not assignable to type 'CursorValue | undefined'.
  Overload 2 of 2, '(props: ViewProps, context: any): View', gave the following error.
    Type 'ViewStyle | TextStyle | ImageStyle' is not assignable to type 'StyleProp<ViewStyle>'.
      Type 'TextStyle' is not assignable to type 'StyleProp<ViewStyle>'.
        Type 'TextStyle' is not assignable to type 'ViewStyle'.
          Types of property 'cursor' are incompatible.
            Type 'string | undefined' is not assignable to type 'CursorValue | undefined'.
              Type 'string' is not assignable to type 'CursorValue | undefined'.
components/pet/edit/EditPetContacts.tsx(87,27): error TS2769: No overload matches this call.
  Overload 1 of 2, '(props: TextProps): Text', gave the following error.
    Type 'ViewStyle | TextStyle | ImageStyle' is not assignable to type 'StyleProp<TextStyle>'.
      Type 'ViewStyle' is not assignable to type 'StyleProp<TextStyle>'.
        Type 'ViewStyle' is not assignable to type 'TextStyle'.
          Types of property 'userSelect' are incompatible.
            Type 'string | undefined' is not assignable to type '"contain" | "none" | "auto" | "text" | "all" | undefined'.
              Type 'string' is not assignable to type '"contain" | "none" | "auto" | "text" | "all" | undefined'.
  Overload 2 of 2, '(props: TextProps, context: any): Text', gave the following error.
    Type 'ViewStyle | TextStyle | ImageStyle' is not assignable to type 'StyleProp<TextStyle>'.
      Type 'ViewStyle' is not assignable to type 'StyleProp<TextStyle>'.
        Type 'ViewStyle' is not assignable to type 'TextStyle'.
          Types of property 'userSelect' are incompatible.
            Type 'string | undefined' is not assignable to type '"contain" | "none" | "auto" | "text" | "all" | undefined'.
              Type 'string' is not assignable to type '"contain" | "none" | "auto" | "text" | "all" | undefined'.
components/pet/edit/EditPetContacts.tsx(89,23): error TS2769: No overload matches this call.
  Overload 1 of 2, '(props: ViewProps): View', gave the following error.
    Type 'ViewStyle | TextStyle | ImageStyle' is not assignable to type 'StyleProp<ViewStyle>'.
      Type 'TextStyle' is not assignable to type 'StyleProp<ViewStyle>'.
        Type 'TextStyle' is not assignable to type 'ViewStyle'.
          Types of property 'cursor' are incompatible.
            Type 'string | undefined' is not assignable to type 'CursorValue | undefined'.
              Type 'string' is not assignable to type 'CursorValue | undefined'.
  Overload 2 of 2, '(props: ViewProps, context: any): View', gave the following error.
    Type 'ViewStyle | TextStyle | ImageStyle' is not assignable to type 'StyleProp<ViewStyle>'.
      Type 'TextStyle' is not assignable to type 'StyleProp<ViewStyle>'.
        Type 'TextStyle' is not assignable to type 'ViewStyle'.
          Types of property 'cursor' are incompatible.
            Type 'string | undefined' is not assignable to type 'CursorValue | undefined'.
              Type 'string' is not assignable to type 'CursorValue | undefined'.
components/pet/edit/EditPetContacts.tsx(90,27): error TS2769: No overload matches this call.
  Overload 1 of 2, '(props: TextProps): Text', gave the following error.
    Type 'ViewStyle | TextStyle | ImageStyle' is not assignable to type 'StyleProp<TextStyle>'.
      Type 'ViewStyle' is not assignable to type 'StyleProp<TextStyle>'.
        Type 'ViewStyle' is not assignable to type 'TextStyle'.
          Types of property 'userSelect' are incompatible.
            Type 'string | undefined' is not assignable to type '"contain" | "none" | "auto" | "text" | "all" | undefined'.
              Type 'string' is not assignable to type '"contain" | "none" | "auto" | "text" | "all" | undefined'.
  Overload 2 of 2, '(props: TextProps, context: any): Text', gave the following error.
    Type 'ViewStyle | TextStyle | ImageStyle' is not assignable to type 'StyleProp<TextStyle>'.
      Type 'ViewStyle' is not assignable to type 'StyleProp<TextStyle>'.
        Type 'ViewStyle' is not assignable to type 'TextStyle'.
          Types of property 'userSelect' are incompatible.
            Type 'string | undefined' is not assignable to type '"contain" | "none" | "auto" | "text" | "all" | undefined'.
              Type 'string' is not assignable to type '"contain" | "none" | "auto" | "text" | "all" | undefined'.
components/pet/edit/EditPetContacts.tsx(95,19): error TS2769: No overload matches this call.
  Overload 1 of 2, '(props: ViewProps): View', gave the following error.
    Type 'ViewStyle | TextStyle | ImageStyle' is not assignable to type 'StyleProp<ViewStyle>'.
      Type 'TextStyle' is not assignable to type 'StyleProp<ViewStyle>'.
        Type 'TextStyle' is not assignable to type 'ViewStyle'.
          Types of property 'cursor' are incompatible.
            Type 'string | undefined' is not assignable to type 'CursorValue | undefined'.
              Type 'string' is not assignable to type 'CursorValue | undefined'.
  Overload 2 of 2, '(props: ViewProps, context: any): View', gave the following error.
    Type 'ViewStyle | TextStyle | ImageStyle' is not assignable to type 'StyleProp<ViewStyle>'.
      Type 'TextStyle' is not assignable to type 'StyleProp<ViewStyle>'.
        Type 'TextStyle' is not assignable to type 'ViewStyle'.
          Types of property 'cursor' are incompatible.
            Type 'string | undefined' is not assignable to type 'CursorValue | undefined'.
              Type 'string' is not assignable to type 'CursorValue | undefined'.
components/pet/edit/EditPetContacts.tsx(96,31): error TS2769: No overload matches this call.
  Overload 1 of 2, '(props: ViewProps): View', gave the following error.
    Type 'ViewStyle | TextStyle | ImageStyle' is not assignable to type 'ViewStyle | Falsy | RegisteredStyle<ViewStyle> | RecursiveArray<ViewStyle | Falsy | RegisteredStyle<ViewStyle>> | readonly (ViewStyle | ... 1 more ... | RegisteredStyle<...>)[]'.
      Type 'TextStyle' is not assignable to type 'ViewStyle | Falsy | RegisteredStyle<ViewStyle> | RecursiveArray<ViewStyle | Falsy | RegisteredStyle<ViewStyle>> | readonly (ViewStyle | ... 1 more ... | RegisteredStyle<...>)[]'.
        Type 'TextStyle' is not assignable to type 'ViewStyle'.
          Types of property 'cursor' are incompatible.
            Type 'string | undefined' is not assignable to type 'CursorValue | undefined'.
              Type 'string' is not assignable to type 'CursorValue | undefined'.
  Overload 2 of 2, '(props: ViewProps, context: any): View', gave the following error.
    Type 'ViewStyle | TextStyle | ImageStyle' is not assignable to type 'ViewStyle | Falsy | RegisteredStyle<ViewStyle> | RecursiveArray<ViewStyle | Falsy | RegisteredStyle<ViewStyle>> | readonly (ViewStyle | ... 1 more ... | RegisteredStyle<...>)[]'.
      Type 'TextStyle' is not assignable to type 'ViewStyle | Falsy | RegisteredStyle<ViewStyle> | RecursiveArray<ViewStyle | Falsy | RegisteredStyle<ViewStyle>> | readonly (ViewStyle | ... 1 more ... | RegisteredStyle<...>)[]'.
        Type 'TextStyle' is not assignable to type 'ViewStyle'.
          Types of property 'cursor' are incompatible.
            Type 'string | undefined' is not assignable to type 'CursorValue | undefined'.
              Type 'string' is not assignable to type 'CursorValue | undefined'.
components/pet/edit/EditPetContacts.tsx(99,31): error TS2769: No overload matches this call.
  Overload 1 of 2, '(props: TextProps): Text', gave the following error.
    Type 'ViewStyle | TextStyle | ImageStyle' is not assignable to type 'StyleProp<TextStyle>'.
      Type 'ViewStyle' is not assignable to type 'StyleProp<TextStyle>'.
        Type 'ViewStyle' is not assignable to type 'TextStyle'.
          Types of property 'userSelect' are incompatible.
            Type 'string | undefined' is not assignable to type '"contain" | "none" | "auto" | "text" | "all" | undefined'.
              Type 'string' is not assignable to type '"contain" | "none" | "auto" | "text" | "all" | undefined'.
  Overload 2 of 2, '(props: TextProps, context: any): Text', gave the following error.
    Type 'ViewStyle | TextStyle | ImageStyle' is not assignable to type 'StyleProp<TextStyle>'.
      Type 'ViewStyle' is not assignable to type 'StyleProp<TextStyle>'.
        Type 'ViewStyle' is not assignable to type 'TextStyle'.
          Types of property 'userSelect' are incompatible.
            Type 'string | undefined' is not assignable to type '"contain" | "none" | "auto" | "text" | "all" | undefined'.
              Type 'string' is not assignable to type '"contain" | "none" | "auto" | "text" | "all" | undefined'.
components/pet/edit/EditPetContacts.tsx(109,27): error TS2769: No overload matches this call.
  Overload 1 of 2, '(props: ViewProps): View', gave the following error.
    Type 'ViewStyle | TextStyle | ImageStyle' is not assignable to type 'StyleProp<ViewStyle>'.
      Type 'TextStyle' is not assignable to type 'StyleProp<ViewStyle>'.
        Type 'TextStyle' is not assignable to type 'ViewStyle'.
          Types of property 'cursor' are incompatible.
            Type 'string | undefined' is not assignable to type 'CursorValue | undefined'.
              Type 'string' is not assignable to type 'CursorValue | undefined'.
  Overload 2 of 2, '(props: ViewProps, context: any): View', gave the following error.
    Type 'ViewStyle | TextStyle | ImageStyle' is not assignable to type 'StyleProp<ViewStyle>'.
      Type 'TextStyle' is not assignable to type 'StyleProp<ViewStyle>'.
        Type 'TextStyle' is not assignable to type 'ViewStyle'.
          Types of property 'cursor' are incompatible.
            Type 'string | undefined' is not assignable to type 'CursorValue | undefined'.
              Type 'string' is not assignable to type 'CursorValue | undefined'.
components/pet/edit/EditPetContacts.tsx(110,31): error TS2769: No overload matches this call.
  Overload 1 of 2, '(props: ViewProps): View', gave the following error.
    Type 'ViewStyle | TextStyle | ImageStyle' is not assignable to type 'StyleProp<ViewStyle>'.
      Type 'TextStyle' is not assignable to type 'StyleProp<ViewStyle>'.
        Type 'TextStyle' is not assignable to type 'ViewStyle'.
          Types of property 'cursor' are incompatible.
            Type 'string | undefined' is not assignable to type 'CursorValue | undefined'.
              Type 'string' is not assignable to type 'CursorValue | undefined'.
  Overload 2 of 2, '(props: ViewProps, context: any): View', gave the following error.
    Type 'ViewStyle | TextStyle | ImageStyle' is not assignable to type 'StyleProp<ViewStyle>'.
      Type 'TextStyle' is not assignable to type 'StyleProp<ViewStyle>'.
        Type 'TextStyle' is not assignable to type 'ViewStyle'.
          Types of property 'cursor' are incompatible.
            Type 'string | undefined' is not assignable to type 'CursorValue | undefined'.
              Type 'string' is not assignable to type 'CursorValue | undefined'.
components/pet/edit/EditPetContacts.tsx(111,35): error TS2769: No overload matches this call.
  Overload 1 of 2, '(props: TextProps): Text', gave the following error.
    Type 'ViewStyle | TextStyle | ImageStyle' is not assignable to type 'StyleProp<TextStyle>'.
      Type 'ViewStyle' is not assignable to type 'StyleProp<TextStyle>'.
        Type 'ViewStyle' is not assignable to type 'TextStyle'.
          Types of property 'userSelect' are incompatible.
            Type 'string | undefined' is not assignable to type '"contain" | "none" | "auto" | "text" | "all" | undefined'.
              Type 'string' is not assignable to type '"contain" | "none" | "auto" | "text" | "all" | undefined'.
  Overload 2 of 2, '(props: TextProps, context: any): Text', gave the following error.
    Type 'ViewStyle | TextStyle | ImageStyle' is not assignable to type 'StyleProp<TextStyle>'.
      Type 'ViewStyle' is not assignable to type 'StyleProp<TextStyle>'.
        Type 'ViewStyle' is not assignable to type 'TextStyle'.
          Types of property 'userSelect' are incompatible.
            Type 'string | undefined' is not assignable to type '"contain" | "none" | "auto" | "text" | "all" | undefined'.
              Type 'string' is not assignable to type '"contain" | "none" | "auto" | "text" | "all" | undefined'.
components/pet/edit/EditPetContacts.tsx(113,33): error TS2769: No overload matches this call.
  Overload 1 of 2, '(props: TextInputProps): TextInput', gave the following error.
    Type 'ViewStyle | TextStyle | ImageStyle' is not assignable to type 'StyleProp<TextStyle>'.
      Type 'ViewStyle' is not assignable to type 'StyleProp<TextStyle>'.
        Type 'ViewStyle' is not assignable to type 'TextStyle'.
          Types of property 'userSelect' are incompatible.
            Type 'string | undefined' is not assignable to type '"contain" | "none" | "auto" | "text" | "all" | undefined'.
              Type 'string' is not assignable to type '"contain" | "none" | "auto" | "text" | "all" | undefined'.
  Overload 2 of 2, '(props: TextInputProps, context: any): TextInput', gave the following error.
    Type 'ViewStyle | TextStyle | ImageStyle' is not assignable to type 'StyleProp<TextStyle>'.
      Type 'ViewStyle' is not assignable to type 'StyleProp<TextStyle>'.
        Type 'ViewStyle' is not assignable to type 'TextStyle'.
          Types of property 'userSelect' are incompatible.
            Type 'string | undefined' is not assignable to type '"contain" | "none" | "auto" | "text" | "all" | undefined'.
              Type 'string' is not assignable to type '"contain" | "none" | "auto" | "text" | "all" | undefined'.
components/pet/edit/EditPetContacts.tsx(119,31): error TS2769: No overload matches this call.
  Overload 1 of 2, '(props: ViewProps): View', gave the following error.
    Type 'ViewStyle | TextStyle | ImageStyle' is not assignable to type 'StyleProp<ViewStyle>'.
      Type 'TextStyle' is not assignable to type 'StyleProp<ViewStyle>'.
        Type 'TextStyle' is not assignable to type 'ViewStyle'.
          Types of property 'cursor' are incompatible.
            Type 'string | undefined' is not assignable to type 'CursorValue | undefined'.
              Type 'string' is not assignable to type 'CursorValue | undefined'.
  Overload 2 of 2, '(props: ViewProps, context: any): View', gave the following error.
    Type 'ViewStyle | TextStyle | ImageStyle' is not assignable to type 'StyleProp<ViewStyle>'.
      Type 'TextStyle' is not assignable to type 'StyleProp<ViewStyle>'.
        Type 'TextStyle' is not assignable to type 'ViewStyle'.
          Types of property 'cursor' are incompatible.
            Type 'string | undefined' is not assignable to type 'CursorValue | undefined'.
              Type 'string' is not assignable to type 'CursorValue | undefined'.
components/pet/edit/EditPetContacts.tsx(120,35): error TS2769: No overload matches this call.
  Overload 1 of 2, '(props: TextProps): Text', gave the following error.
    Type 'ViewStyle | TextStyle | ImageStyle' is not assignable to type 'StyleProp<TextStyle>'.
      Type 'ViewStyle' is not assignable to type 'StyleProp<TextStyle>'.
        Type 'ViewStyle' is not assignable to type 'TextStyle'.
          Types of property 'userSelect' are incompatible.
            Type 'string | undefined' is not assignable to type '"contain" | "none" | "auto" | "text" | "all" | undefined'.
              Type 'string' is not assignable to type '"contain" | "none" | "auto" | "text" | "all" | undefined'.
  Overload 2 of 2, '(props: TextProps, context: any): Text', gave the following error.
    Type 'ViewStyle | TextStyle | ImageStyle' is not assignable to type 'StyleProp<TextStyle>'.
      Type 'ViewStyle' is not assignable to type 'StyleProp<TextStyle>'.
        Type 'ViewStyle' is not assignable to type 'TextStyle'.
          Types of property 'userSelect' are incompatible.
            Type 'string | undefined' is not assignable to type '"contain" | "none" | "auto" | "text" | "all" | undefined'.
              Type 'string' is not assignable to type '"contain" | "none" | "auto" | "text" | "all" | undefined'.
components/pet/edit/EditPetContacts.tsx(122,33): error TS2769: No overload matches this call.
  Overload 1 of 2, '(props: TextInputProps): TextInput', gave the following error.
    Type 'ViewStyle | TextStyle | ImageStyle' is not assignable to type 'StyleProp<TextStyle>'.
      Type 'ViewStyle' is not assignable to type 'StyleProp<TextStyle>'.
        Type 'ViewStyle' is not assignable to type 'TextStyle'.
          Types of property 'userSelect' are incompatible.
            Type 'string | undefined' is not assignable to type '"contain" | "none" | "auto" | "text" | "all" | undefined'.
              Type 'string' is not assignable to type '"contain" | "none" | "auto" | "text" | "all" | undefined'.
  Overload 2 of 2, '(props: TextInputProps, context: any): TextInput', gave the following error.
    Type 'ViewStyle | TextStyle | ImageStyle' is not assignable to type 'StyleProp<TextStyle>'.
      Type 'ViewStyle' is not assignable to type 'StyleProp<TextStyle>'.
        Type 'ViewStyle' is not assignable to type 'TextStyle'.
          Types of property 'userSelect' are incompatible.
            Type 'string | undefined' is not assignable to type '"contain" | "none" | "auto" | "text" | "all" | undefined'.
              Type 'string' is not assignable to type '"contain" | "none" | "auto" | "text" | "all" | undefined'.
components/pet/edit/EditPetContacts.tsx(134,19): error TS2769: No overload matches this call.
  Overload 1 of 2, '(props: ViewProps): View', gave the following error.
    Type 'ViewStyle | TextStyle | ImageStyle' is not assignable to type 'StyleProp<ViewStyle>'.
      Type 'TextStyle' is not assignable to type 'StyleProp<ViewStyle>'.
        Type 'TextStyle' is not assignable to type 'ViewStyle'.
          Types of property 'cursor' are incompatible.
            Type 'string | undefined' is not assignable to type 'CursorValue | undefined'.
              Type 'string' is not assignable to type 'CursorValue | undefined'.
  Overload 2 of 2, '(props: ViewProps, context: any): View', gave the following error.
    Type 'ViewStyle | TextStyle | ImageStyle' is not assignable to type 'StyleProp<ViewStyle>'.
      Type 'TextStyle' is not assignable to type 'StyleProp<ViewStyle>'.
        Type 'TextStyle' is not assignable to type 'ViewStyle'.
          Types of property 'cursor' are incompatible.
            Type 'string | undefined' is not assignable to type 'CursorValue | undefined'.
              Type 'string' is not assignable to type 'CursorValue | undefined'.
components/pet/edit/EditPetContacts.tsx(135,23): error TS2769: No overload matches this call.
  Overload 1 of 2, '(props: ViewProps): View', gave the following error.
    Type 'ViewStyle | TextStyle | ImageStyle' is not assignable to type 'StyleProp<ViewStyle>'.
      Type 'TextStyle' is not assignable to type 'StyleProp<ViewStyle>'.
        Type 'TextStyle' is not assignable to type 'ViewStyle'.
          Types of property 'cursor' are incompatible.
            Type 'string | undefined' is not assignable to type 'CursorValue | undefined'.
              Type 'string' is not assignable to type 'CursorValue | undefined'.
  Overload 2 of 2, '(props: ViewProps, context: any): View', gave the following error.
    Type 'ViewStyle | TextStyle | ImageStyle' is not assignable to type 'StyleProp<ViewStyle>'.
      Type 'TextStyle' is not assignable to type 'StyleProp<ViewStyle>'.
        Type 'TextStyle' is not assignable to type 'ViewStyle'.
          Types of property 'cursor' are incompatible.
            Type 'string | undefined' is not assignable to type 'CursorValue | undefined'.
              Type 'string' is not assignable to type 'CursorValue | undefined'.
components/pet/edit/EditPetContacts.tsx(136,126): error TS7053: Element implicitly has an 'any' type because expression of type '500' can't be used to index type '{ paw: string; pawLight: string; pawDark: string; leaf: string; leafLight: string; leafDark: string; sun: string; sunLight: string; sunDark: string; }'.
  Property '500' does not exist on type '{ paw: string; pawLight: string; pawDark: string; leaf: string; leafLight: string; leafDark: string; sun: string; sunLight: string; sunDark: string; }'.
components/pet/edit/EditPetContacts.tsx(137,27): error TS2769: No overload matches this call.
  Overload 1 of 2, '(props: TextProps): Text', gave the following error.
    Type 'ViewStyle | TextStyle | ImageStyle' is not assignable to type 'StyleProp<TextStyle>'.
      Type 'ViewStyle' is not assignable to type 'StyleProp<TextStyle>'.
        Type 'ViewStyle' is not assignable to type 'TextStyle'.
          Types of property 'userSelect' are incompatible.
            Type 'string | undefined' is not assignable to type '"contain" | "none" | "auto" | "text" | "all" | undefined'.
              Type 'string' is not assignable to type '"contain" | "none" | "auto" | "text" | "all" | undefined'.
  Overload 2 of 2, '(props: TextProps, context: any): Text', gave the following error.
    Type 'ViewStyle | TextStyle | ImageStyle' is not assignable to type 'StyleProp<TextStyle>'.
      Type 'ViewStyle' is not assignable to type 'StyleProp<TextStyle>'.
        Type 'ViewStyle' is not assignable to type 'TextStyle'.
          Types of property 'userSelect' are incompatible.
            Type 'string | undefined' is not assignable to type '"contain" | "none" | "auto" | "text" | "all" | undefined'.
              Type 'string' is not assignable to type '"contain" | "none" | "auto" | "text" | "all" | undefined'.
components/pet/edit/EditPetContacts.tsx(140,23): error TS2769: No overload matches this call.
  Overload 1 of 2, '(props: ViewProps): View', gave the following error.
    Type 'ViewStyle | TextStyle | ImageStyle' is not assignable to type 'StyleProp<ViewStyle>'.
      Type 'TextStyle' is not assignable to type 'StyleProp<ViewStyle>'.
        Type 'TextStyle' is not assignable to type 'ViewStyle'.
          Types of property 'cursor' are incompatible.
            Type 'string | undefined' is not assignable to type 'CursorValue | undefined'.
              Type 'string' is not assignable to type 'CursorValue | undefined'.
  Overload 2 of 2, '(props: ViewProps, context: any): View', gave the following error.
    Type 'ViewStyle | TextStyle | ImageStyle' is not assignable to type 'StyleProp<ViewStyle>'.
      Type 'TextStyle' is not assignable to type 'StyleProp<ViewStyle>'.
        Type 'TextStyle' is not assignable to type 'ViewStyle'.
          Types of property 'cursor' are incompatible.
            Type 'string | undefined' is not assignable to type 'CursorValue | undefined'.
              Type 'string' is not assignable to type 'CursorValue | undefined'.
components/pet/edit/EditPetContacts.tsx(141,27): error TS2769: No overload matches this call.
  Overload 1 of 2, '(props: ViewProps): View', gave the following error.
    Type 'ViewStyle | TextStyle | ImageStyle' is not assignable to type 'StyleProp<ViewStyle>'.
      Type 'TextStyle' is not assignable to type 'StyleProp<ViewStyle>'.
        Type 'TextStyle' is not assignable to type 'ViewStyle'.
          Types of property 'cursor' are incompatible.
            Type 'string | undefined' is not assignable to type 'CursorValue | undefined'.
              Type 'string' is not assignable to type 'CursorValue | undefined'.
  Overload 2 of 2, '(props: ViewProps, context: any): View', gave the following error.
    Type 'ViewStyle | TextStyle | ImageStyle' is not assignable to type 'StyleProp<ViewStyle>'.
      Type 'TextStyle' is not assignable to type 'StyleProp<ViewStyle>'.
        Type 'TextStyle' is not assignable to type 'ViewStyle'.
          Types of property 'cursor' are incompatible.
            Type 'string | undefined' is not assignable to type 'CursorValue | undefined'.
              Type 'string' is not assignable to type 'CursorValue | undefined'.
components/pet/edit/EditPetContacts.tsx(142,31): error TS2769: No overload matches this call.
  Overload 1 of 2, '(props: TextProps): Text', gave the following error.
    Type 'ViewStyle | TextStyle | ImageStyle' is not assignable to type 'StyleProp<TextStyle>'.
      Type 'ViewStyle' is not assignable to type 'StyleProp<TextStyle>'.
        Type 'ViewStyle' is not assignable to type 'TextStyle'.
          Types of property 'userSelect' are incompatible.
            Type 'string | undefined' is not assignable to type '"contain" | "none" | "auto" | "text" | "all" | undefined'.
              Type 'string' is not assignable to type '"contain" | "none" | "auto" | "text" | "all" | undefined'.
  Overload 2 of 2, '(props: TextProps, context: any): Text', gave the following error.
    Type 'ViewStyle | TextStyle | ImageStyle' is not assignable to type 'StyleProp<TextStyle>'.
      Type 'ViewStyle' is not assignable to type 'StyleProp<TextStyle>'.
        Type 'ViewStyle' is not assignable to type 'TextStyle'.
          Types of property 'userSelect' are incompatible.
            Type 'string | undefined' is not assignable to type '"contain" | "none" | "auto" | "text" | "all" | undefined'.
              Type 'string' is not assignable to type '"contain" | "none" | "auto" | "text" | "all" | undefined'.
components/pet/edit/EditPetContacts.tsx(143,31): error TS2769: No overload matches this call.
  Overload 1 of 2, '(props: ViewProps): View', gave the following error.
    Type 'ViewStyle | TextStyle | ImageStyle' is not assignable to type 'StyleProp<ViewStyle>'.
      Type 'TextStyle' is not assignable to type 'StyleProp<ViewStyle>'.
        Type 'TextStyle' is not assignable to type 'ViewStyle'.
          Types of property 'cursor' are incompatible.
            Type 'string | undefined' is not assignable to type 'CursorValue | undefined'.
              Type 'string' is not assignable to type 'CursorValue | undefined'.
  Overload 2 of 2, '(props: ViewProps, context: any): View', gave the following error.
    Type 'ViewStyle | TextStyle | ImageStyle' is not assignable to type 'StyleProp<ViewStyle>'.
      Type 'TextStyle' is not assignable to type 'StyleProp<ViewStyle>'.
        Type 'TextStyle' is not assignable to type 'ViewStyle'.
          Types of property 'cursor' are incompatible.
            Type 'string | undefined' is not assignable to type 'CursorValue | undefined'.
              Type 'string' is not assignable to type 'CursorValue | undefined'.
components/pet/edit/EditPetContacts.tsx(144,161): error TS2322: Type 'ViewStyle | TextStyle | ImageStyle' is not assignable to type 'StyleProp<ViewStyle>'.
  Type 'TextStyle' is not assignable to type 'StyleProp<ViewStyle>'.
    Type 'TextStyle' is not assignable to type 'ViewStyle'.
      Types of property 'cursor' are incompatible.
        Type 'string | undefined' is not assignable to type 'CursorValue | undefined'.
          Type 'string' is not assignable to type 'CursorValue | undefined'.
components/pet/edit/EditPetContacts.tsx(146,33): error TS2769: No overload matches this call.
  Overload 1 of 2, '(props: TextInputProps): TextInput', gave the following error.
    Type 'ViewStyle | TextStyle | ImageStyle' is not assignable to type 'StyleProp<TextStyle>'.
      Type 'ViewStyle' is not assignable to type 'StyleProp<TextStyle>'.
        Type 'ViewStyle' is not assignable to type 'TextStyle'.
          Types of property 'userSelect' are incompatible.
            Type 'string | undefined' is not assignable to type '"contain" | "none" | "auto" | "text" | "all" | undefined'.
              Type 'string' is not assignable to type '"contain" | "none" | "auto" | "text" | "all" | undefined'.
  Overload 2 of 2, '(props: TextInputProps, context: any): TextInput', gave the following error.
    Type 'ViewStyle | TextStyle | ImageStyle' is not assignable to type 'StyleProp<TextStyle>'.
      Type 'ViewStyle' is not assignable to type 'StyleProp<TextStyle>'.
        Type 'ViewStyle' is not assignable to type 'TextStyle'.
          Types of property 'userSelect' are incompatible.
            Type 'string | undefined' is not assignable to type '"contain" | "none" | "auto" | "text" | "all" | undefined'.
              Type 'string' is not assignable to type '"contain" | "none" | "auto" | "text" | "all" | undefined'.
components/pet/edit/EditPetContacts.tsx(153,28): error TS2769: No overload matches this call.
  Overload 1 of 2, '(props: ViewProps): View', gave the following error.
    Type 'ViewStyle | TextStyle | ImageStyle' is not assignable to type 'StyleProp<ViewStyle>'.
      Type 'TextStyle' is not assignable to type 'StyleProp<ViewStyle>'.
        Type 'TextStyle' is not assignable to type 'ViewStyle'.
          Types of property 'cursor' are incompatible.
            Type 'string | undefined' is not assignable to type 'CursorValue | undefined'.
              Type 'string' is not assignable to type 'CursorValue | undefined'.
  Overload 2 of 2, '(props: ViewProps, context: any): View', gave the following error.
    Type 'ViewStyle | TextStyle | ImageStyle' is not assignable to type 'StyleProp<ViewStyle>'.
      Type 'TextStyle' is not assignable to type 'StyleProp<ViewStyle>'.
        Type 'TextStyle' is not assignable to type 'ViewStyle'.
          Types of property 'cursor' are incompatible.
            Type 'string | undefined' is not assignable to type 'CursorValue | undefined'.
              Type 'string' is not assignable to type 'CursorValue | undefined'.
components/pet/edit/EditPetContacts.tsx(154,39): error TS2769: No overload matches this call.
  Overload 1 of 2, '(props: ViewProps): View', gave the following error.
    Type 'ViewStyle | TextStyle | ImageStyle' is not assignable to type 'ViewStyle | Falsy | RegisteredStyle<ViewStyle> | RecursiveArray<ViewStyle | Falsy | RegisteredStyle<ViewStyle>> | readonly (ViewStyle | ... 1 more ... | RegisteredStyle<...>)[]'.
      Type 'TextStyle' is not assignable to type 'ViewStyle | Falsy | RegisteredStyle<ViewStyle> | RecursiveArray<ViewStyle | Falsy | RegisteredStyle<ViewStyle>> | readonly (ViewStyle | ... 1 more ... | RegisteredStyle<...>)[]'.
        Type 'TextStyle' is not assignable to type 'ViewStyle'.
          Types of property 'cursor' are incompatible.
            Type 'string | undefined' is not assignable to type 'CursorValue | undefined'.
              Type 'string' is not assignable to type 'CursorValue | undefined'.
  Overload 2 of 2, '(props: ViewProps, context: any): View', gave the following error.
    Type 'ViewStyle | TextStyle | ImageStyle' is not assignable to type 'ViewStyle | Falsy | RegisteredStyle<ViewStyle> | RecursiveArray<ViewStyle | Falsy | RegisteredStyle<ViewStyle>> | readonly (ViewStyle | ... 1 more ... | RegisteredStyle<...>)[]'.
      Type 'TextStyle' is not assignable to type 'ViewStyle | Falsy | RegisteredStyle<ViewStyle> | RecursiveArray<ViewStyle | Falsy | RegisteredStyle<ViewStyle>> | readonly (ViewStyle | ... 1 more ... | RegisteredStyle<...>)[]'.
        Type 'TextStyle' is not assignable to type 'ViewStyle'.
          Types of property 'cursor' are incompatible.
            Type 'string | undefined' is not assignable to type 'CursorValue | undefined'.
              Type 'string' is not assignable to type 'CursorValue | undefined'.
components/pet/edit/EditPetContacts.tsx(155,35): error TS2769: No overload matches this call.
  Overload 1 of 2, '(props: TextProps): Text', gave the following error.
    Type 'ViewStyle | TextStyle | ImageStyle' is not assignable to type 'StyleProp<TextStyle>'.
      Type 'ViewStyle' is not assignable to type 'StyleProp<TextStyle>'.
        Type 'ViewStyle' is not assignable to type 'TextStyle'.
          Types of property 'userSelect' are incompatible.
            Type 'string | undefined' is not assignable to type '"contain" | "none" | "auto" | "text" | "all" | undefined'.
              Type 'string' is not assignable to type '"contain" | "none" | "auto" | "text" | "all" | undefined'.
  Overload 2 of 2, '(props: TextProps, context: any): Text', gave the following error.
    Type 'ViewStyle | TextStyle | ImageStyle' is not assignable to type 'StyleProp<TextStyle>'.
      Type 'ViewStyle' is not assignable to type 'StyleProp<TextStyle>'.
        Type 'ViewStyle' is not assignable to type 'TextStyle'.
          Types of property 'userSelect' are incompatible.
            Type 'string | undefined' is not assignable to type '"contain" | "none" | "auto" | "text" | "all" | undefined'.
              Type 'string' is not assignable to type '"contain" | "none" | "auto" | "text" | "all" | undefined'.
components/pet/edit/EditPetContacts.tsx(157,33): error TS2769: No overload matches this call.
  Overload 1 of 2, '(props: TextInputProps): TextInput', gave the following error.
    Type 'ViewStyle | TextStyle | ImageStyle' is not assignable to type 'StyleProp<TextStyle>'.
      Type 'ViewStyle' is not assignable to type 'StyleProp<TextStyle>'.
        Type 'ViewStyle' is not assignable to type 'TextStyle'.
          Types of property 'userSelect' are incompatible.
            Type 'string | undefined' is not assignable to type '"contain" | "none" | "auto" | "text" | "all" | undefined'.
              Type 'string' is not assignable to type '"contain" | "none" | "auto" | "text" | "all" | undefined'.
  Overload 2 of 2, '(props: TextInputProps, context: any): TextInput', gave the following error.
    Type 'ViewStyle | TextStyle | ImageStyle' is not assignable to type 'StyleProp<TextStyle>'.
      Type 'ViewStyle' is not assignable to type 'StyleProp<TextStyle>'.
        Type 'ViewStyle' is not assignable to type 'TextStyle'.
          Types of property 'userSelect' are incompatible.
            Type 'string | undefined' is not assignable to type '"contain" | "none" | "auto" | "text" | "all" | undefined'.
              Type 'string' is not assignable to type '"contain" | "none" | "auto" | "text" | "all" | undefined'.
components/pet/edit/EditPetContacts.tsx(163,39): error TS2769: No overload matches this call.
  Overload 1 of 2, '(props: ViewProps): View', gave the following error.
    Type 'ViewStyle | TextStyle | ImageStyle' is not assignable to type 'ViewStyle | Falsy | RegisteredStyle<ViewStyle> | RecursiveArray<ViewStyle | Falsy | RegisteredStyle<ViewStyle>> | readonly (ViewStyle | ... 1 more ... | RegisteredStyle<...>)[]'.
      Type 'TextStyle' is not assignable to type 'ViewStyle | Falsy | RegisteredStyle<ViewStyle> | RecursiveArray<ViewStyle | Falsy | RegisteredStyle<ViewStyle>> | readonly (ViewStyle | ... 1 more ... | RegisteredStyle<...>)[]'.
        Type 'TextStyle' is not assignable to type 'ViewStyle'.
          Types of property 'cursor' are incompatible.
            Type 'string | undefined' is not assignable to type 'CursorValue | undefined'.
              Type 'string' is not assignable to type 'CursorValue | undefined'.
  Overload 2 of 2, '(props: ViewProps, context: any): View', gave the following error.
    Type 'ViewStyle | TextStyle | ImageStyle' is not assignable to type 'ViewStyle | Falsy | RegisteredStyle<ViewStyle> | RecursiveArray<ViewStyle | Falsy | RegisteredStyle<ViewStyle>> | readonly (ViewStyle | ... 1 more ... | RegisteredStyle<...>)[]'.
      Type 'TextStyle' is not assignable to type 'ViewStyle | Falsy | RegisteredStyle<ViewStyle> | RecursiveArray<ViewStyle | Falsy | RegisteredStyle<ViewStyle>> | readonly (ViewStyle | ... 1 more ... | RegisteredStyle<...>)[]'.
        Type 'TextStyle' is not assignable to type 'ViewStyle'.
          Types of property 'cursor' are incompatible.
            Type 'string | undefined' is not assignable to type 'CursorValue | undefined'.
              Type 'string' is not assignable to type 'CursorValue | undefined'.
components/pet/edit/EditPetContacts.tsx(164,35): error TS2769: No overload matches this call.
  Overload 1 of 2, '(props: TextProps): Text', gave the following error.
    Type 'ViewStyle | TextStyle | ImageStyle' is not assignable to type 'StyleProp<TextStyle>'.
      Type 'ViewStyle' is not assignable to type 'StyleProp<TextStyle>'.
        Type 'ViewStyle' is not assignable to type 'TextStyle'.
          Types of property 'userSelect' are incompatible.
            Type 'string | undefined' is not assignable to type '"contain" | "none" | "auto" | "text" | "all" | undefined'.
              Type 'string' is not assignable to type '"contain" | "none" | "auto" | "text" | "all" | undefined'.
  Overload 2 of 2, '(props: TextProps, context: any): Text', gave the following error.
    Type 'ViewStyle | TextStyle | ImageStyle' is not assignable to type 'StyleProp<TextStyle>'.
      Type 'ViewStyle' is not assignable to type 'StyleProp<TextStyle>'.
        Type 'ViewStyle' is not assignable to type 'TextStyle'.
          Types of property 'userSelect' are incompatible.
            Type 'string | undefined' is not assignable to type '"contain" | "none" | "auto" | "text" | "all" | undefined'.
              Type 'string' is not assignable to type '"contain" | "none" | "auto" | "text" | "all" | undefined'.
components/pet/edit/EditPetContacts.tsx(166,33): error TS2769: No overload matches this call.
  Overload 1 of 2, '(props: TextInputProps): TextInput', gave the following error.
    Type 'ViewStyle | TextStyle | ImageStyle' is not assignable to type 'StyleProp<TextStyle>'.
      Type 'ViewStyle' is not assignable to type 'StyleProp<TextStyle>'.
        Type 'ViewStyle' is not assignable to type 'TextStyle'.
          Types of property 'userSelect' are incompatible.
            Type 'string | undefined' is not assignable to type '"contain" | "none" | "auto" | "text" | "all" | undefined'.
              Type 'string' is not assignable to type '"contain" | "none" | "auto" | "text" | "all" | undefined'.
  Overload 2 of 2, '(props: TextInputProps, context: any): TextInput', gave the following error.
    Type 'ViewStyle | TextStyle | ImageStyle' is not assignable to type 'StyleProp<TextStyle>'.
      Type 'ViewStyle' is not assignable to type 'StyleProp<TextStyle>'.
        Type 'ViewStyle' is not assignable to type 'TextStyle'.
          Types of property 'userSelect' are incompatible.
            Type 'string | undefined' is not assignable to type '"contain" | "none" | "auto" | "text" | "all" | undefined'.
              Type 'string' is not assignable to type '"contain" | "none" | "auto" | "text" | "all" | undefined'.
components/pet/edit/EditPetContacts.tsx(174,28): error TS2769: No overload matches this call.
  Overload 1 of 2, '(props: ViewProps): View', gave the following error.
    Type 'ViewStyle | TextStyle | ImageStyle' is not assignable to type 'StyleProp<ViewStyle>'.
      Type 'TextStyle' is not assignable to type 'StyleProp<ViewStyle>'.
        Type 'TextStyle' is not assignable to type 'ViewStyle'.
          Types of property 'cursor' are incompatible.
            Type 'string | undefined' is not assignable to type 'CursorValue | undefined'.
              Type 'string' is not assignable to type 'CursorValue | undefined'.
  Overload 2 of 2, '(props: ViewProps, context: any): View', gave the following error.
    Type 'ViewStyle | TextStyle | ImageStyle' is not assignable to type 'StyleProp<ViewStyle>'.
      Type 'TextStyle' is not assignable to type 'StyleProp<ViewStyle>'.
        Type 'TextStyle' is not assignable to type 'ViewStyle'.
          Types of property 'cursor' are incompatible.
            Type 'string | undefined' is not assignable to type 'CursorValue | undefined'.
              Type 'string' is not assignable to type 'CursorValue | undefined'.
components/pet/edit/EditPetContacts.tsx(175,31): error TS2769: No overload matches this call.
  Overload 1 of 2, '(props: TextProps): Text', gave the following error.
    Type 'ViewStyle | TextStyle | ImageStyle' is not assignable to type 'StyleProp<TextStyle>'.
      Type 'ViewStyle' is not assignable to type 'StyleProp<TextStyle>'.
        Type 'ViewStyle' is not assignable to type 'TextStyle'.
          Types of property 'userSelect' are incompatible.
            Type 'string | undefined' is not assignable to type '"contain" | "none" | "auto" | "text" | "all" | undefined'.
              Type 'string' is not assignable to type '"contain" | "none" | "auto" | "text" | "all" | undefined'.
  Overload 2 of 2, '(props: TextProps, context: any): Text', gave the following error.
    Type 'ViewStyle | TextStyle | ImageStyle' is not assignable to type 'StyleProp<TextStyle>'.
      Type 'ViewStyle' is not assignable to type 'StyleProp<TextStyle>'.
        Type 'ViewStyle' is not assignable to type 'TextStyle'.
          Types of property 'userSelect' are incompatible.
            Type 'string | undefined' is not assignable to type '"contain" | "none" | "auto" | "text" | "all" | undefined'.
              Type 'string' is not assignable to type '"contain" | "none" | "auto" | "text" | "all" | undefined'.
components/pet/edit/EditPetContacts.tsx(177,29): error TS2769: No overload matches this call.
  Overload 1 of 2, '(props: TextInputProps): TextInput', gave the following error.
    Type 'ViewStyle | TextStyle | ImageStyle' is not assignable to type 'StyleProp<TextStyle>'.
      Type 'ViewStyle' is not assignable to type 'StyleProp<TextStyle>'.
        Type 'ViewStyle' is not assignable to type 'TextStyle'.
          Types of property 'userSelect' are incompatible.
            Type 'string | undefined' is not assignable to type '"contain" | "none" | "auto" | "text" | "all" | undefined'.
              Type 'string' is not assignable to type '"contain" | "none" | "auto" | "text" | "all" | undefined'.
  Overload 2 of 2, '(props: TextInputProps, context: any): TextInput', gave the following error.
    Type 'ViewStyle | TextStyle | ImageStyle' is not assignable to type 'StyleProp<TextStyle>'.
      Type 'ViewStyle' is not assignable to type 'StyleProp<TextStyle>'.
        Type 'ViewStyle' is not assignable to type 'TextStyle'.
          Types of property 'userSelect' are incompatible.
            Type 'string | undefined' is not assignable to type '"contain" | "none" | "auto" | "text" | "all" | undefined'.
              Type 'string' is not assignable to type '"contain" | "none" | "auto" | "text" | "all" | undefined'.
components/pet/edit/EditPetContacts.tsx(211,5): error TS2322: Type '{ color: string; fontSize: number; fontWeight: string; lineHeight: number; letterSpacing: number; }' is not assignable to type 'ViewStyle | TextStyle | ImageStyle'.
  Type '{ color: string; fontSize: number; fontWeight: string; lineHeight: number; letterSpacing: number; }' is not assignable to type 'TextStyle'.
    Types of property 'fontWeight' are incompatible.
      Type 'string' is not assignable to type '100 | 300 | "light" | "400" | "500" | "600" | "700" | 200 | 400 | 500 | 800 | "normal" | "100" | "200" | "300" | "800" | "900" | "bold" | "medium" | "black" | 600 | 700 | 900 | "ultralight" | ... 6 more ... | undefined'.
components/pet/edit/EditPetHealth.tsx(168,49): error TS2769: No overload matches this call.
  Overload 1 of 2, '(props: TextProps): Text', gave the following error.
    Type '{ color: string; marginTop: number; fontSize: number; fontWeight: string; lineHeight: number; letterSpacing: number; }' is not assignable to type 'StyleProp<TextStyle>'.
      Type '{ color: string; marginTop: number; fontSize: number; fontWeight: string; lineHeight: number; letterSpacing: number; }' is not assignable to type 'TextStyle'.
        Types of property 'fontWeight' are incompatible.
          Type 'string' is not assignable to type '100 | 300 | "light" | "400" | "500" | "600" | "700" | 200 | 400 | 500 | 800 | "normal" | "100" | "200" | "300" | "800" | "900" | "bold" | "medium" | "black" | 600 | 700 | 900 | "ultralight" | ... 6 more ... | undefined'.
  Overload 2 of 2, '(props: TextProps, context: any): Text', gave the following error.
    Type '{ color: string; marginTop: number; fontSize: number; fontWeight: string; lineHeight: number; letterSpacing: number; }' is not assignable to type 'StyleProp<TextStyle>'.
      Type '{ color: string; marginTop: number; fontSize: number; fontWeight: string; lineHeight: number; letterSpacing: number; }' is not assignable to type 'TextStyle'.
        Types of property 'fontWeight' are incompatible.
          Type 'string' is not assignable to type '100 | 300 | "light" | "400" | "500" | "600" | "700" | 200 | 400 | 500 | 800 | "normal" | "100" | "200" | "300" | "800" | "900" | "bold" | "medium" | "black" | 600 | 700 | 900 | "ultralight" | ... 6 more ... | undefined'.
components/pet/edit/EditPetHealth.tsx(187,49): error TS2769: No overload matches this call.
  Overload 1 of 2, '(props: TextProps): Text', gave the following error.
    Type '{ color: string; marginTop: number; fontSize: number; fontWeight: string; lineHeight: number; letterSpacing: number; }' is not assignable to type 'StyleProp<TextStyle>'.
      Type '{ color: string; marginTop: number; fontSize: number; fontWeight: string; lineHeight: number; letterSpacing: number; }' is not assignable to type 'TextStyle'.
        Types of property 'fontWeight' are incompatible.
          Type 'string' is not assignable to type '100 | 300 | "light" | "400" | "500" | "600" | "700" | 200 | 400 | 500 | 800 | "normal" | "100" | "200" | "300" | "800" | "900" | "bold" | "medium" | "black" | 600 | 700 | 900 | "ultralight" | ... 6 more ... | undefined'.
  Overload 2 of 2, '(props: TextProps, context: any): Text', gave the following error.
    Type '{ color: string; marginTop: number; fontSize: number; fontWeight: string; lineHeight: number; letterSpacing: number; }' is not assignable to type 'StyleProp<TextStyle>'.
      Type '{ color: string; marginTop: number; fontSize: number; fontWeight: string; lineHeight: number; letterSpacing: number; }' is not assignable to type 'TextStyle'.
        Types of property 'fontWeight' are incompatible.
          Type 'string' is not assignable to type '100 | 300 | "light" | "400" | "500" | "600" | "700" | 200 | 400 | 500 | 800 | "normal" | "100" | "200" | "300" | "800" | "900" | "bold" | "medium" | "black" | 600 | 700 | 900 | "ultralight" | ... 6 more ... | undefined'.
components/pet/edit/EditPetHealth.tsx(231,23): error TS2769: No overload matches this call.
  Overload 1 of 2, '(props: TextProps): Text', gave the following error.
    Type '{ color: string; fontSize: number; fontWeight: string; lineHeight: number; letterSpacing: number; flex: number; }' is not assignable to type 'StyleProp<TextStyle>'.
      Type '{ color: string; fontSize: number; fontWeight: string; lineHeight: number; letterSpacing: number; flex: number; }' is not assignable to type 'TextStyle'.
        Types of property 'fontWeight' are incompatible.
          Type 'string' is not assignable to type '100 | 300 | "light" | "400" | "500" | "600" | "700" | 200 | 400 | 500 | 800 | "normal" | "100" | "200" | "300" | "800" | "900" | "bold" | "medium" | "black" | 600 | 700 | 900 | "ultralight" | ... 6 more ... | undefined'.
  Overload 2 of 2, '(props: TextProps, context: any): Text', gave the following error.
    Type '{ color: string; fontSize: number; fontWeight: string; lineHeight: number; letterSpacing: number; flex: number; }' is not assignable to type 'StyleProp<TextStyle>'.
      Type '{ color: string; fontSize: number; fontWeight: string; lineHeight: number; letterSpacing: number; flex: number; }' is not assignable to type 'TextStyle'.
        Types of property 'fontWeight' are incompatible.
          Type 'string' is not assignable to type '100 | 300 | "light" | "400" | "500" | "600" | "700" | 200 | 400 | 500 | 800 | "normal" | "100" | "200" | "300" | "800" | "900" | "bold" | "medium" | "black" | 600 | 700 | 900 | "ultralight" | ... 6 more ... | undefined'.
components/pet/EditKeyInfoModal.tsx(6,10): error TS2459: Module '"@/types/components"' declares 'Pet' locally, but it is not exported.
components/pet/EditKeyInfoModal.tsx(98,13): error TS2322: Type '{ children: () => Element; visible: boolean; onClose: () => void; title: string; submitLabel: string; onSubmit: () => Promise<void>; loading: boolean; }' is not assignable to type 'IntrinsicAttributes & FormModalProps<any>'.
  Property 'loading' does not exist on type 'IntrinsicAttributes & FormModalProps<any>'.
components/pet/EditPetModal.tsx(116,54): error TS2769: No overload matches this call.
  Overload 1 of 2, '(values: { address?: string | null | undefined; city?: string | null | undefined; clinic_name: string; country?: string | null | undefined; created_at?: string | null | undefined; email?: string | null | undefined; ... 11 more ...; zip_code?: string | ... 1 more ... | undefined; }, options?: { ...; } | undefined): PostgrestFilterBuilder<...>', gave the following error.
    Argument of type '{ pet_id: string; is_primary: true; address?: string | null | undefined; city?: string | undefined; clinic_name?: string | undefined; country?: string | null | undefined; created_at?: string | null | undefined; ... 10 more ...; zip_code?: string | undefined; }' is not assignable to parameter of type '{ address?: string | null | undefined; city?: string | null | undefined; clinic_name: string; country?: string | null | undefined; created_at?: string | null | undefined; email?: string | null | undefined; ... 11 more ...; zip_code?: string | ... 1 more ... | undefined; }'.
      Types of property 'clinic_name' are incompatible.
        Type 'string | undefined' is not assignable to type 'string'.
          Type 'undefined' is not assignable to type 'string'.
  Overload 2 of 2, '(values: { address?: string | null | undefined; city?: string | null | undefined; clinic_name: string; country?: string | null | undefined; created_at?: string | null | undefined; email?: string | null | undefined; ... 11 more ...; zip_code?: string | ... 1 more ... | undefined; }[], options?: { ...; } | undefined): PostgrestFilterBuilder<...>', gave the following error.
    Object literal may only specify known properties, and 'pet_id' does not exist in type '{ address?: string | null | undefined; city?: string | null | undefined; clinic_name: string; country?: string | null | undefined; created_at?: string | null | undefined; email?: string | null | undefined; ... 11 more ...; zip_code?: string | ... 1 more ... | undefined; }[]'.
components/pet/EditPetModal.tsx(122,41): error TS2769: No overload matches this call.
  Overload 1 of 2, '(relation: "content" | "settings" | "notifications" | "pets" | "profiles" | "documents" | "users" | "roles" | "activity_logs" | "allergies" | "audit_logs" | "behavior_tags" | "breeds" | ... 25 more ... | "weight_entries"): PostgrestQueryBuilder<...>', gave the following error.
    Argument of type '"emergency_contacts"' is not assignable to parameter of type '"content" | "settings" | "notifications" | "pets" | "profiles" | "documents" | "users" | "roles" | "activity_logs" | "allergies" | "audit_logs" | "behavior_tags" | "breeds" | ... 25 more ... | "weight_entries"'.
  Overload 2 of 2, '(relation: never): PostgrestQueryBuilder<{ PostgrestVersion: "13.0.5"; }, { Tables: { activity_logs: { Row: { activity_data: Json; activity_type: string; created_at: string | null; id: string; pet_id: string | null; profile_id: string; }; Insert: { ...; }; Update: { ...; }; Relationships: [...]; }; ... 37 more ...; weight_entries: { ...; }; }; Views: {}; Functions: { ...; }; Enums: {}; CompositeTypes: {}; }, never, never, never>', gave the following error.
    Argument of type '"emergency_contacts"' is not assignable to parameter of type 'never'.
components/pet/EditPetModal.tsx(124,41): error TS2769: No overload matches this call.
  Overload 1 of 2, '(relation: "content" | "settings" | "notifications" | "pets" | "profiles" | "documents" | "users" | "roles" | "activity_logs" | "allergies" | "audit_logs" | "behavior_tags" | "breeds" | ... 25 more ... | "weight_entries"): PostgrestQueryBuilder<...>', gave the following error.
    Argument of type '"emergency_contacts"' is not assignable to parameter of type '"content" | "settings" | "notifications" | "pets" | "profiles" | "documents" | "users" | "roles" | "activity_logs" | "allergies" | "audit_logs" | "behavior_tags" | "breeds" | ... 25 more ... | "weight_entries"'.
  Overload 2 of 2, '(relation: never): PostgrestQueryBuilder<{ PostgrestVersion: "13.0.5"; }, { Tables: { activity_logs: { Row: { activity_data: Json; activity_type: string; created_at: string | null; id: string; pet_id: string | null; profile_id: string; }; Insert: { ...; }; Update: { ...; }; Relationships: [...]; }; ... 37 more ...; weight_entries: { ...; }; }; Views: {}; Functions: { ...; }; Enums: {}; CompositeTypes: {}; }, never, never, never>', gave the following error.
    Argument of type '"emergency_contacts"' is not assignable to parameter of type 'never'.
components/pet/EditPetModal.tsx(127,37): error TS2769: No overload matches this call.
  Overload 1 of 2, '(relation: "content" | "settings" | "notifications" | "pets" | "profiles" | "documents" | "users" | "roles" | "activity_logs" | "allergies" | "audit_logs" | "behavior_tags" | "breeds" | ... 25 more ... | "weight_entries"): PostgrestQueryBuilder<...>', gave the following error.
    Argument of type '"emergency_contacts"' is not assignable to parameter of type '"content" | "settings" | "notifications" | "pets" | "profiles" | "documents" | "users" | "roles" | "activity_logs" | "allergies" | "audit_logs" | "behavior_tags" | "breeds" | ... 25 more ... | "weight_entries"'.
  Overload 2 of 2, '(relation: never): PostgrestQueryBuilder<{ PostgrestVersion: "13.0.5"; }, { Tables: { activity_logs: { Row: { activity_data: Json; activity_type: string; created_at: string | null; id: string; pet_id: string | null; profile_id: string; }; Insert: { ...; }; Update: { ...; }; Relationships: [...]; }; ... 37 more ...; weight_entries: { ...; }; }; Views: {}; Functions: { ...; }; Enums: {}; CompositeTypes: {}; }, never, never, never>', gave the following error.
    Argument of type '"emergency_contacts"' is not assignable to parameter of type 'never'.
components/pet/EditPetModal.tsx(149,13): error TS2322: Type '{ children: () => Element; visible: boolean; onClose: () => void; title: string; submitLabel: string; onSubmit: () => Promise<void>; loading: boolean; }' is not assignable to type 'IntrinsicAttributes & FormModalProps<any>'.
  Property 'loading' does not exist on type 'IntrinsicAttributes & FormModalProps<any>'.
components/pet/PetDetailedCard.tsx(19,64): error TS2345: Argument of type 'Pet' is not assignable to parameter of type 'Pet | undefined'.
  Type 'Pet' is missing the following properties from type 'Pet': owner_id, date_of_adoption, weight_current, weight_unit, and 3 more.
components/pet/PetDetailedCard.tsx(41,26): error TS2339: Property 'sex' does not exist on type 'Pet'.
components/pet/PetDetailedCard.tsx(41,37): error TS2339: Property 'sex' does not exist on type 'Pet'.
components/pet/PetDetailedCard.tsx(95,60): error TS2339: Property 'sex' does not exist on type 'Pet'.
components/pet/PetDetailedCard.tsx(95,135): error TS2339: Property 'sex' does not exist on type 'Pet'.
components/pet/settings/ManageAccessModal.tsx(102,70): error TS2339: Property 'card' does not exist on type '{ primary: string; secondary: string; tertiary: string; gradient: { start: string; end: string; }; }'.
components/profile/ProfileHeader.tsx(55,37): error TS2322: Type '{ 50: string; 100: string; 200: string; 300: string; 400: string; 500: string; 600: string; 700: string; 800: string; 900: string; }' is not assignable to type 'string | OpaqueColorValue | undefined'.
components/ui/AddressAutocomplete.tsx(41,38): error TS2345: Argument of type 'GooglePlaceDetail' is not assignable to parameter of type 'AddressData'.
  Type 'GooglePlaceDetail' is missing the following properties from type 'AddressData': placeId, fullAddress, street, city, and 5 more.
components/ui/AvatarUpload.tsx(54,70): error TS2769: No overload matches this call.
  Overload 1 of 2, '(props: TextProps): Text', gave the following error.
    Type '{ opacity: number; fontSize: number; fontWeight: string; lineHeight: number; letterSpacing: number; }' is not assignable to type 'StyleProp<TextStyle>'.
      Type '{ opacity: number; fontSize: number; fontWeight: string; lineHeight: number; letterSpacing: number; }' is not assignable to type 'TextStyle'.
        Types of property 'fontWeight' are incompatible.
          Type 'string' is not assignable to type '100 | 300 | "light" | "400" | "500" | "600" | "700" | 200 | 400 | 500 | 800 | "normal" | "100" | "200" | "300" | "800" | "900" | "bold" | "medium" | "black" | 600 | 700 | 900 | "ultralight" | ... 6 more ... | undefined'.
  Overload 2 of 2, '(props: TextProps, context: any): Text', gave the following error.
    Type '{ opacity: number; fontSize: number; fontWeight: string; lineHeight: number; letterSpacing: number; }' is not assignable to type 'StyleProp<TextStyle>'.
      Type '{ opacity: number; fontSize: number; fontWeight: string; lineHeight: number; letterSpacing: number; }' is not assignable to type 'TextStyle'.
        Types of property 'fontWeight' are incompatible.
          Type 'string' is not assignable to type '100 | 300 | "light" | "400" | "500" | "600" | "700" | 200 | 400 | 500 | 800 | "normal" | "100" | "200" | "300" | "800" | "900" | "bold" | "medium" | "black" | 600 | 700 | 900 | "ultralight" | ... 6 more ... | undefined'.
components/ui/BottomCTA.tsx(44,80): error TS2339: Property 'disabled' does not exist on type '{ primary: { backgroundColor: string; paddingVertical: number; paddingHorizontal: number; borderRadius: number; alignItems: "center"; justifyContent: "center"; }; secondary: { backgroundColor: string; ... 6 more ...; borderColor: string; }; outline: { ...; }; text: { ...; }; textWhite: { ...; }; textPrimary: { ...; ...'.
components/ui/ConfirmationModal.tsx(76,27): error TS2769: No overload matches this call.
  Overload 1 of 2, '(props: TextProps): Text', gave the following error.
    Type '{ color: string; marginBottom: number; textAlign: "center"; fontSize: number; fontWeight: string; lineHeight: number; }' is not assignable to type 'StyleProp<TextStyle>'.
      Type '{ color: string; marginBottom: number; textAlign: "center"; fontSize: number; fontWeight: string; lineHeight: number; }' is not assignable to type 'TextStyle'.
        Types of property 'fontWeight' are incompatible.
          Type 'string' is not assignable to type '100 | 300 | "light" | "400" | "500" | "600" | "700" | 200 | 400 | 500 | 800 | "normal" | "100" | "200" | "300" | "800" | "900" | "bold" | "medium" | "black" | 600 | 700 | 900 | "ultralight" | ... 6 more ... | undefined'.
  Overload 2 of 2, '(props: TextProps, context: any): Text', gave the following error.
    Type '{ color: string; marginBottom: number; textAlign: "center"; fontSize: number; fontWeight: string; lineHeight: number; }' is not assignable to type 'StyleProp<TextStyle>'.
      Type '{ color: string; marginBottom: number; textAlign: "center"; fontSize: number; fontWeight: string; lineHeight: number; }' is not assignable to type 'TextStyle'.
        Types of property 'fontWeight' are incompatible.
          Type 'string' is not assignable to type '100 | 300 | "light" | "400" | "500" | "600" | "700" | 200 | 400 | 500 | 800 | "normal" | "100" | "200" | "300" | "800" | "900" | "bold" | "medium" | "black" | 600 | 700 | 900 | "ultralight" | ... 6 more ... | undefined'.
components/ui/ConfirmationModal.tsx(77,27): error TS2769: No overload matches this call.
  Overload 1 of 2, '(props: TextProps): Text', gave the following error.
    Type '{ color: string; textAlign: "center"; marginBottom: number; fontSize: number; fontWeight: string; lineHeight: number; letterSpacing: number; }' is not assignable to type 'StyleProp<TextStyle>'.
      Type '{ color: string; textAlign: "center"; marginBottom: number; fontSize: number; fontWeight: string; lineHeight: number; letterSpacing: number; }' is not assignable to type 'TextStyle'.
        Types of property 'fontWeight' are incompatible.
          Type 'string' is not assignable to type '100 | 300 | "light" | "400" | "500" | "600" | "700" | 200 | 400 | 500 | 800 | "normal" | "100" | "200" | "300" | "800" | "900" | "bold" | "medium" | "black" | 600 | 700 | 900 | "ultralight" | ... 6 more ... | undefined'.
  Overload 2 of 2, '(props: TextProps, context: any): Text', gave the following error.
    Type '{ color: string; textAlign: "center"; marginBottom: number; fontSize: number; fontWeight: string; lineHeight: number; letterSpacing: number; }' is not assignable to type 'StyleProp<TextStyle>'.
      Type '{ color: string; textAlign: "center"; marginBottom: number; fontSize: number; fontWeight: string; lineHeight: number; letterSpacing: number; }' is not assignable to type 'TextStyle'.
        Types of property 'fontWeight' are incompatible.
          Type 'string' is not assignable to type '100 | 300 | "light" | "400" | "500" | "600" | "700" | 200 | 400 | 500 | 800 | "normal" | "100" | "200" | "300" | "800" | "900" | "bold" | "medium" | "black" | 600 | 700 | 900 | "ultralight" | ... 6 more ... | undefined'.
components/ui/CustomDatePicker.tsx(62,21): error TS2322: Type 'ViewStyle | TextStyle | ImageStyle' is not assignable to type 'StyleProp<ViewStyle>'.
  Type 'TextStyle' is not assignable to type 'StyleProp<ViewStyle>'.
    Type 'TextStyle' is not assignable to type 'ViewStyle'.
      Types of property 'cursor' are incompatible.
        Type 'string | undefined' is not assignable to type 'CursorValue | undefined'.
          Type 'string' is not assignable to type 'CursorValue | undefined'.
components/ui/CustomDatePicker.tsx(69,33): error TS2322: Type 'ViewStyle | TextStyle | ImageStyle' is not assignable to type 'ViewStyle | Falsy | RegisteredStyle<ViewStyle> | RecursiveArray<ViewStyle | Falsy | RegisteredStyle<ViewStyle>> | readonly (ViewStyle | ... 1 more ... | RegisteredStyle<...>)[]'.
  Type 'TextStyle' is not assignable to type 'ViewStyle | Falsy | RegisteredStyle<ViewStyle> | RecursiveArray<ViewStyle | Falsy | RegisteredStyle<ViewStyle>> | readonly (ViewStyle | ... 1 more ... | RegisteredStyle<...>)[]'.
    Type 'TextStyle' is not assignable to type 'ViewStyle'.
      Types of property 'cursor' are incompatible.
        Type 'string | undefined' is not assignable to type 'CursorValue | undefined'.
          Type 'string' is not assignable to type 'CursorValue | undefined'.
components/ui/CustomDatePicker.tsx(71,31): error TS2769: No overload matches this call.
  Overload 1 of 2, '(props: ViewProps): View', gave the following error.
    Type 'ViewStyle | TextStyle | ImageStyle' is not assignable to type 'StyleProp<ViewStyle>'.
      Type 'TextStyle' is not assignable to type 'StyleProp<ViewStyle>'.
        Type 'TextStyle' is not assignable to type 'ViewStyle'.
          Types of property 'cursor' are incompatible.
            Type 'string | undefined' is not assignable to type 'CursorValue | undefined'.
              Type 'string' is not assignable to type 'CursorValue | undefined'.
  Overload 2 of 2, '(props: ViewProps, context: any): View', gave the following error.
    Type 'ViewStyle | TextStyle | ImageStyle' is not assignable to type 'StyleProp<ViewStyle>'.
      Type 'TextStyle' is not assignable to type 'StyleProp<ViewStyle>'.
        Type 'TextStyle' is not assignable to type 'ViewStyle'.
          Types of property 'cursor' are incompatible.
            Type 'string | undefined' is not assignable to type 'CursorValue | undefined'.
              Type 'string' is not assignable to type 'CursorValue | undefined'.
components/ui/CustomDatePicker.tsx(73,39): error TS2769: No overload matches this call.
  Overload 1 of 2, '(props: TextProps): Text', gave the following error.
    Type 'ViewStyle | TextStyle | ImageStyle' is not assignable to type 'StyleProp<TextStyle>'.
      Type 'ViewStyle' is not assignable to type 'StyleProp<TextStyle>'.
        Type 'ViewStyle' is not assignable to type 'TextStyle'.
          Types of property 'userSelect' are incompatible.
            Type 'string | undefined' is not assignable to type '"contain" | "none" | "auto" | "text" | "all" | undefined'.
              Type 'string' is not assignable to type '"contain" | "none" | "auto" | "text" | "all" | undefined'.
  Overload 2 of 2, '(props: TextProps, context: any): Text', gave the following error.
    Type 'ViewStyle | TextStyle | ImageStyle' is not assignable to type 'StyleProp<TextStyle>'.
      Type 'ViewStyle' is not assignable to type 'StyleProp<TextStyle>'.
        Type 'ViewStyle' is not assignable to type 'TextStyle'.
          Types of property 'userSelect' are incompatible.
            Type 'string | undefined' is not assignable to type '"contain" | "none" | "auto" | "text" | "all" | undefined'.
              Type 'string' is not assignable to type '"contain" | "none" | "auto" | "text" | "all" | undefined'.
components/ui/CustomDatePicker.tsx(75,35): error TS2769: No overload matches this call.
  Overload 1 of 2, '(props: TextProps): Text', gave the following error.
    Type 'ViewStyle | TextStyle | ImageStyle' is not assignable to type 'StyleProp<TextStyle>'.
      Type 'ViewStyle' is not assignable to type 'StyleProp<TextStyle>'.
        Type 'ViewStyle' is not assignable to type 'TextStyle'.
          Types of property 'userSelect' are incompatible.
            Type 'string | undefined' is not assignable to type '"contain" | "none" | "auto" | "text" | "all" | undefined'.
              Type 'string' is not assignable to type '"contain" | "none" | "auto" | "text" | "all" | undefined'.
  Overload 2 of 2, '(props: TextProps, context: any): Text', gave the following error.
    Type 'ViewStyle | TextStyle | ImageStyle' is not assignable to type 'StyleProp<TextStyle>'.
      Type 'ViewStyle' is not assignable to type 'StyleProp<TextStyle>'.
        Type 'ViewStyle' is not assignable to type 'TextStyle'.
          Types of property 'userSelect' are incompatible.
            Type 'string | undefined' is not assignable to type '"contain" | "none" | "auto" | "text" | "all" | undefined'.
              Type 'string' is not assignable to type '"contain" | "none" | "auto" | "text" | "all" | undefined'.
components/ui/CustomDatePicker.tsx(80,39): error TS2769: No overload matches this call.
  Overload 1 of 2, '(props: TextProps): Text', gave the following error.
    Type 'ViewStyle | TextStyle | ImageStyle' is not assignable to type 'StyleProp<TextStyle>'.
      Type 'ViewStyle' is not assignable to type 'StyleProp<TextStyle>'.
        Type 'ViewStyle' is not assignable to type 'TextStyle'.
          Types of property 'userSelect' are incompatible.
            Type 'string | undefined' is not assignable to type '"contain" | "none" | "auto" | "text" | "all" | undefined'.
              Type 'string' is not assignable to type '"contain" | "none" | "auto" | "text" | "all" | undefined'.
  Overload 2 of 2, '(props: TextProps, context: any): Text', gave the following error.
    Type 'ViewStyle | TextStyle | ImageStyle' is not assignable to type 'StyleProp<TextStyle>'.
      Type 'ViewStyle' is not assignable to type 'StyleProp<TextStyle>'.
        Type 'ViewStyle' is not assignable to type 'TextStyle'.
          Types of property 'userSelect' are incompatible.
            Type 'string | undefined' is not assignable to type '"contain" | "none" | "auto" | "text" | "all" | undefined'.
              Type 'string' is not assignable to type '"contain" | "none" | "auto" | "text" | "all" | undefined'.
components/ui/CustomDatePicker.tsx(83,39): error TS2769: No overload matches this call.
  Overload 1 of 2, '(props: ViewProps): View', gave the following error.
    Type 'ViewStyle | TextStyle | ImageStyle' is not assignable to type 'ViewStyle | Falsy | RegisteredStyle<ViewStyle> | RecursiveArray<ViewStyle | Falsy | RegisteredStyle<ViewStyle>> | readonly (ViewStyle | ... 1 more ... | RegisteredStyle<...>)[]'.
      Type 'TextStyle' is not assignable to type 'ViewStyle | Falsy | RegisteredStyle<ViewStyle> | RecursiveArray<ViewStyle | Falsy | RegisteredStyle<ViewStyle>> | readonly (ViewStyle | ... 1 more ... | RegisteredStyle<...>)[]'.
        Type 'TextStyle' is not assignable to type 'ViewStyle'.
          Types of property 'cursor' are incompatible.
            Type 'string | undefined' is not assignable to type 'CursorValue | undefined'.
              Type 'string' is not assignable to type 'CursorValue | undefined'.
  Overload 2 of 2, '(props: ViewProps, context: any): View', gave the following error.
    Type 'ViewStyle | TextStyle | ImageStyle' is not assignable to type 'ViewStyle | Falsy | RegisteredStyle<ViewStyle> | RecursiveArray<ViewStyle | Falsy | RegisteredStyle<ViewStyle>> | readonly (ViewStyle | ... 1 more ... | RegisteredStyle<...>)[]'.
      Type 'TextStyle' is not assignable to type 'ViewStyle | Falsy | RegisteredStyle<ViewStyle> | RecursiveArray<ViewStyle | Falsy | RegisteredStyle<ViewStyle>> | readonly (ViewStyle | ... 1 more ... | RegisteredStyle<...>)[]'.
        Type 'TextStyle' is not assignable to type 'ViewStyle'.
          Types of property 'cursor' are incompatible.
            Type 'string | undefined' is not assignable to type 'CursorValue | undefined'.
              Type 'string' is not assignable to type 'CursorValue | undefined'.
components/ui/CustomDatePicker.tsx(120,19): error TS2769: No overload matches this call.
  Overload 1 of 2, '(props: ViewProps): View', gave the following error.
    Type 'ViewStyle | TextStyle | ImageStyle' is not assignable to type 'StyleProp<ViewStyle>'.
      Type 'TextStyle' is not assignable to type 'StyleProp<ViewStyle>'.
        Type 'TextStyle' is not assignable to type 'ViewStyle'.
          Types of property 'cursor' are incompatible.
            Type 'string | undefined' is not assignable to type 'CursorValue | undefined'.
              Type 'string' is not assignable to type 'CursorValue | undefined'.
  Overload 2 of 2, '(props: ViewProps, context: any): View', gave the following error.
    Type 'ViewStyle | TextStyle | ImageStyle' is not assignable to type 'StyleProp<ViewStyle>'.
      Type 'TextStyle' is not assignable to type 'StyleProp<ViewStyle>'.
        Type 'TextStyle' is not assignable to type 'ViewStyle'.
          Types of property 'cursor' are incompatible.
            Type 'string | undefined' is not assignable to type 'CursorValue | undefined'.
              Type 'string' is not assignable to type 'CursorValue | undefined'.
components/ui/CustomDatePicker.tsx(121,23): error TS2769: No overload matches this call.
  Overload 1 of 2, '(props: ViewProps): View', gave the following error.
    Type 'ViewStyle | TextStyle | ImageStyle' is not assignable to type 'StyleProp<ViewStyle>'.
      Type 'TextStyle' is not assignable to type 'StyleProp<ViewStyle>'.
        Type 'TextStyle' is not assignable to type 'ViewStyle'.
          Types of property 'cursor' are incompatible.
            Type 'string | undefined' is not assignable to type 'CursorValue | undefined'.
              Type 'string' is not assignable to type 'CursorValue | undefined'.
  Overload 2 of 2, '(props: ViewProps, context: any): View', gave the following error.
    Type 'ViewStyle | TextStyle | ImageStyle' is not assignable to type 'StyleProp<ViewStyle>'.
      Type 'TextStyle' is not assignable to type 'StyleProp<ViewStyle>'.
        Type 'TextStyle' is not assignable to type 'ViewStyle'.
          Types of property 'cursor' are incompatible.
            Type 'string | undefined' is not assignable to type 'CursorValue | undefined'.
              Type 'string' is not assignable to type 'CursorValue | undefined'.
components/ui/CustomDatePicker.tsx(122,27): error TS2769: No overload matches this call.
  Overload 1 of 2, '(props: ViewProps): View', gave the following error.
    Type 'ViewStyle | TextStyle | ImageStyle' is not assignable to type 'StyleProp<ViewStyle>'.
      Type 'TextStyle' is not assignable to type 'StyleProp<ViewStyle>'.
        Type 'TextStyle' is not assignable to type 'ViewStyle'.
          Types of property 'cursor' are incompatible.
            Type 'string | undefined' is not assignable to type 'CursorValue | undefined'.
              Type 'string' is not assignable to type 'CursorValue | undefined'.
  Overload 2 of 2, '(props: ViewProps, context: any): View', gave the following error.
    Type 'ViewStyle | TextStyle | ImageStyle' is not assignable to type 'StyleProp<ViewStyle>'.
      Type 'TextStyle' is not assignable to type 'StyleProp<ViewStyle>'.
        Type 'TextStyle' is not assignable to type 'ViewStyle'.
          Types of property 'cursor' are incompatible.
            Type 'string | undefined' is not assignable to type 'CursorValue | undefined'.
              Type 'string' is not assignable to type 'CursorValue | undefined'.
components/ui/CustomDatePicker.tsx(124,35): error TS2769: No overload matches this call.
  Overload 1 of 2, '(props: TextProps): Text', gave the following error.
    Type 'ViewStyle | TextStyle | ImageStyle' is not assignable to type 'StyleProp<TextStyle>'.
      Type 'ViewStyle' is not assignable to type 'StyleProp<TextStyle>'.
        Type 'ViewStyle' is not assignable to type 'TextStyle'.
          Types of property 'userSelect' are incompatible.
            Type 'string | undefined' is not assignable to type '"contain" | "none" | "auto" | "text" | "all" | undefined'.
              Type 'string' is not assignable to type '"contain" | "none" | "auto" | "text" | "all" | undefined'.
  Overload 2 of 2, '(props: TextProps, context: any): Text', gave the following error.
    Type 'ViewStyle | TextStyle | ImageStyle' is not assignable to type 'StyleProp<TextStyle>'.
      Type 'ViewStyle' is not assignable to type 'StyleProp<TextStyle>'.
        Type 'ViewStyle' is not assignable to type 'TextStyle'.
          Types of property 'userSelect' are incompatible.
            Type 'string | undefined' is not assignable to type '"contain" | "none" | "auto" | "text" | "all" | undefined'.
              Type 'string' is not assignable to type '"contain" | "none" | "auto" | "text" | "all" | undefined'.
components/ui/CustomDatePicker.tsx(126,31): error TS2769: No overload matches this call.
  Overload 1 of 2, '(props: TextProps): Text', gave the following error.
    Type 'ViewStyle | TextStyle | ImageStyle' is not assignable to type 'StyleProp<TextStyle>'.
      Type 'ViewStyle' is not assignable to type 'StyleProp<TextStyle>'.
        Type 'ViewStyle' is not assignable to type 'TextStyle'.
          Types of property 'userSelect' are incompatible.
            Type 'string | undefined' is not assignable to type '"contain" | "none" | "auto" | "text" | "all" | undefined'.
              Type 'string' is not assignable to type '"contain" | "none" | "auto" | "text" | "all" | undefined'.
  Overload 2 of 2, '(props: TextProps, context: any): Text', gave the following error.
    Type 'ViewStyle | TextStyle | ImageStyle' is not assignable to type 'StyleProp<TextStyle>'.
      Type 'ViewStyle' is not assignable to type 'StyleProp<TextStyle>'.
        Type 'ViewStyle' is not assignable to type 'TextStyle'.
          Types of property 'userSelect' are incompatible.
            Type 'string | undefined' is not assignable to type '"contain" | "none" | "auto" | "text" | "all" | undefined'.
              Type 'string' is not assignable to type '"contain" | "none" | "auto" | "text" | "all" | undefined'.
components/ui/CustomDatePicker.tsx(128,35): error TS2769: No overload matches this call.
  Overload 1 of 2, '(props: TextProps): Text', gave the following error.
    Type 'ViewStyle | TextStyle | ImageStyle' is not assignable to type 'StyleProp<TextStyle>'.
      Type 'ViewStyle' is not assignable to type 'StyleProp<TextStyle>'.
        Type 'ViewStyle' is not assignable to type 'TextStyle'.
          Types of property 'userSelect' are incompatible.
            Type 'string | undefined' is not assignable to type '"contain" | "none" | "auto" | "text" | "all" | undefined'.
              Type 'string' is not assignable to type '"contain" | "none" | "auto" | "text" | "all" | undefined'.
  Overload 2 of 2, '(props: TextProps, context: any): Text', gave the following error.
    Type 'ViewStyle | TextStyle | ImageStyle' is not assignable to type 'StyleProp<TextStyle>'.
      Type 'ViewStyle' is not assignable to type 'StyleProp<TextStyle>'.
        Type 'ViewStyle' is not assignable to type 'TextStyle'.
          Types of property 'userSelect' are incompatible.
            Type 'string | undefined' is not assignable to type '"contain" | "none" | "auto" | "text" | "all" | undefined'.
              Type 'string' is not assignable to type '"contain" | "none" | "auto" | "text" | "all" | undefined'.
components/ui/CustomDatePicker.tsx(131,27): error TS2769: No overload matches this call.
  Overload 1 of 2, '(props: ViewProps): View', gave the following error.
    Type 'ViewStyle | TextStyle | ImageStyle' is not assignable to type 'StyleProp<ViewStyle>'.
      Type 'TextStyle' is not assignable to type 'StyleProp<ViewStyle>'.
        Type 'TextStyle' is not assignable to type 'ViewStyle'.
          Types of property 'cursor' are incompatible.
            Type 'string | undefined' is not assignable to type 'CursorValue | undefined'.
              Type 'string' is not assignable to type 'CursorValue | undefined'.
  Overload 2 of 2, '(props: ViewProps, context: any): View', gave the following error.
    Type 'ViewStyle | TextStyle | ImageStyle' is not assignable to type 'StyleProp<ViewStyle>'.
      Type 'TextStyle' is not assignable to type 'StyleProp<ViewStyle>'.
        Type 'TextStyle' is not assignable to type 'ViewStyle'.
          Types of property 'cursor' are incompatible.
            Type 'string | undefined' is not assignable to type 'CursorValue | undefined'.
              Type 'string' is not assignable to type 'CursorValue | undefined'.
components/ui/CustomDatePicker.tsx(173,5): error TS2322: Type '{ color: string; fontSize: number; fontWeight: string; lineHeight: number; letterSpacing: number; }' is not assignable to type 'ViewStyle | TextStyle | ImageStyle'.
  Type '{ color: string; fontSize: number; fontWeight: string; lineHeight: number; letterSpacing: number; }' is not assignable to type 'TextStyle'.
    Types of property 'fontWeight' are incompatible.
      Type 'string' is not assignable to type '100 | 300 | "light" | "400" | "500" | "600" | "700" | 200 | 400 | 500 | 800 | "normal" | "100" | "200" | "300" | "800" | "900" | "bold" | "medium" | "black" | 600 | 700 | 900 | "ultralight" | ... 6 more ... | undefined'.
components/ui/CustomDatePicker.tsx(177,5): error TS2322: Type '{ color: string; fontSize: number; fontWeight: string; lineHeight: number; letterSpacing: number; }' is not assignable to type 'ViewStyle | TextStyle | ImageStyle'.
  Type '{ color: string; fontSize: number; fontWeight: string; lineHeight: number; letterSpacing: number; }' is not assignable to type 'TextStyle'.
    Types of property 'fontWeight' are incompatible.
      Type 'string' is not assignable to type '100 | 300 | "light" | "400" | "500" | "600" | "700" | 200 | 400 | 500 | 800 | "normal" | "100" | "200" | "300" | "800" | "900" | "bold" | "medium" | "black" | 600 | 700 | 900 | "ultralight" | ... 6 more ... | undefined'.
components/ui/DateInput.tsx(55,13): error TS2769: No overload matches this call.
  Overload 1 of 2, '(props: TextProps): Text', gave the following error.
    Type '{ color: string; marginBottom: number; fontSize: number; fontWeight: string; lineHeight: number; letterSpacing: number; }' is not assignable to type 'StyleProp<TextStyle>'.
      Type '{ color: string; marginBottom: number; fontSize: number; fontWeight: string; lineHeight: number; letterSpacing: number; }' is not assignable to type 'TextStyle'.
        Types of property 'fontWeight' are incompatible.
          Type 'string' is not assignable to type '100 | 300 | "light" | "400" | "500" | "600" | "700" | 200 | 400 | 500 | 800 | "normal" | "100" | "200" | "300" | "800" | "900" | "bold" | "medium" | "black" | 600 | 700 | 900 | "ultralight" | ... 6 more ... | undefined'.
  Overload 2 of 2, '(props: TextProps, context: any): Text', gave the following error.
    Type '{ color: string; marginBottom: number; fontSize: number; fontWeight: string; lineHeight: number; letterSpacing: number; }' is not assignable to type 'StyleProp<TextStyle>'.
      Type '{ color: string; marginBottom: number; fontSize: number; fontWeight: string; lineHeight: number; letterSpacing: number; }' is not assignable to type 'TextStyle'.
        Types of property 'fontWeight' are incompatible.
          Type 'string' is not assignable to type '100 | 300 | "light" | "400" | "500" | "600" | "700" | 200 | 400 | 500 | 800 | "normal" | "100" | "200" | "300" | "800" | "900" | "bold" | "medium" | "black" | 600 | 700 | 900 | "ultralight" | ... 6 more ... | undefined'.
components/ui/DateInput.tsx(58,11): error TS2769: No overload matches this call.
  Overload 1 of 2, '(props: TextInputProps): TextInput', gave the following error.
    Type '{ color: string; fontSize: number; fontWeight: string; lineHeight: number; letterSpacing: number; flex: number; height: number; borderWidth: number; borderColor: string; borderRadius: number; backgroundColor: string; paddingHorizontal: number; }' is not assignable to type 'StyleProp<TextStyle>'.
      Type '{ color: string; fontSize: number; fontWeight: string; lineHeight: number; letterSpacing: number; flex: number; height: number; borderWidth: number; borderColor: string; borderRadius: number; backgroundColor: string; paddingHorizontal: number; }' is not assignable to type 'TextStyle'.
        Types of property 'fontWeight' are incompatible.
          Type 'string' is not assignable to type '100 | 300 | "light" | "400" | "500" | "600" | "700" | 200 | 400 | 500 | 800 | "normal" | "100" | "200" | "300" | "800" | "900" | "bold" | "medium" | "black" | 600 | 700 | 900 | "ultralight" | ... 6 more ... | undefined'.
  Overload 2 of 2, '(props: TextInputProps, context: any): TextInput', gave the following error.
    Type '{ color: string; fontSize: number; fontWeight: string; lineHeight: number; letterSpacing: number; flex: number; height: number; borderWidth: number; borderColor: string; borderRadius: number; backgroundColor: string; paddingHorizontal: number; }' is not assignable to type 'StyleProp<TextStyle>'.
      Type '{ color: string; fontSize: number; fontWeight: string; lineHeight: number; letterSpacing: number; flex: number; height: number; borderWidth: number; borderColor: string; borderRadius: number; backgroundColor: string; paddingHorizontal: number; }' is not assignable to type 'TextStyle'.
        Types of property 'fontWeight' are incompatible.
          Type 'string' is not assignable to type '100 | 300 | "light" | "400" | "500" | "600" | "700" | 200 | 400 | 500 | 800 | "normal" | "100" | "200" | "300" | "800" | "900" | "bold" | "medium" | "black" | 600 | 700 | 900 | "ultralight" | ... 6 more ... | undefined'.
components/ui/DateInputField.tsx(6,10): error TS2724: '"@/utils/dateUtils"' has no exported member named 'formatDateDDMMYYYY'. Did you mean 'formatDateToDDMMYYYY'?
components/ui/DatePickerWeb.tsx(97,29): error TS2769: No overload matches this call.
  Overload 1 of 2, '(props: TextProps): Text', gave the following error.
    Type '{ color: string; marginTop: number; fontSize: number; fontWeight: string; lineHeight: number; letterSpacing: number; }' is not assignable to type 'StyleProp<TextStyle>'.
      Type '{ color: string; marginTop: number; fontSize: number; fontWeight: string; lineHeight: number; letterSpacing: number; }' is not assignable to type 'TextStyle'.
        Types of property 'fontWeight' are incompatible.
          Type 'string' is not assignable to type '100 | 300 | "light" | "400" | "500" | "600" | "700" | 200 | 400 | 500 | 800 | "normal" | "100" | "200" | "300" | "800" | "900" | "bold" | "medium" | "black" | 600 | 700 | 900 | "ultralight" | ... 6 more ... | undefined'.
  Overload 2 of 2, '(props: TextProps, context: any): Text', gave the following error.
    Type '{ color: string; marginTop: number; fontSize: number; fontWeight: string; lineHeight: number; letterSpacing: number; }' is not assignable to type 'StyleProp<TextStyle>'.
      Type '{ color: string; marginTop: number; fontSize: number; fontWeight: string; lineHeight: number; letterSpacing: number; }' is not assignable to type 'TextStyle'.
        Types of property 'fontWeight' are incompatible.
          Type 'string' is not assignable to type '100 | 300 | "light" | "400" | "500" | "600" | "700" | 200 | 400 | 500 | 800 | "normal" | "100" | "200" | "300" | "800" | "900" | "bold" | "medium" | "black" | 600 | 700 | 900 | "ultralight" | ... 6 more ... | undefined'.
components/ui/DocumentUpload.tsx(20,18): error TS2339: Property 'type' does not exist on type 'DocumentPickerResult'.
  Property 'type' does not exist on type 'DocumentPickerSuccessResult'.
components/ui/DocumentUpload.tsx(21,25): error TS2339: Property 'uri' does not exist on type 'DocumentPickerResult'.
  Property 'uri' does not exist on type 'DocumentPickerSuccessResult'.
components/ui/DocumentUpload.tsx(22,25): error TS2339: Property 'uri' does not exist on type 'DocumentPickerResult'.
  Property 'uri' does not exist on type 'DocumentPickerSuccessResult'.
components/ui/DocumentUpload.tsx(22,37): error TS2339: Property 'mimeType' does not exist on type 'DocumentPickerResult'.
  Property 'mimeType' does not exist on type 'DocumentPickerSuccessResult'.
components/ui/DocumentUpload.tsx(22,67): error TS2339: Property 'name' does not exist on type 'DocumentPickerResult'.
  Property 'name' does not exist on type 'DocumentPickerSuccessResult'.
components/ui/DocumentUpload.tsx(22,93): error TS2339: Property 'size' does not exist on type 'DocumentPickerResult'.
  Property 'size' does not exist on type 'DocumentPickerSuccessResult'.
components/ui/EnhancedButton.tsx(185,11): error TS2769: No overload matches this call.
  Overload 1 of 2, '(props: TextProps): Text', gave the following error.
    Type '{ fontSize: number; fontWeight: string; lineHeight: number; }' is not assignable to type 'TextStyle | Falsy | RegisteredStyle<TextStyle> | RecursiveArray<TextStyle | Falsy | RegisteredStyle<TextStyle>> | readonly (TextStyle | ... 1 more ... | RegisteredStyle<...>)[]'.
      Type '{ fontSize: number; fontWeight: string; lineHeight: number; }' is not assignable to type 'TextStyle'.
        Types of property 'fontWeight' are incompatible.
          Type 'string' is not assignable to type '100 | 300 | "light" | "400" | "500" | "600" | "700" | 200 | 400 | 500 | 800 | "normal" | "100" | "200" | "300" | "800" | "900" | "bold" | "medium" | "black" | 600 | 700 | 900 | "ultralight" | ... 6 more ... | undefined'.
  Overload 2 of 2, '(props: TextProps, context: any): Text', gave the following error.
    Type '{ fontSize: number; fontWeight: string; lineHeight: number; }' is not assignable to type 'TextStyle | Falsy | RegisteredStyle<TextStyle> | RecursiveArray<TextStyle | Falsy | RegisteredStyle<TextStyle>> | readonly (TextStyle | ... 1 more ... | RegisteredStyle<...>)[]'.
      Type '{ fontSize: number; fontWeight: string; lineHeight: number; }' is not assignable to type 'TextStyle'.
        Types of property 'fontWeight' are incompatible.
          Type 'string' is not assignable to type '100 | 300 | "light" | "400" | "500" | "600" | "700" | 200 | 400 | 500 | 800 | "normal" | "100" | "200" | "300" | "800" | "900" | "bold" | "medium" | "black" | 600 | 700 | 900 | "ultralight" | ... 6 more ... | undefined'.
components/ui/EnhancedDatePicker.tsx(65,11): error TS2769: No overload matches this call.
  Overload 1 of 2, '(props: ViewProps): View', gave the following error.
    Type 'ViewStyle | TextStyle | ImageStyle' is not assignable to type 'StyleProp<ViewStyle>'.
      Type 'TextStyle' is not assignable to type 'StyleProp<ViewStyle>'.
        Type 'TextStyle' is not assignable to type 'ViewStyle'.
          Types of property 'cursor' are incompatible.
            Type 'string | undefined' is not assignable to type 'CursorValue | undefined'.
              Type 'string' is not assignable to type 'CursorValue | undefined'.
  Overload 2 of 2, '(props: ViewProps, context: any): View', gave the following error.
    Type 'ViewStyle | TextStyle | ImageStyle' is not assignable to type 'StyleProp<ViewStyle>'.
      Type 'TextStyle' is not assignable to type 'StyleProp<ViewStyle>'.
        Type 'TextStyle' is not assignable to type 'ViewStyle'.
          Types of property 'cursor' are incompatible.
            Type 'string | undefined' is not assignable to type 'CursorValue | undefined'.
              Type 'string' is not assignable to type 'CursorValue | undefined'.
components/ui/EnhancedDatePicker.tsx(66,13): error TS2769: No overload matches this call.
  Overload 1 of 2, '(props: ViewProps): View', gave the following error.
    Type 'ViewStyle | TextStyle | ImageStyle' is not assignable to type 'StyleProp<ViewStyle>'.
      Type 'TextStyle' is not assignable to type 'StyleProp<ViewStyle>'.
        Type 'TextStyle' is not assignable to type 'ViewStyle'.
          Types of property 'cursor' are incompatible.
            Type 'string | undefined' is not assignable to type 'CursorValue | undefined'.
              Type 'string' is not assignable to type 'CursorValue | undefined'.
  Overload 2 of 2, '(props: ViewProps, context: any): View', gave the following error.
    Type 'ViewStyle | TextStyle | ImageStyle' is not assignable to type 'StyleProp<ViewStyle>'.
      Type 'TextStyle' is not assignable to type 'StyleProp<ViewStyle>'.
        Type 'TextStyle' is not assignable to type 'ViewStyle'.
          Types of property 'cursor' are incompatible.
            Type 'string | undefined' is not assignable to type 'CursorValue | undefined'.
              Type 'string' is not assignable to type 'CursorValue | undefined'.
components/ui/EnhancedDatePicker.tsx(73,13): error TS2322: Type 'ViewStyle | TextStyle | ImageStyle' is not assignable to type 'StyleProp<ViewStyle>'.
  Type 'TextStyle' is not assignable to type 'StyleProp<ViewStyle>'.
    Type 'TextStyle' is not assignable to type 'ViewStyle'.
      Types of property 'cursor' are incompatible.
        Type 'string | undefined' is not assignable to type 'CursorValue | undefined'.
          Type 'string' is not assignable to type 'CursorValue | undefined'.
components/ui/EnhancedDatePicker.tsx(76,15): error TS2769: No overload matches this call.
  Overload 1 of 2, '(props: TextProps): Text', gave the following error.
    Type 'ViewStyle | TextStyle | ImageStyle' is not assignable to type 'StyleProp<TextStyle>'.
      Type 'ViewStyle' is not assignable to type 'StyleProp<TextStyle>'.
        Type 'ViewStyle' is not assignable to type 'TextStyle'.
          Types of property 'userSelect' are incompatible.
            Type 'string | undefined' is not assignable to type '"contain" | "none" | "auto" | "text" | "all" | undefined'.
              Type 'string' is not assignable to type '"contain" | "none" | "auto" | "text" | "all" | undefined'.
  Overload 2 of 2, '(props: TextProps, context: any): Text', gave the following error.
    Type 'ViewStyle | TextStyle | ImageStyle' is not assignable to type 'StyleProp<TextStyle>'.
      Type 'ViewStyle' is not assignable to type 'StyleProp<TextStyle>'.
        Type 'ViewStyle' is not assignable to type 'TextStyle'.
          Types of property 'userSelect' are incompatible.
            Type 'string | undefined' is not assignable to type '"contain" | "none" | "auto" | "text" | "all" | undefined'.
              Type 'string' is not assignable to type '"contain" | "none" | "auto" | "text" | "all" | undefined'.
components/ui/EnhancedDatePicker.tsx(78,30): error TS2769: No overload matches this call.
  Overload 1 of 2, '(props: TextProps): Text', gave the following error.
    Type 'ViewStyle | TextStyle | ImageStyle' is not assignable to type 'StyleProp<TextStyle>'.
      Type 'ViewStyle' is not assignable to type 'StyleProp<TextStyle>'.
        Type 'ViewStyle' is not assignable to type 'TextStyle'.
          Types of property 'userSelect' are incompatible.
            Type 'string | undefined' is not assignable to type '"contain" | "none" | "auto" | "text" | "all" | undefined'.
              Type 'string' is not assignable to type '"contain" | "none" | "auto" | "text" | "all" | undefined'.
  Overload 2 of 2, '(props: TextProps, context: any): Text', gave the following error.
    Type 'ViewStyle | TextStyle | ImageStyle' is not assignable to type 'StyleProp<TextStyle>'.
      Type 'ViewStyle' is not assignable to type 'StyleProp<TextStyle>'.
        Type 'ViewStyle' is not assignable to type 'TextStyle'.
          Types of property 'userSelect' are incompatible.
            Type 'string | undefined' is not assignable to type '"contain" | "none" | "auto" | "text" | "all" | undefined'.
              Type 'string' is not assignable to type '"contain" | "none" | "auto" | "text" | "all" | undefined'.
components/ui/EnhancedDatePicker.tsx(84,11): error TS2322: Type 'ViewStyle | TextStyle | ImageStyle' is not assignable to type 'ViewStyle | Falsy | RegisteredStyle<ViewStyle> | RecursiveArray<ViewStyle | Falsy | RegisteredStyle<ViewStyle>> | readonly (ViewStyle | ... 1 more ... | RegisteredStyle<...>)[]'.
  Type 'TextStyle' is not assignable to type 'ViewStyle | Falsy | RegisteredStyle<ViewStyle> | RecursiveArray<ViewStyle | Falsy | RegisteredStyle<ViewStyle>> | readonly (ViewStyle | ... 1 more ... | RegisteredStyle<...>)[]'.
    Type 'TextStyle' is not assignable to type 'ViewStyle'.
      Types of property 'cursor' are incompatible.
        Type 'string | undefined' is not assignable to type 'CursorValue | undefined'.
          Type 'string' is not assignable to type 'CursorValue | undefined'.
components/ui/EnhancedDatePicker.tsx(85,11): error TS2322: Type '"" | ViewStyle | TextStyle | ImageStyle | undefined' is not assignable to type 'ViewStyle | Falsy | RegisteredStyle<ViewStyle> | RecursiveArray<ViewStyle | Falsy | RegisteredStyle<ViewStyle>> | readonly (ViewStyle | ... 1 more ... | RegisteredStyle<...>)[]'.
  Type 'TextStyle' is not assignable to type 'ViewStyle | Falsy | RegisteredStyle<ViewStyle> | RecursiveArray<ViewStyle | Falsy | RegisteredStyle<ViewStyle>> | readonly (ViewStyle | ... 1 more ... | RegisteredStyle<...>)[]'.
    Type 'TextStyle' is not assignable to type 'ViewStyle'.
      Types of property 'cursor' are incompatible.
        Type 'string | undefined' is not assignable to type 'CursorValue | undefined'.
          Type 'string' is not assignable to type 'CursorValue | undefined'.
components/ui/EnhancedDatePicker.tsx(86,11): error TS2322: Type 'false | ViewStyle | TextStyle | ImageStyle' is not assignable to type 'ViewStyle | Falsy | RegisteredStyle<ViewStyle> | RecursiveArray<ViewStyle | Falsy | RegisteredStyle<ViewStyle>> | readonly (ViewStyle | ... 1 more ... | RegisteredStyle<...>)[]'.
  Type 'TextStyle' is not assignable to type 'ViewStyle | Falsy | RegisteredStyle<ViewStyle> | RecursiveArray<ViewStyle | Falsy | RegisteredStyle<ViewStyle>> | readonly (ViewStyle | ... 1 more ... | RegisteredStyle<...>)[]'.
    Type 'TextStyle' is not assignable to type 'ViewStyle'.
      Types of property 'cursor' are incompatible.
        Type 'string | undefined' is not assignable to type 'CursorValue | undefined'.
          Type 'string' is not assignable to type 'CursorValue | undefined'.
components/ui/EnhancedDatePicker.tsx(91,10): error TS2769: No overload matches this call.
  Overload 2 of 2, '(props: TextProps, context: any): Text', gave the following error.
    Type 'ViewStyle | TextStyle | ImageStyle' is not assignable to type 'TextStyle | Falsy | RegisteredStyle<TextStyle> | RecursiveArray<TextStyle | Falsy | RegisteredStyle<TextStyle>> | readonly (TextStyle | ... 1 more ... | RegisteredStyle<...>)[]'.
      Type 'ViewStyle' is not assignable to type 'TextStyle | Falsy | RegisteredStyle<TextStyle> | RecursiveArray<TextStyle | Falsy | RegisteredStyle<TextStyle>> | readonly (TextStyle | ... 1 more ... | RegisteredStyle<...>)[]'.
        Type 'ViewStyle' is not assignable to type 'TextStyle'.
          Types of property 'userSelect' are incompatible.
            Type 'string | undefined' is not assignable to type '"contain" | "none" | "auto" | "text" | "all" | undefined'.
              Type 'string' is not assignable to type '"contain" | "none" | "auto" | "text" | "all" | undefined'.
  Overload 2 of 2, '(props: TextProps, context: any): Text', gave the following error.
    Type 'false | ViewStyle | TextStyle | ImageStyle' is not assignable to type 'TextStyle | Falsy | RegisteredStyle<TextStyle> | RecursiveArray<TextStyle | Falsy | RegisteredStyle<TextStyle>> | readonly (TextStyle | ... 1 more ... | RegisteredStyle<...>)[]'.
      Type 'ViewStyle' is not assignable to type 'TextStyle | Falsy | RegisteredStyle<TextStyle> | RecursiveArray<TextStyle | Falsy | RegisteredStyle<TextStyle>> | readonly (TextStyle | ... 1 more ... | RegisteredStyle<...>)[]'.
        Type 'ViewStyle' is not assignable to type 'TextStyle'.
          Types of property 'userSelect' are incompatible.
            Type 'string | undefined' is not assignable to type '"contain" | "none" | "auto" | "text" | "all" | undefined'.
              Type 'string' is not assignable to type '"contain" | "none" | "auto" | "text" | "all" | undefined'.
  Overload 2 of 2, '(props: TextProps, context: any): Text', gave the following error.
    Type 'false | ViewStyle | TextStyle | ImageStyle' is not assignable to type 'TextStyle | Falsy | RegisteredStyle<TextStyle> | RecursiveArray<TextStyle | Falsy | RegisteredStyle<TextStyle>> | readonly (TextStyle | ... 1 more ... | RegisteredStyle<...>)[]'.
      Type 'ViewStyle' is not assignable to type 'TextStyle | Falsy | RegisteredStyle<TextStyle> | RecursiveArray<TextStyle | Falsy | RegisteredStyle<TextStyle>> | readonly (TextStyle | ... 1 more ... | RegisteredStyle<...>)[]'.
        Type 'ViewStyle' is not assignable to type 'TextStyle'.
          Types of property 'userSelect' are incompatible.
            Type 'string | undefined' is not assignable to type '"contain" | "none" | "auto" | "text" | "all" | undefined'.
              Type 'string' is not assignable to type '"contain" | "none" | "auto" | "text" | "all" | undefined'.
components/ui/EnhancedDatePicker.tsx(106,23): error TS2769: No overload matches this call.
  Overload 1 of 2, '(props: TextProps): Text', gave the following error.
    Type 'ViewStyle | TextStyle | ImageStyle' is not assignable to type 'StyleProp<TextStyle>'.
      Type 'ViewStyle' is not assignable to type 'StyleProp<TextStyle>'.
        Type 'ViewStyle' is not assignable to type 'TextStyle'.
          Types of property 'userSelect' are incompatible.
            Type 'string | undefined' is not assignable to type '"contain" | "none" | "auto" | "text" | "all" | undefined'.
              Type 'string' is not assignable to type '"contain" | "none" | "auto" | "text" | "all" | undefined'.
  Overload 2 of 2, '(props: TextProps, context: any): Text', gave the following error.
    Type 'ViewStyle | TextStyle | ImageStyle' is not assignable to type 'StyleProp<TextStyle>'.
      Type 'ViewStyle' is not assignable to type 'StyleProp<TextStyle>'.
        Type 'ViewStyle' is not assignable to type 'TextStyle'.
          Types of property 'userSelect' are incompatible.
            Type 'string | undefined' is not assignable to type '"contain" | "none" | "auto" | "text" | "all" | undefined'.
              Type 'string' is not assignable to type '"contain" | "none" | "auto" | "text" | "all" | undefined'.
components/ui/EnhancedDatePicker.tsx(115,11): error TS2322: Type 'ViewStyle | TextStyle | ImageStyle' is not assignable to type 'StyleProp<ViewStyle>'.
  Type 'TextStyle' is not assignable to type 'StyleProp<ViewStyle>'.
    Type 'TextStyle' is not assignable to type 'ViewStyle'.
      Types of property 'cursor' are incompatible.
        Type 'string | undefined' is not assignable to type 'CursorValue | undefined'.
          Type 'string' is not assignable to type 'CursorValue | undefined'.
components/ui/EnhancedDatePicker.tsx(119,17): error TS2769: No overload matches this call.
  Overload 1 of 2, '(props: ViewProps): View', gave the following error.
    Type 'ViewStyle | TextStyle | ImageStyle' is not assignable to type 'StyleProp<ViewStyle>'.
      Type 'TextStyle' is not assignable to type 'StyleProp<ViewStyle>'.
        Type 'TextStyle' is not assignable to type 'ViewStyle'.
          Types of property 'cursor' are incompatible.
            Type 'string | undefined' is not assignable to type 'CursorValue | undefined'.
              Type 'string' is not assignable to type 'CursorValue | undefined'.
  Overload 2 of 2, '(props: ViewProps, context: any): View', gave the following error.
    Type 'ViewStyle | TextStyle | ImageStyle' is not assignable to type 'StyleProp<ViewStyle>'.
      Type 'TextStyle' is not assignable to type 'StyleProp<ViewStyle>'.
        Type 'TextStyle' is not assignable to type 'ViewStyle'.
          Types of property 'cursor' are incompatible.
            Type 'string | undefined' is not assignable to type 'CursorValue | undefined'.
              Type 'string' is not assignable to type 'CursorValue | undefined'.
components/ui/EnhancedDatePicker.tsx(121,19): error TS2769: No overload matches this call.
  Overload 1 of 2, '(props: ViewProps): View', gave the following error.
    Type 'ViewStyle | TextStyle | ImageStyle' is not assignable to type 'StyleProp<ViewStyle>'.
      Type 'TextStyle' is not assignable to type 'StyleProp<ViewStyle>'.
        Type 'TextStyle' is not assignable to type 'ViewStyle'.
          Types of property 'cursor' are incompatible.
            Type 'string | undefined' is not assignable to type 'CursorValue | undefined'.
              Type 'string' is not assignable to type 'CursorValue | undefined'.
  Overload 2 of 2, '(props: ViewProps, context: any): View', gave the following error.
    Type 'ViewStyle | TextStyle | ImageStyle' is not assignable to type 'StyleProp<ViewStyle>'.
      Type 'TextStyle' is not assignable to type 'StyleProp<ViewStyle>'.
        Type 'TextStyle' is not assignable to type 'ViewStyle'.
          Types of property 'cursor' are incompatible.
            Type 'string | undefined' is not assignable to type 'CursorValue | undefined'.
              Type 'string' is not assignable to type 'CursorValue | undefined'.
components/ui/EnhancedDatePicker.tsx(124,69): error TS2322: Type 'ViewStyle | TextStyle | ImageStyle' is not assignable to type 'StyleProp<ViewStyle>'.
  Type 'TextStyle' is not assignable to type 'StyleProp<ViewStyle>'.
    Type 'TextStyle' is not assignable to type 'ViewStyle'.
      Types of property 'cursor' are incompatible.
        Type 'string | undefined' is not assignable to type 'CursorValue | undefined'.
          Type 'string' is not assignable to type 'CursorValue | undefined'.
components/ui/EnhancedDatePicker.tsx(127,25): error TS2769: No overload matches this call.
  Overload 1 of 2, '(props: ViewProps): View', gave the following error.
    Type 'ViewStyle | TextStyle | ImageStyle' is not assignable to type 'StyleProp<ViewStyle>'.
      Type 'TextStyle' is not assignable to type 'StyleProp<ViewStyle>'.
        Type 'TextStyle' is not assignable to type 'ViewStyle'.
          Types of property 'cursor' are incompatible.
            Type 'string | undefined' is not assignable to type 'CursorValue | undefined'.
              Type 'string' is not assignable to type 'CursorValue | undefined'.
  Overload 2 of 2, '(props: ViewProps, context: any): View', gave the following error.
    Type 'ViewStyle | TextStyle | ImageStyle' is not assignable to type 'StyleProp<ViewStyle>'.
      Type 'TextStyle' is not assignable to type 'StyleProp<ViewStyle>'.
        Type 'TextStyle' is not assignable to type 'ViewStyle'.
          Types of property 'cursor' are incompatible.
            Type 'string | undefined' is not assignable to type 'CursorValue | undefined'.
              Type 'string' is not assignable to type 'CursorValue | undefined'.
components/ui/EnhancedDatePicker.tsx(128,81): error TS2322: Type 'ViewStyle | TextStyle | ImageStyle' is not assignable to type 'StyleProp<ViewStyle>'.
  Type 'TextStyle' is not assignable to type 'StyleProp<ViewStyle>'.
    Type 'TextStyle' is not assignable to type 'ViewStyle'.
      Types of property 'cursor' are incompatible.
        Type 'string | undefined' is not assignable to type 'CursorValue | undefined'.
          Type 'string' is not assignable to type 'CursorValue | undefined'.
components/ui/EnhancedDatePicker.tsx(129,29): error TS2769: No overload matches this call.
  Overload 1 of 2, '(props: TextProps): Text', gave the following error.
    Type 'ViewStyle | TextStyle | ImageStyle' is not assignable to type 'StyleProp<TextStyle>'.
      Type 'ViewStyle' is not assignable to type 'StyleProp<TextStyle>'.
        Type 'ViewStyle' is not assignable to type 'TextStyle'.
          Types of property 'userSelect' are incompatible.
            Type 'string | undefined' is not assignable to type '"contain" | "none" | "auto" | "text" | "all" | undefined'.
              Type 'string' is not assignable to type '"contain" | "none" | "auto" | "text" | "all" | undefined'.
  Overload 2 of 2, '(props: TextProps, context: any): Text', gave the following error.
    Type 'ViewStyle | TextStyle | ImageStyle' is not assignable to type 'StyleProp<TextStyle>'.
      Type 'ViewStyle' is not assignable to type 'StyleProp<TextStyle>'.
        Type 'ViewStyle' is not assignable to type 'TextStyle'.
          Types of property 'userSelect' are incompatible.
            Type 'string | undefined' is not assignable to type '"contain" | "none" | "auto" | "text" | "all" | undefined'.
              Type 'string' is not assignable to type '"contain" | "none" | "auto" | "text" | "all" | undefined'.
components/ui/EnhancedDatePicker.tsx(133,80): error TS2322: Type 'ViewStyle | TextStyle | ImageStyle' is not assignable to type 'StyleProp<ViewStyle>'.
  Type 'TextStyle' is not assignable to type 'StyleProp<ViewStyle>'.
    Type 'TextStyle' is not assignable to type 'ViewStyle'.
      Types of property 'cursor' are incompatible.
        Type 'string | undefined' is not assignable to type 'CursorValue | undefined'.
          Type 'string' is not assignable to type 'CursorValue | undefined'.
components/ui/EnhancedDatePicker.tsx(134,29): error TS2769: No overload matches this call.
  Overload 1 of 2, '(props: TextProps): Text', gave the following error.
    Type 'ViewStyle | TextStyle | ImageStyle' is not assignable to type 'StyleProp<TextStyle>'.
      Type 'ViewStyle' is not assignable to type 'StyleProp<TextStyle>'.
        Type 'ViewStyle' is not assignable to type 'TextStyle'.
          Types of property 'userSelect' are incompatible.
            Type 'string | undefined' is not assignable to type '"contain" | "none" | "auto" | "text" | "all" | undefined'.
              Type 'string' is not assignable to type '"contain" | "none" | "auto" | "text" | "all" | undefined'.
  Overload 2 of 2, '(props: TextProps, context: any): Text', gave the following error.
    Type 'ViewStyle | TextStyle | ImageStyle' is not assignable to type 'StyleProp<TextStyle>'.
      Type 'ViewStyle' is not assignable to type 'StyleProp<TextStyle>'.
        Type 'ViewStyle' is not assignable to type 'TextStyle'.
          Types of property 'userSelect' are incompatible.
            Type 'string | undefined' is not assignable to type '"contain" | "none" | "auto" | "text" | "all" | undefined'.
              Type 'string' is not assignable to type '"contain" | "none" | "auto" | "text" | "all" | undefined'.
components/ui/EnhancedDatePicker.tsx(137,68): error TS2322: Type 'ViewStyle | TextStyle | ImageStyle' is not assignable to type 'StyleProp<ViewStyle>'.
  Type 'TextStyle' is not assignable to type 'StyleProp<ViewStyle>'.
    Type 'TextStyle' is not assignable to type 'ViewStyle'.
      Types of property 'cursor' are incompatible.
        Type 'string | undefined' is not assignable to type 'CursorValue | undefined'.
          Type 'string' is not assignable to type 'CursorValue | undefined'.
components/ui/EnhancedDatePicker.tsx(142,23): error TS2769: No overload matches this call.
  Overload 1 of 2, '(props: ViewProps): View', gave the following error.
    Type 'ViewStyle | TextStyle | ImageStyle' is not assignable to type 'StyleProp<ViewStyle>'.
      Type 'TextStyle' is not assignable to type 'StyleProp<ViewStyle>'.
        Type 'TextStyle' is not assignable to type 'ViewStyle'.
          Types of property 'cursor' are incompatible.
            Type 'string | undefined' is not assignable to type 'CursorValue | undefined'.
              Type 'string' is not assignable to type 'CursorValue | undefined'.
  Overload 2 of 2, '(props: ViewProps, context: any): View', gave the following error.
    Type 'ViewStyle | TextStyle | ImageStyle' is not assignable to type 'StyleProp<ViewStyle>'.
      Type 'TextStyle' is not assignable to type 'StyleProp<ViewStyle>'.
        Type 'TextStyle' is not assignable to type 'ViewStyle'.
          Types of property 'cursor' are incompatible.
            Type 'string | undefined' is not assignable to type 'CursorValue | undefined'.
              Type 'string' is not assignable to type 'CursorValue | undefined'.
components/ui/EnhancedDatePicker.tsx(143,25): error TS2769: No overload matches this call.
  Overload 1 of 2, '(props: TextProps): Text', gave the following error.
    Type 'ViewStyle | TextStyle | ImageStyle' is not assignable to type 'StyleProp<TextStyle>'.
      Type 'ViewStyle' is not assignable to type 'StyleProp<TextStyle>'.
        Type 'ViewStyle' is not assignable to type 'TextStyle'.
          Types of property 'userSelect' are incompatible.
            Type 'string | undefined' is not assignable to type '"contain" | "none" | "auto" | "text" | "all" | undefined'.
              Type 'string' is not assignable to type '"contain" | "none" | "auto" | "text" | "all" | undefined'.
  Overload 2 of 2, '(props: TextProps, context: any): Text', gave the following error.
    Type 'ViewStyle | TextStyle | ImageStyle' is not assignable to type 'StyleProp<TextStyle>'.
      Type 'ViewStyle' is not assignable to type 'StyleProp<TextStyle>'.
        Type 'ViewStyle' is not assignable to type 'TextStyle'.
          Types of property 'userSelect' are incompatible.
            Type 'string | undefined' is not assignable to type '"contain" | "none" | "auto" | "text" | "all" | undefined'.
              Type 'string' is not assignable to type '"contain" | "none" | "auto" | "text" | "all" | undefined'.
components/ui/EnhancedDatePicker.tsx(148,78): error TS2322: Type 'ViewStyle | TextStyle | ImageStyle' is not assignable to type 'StyleProp<ViewStyle>'.
  Type 'TextStyle' is not assignable to type 'StyleProp<ViewStyle>'.
    Type 'TextStyle' is not assignable to type 'ViewStyle'.
      Types of property 'cursor' are incompatible.
        Type 'string | undefined' is not assignable to type 'CursorValue | undefined'.
          Type 'string' is not assignable to type 'CursorValue | undefined'.
components/ui/EnhancedDatePicker.tsx(156,19): error TS2769: No overload matches this call.
  Overload 1 of 2, '(props: ViewProps): View', gave the following error.
    Type 'ViewStyle | TextStyle | ImageStyle' is not assignable to type 'StyleProp<ViewStyle>'.
      Type 'TextStyle' is not assignable to type 'StyleProp<ViewStyle>'.
        Type 'TextStyle' is not assignable to type 'ViewStyle'.
          Types of property 'cursor' are incompatible.
            Type 'string | undefined' is not assignable to type 'CursorValue | undefined'.
              Type 'string' is not assignable to type 'CursorValue | undefined'.
  Overload 2 of 2, '(props: ViewProps, context: any): View', gave the following error.
    Type 'ViewStyle | TextStyle | ImageStyle' is not assignable to type 'StyleProp<ViewStyle>'.
      Type 'TextStyle' is not assignable to type 'StyleProp<ViewStyle>'.
        Type 'TextStyle' is not assignable to type 'ViewStyle'.
          Types of property 'cursor' are incompatible.
            Type 'string | undefined' is not assignable to type 'CursorValue | undefined'.
              Type 'string' is not assignable to type 'CursorValue | undefined'.
components/ui/EnhancedDatePicker.tsx(159,25): error TS2769: No overload matches this call.
  Overload 1 of 2, '(props: ViewProps): View', gave the following error.
    Type 'ViewStyle | TextStyle | ImageStyle' is not assignable to type 'StyleProp<ViewStyle>'.
      Type 'TextStyle' is not assignable to type 'StyleProp<ViewStyle>'.
        Type 'TextStyle' is not assignable to type 'ViewStyle'.
          Types of property 'cursor' are incompatible.
            Type 'string | undefined' is not assignable to type 'CursorValue | undefined'.
              Type 'string' is not assignable to type 'CursorValue | undefined'.
  Overload 2 of 2, '(props: ViewProps, context: any): View', gave the following error.
    Type 'ViewStyle | TextStyle | ImageStyle' is not assignable to type 'StyleProp<ViewStyle>'.
      Type 'TextStyle' is not assignable to type 'StyleProp<ViewStyle>'.
        Type 'TextStyle' is not assignable to type 'ViewStyle'.
          Types of property 'cursor' are incompatible.
            Type 'string | undefined' is not assignable to type 'CursorValue | undefined'.
              Type 'string' is not assignable to type 'CursorValue | undefined'.
components/ui/EnhancedDatePicker.tsx(163,33): error TS2322: Type 'ViewStyle | TextStyle | ImageStyle' is not assignable to type 'ViewStyle | Falsy | RegisteredStyle<ViewStyle> | RecursiveArray<ViewStyle | Falsy | RegisteredStyle<ViewStyle>> | readonly (ViewStyle | ... 1 more ... | RegisteredStyle<...>)[]'.
  Type 'TextStyle' is not assignable to type 'ViewStyle | Falsy | RegisteredStyle<ViewStyle> | RecursiveArray<ViewStyle | Falsy | RegisteredStyle<ViewStyle>> | readonly (ViewStyle | ... 1 more ... | RegisteredStyle<...>)[]'.
    Type 'TextStyle' is not assignable to type 'ViewStyle'.
      Types of property 'cursor' are incompatible.
        Type 'string | undefined' is not assignable to type 'CursorValue | undefined'.
          Type 'string' is not assignable to type 'CursorValue | undefined'.
components/ui/EnhancedDatePicker.tsx(163,50): error TS2322: Type 'false | ViewStyle | TextStyle | ImageStyle' is not assignable to type 'ViewStyle | Falsy | RegisteredStyle<ViewStyle> | RecursiveArray<ViewStyle | Falsy | RegisteredStyle<ViewStyle>> | readonly (ViewStyle | ... 1 more ... | RegisteredStyle<...>)[]'.
  Type 'TextStyle' is not assignable to type 'ViewStyle | Falsy | RegisteredStyle<ViewStyle> | RecursiveArray<ViewStyle | Falsy | RegisteredStyle<ViewStyle>> | readonly (ViewStyle | ... 1 more ... | RegisteredStyle<...>)[]'.
    Type 'TextStyle' is not assignable to type 'ViewStyle'.
      Types of property 'cursor' are incompatible.
        Type 'string | undefined' is not assignable to type 'CursorValue | undefined'.
          Type 'string' is not assignable to type 'CursorValue | undefined'.
components/ui/EnhancedDatePicker.tsx(169,26): error TS2769: No overload matches this call.
  Overload 2 of 2, '(props: TextProps, context: any): Text', gave the following error.
    Type 'ViewStyle | TextStyle | ImageStyle' is not assignable to type 'TextStyle | Falsy | RegisteredStyle<TextStyle> | RecursiveArray<TextStyle | Falsy | RegisteredStyle<TextStyle>> | readonly (TextStyle | ... 1 more ... | RegisteredStyle<...>)[]'.
      Type 'ViewStyle' is not assignable to type 'TextStyle | Falsy | RegisteredStyle<TextStyle> | RecursiveArray<TextStyle | Falsy | RegisteredStyle<TextStyle>> | readonly (TextStyle | ... 1 more ... | RegisteredStyle<...>)[]'.
        Type 'ViewStyle' is not assignable to type 'TextStyle'.
          Types of property 'userSelect' are incompatible.
            Type 'string | undefined' is not assignable to type '"contain" | "none" | "auto" | "text" | "all" | undefined'.
              Type 'string' is not assignable to type '"contain" | "none" | "auto" | "text" | "all" | undefined'.
  Overload 2 of 2, '(props: TextProps, context: any): Text', gave the following error.
    Type 'false | ViewStyle | TextStyle | ImageStyle' is not assignable to type 'TextStyle | Falsy | RegisteredStyle<TextStyle> | RecursiveArray<TextStyle | Falsy | RegisteredStyle<TextStyle>> | readonly (TextStyle | ... 1 more ... | RegisteredStyle<...>)[]'.
      Type 'ViewStyle' is not assignable to type 'TextStyle | Falsy | RegisteredStyle<TextStyle> | RecursiveArray<TextStyle | Falsy | RegisteredStyle<TextStyle>> | readonly (TextStyle | ... 1 more ... | RegisteredStyle<...>)[]'.
        Type 'ViewStyle' is not assignable to type 'TextStyle'.
          Types of property 'userSelect' are incompatible.
            Type 'string | undefined' is not assignable to type '"contain" | "none" | "auto" | "text" | "all" | undefined'.
              Type 'string' is not assignable to type '"contain" | "none" | "auto" | "text" | "all" | undefined'.
components/ui/EnhancedDatePicker.tsx(175,23): error TS2769: No overload matches this call.
  Overload 1 of 2, '(props: ViewProps): View', gave the following error.
    Type 'ViewStyle | TextStyle | ImageStyle' is not assignable to type 'StyleProp<ViewStyle>'.
      Type 'TextStyle' is not assignable to type 'StyleProp<ViewStyle>'.
        Type 'TextStyle' is not assignable to type 'ViewStyle'.
          Types of property 'cursor' are incompatible.
            Type 'string | undefined' is not assignable to type 'CursorValue | undefined'.
              Type 'string' is not assignable to type 'CursorValue | undefined'.
  Overload 2 of 2, '(props: ViewProps, context: any): View', gave the following error.
    Type 'ViewStyle | TextStyle | ImageStyle' is not assignable to type 'StyleProp<ViewStyle>'.
      Type 'TextStyle' is not assignable to type 'StyleProp<ViewStyle>'.
        Type 'TextStyle' is not assignable to type 'ViewStyle'.
          Types of property 'cursor' are incompatible.
            Type 'string | undefined' is not assignable to type 'CursorValue | undefined'.
              Type 'string' is not assignable to type 'CursorValue | undefined'.
components/ui/EnhancedDatePicker.tsx(179,31): error TS2322: Type 'ViewStyle | TextStyle | ImageStyle' is not assignable to type 'ViewStyle | Falsy | RegisteredStyle<ViewStyle> | RecursiveArray<ViewStyle | Falsy | RegisteredStyle<ViewStyle>> | readonly (ViewStyle | ... 1 more ... | RegisteredStyle<...>)[]'.
  Type 'TextStyle' is not assignable to type 'ViewStyle | Falsy | RegisteredStyle<ViewStyle> | RecursiveArray<ViewStyle | Falsy | RegisteredStyle<ViewStyle>> | readonly (ViewStyle | ... 1 more ... | RegisteredStyle<...>)[]'.
    Type 'TextStyle' is not assignable to type 'ViewStyle'.
      Types of property 'cursor' are incompatible.
        Type 'string | undefined' is not assignable to type 'CursorValue | undefined'.
          Type 'string' is not assignable to type 'CursorValue | undefined'.
components/ui/EnhancedDatePicker.tsx(179,49): error TS2322: Type 'false | ViewStyle | TextStyle | ImageStyle' is not assignable to type 'ViewStyle | Falsy | RegisteredStyle<ViewStyle> | RecursiveArray<ViewStyle | Falsy | RegisteredStyle<ViewStyle>> | readonly (ViewStyle | ... 1 more ... | RegisteredStyle<...>)[]'.
  Type 'TextStyle' is not assignable to type 'ViewStyle | Falsy | RegisteredStyle<ViewStyle> | RecursiveArray<ViewStyle | Falsy | RegisteredStyle<ViewStyle>> | readonly (ViewStyle | ... 1 more ... | RegisteredStyle<...>)[]'.
    Type 'TextStyle' is not assignable to type 'ViewStyle'.
      Types of property 'cursor' are incompatible.
        Type 'string | undefined' is not assignable to type 'CursorValue | undefined'.
          Type 'string' is not assignable to type 'CursorValue | undefined'.
components/ui/EnhancedDatePicker.tsx(185,24): error TS2769: No overload matches this call.
  Overload 2 of 2, '(props: TextProps, context: any): Text', gave the following error.
    Type 'ViewStyle | TextStyle | ImageStyle' is not assignable to type 'TextStyle | Falsy | RegisteredStyle<TextStyle> | RecursiveArray<TextStyle | Falsy | RegisteredStyle<TextStyle>> | readonly (TextStyle | ... 1 more ... | RegisteredStyle<...>)[]'.
      Type 'ViewStyle' is not assignable to type 'TextStyle | Falsy | RegisteredStyle<TextStyle> | RecursiveArray<TextStyle | Falsy | RegisteredStyle<TextStyle>> | readonly (TextStyle | ... 1 more ... | RegisteredStyle<...>)[]'.
        Type 'ViewStyle' is not assignable to type 'TextStyle'.
          Types of property 'userSelect' are incompatible.
            Type 'string | undefined' is not assignable to type '"contain" | "none" | "auto" | "text" | "all" | undefined'.
              Type 'string' is not assignable to type '"contain" | "none" | "auto" | "text" | "all" | undefined'.
  Overload 2 of 2, '(props: TextProps, context: any): Text', gave the following error.
    Type 'false | ViewStyle | TextStyle | ImageStyle' is not assignable to type 'TextStyle | Falsy | RegisteredStyle<TextStyle> | RecursiveArray<TextStyle | Falsy | RegisteredStyle<TextStyle>> | readonly (TextStyle | ... 1 more ... | RegisteredStyle<...>)[]'.
      Type 'ViewStyle' is not assignable to type 'TextStyle | Falsy | RegisteredStyle<TextStyle> | RecursiveArray<TextStyle | Falsy | RegisteredStyle<TextStyle>> | readonly (TextStyle | ... 1 more ... | RegisteredStyle<...>)[]'.
        Type 'ViewStyle' is not assignable to type 'TextStyle'.
          Types of property 'userSelect' are incompatible.
            Type 'string | undefined' is not assignable to type '"contain" | "none" | "auto" | "text" | "all" | undefined'.
              Type 'string' is not assignable to type '"contain" | "none" | "auto" | "text" | "all" | undefined'.
components/ui/EnhancedDatePicker.tsx(199,31): error TS2322: Type 'ViewStyle | TextStyle | ImageStyle' is not assignable to type 'StyleProp<ViewStyle>'.
  Type 'TextStyle' is not assignable to type 'StyleProp<ViewStyle>'.
    Type 'TextStyle' is not assignable to type 'ViewStyle'.
      Types of property 'cursor' are incompatible.
        Type 'string | undefined' is not assignable to type 'CursorValue | undefined'.
          Type 'string' is not assignable to type 'CursorValue | undefined'.
components/ui/EnhancedDatePicker.tsx(200,21): error TS2769: No overload matches this call.
  Overload 1 of 2, '(props: TextProps): Text', gave the following error.
    Type 'ViewStyle | TextStyle | ImageStyle' is not assignable to type 'StyleProp<TextStyle>'.
      Type 'ViewStyle' is not assignable to type 'StyleProp<TextStyle>'.
        Type 'ViewStyle' is not assignable to type 'TextStyle'.
          Types of property 'userSelect' are incompatible.
            Type 'string | undefined' is not assignable to type '"contain" | "none" | "auto" | "text" | "all" | undefined'.
              Type 'string' is not assignable to type '"contain" | "none" | "auto" | "text" | "all" | undefined'.
  Overload 2 of 2, '(props: TextProps, context: any): Text', gave the following error.
    Type 'ViewStyle | TextStyle | ImageStyle' is not assignable to type 'StyleProp<TextStyle>'.
      Type 'ViewStyle' is not assignable to type 'StyleProp<TextStyle>'.
        Type 'ViewStyle' is not assignable to type 'TextStyle'.
          Types of property 'userSelect' are incompatible.
            Type 'string | undefined' is not assignable to type '"contain" | "none" | "auto" | "text" | "all" | undefined'.
              Type 'string' is not assignable to type '"contain" | "none" | "auto" | "text" | "all" | undefined'.
components/ui/EnhancedDatePicker.tsx(221,3): error TS2322: Type '{ color: string; fontSize: number; fontWeight: string; lineHeight: number; letterSpacing: number; }' is not assignable to type 'ViewStyle | TextStyle | ImageStyle'.
  Type '{ color: string; fontSize: number; fontWeight: string; lineHeight: number; letterSpacing: number; }' is not assignable to type 'TextStyle'.
    Types of property 'fontWeight' are incompatible.
      Type 'string' is not assignable to type '100 | 300 | "light" | "400" | "500" | "600" | "700" | 200 | 400 | 500 | 800 | "normal" | "100" | "200" | "300" | "800" | "900" | "bold" | "medium" | "black" | 600 | 700 | 900 | "ultralight" | ... 6 more ... | undefined'.
components/ui/EnhancedDatePicker.tsx(238,46): error TS2551: Property 'minHeight' does not exist on type '{ height: number; paddingHorizontal: number; borderRadius: number; }'. Did you mean 'height'?
components/ui/EnhancedDropdown.tsx(117,11): error TS2322: Type 'ViewStyle | TextStyle | ImageStyle' is not assignable to type 'ViewStyle | Falsy | RegisteredStyle<ViewStyle> | RecursiveArray<ViewStyle | Falsy | RegisteredStyle<ViewStyle>> | readonly (ViewStyle | ... 1 more ... | RegisteredStyle<...>)[]'.
  Type 'TextStyle' is not assignable to type 'ViewStyle | Falsy | RegisteredStyle<ViewStyle> | RecursiveArray<ViewStyle | Falsy | RegisteredStyle<ViewStyle>> | readonly (ViewStyle | ... 1 more ... | RegisteredStyle<...>)[]'.
    Type 'TextStyle' is not assignable to type 'ViewStyle'.
      Types of property 'cursor' are incompatible.
        Type 'string | undefined' is not assignable to type 'CursorValue | undefined'.
          Type 'string' is not assignable to type 'CursorValue | undefined'.
components/ui/EnhancedDropdown.tsx(118,11): error TS2322: Type 'false | ViewStyle | TextStyle | ImageStyle' is not assignable to type 'ViewStyle | Falsy | RegisteredStyle<ViewStyle> | RecursiveArray<ViewStyle | Falsy | RegisteredStyle<ViewStyle>> | readonly (ViewStyle | ... 1 more ... | RegisteredStyle<...>)[]'.
  Type 'TextStyle' is not assignable to type 'ViewStyle | Falsy | RegisteredStyle<ViewStyle> | RecursiveArray<ViewStyle | Falsy | RegisteredStyle<ViewStyle>> | readonly (ViewStyle | ... 1 more ... | RegisteredStyle<...>)[]'.
    Type 'TextStyle' is not assignable to type 'ViewStyle'.
      Types of property 'cursor' are incompatible.
        Type 'string | undefined' is not assignable to type 'CursorValue | undefined'.
          Type 'string' is not assignable to type 'CursorValue | undefined'.
components/ui/EnhancedDropdown.tsx(119,11): error TS2322: Type 'false | ViewStyle | TextStyle | ImageStyle' is not assignable to type 'ViewStyle | Falsy | RegisteredStyle<ViewStyle> | RecursiveArray<ViewStyle | Falsy | RegisteredStyle<ViewStyle>> | readonly (ViewStyle | ... 1 more ... | RegisteredStyle<...>)[]'.
  Type 'TextStyle' is not assignable to type 'ViewStyle | Falsy | RegisteredStyle<ViewStyle> | RecursiveArray<ViewStyle | Falsy | RegisteredStyle<ViewStyle>> | readonly (ViewStyle | ... 1 more ... | RegisteredStyle<...>)[]'.
    Type 'TextStyle' is not assignable to type 'ViewStyle'.
      Types of property 'cursor' are incompatible.
        Type 'string | undefined' is not assignable to type 'CursorValue | undefined'.
          Type 'string' is not assignable to type 'CursorValue | undefined'.
components/ui/EnhancedDropdown.tsx(120,11): error TS2322: Type 'false | ViewStyle | TextStyle | ImageStyle' is not assignable to type 'ViewStyle | Falsy | RegisteredStyle<ViewStyle> | RecursiveArray<ViewStyle | Falsy | RegisteredStyle<ViewStyle>> | readonly (ViewStyle | ... 1 more ... | RegisteredStyle<...>)[]'.
  Type 'TextStyle' is not assignable to type 'ViewStyle | Falsy | RegisteredStyle<ViewStyle> | RecursiveArray<ViewStyle | Falsy | RegisteredStyle<ViewStyle>> | readonly (ViewStyle | ... 1 more ... | RegisteredStyle<...>)[]'.
    Type 'TextStyle' is not assignable to type 'ViewStyle'.
      Types of property 'cursor' are incompatible.
        Type 'string | undefined' is not assignable to type 'CursorValue | undefined'.
          Type 'string' is not assignable to type 'CursorValue | undefined'.
components/ui/EnhancedDropdown.tsx(127,15): error TS2769: No overload matches this call.
  Overload 1 of 2, '(props: ViewProps): View', gave the following error.
    Type 'ViewStyle | TextStyle | ImageStyle' is not assignable to type 'StyleProp<ViewStyle>'.
      Type 'TextStyle' is not assignable to type 'StyleProp<ViewStyle>'.
        Type 'TextStyle' is not assignable to type 'ViewStyle'.
          Types of property 'cursor' are incompatible.
            Type 'string | undefined' is not assignable to type 'CursorValue | undefined'.
              Type 'string' is not assignable to type 'CursorValue | undefined'.
  Overload 2 of 2, '(props: ViewProps, context: any): View', gave the following error.
    Type 'ViewStyle | TextStyle | ImageStyle' is not assignable to type 'StyleProp<ViewStyle>'.
      Type 'TextStyle' is not assignable to type 'StyleProp<ViewStyle>'.
        Type 'TextStyle' is not assignable to type 'ViewStyle'.
          Types of property 'cursor' are incompatible.
            Type 'string | undefined' is not assignable to type 'CursorValue | undefined'.
              Type 'string' is not assignable to type 'CursorValue | undefined'.
components/ui/EnhancedDropdown.tsx(128,32): error TS2769: No overload matches this call.
  Overload 1 of 2, '(props: TextProps): Text', gave the following error.
    Type 'ViewStyle | TextStyle | ImageStyle' is not assignable to type 'StyleProp<TextStyle>'.
      Type 'ViewStyle' is not assignable to type 'StyleProp<TextStyle>'.
        Type 'ViewStyle' is not assignable to type 'TextStyle'.
          Types of property 'userSelect' are incompatible.
            Type 'string | undefined' is not assignable to type '"contain" | "none" | "auto" | "text" | "all" | undefined'.
              Type 'string' is not assignable to type '"contain" | "none" | "auto" | "text" | "all" | undefined'.
  Overload 2 of 2, '(props: TextProps, context: any): Text', gave the following error.
    Type 'ViewStyle | TextStyle | ImageStyle' is not assignable to type 'StyleProp<TextStyle>'.
      Type 'ViewStyle' is not assignable to type 'StyleProp<TextStyle>'.
        Type 'ViewStyle' is not assignable to type 'TextStyle'.
          Types of property 'userSelect' are incompatible.
            Type 'string | undefined' is not assignable to type '"contain" | "none" | "auto" | "text" | "all" | undefined'.
              Type 'string' is not assignable to type '"contain" | "none" | "auto" | "text" | "all" | undefined'.
components/ui/EnhancedDropdown.tsx(132,15): error TS2322: Type 'string' is not assignable to type '"sort" | "map" | "filter" | "abc" | "web" | "tag" | "group" | "download" | "style" | "accessible" | "scale" | "animation" | "opacity" | "visibility" | "height" | "margin" | "padding" | ... 2216 more ... | "zoom-out-map"'.
components/ui/EnhancedDropdown.tsx(135,15): error TS2322: Type 'ViewStyle | TextStyle | ImageStyle' is not assignable to type 'StyleProp<ViewStyle>'.
  Type 'TextStyle' is not assignable to type 'StyleProp<ViewStyle>'.
    Type 'TextStyle' is not assignable to type 'ViewStyle'.
      Types of property 'cursor' are incompatible.
        Type 'string | undefined' is not assignable to type 'CursorValue | undefined'.
          Type 'string' is not assignable to type 'CursorValue | undefined'.
components/ui/EnhancedDropdown.tsx(138,12): error TS2769: No overload matches this call.
  Overload 2 of 2, '(props: TextProps, context: any): Text', gave the following error.
    Type 'ViewStyle | TextStyle | ImageStyle' is not assignable to type 'TextStyle | Falsy | RegisteredStyle<TextStyle> | RecursiveArray<TextStyle | Falsy | RegisteredStyle<TextStyle>> | readonly (TextStyle | ... 1 more ... | RegisteredStyle<...>)[]'.
      Type 'ViewStyle' is not assignable to type 'TextStyle | Falsy | RegisteredStyle<TextStyle> | RecursiveArray<TextStyle | Falsy | RegisteredStyle<TextStyle>> | readonly (TextStyle | ... 1 more ... | RegisteredStyle<...>)[]'.
        Type 'ViewStyle' is not assignable to type 'TextStyle'.
          Types of property 'userSelect' are incompatible.
            Type 'string | undefined' is not assignable to type '"contain" | "none" | "auto" | "text" | "all" | undefined'.
              Type 'string' is not assignable to type '"contain" | "none" | "auto" | "text" | "all" | undefined'.
  Overload 2 of 2, '(props: TextProps, context: any): Text', gave the following error.
    Type 'false | ViewStyle | TextStyle | ImageStyle' is not assignable to type 'TextStyle | Falsy | RegisteredStyle<TextStyle> | RecursiveArray<TextStyle | Falsy | RegisteredStyle<TextStyle>> | readonly (TextStyle | ... 1 more ... | RegisteredStyle<...>)[]'.
      Type 'ViewStyle' is not assignable to type 'TextStyle | Falsy | RegisteredStyle<TextStyle> | RecursiveArray<TextStyle | Falsy | RegisteredStyle<TextStyle>> | readonly (TextStyle | ... 1 more ... | RegisteredStyle<...>)[]'.
        Type 'ViewStyle' is not assignable to type 'TextStyle'.
          Types of property 'userSelect' are incompatible.
            Type 'string | undefined' is not assignable to type '"contain" | "none" | "auto" | "text" | "all" | undefined'.
              Type 'string' is not assignable to type '"contain" | "none" | "auto" | "text" | "all" | undefined'.
components/ui/EnhancedDropdown.tsx(158,11): error TS2769: No overload matches this call.
  Overload 1 of 2, '(props: ViewProps): View', gave the following error.
    Type 'ViewStyle | TextStyle | ImageStyle' is not assignable to type 'StyleProp<ViewStyle>'.
      Type 'TextStyle' is not assignable to type 'StyleProp<ViewStyle>'.
        Type 'TextStyle' is not assignable to type 'ViewStyle'.
          Types of property 'cursor' are incompatible.
            Type 'string | undefined' is not assignable to type 'CursorValue | undefined'.
              Type 'string' is not assignable to type 'CursorValue | undefined'.
  Overload 2 of 2, '(props: ViewProps, context: any): View', gave the following error.
    Type 'ViewStyle | TextStyle | ImageStyle' is not assignable to type 'StyleProp<ViewStyle>'.
      Type 'TextStyle' is not assignable to type 'StyleProp<ViewStyle>'.
        Type 'TextStyle' is not assignable to type 'ViewStyle'.
          Types of property 'cursor' are incompatible.
            Type 'string | undefined' is not assignable to type 'CursorValue | undefined'.
              Type 'string' is not assignable to type 'CursorValue | undefined'.
components/ui/EnhancedDropdown.tsx(159,13): error TS2769: No overload matches this call.
  Overload 1 of 2, '(props: TextProps): Text', gave the following error.
    Type 'ViewStyle | TextStyle | ImageStyle' is not assignable to type 'StyleProp<TextStyle>'.
      Type 'ViewStyle' is not assignable to type 'StyleProp<TextStyle>'.
        Type 'ViewStyle' is not assignable to type 'TextStyle'.
          Types of property 'userSelect' are incompatible.
            Type 'string | undefined' is not assignable to type '"contain" | "none" | "auto" | "text" | "all" | undefined'.
              Type 'string' is not assignable to type '"contain" | "none" | "auto" | "text" | "all" | undefined'.
  Overload 2 of 2, '(props: TextProps, context: any): Text', gave the following error.
    Type 'ViewStyle | TextStyle | ImageStyle' is not assignable to type 'StyleProp<TextStyle>'.
      Type 'ViewStyle' is not assignable to type 'StyleProp<TextStyle>'.
        Type 'ViewStyle' is not assignable to type 'TextStyle'.
          Types of property 'userSelect' are incompatible.
            Type 'string | undefined' is not assignable to type '"contain" | "none" | "auto" | "text" | "all" | undefined'.
              Type 'string' is not assignable to type '"contain" | "none" | "auto" | "text" | "all" | undefined'.
components/ui/EnhancedDropdown.tsx(164,11): error TS2769: No overload matches this call.
  Overload 1 of 2, '(props: ViewProps): View', gave the following error.
    Type 'ViewStyle | TextStyle | ImageStyle' is not assignable to type 'StyleProp<ViewStyle>'.
      Type 'TextStyle' is not assignable to type 'StyleProp<ViewStyle>'.
        Type 'TextStyle' is not assignable to type 'ViewStyle'.
          Types of property 'cursor' are incompatible.
            Type 'string | undefined' is not assignable to type 'CursorValue | undefined'.
              Type 'string' is not assignable to type 'CursorValue | undefined'.
  Overload 2 of 2, '(props: ViewProps, context: any): View', gave the following error.
    Type 'ViewStyle | TextStyle | ImageStyle' is not assignable to type 'StyleProp<ViewStyle>'.
      Type 'TextStyle' is not assignable to type 'StyleProp<ViewStyle>'.
        Type 'TextStyle' is not assignable to type 'ViewStyle'.
          Types of property 'cursor' are incompatible.
            Type 'string | undefined' is not assignable to type 'CursorValue | undefined'.
              Type 'string' is not assignable to type 'CursorValue | undefined'.
components/ui/EnhancedDropdown.tsx(165,13): error TS2769: No overload matches this call.
  Overload 1 of 2, '(props: ViewProps): View', gave the following error.
    Type 'ViewStyle | TextStyle | ImageStyle' is not assignable to type 'StyleProp<ViewStyle>'.
      Type 'TextStyle' is not assignable to type 'StyleProp<ViewStyle>'.
        Type 'TextStyle' is not assignable to type 'ViewStyle'.
          Types of property 'cursor' are incompatible.
            Type 'string | undefined' is not assignable to type 'CursorValue | undefined'.
              Type 'string' is not assignable to type 'CursorValue | undefined'.
  Overload 2 of 2, '(props: ViewProps, context: any): View', gave the following error.
    Type 'ViewStyle | TextStyle | ImageStyle' is not assignable to type 'StyleProp<ViewStyle>'.
      Type 'TextStyle' is not assignable to type 'StyleProp<ViewStyle>'.
        Type 'TextStyle' is not assignable to type 'ViewStyle'.
          Types of property 'cursor' are incompatible.
            Type 'string | undefined' is not assignable to type 'CursorValue | undefined'.
              Type 'string' is not assignable to type 'CursorValue | undefined'.
components/ui/EnhancedDropdown.tsx(169,13): error TS2322: Type 'string' is not assignable to type '"sort" | "map" | "filter" | "abc" | "web" | "tag" | "group" | "download" | "style" | "accessible" | "scale" | "animation" | "opacity" | "visibility" | "height" | "margin" | "padding" | ... 2216 more ... | "zoom-out-map"'.
components/ui/EnhancedDropdown.tsx(172,13): error TS2322: Type 'ViewStyle | TextStyle | ImageStyle' is not assignable to type 'StyleProp<ViewStyle>'.
  Type 'TextStyle' is not assignable to type 'StyleProp<ViewStyle>'.
    Type 'TextStyle' is not assignable to type 'ViewStyle'.
      Types of property 'cursor' are incompatible.
        Type 'string | undefined' is not assignable to type 'CursorValue | undefined'.
          Type 'string' is not assignable to type 'CursorValue | undefined'.
components/ui/EnhancedDropdown.tsx(175,15): error TS2769: No overload matches this call.
  Overload 1 of 2, '(props: TextProps): Text', gave the following error.
    Type 'ViewStyle | TextStyle | ImageStyle' is not assignable to type 'StyleProp<TextStyle>'.
      Type 'ViewStyle' is not assignable to type 'StyleProp<TextStyle>'.
        Type 'ViewStyle' is not assignable to type 'TextStyle'.
          Types of property 'userSelect' are incompatible.
            Type 'string | undefined' is not assignable to type '"contain" | "none" | "auto" | "text" | "all" | undefined'.
              Type 'string' is not assignable to type '"contain" | "none" | "auto" | "text" | "all" | undefined'.
  Overload 2 of 2, '(props: TextProps, context: any): Text', gave the following error.
    Type 'ViewStyle | TextStyle | ImageStyle' is not assignable to type 'StyleProp<TextStyle>'.
      Type 'ViewStyle' is not assignable to type 'StyleProp<TextStyle>'.
        Type 'ViewStyle' is not assignable to type 'TextStyle'.
          Types of property 'userSelect' are incompatible.
            Type 'string | undefined' is not assignable to type '"contain" | "none" | "auto" | "text" | "all" | undefined'.
              Type 'string' is not assignable to type '"contain" | "none" | "auto" | "text" | "all" | undefined'.
components/ui/EnhancedDropdown.tsx(177,30): error TS2769: No overload matches this call.
  Overload 1 of 2, '(props: TextProps): Text', gave the following error.
    Type 'ViewStyle | TextStyle | ImageStyle' is not assignable to type 'StyleProp<TextStyle>'.
      Type 'ViewStyle' is not assignable to type 'StyleProp<TextStyle>'.
        Type 'ViewStyle' is not assignable to type 'TextStyle'.
          Types of property 'userSelect' are incompatible.
            Type 'string | undefined' is not assignable to type '"contain" | "none" | "auto" | "text" | "all" | undefined'.
              Type 'string' is not assignable to type '"contain" | "none" | "auto" | "text" | "all" | undefined'.
  Overload 2 of 2, '(props: TextProps, context: any): Text', gave the following error.
    Type 'ViewStyle | TextStyle | ImageStyle' is not assignable to type 'StyleProp<TextStyle>'.
      Type 'ViewStyle' is not assignable to type 'StyleProp<TextStyle>'.
        Type 'ViewStyle' is not assignable to type 'TextStyle'.
          Types of property 'userSelect' are incompatible.
            Type 'string | undefined' is not assignable to type '"contain" | "none" | "auto" | "text" | "all" | undefined'.
              Type 'string' is not assignable to type '"contain" | "none" | "auto" | "text" | "all" | undefined'.
components/ui/EnhancedDropdown.tsx(183,11): error TS2322: Type 'ViewStyle | TextStyle | ImageStyle' is not assignable to type 'ViewStyle | Falsy | RegisteredStyle<ViewStyle> | RecursiveArray<ViewStyle | Falsy | RegisteredStyle<ViewStyle>> | readonly (ViewStyle | ... 1 more ... | RegisteredStyle<...>)[]'.
  Type 'TextStyle' is not assignable to type 'ViewStyle | Falsy | RegisteredStyle<ViewStyle> | RecursiveArray<ViewStyle | Falsy | RegisteredStyle<ViewStyle>> | readonly (ViewStyle | ... 1 more ... | RegisteredStyle<...>)[]'.
    Type 'TextStyle' is not assignable to type 'ViewStyle'.
      Types of property 'cursor' are incompatible.
        Type 'string | undefined' is not assignable to type 'CursorValue | undefined'.
          Type 'string' is not assignable to type 'CursorValue | undefined'.
components/ui/EnhancedDropdown.tsx(184,11): error TS2322: Type '"" | ViewStyle | TextStyle | ImageStyle | undefined' is not assignable to type 'ViewStyle | Falsy | RegisteredStyle<ViewStyle> | RecursiveArray<ViewStyle | Falsy | RegisteredStyle<ViewStyle>> | readonly (ViewStyle | ... 1 more ... | RegisteredStyle<...>)[]'.
  Type 'TextStyle' is not assignable to type 'ViewStyle | Falsy | RegisteredStyle<ViewStyle> | RecursiveArray<ViewStyle | Falsy | RegisteredStyle<ViewStyle>> | readonly (ViewStyle | ... 1 more ... | RegisteredStyle<...>)[]'.
    Type 'TextStyle' is not assignable to type 'ViewStyle'.
      Types of property 'cursor' are incompatible.
        Type 'string | undefined' is not assignable to type 'CursorValue | undefined'.
          Type 'string' is not assignable to type 'CursorValue | undefined'.
components/ui/EnhancedDropdown.tsx(185,11): error TS2322: Type 'false | ViewStyle | TextStyle | ImageStyle' is not assignable to type 'ViewStyle | Falsy | RegisteredStyle<ViewStyle> | RecursiveArray<ViewStyle | Falsy | RegisteredStyle<ViewStyle>> | readonly (ViewStyle | ... 1 more ... | RegisteredStyle<...>)[]'.
  Type 'TextStyle' is not assignable to type 'ViewStyle | Falsy | RegisteredStyle<ViewStyle> | RecursiveArray<ViewStyle | Falsy | RegisteredStyle<ViewStyle>> | readonly (ViewStyle | ... 1 more ... | RegisteredStyle<...>)[]'.
    Type 'TextStyle' is not assignable to type 'ViewStyle'.
      Types of property 'cursor' are incompatible.
        Type 'string | undefined' is not assignable to type 'CursorValue | undefined'.
          Type 'string' is not assignable to type 'CursorValue | undefined'.
components/ui/EnhancedDropdown.tsx(193,15): error TS2769: No overload matches this call.
  Overload 1 of 2, '(props: ViewProps): View', gave the following error.
    Type 'ViewStyle | TextStyle | ImageStyle' is not assignable to type 'StyleProp<ViewStyle>'.
      Type 'TextStyle' is not assignable to type 'StyleProp<ViewStyle>'.
        Type 'TextStyle' is not assignable to type 'ViewStyle'.
          Types of property 'cursor' are incompatible.
            Type 'string | undefined' is not assignable to type 'CursorValue | undefined'.
              Type 'string' is not assignable to type 'CursorValue | undefined'.
  Overload 2 of 2, '(props: ViewProps, context: any): View', gave the following error.
    Type 'ViewStyle | TextStyle | ImageStyle' is not assignable to type 'StyleProp<ViewStyle>'.
      Type 'TextStyle' is not assignable to type 'StyleProp<ViewStyle>'.
        Type 'TextStyle' is not assignable to type 'ViewStyle'.
          Types of property 'cursor' are incompatible.
            Type 'string | undefined' is not assignable to type 'CursorValue | undefined'.
              Type 'string' is not assignable to type 'CursorValue | undefined'.
components/ui/EnhancedDropdown.tsx(195,19): error TS2769: No overload matches this call.
  Overload 1 of 2, '(props: TextProps): Text', gave the following error.
    Type 'ViewStyle | TextStyle | ImageStyle' is not assignable to type 'StyleProp<TextStyle>'.
      Type 'ViewStyle' is not assignable to type 'StyleProp<TextStyle>'.
        Type 'ViewStyle' is not assignable to type 'TextStyle'.
          Types of property 'userSelect' are incompatible.
            Type 'string | undefined' is not assignable to type '"contain" | "none" | "auto" | "text" | "all" | undefined'.
              Type 'string' is not assignable to type '"contain" | "none" | "auto" | "text" | "all" | undefined'.
  Overload 2 of 2, '(props: TextProps, context: any): Text', gave the following error.
    Type 'ViewStyle | TextStyle | ImageStyle' is not assignable to type 'StyleProp<TextStyle>'.
      Type 'ViewStyle' is not assignable to type 'StyleProp<TextStyle>'.
        Type 'ViewStyle' is not assignable to type 'TextStyle'.
          Types of property 'userSelect' are incompatible.
            Type 'string | undefined' is not assignable to type '"contain" | "none" | "auto" | "text" | "all" | undefined'.
              Type 'string' is not assignable to type '"contain" | "none" | "auto" | "text" | "all" | undefined'.
components/ui/EnhancedDropdown.tsx(200,15): error TS2322: Type 'string' is not assignable to type '"sort" | "map" | "filter" | "abc" | "web" | "tag" | "group" | "download" | "style" | "accessible" | "scale" | "animation" | "opacity" | "visibility" | "height" | "margin" | "padding" | ... 2216 more ... | "zoom-out-map"'.
components/ui/EnhancedDropdown.tsx(203,15): error TS2322: Type 'ViewStyle | TextStyle | ImageStyle' is not assignable to type 'StyleProp<ViewStyle>'.
  Type 'TextStyle' is not assignable to type 'StyleProp<ViewStyle>'.
    Type 'TextStyle' is not assignable to type 'ViewStyle'.
      Types of property 'cursor' are incompatible.
        Type 'string | undefined' is not assignable to type 'CursorValue | undefined'.
          Type 'string' is not assignable to type 'CursorValue | undefined'.
components/ui/EnhancedDropdown.tsx(206,12): error TS2769: No overload matches this call.
  Overload 2 of 2, '(props: TextProps, context: any): Text', gave the following error.
    Type 'ViewStyle | TextStyle | ImageStyle' is not assignable to type 'TextStyle | Falsy | RegisteredStyle<TextStyle> | RecursiveArray<TextStyle | Falsy | RegisteredStyle<TextStyle>> | readonly (TextStyle | ... 1 more ... | RegisteredStyle<...>)[]'.
      Type 'ViewStyle' is not assignable to type 'TextStyle | Falsy | RegisteredStyle<TextStyle> | RecursiveArray<TextStyle | Falsy | RegisteredStyle<TextStyle>> | readonly (TextStyle | ... 1 more ... | RegisteredStyle<...>)[]'.
        Type 'ViewStyle' is not assignable to type 'TextStyle'.
          Types of property 'userSelect' are incompatible.
            Type 'string | undefined' is not assignable to type '"contain" | "none" | "auto" | "text" | "all" | undefined'.
              Type 'string' is not assignable to type '"contain" | "none" | "auto" | "text" | "all" | undefined'.
  Overload 2 of 2, '(props: TextProps, context: any): Text', gave the following error.
    Type 'false | ViewStyle | TextStyle | ImageStyle' is not assignable to type 'TextStyle | Falsy | RegisteredStyle<TextStyle> | RecursiveArray<TextStyle | Falsy | RegisteredStyle<TextStyle>> | readonly (TextStyle | ... 1 more ... | RegisteredStyle<...>)[]'.
      Type 'ViewStyle' is not assignable to type 'TextStyle | Falsy | RegisteredStyle<TextStyle> | RecursiveArray<TextStyle | Falsy | RegisteredStyle<TextStyle>> | readonly (TextStyle | ... 1 more ... | RegisteredStyle<...>)[]'.
        Type 'ViewStyle' is not assignable to type 'TextStyle'.
          Types of property 'userSelect' are incompatible.
            Type 'string | undefined' is not assignable to type '"contain" | "none" | "auto" | "text" | "all" | undefined'.
              Type 'string' is not assignable to type '"contain" | "none" | "auto" | "text" | "all" | undefined'.
  Overload 2 of 2, '(props: TextProps, context: any): Text', gave the following error.
    Type 'false | ViewStyle | TextStyle | ImageStyle' is not assignable to type 'TextStyle | Falsy | RegisteredStyle<TextStyle> | RecursiveArray<TextStyle | Falsy | RegisteredStyle<TextStyle>> | readonly (TextStyle | ... 1 more ... | RegisteredStyle<...>)[]'.
      Type 'ViewStyle' is not assignable to type 'TextStyle | Falsy | RegisteredStyle<TextStyle> | RecursiveArray<TextStyle | Falsy | RegisteredStyle<TextStyle>> | readonly (TextStyle | ... 1 more ... | RegisteredStyle<...>)[]'.
        Type 'ViewStyle' is not assignable to type 'TextStyle'.
          Types of property 'userSelect' are incompatible.
            Type 'string | undefined' is not assignable to type '"contain" | "none" | "auto" | "text" | "all" | undefined'.
              Type 'string' is not assignable to type '"contain" | "none" | "auto" | "text" | "all" | undefined'.
components/ui/EnhancedDropdown.tsx(220,13): error TS2322: Type 'ViewStyle | TextStyle | ImageStyle' is not assignable to type 'ViewStyle | Falsy | RegisteredStyle<ViewStyle> | RecursiveArray<ViewStyle | Falsy | RegisteredStyle<ViewStyle>> | readonly (ViewStyle | ... 1 more ... | RegisteredStyle<...>)[]'.
  Type 'TextStyle' is not assignable to type 'ViewStyle | Falsy | RegisteredStyle<ViewStyle> | RecursiveArray<ViewStyle | Falsy | RegisteredStyle<ViewStyle>> | readonly (ViewStyle | ... 1 more ... | RegisteredStyle<...>)[]'.
    Type 'TextStyle' is not assignable to type 'ViewStyle'.
      Types of property 'cursor' are incompatible.
        Type 'string | undefined' is not assignable to type 'CursorValue | undefined'.
          Type 'string' is not assignable to type 'CursorValue | undefined'.
components/ui/EnhancedDropdown.tsx(221,13): error TS2322: Type 'false | ViewStyle | TextStyle | ImageStyle' is not assignable to type 'ViewStyle | Falsy | RegisteredStyle<ViewStyle> | RecursiveArray<ViewStyle | Falsy | RegisteredStyle<ViewStyle>> | readonly (ViewStyle | ... 1 more ... | RegisteredStyle<...>)[]'.
  Type 'TextStyle' is not assignable to type 'ViewStyle | Falsy | RegisteredStyle<ViewStyle> | RecursiveArray<ViewStyle | Falsy | RegisteredStyle<ViewStyle>> | readonly (ViewStyle | ... 1 more ... | RegisteredStyle<...>)[]'.
    Type 'TextStyle' is not assignable to type 'ViewStyle'.
      Types of property 'cursor' are incompatible.
        Type 'string | undefined' is not assignable to type 'CursorValue | undefined'.
          Type 'string' is not assignable to type 'CursorValue | undefined'.
components/ui/EnhancedDropdown.tsx(227,15): error TS2769: No overload matches this call.
  Overload 1 of 2, '(props: TextProps): Text', gave the following error.
    Type 'ViewStyle | TextStyle | ImageStyle' is not assignable to type 'StyleProp<TextStyle>'.
      Type 'ViewStyle' is not assignable to type 'StyleProp<TextStyle>'.
        Type 'ViewStyle' is not assignable to type 'TextStyle'.
          Types of property 'userSelect' are incompatible.
            Type 'string | undefined' is not assignable to type '"contain" | "none" | "auto" | "text" | "all" | undefined'.
              Type 'string' is not assignable to type '"contain" | "none" | "auto" | "text" | "all" | undefined'.
  Overload 2 of 2, '(props: TextProps, context: any): Text', gave the following error.
    Type 'ViewStyle | TextStyle | ImageStyle' is not assignable to type 'StyleProp<TextStyle>'.
      Type 'ViewStyle' is not assignable to type 'StyleProp<TextStyle>'.
        Type 'ViewStyle' is not assignable to type 'TextStyle'.
          Types of property 'userSelect' are incompatible.
            Type 'string | undefined' is not assignable to type '"contain" | "none" | "auto" | "text" | "all" | undefined'.
              Type 'string' is not assignable to type '"contain" | "none" | "auto" | "text" | "all" | undefined'.
components/ui/EnhancedDropdown.tsx(239,11): error TS2322: Type 'ViewStyle | TextStyle | ImageStyle' is not assignable to type 'StyleProp<ViewStyle>'.
  Type 'TextStyle' is not assignable to type 'StyleProp<ViewStyle>'.
    Type 'TextStyle' is not assignable to type 'ViewStyle'.
      Types of property 'cursor' are incompatible.
        Type 'string | undefined' is not assignable to type 'CursorValue | undefined'.
          Type 'string' is not assignable to type 'CursorValue | undefined'.
components/ui/EnhancedDropdown.tsx(244,13): error TS2769: No overload matches this call.
  Overload 1 of 2, '(props: ViewProps): View', gave the following error.
    Type 'ViewStyle | TextStyle | ImageStyle' is not assignable to type 'ViewStyle | Falsy | RegisteredStyle<ViewStyle> | RecursiveArray<ViewStyle | Falsy | RegisteredStyle<ViewStyle>> | readonly (ViewStyle | ... 1 more ... | RegisteredStyle<...>)[]'.
      Type 'TextStyle' is not assignable to type 'ViewStyle | Falsy | RegisteredStyle<ViewStyle> | RecursiveArray<ViewStyle | Falsy | RegisteredStyle<ViewStyle>> | readonly (ViewStyle | ... 1 more ... | RegisteredStyle<...>)[]'.
        Type 'TextStyle' is not assignable to type 'ViewStyle'.
          Types of property 'cursor' are incompatible.
            Type 'string | undefined' is not assignable to type 'CursorValue | undefined'.
              Type 'string' is not assignable to type 'CursorValue | undefined'.
  Overload 2 of 2, '(props: ViewProps, context: any): View', gave the following error.
    Type 'ViewStyle | TextStyle | ImageStyle' is not assignable to type 'ViewStyle | Falsy | RegisteredStyle<ViewStyle> | RecursiveArray<ViewStyle | Falsy | RegisteredStyle<ViewStyle>> | readonly (ViewStyle | ... 1 more ... | RegisteredStyle<...>)[]'.
      Type 'TextStyle' is not assignable to type 'ViewStyle | Falsy | RegisteredStyle<ViewStyle> | RecursiveArray<ViewStyle | Falsy | RegisteredStyle<ViewStyle>> | readonly (ViewStyle | ... 1 more ... | RegisteredStyle<...>)[]'.
        Type 'TextStyle' is not assignable to type 'ViewStyle'.
          Types of property 'cursor' are incompatible.
            Type 'string | undefined' is not assignable to type 'CursorValue | undefined'.
              Type 'string' is not assignable to type 'CursorValue | undefined'.
components/ui/EnhancedDropdown.tsx(248,19): error TS2769: No overload matches this call.
  Overload 1 of 2, '(props: ViewProps): View', gave the following error.
    Type 'ViewStyle | TextStyle | ImageStyle' is not assignable to type 'StyleProp<ViewStyle>'.
      Type 'TextStyle' is not assignable to type 'StyleProp<ViewStyle>'.
        Type 'TextStyle' is not assignable to type 'ViewStyle'.
          Types of property 'cursor' are incompatible.
            Type 'string | undefined' is not assignable to type 'CursorValue | undefined'.
              Type 'string' is not assignable to type 'CursorValue | undefined'.
  Overload 2 of 2, '(props: ViewProps, context: any): View', gave the following error.
    Type 'ViewStyle | TextStyle | ImageStyle' is not assignable to type 'StyleProp<ViewStyle>'.
      Type 'TextStyle' is not assignable to type 'StyleProp<ViewStyle>'.
        Type 'TextStyle' is not assignable to type 'ViewStyle'.
          Types of property 'cursor' are incompatible.
            Type 'string | undefined' is not assignable to type 'CursorValue | undefined'.
              Type 'string' is not assignable to type 'CursorValue | undefined'.
components/ui/EnhancedDropdown.tsx(249,21): error TS2769: No overload matches this call.
  Overload 1 of 2, '(props: TextProps): Text', gave the following error.
    Type 'ViewStyle | TextStyle | ImageStyle' is not assignable to type 'StyleProp<TextStyle>'.
      Type 'ViewStyle' is not assignable to type 'StyleProp<TextStyle>'.
        Type 'ViewStyle' is not assignable to type 'TextStyle'.
          Types of property 'userSelect' are incompatible.
            Type 'string | undefined' is not assignable to type '"contain" | "none" | "auto" | "text" | "all" | undefined'.
              Type 'string' is not assignable to type '"contain" | "none" | "auto" | "text" | "all" | undefined'.
  Overload 2 of 2, '(props: TextProps, context: any): Text', gave the following error.
    Type 'ViewStyle | TextStyle | ImageStyle' is not assignable to type 'StyleProp<TextStyle>'.
      Type 'ViewStyle' is not assignable to type 'StyleProp<TextStyle>'.
        Type 'ViewStyle' is not assignable to type 'TextStyle'.
          Types of property 'userSelect' are incompatible.
            Type 'string | undefined' is not assignable to type '"contain" | "none" | "auto" | "text" | "all" | undefined'.
              Type 'string' is not assignable to type '"contain" | "none" | "auto" | "text" | "all" | undefined'.
components/ui/EnhancedDropdown.tsx(251,17): error TS2322: Type 'ViewStyle | TextStyle | ImageStyle' is not assignable to type 'StyleProp<ViewStyle>'.
  Type 'TextStyle' is not assignable to type 'StyleProp<ViewStyle>'.
    Type 'TextStyle' is not assignable to type 'ViewStyle'.
      Types of property 'cursor' are incompatible.
        Type 'string | undefined' is not assignable to type 'CursorValue | undefined'.
          Type 'string' is not assignable to type 'CursorValue | undefined'.
components/ui/EnhancedDropdown.tsx(266,21): error TS2769: No overload matches this call.
  Overload 1 of 2, '(props: ViewProps): View', gave the following error.
    Type 'ViewStyle | TextStyle | ImageStyle' is not assignable to type 'StyleProp<ViewStyle>'.
      Type 'TextStyle' is not assignable to type 'StyleProp<ViewStyle>'.
        Type 'TextStyle' is not assignable to type 'ViewStyle'.
          Types of property 'cursor' are incompatible.
            Type 'string | undefined' is not assignable to type 'CursorValue | undefined'.
              Type 'string' is not assignable to type 'CursorValue | undefined'.
  Overload 2 of 2, '(props: ViewProps, context: any): View', gave the following error.
    Type 'ViewStyle | TextStyle | ImageStyle' is not assignable to type 'StyleProp<ViewStyle>'.
      Type 'TextStyle' is not assignable to type 'StyleProp<ViewStyle>'.
        Type 'TextStyle' is not assignable to type 'ViewStyle'.
          Types of property 'cursor' are incompatible.
            Type 'string | undefined' is not assignable to type 'CursorValue | undefined'.
              Type 'string' is not assignable to type 'CursorValue | undefined'.
components/ui/EnhancedDropdown.tsx(272,19): error TS2322: Type 'ViewStyle | TextStyle | ImageStyle' is not assignable to type 'StyleProp<ViewStyle>'.
  Type 'TextStyle' is not assignable to type 'StyleProp<ViewStyle>'.
    Type 'TextStyle' is not assignable to type 'ViewStyle'.
      Types of property 'cursor' are incompatible.
        Type 'string | undefined' is not assignable to type 'CursorValue | undefined'.
          Type 'string' is not assignable to type 'CursorValue | undefined'.
components/ui/EnhancedDropdown.tsx(276,19): error TS2769: No overload matches this call.
  Overload 1 of 2, '(props: TextInputProps): TextInput', gave the following error.
    Type 'ViewStyle | TextStyle | ImageStyle' is not assignable to type 'StyleProp<TextStyle>'.
      Type 'ViewStyle' is not assignable to type 'StyleProp<TextStyle>'.
        Type 'ViewStyle' is not assignable to type 'TextStyle'.
          Types of property 'userSelect' are incompatible.
            Type 'string | undefined' is not assignable to type '"contain" | "none" | "auto" | "text" | "all" | undefined'.
              Type 'string' is not assignable to type '"contain" | "none" | "auto" | "text" | "all" | undefined'.
  Overload 2 of 2, '(props: TextInputProps, context: any): TextInput', gave the following error.
    Type 'ViewStyle | TextStyle | ImageStyle' is not assignable to type 'StyleProp<TextStyle>'.
      Type 'ViewStyle' is not assignable to type 'StyleProp<TextStyle>'.
        Type 'ViewStyle' is not assignable to type 'TextStyle'.
          Types of property 'userSelect' are incompatible.
            Type 'string | undefined' is not assignable to type '"contain" | "none" | "auto" | "text" | "all" | undefined'.
              Type 'string' is not assignable to type '"contain" | "none" | "auto" | "text" | "all" | undefined'.
components/ui/EnhancedDropdown.tsx(285,21): error TS2322: Type 'ViewStyle | TextStyle | ImageStyle' is not assignable to type 'StyleProp<ViewStyle>'.
  Type 'TextStyle' is not assignable to type 'StyleProp<ViewStyle>'.
    Type 'TextStyle' is not assignable to type 'ViewStyle'.
      Types of property 'cursor' are incompatible.
        Type 'string | undefined' is not assignable to type 'CursorValue | undefined'.
          Type 'string' is not assignable to type 'CursorValue | undefined'.
components/ui/EnhancedDropdown.tsx(306,15): error TS2322: Type 'ViewStyle | TextStyle | ImageStyle' is not assignable to type 'StyleProp<ViewStyle>'.
  Type 'TextStyle' is not assignable to type 'StyleProp<ViewStyle>'.
    Type 'TextStyle' is not assignable to type 'ViewStyle'.
      Types of property 'cursor' are incompatible.
        Type 'string | undefined' is not assignable to type 'CursorValue | undefined'.
          Type 'string' is not assignable to type 'CursorValue | undefined'.
components/ui/EnhancedDropdown.tsx(308,17): error TS2322: Type 'ViewStyle | TextStyle | ImageStyle' is not assignable to type 'ViewStyle | Falsy | RegisteredStyle<ViewStyle> | RecursiveArray<ViewStyle | Falsy | RegisteredStyle<ViewStyle>> | readonly (ViewStyle | ... 1 more ... | RegisteredStyle<...>)[]'.
  Type 'TextStyle' is not assignable to type 'ViewStyle | Falsy | RegisteredStyle<ViewStyle> | RecursiveArray<ViewStyle | Falsy | RegisteredStyle<ViewStyle>> | readonly (ViewStyle | ... 1 more ... | RegisteredStyle<...>)[]'.
    Type 'TextStyle' is not assignable to type 'ViewStyle'.
      Types of property 'cursor' are incompatible.
        Type 'string | undefined' is not assignable to type 'CursorValue | undefined'.
          Type 'string' is not assignable to type 'CursorValue | undefined'.
components/ui/EnhancedDropdown.tsx(309,17): error TS2322: Type 'false | ViewStyle | TextStyle | ImageStyle' is not assignable to type 'ViewStyle | Falsy | RegisteredStyle<ViewStyle> | RecursiveArray<ViewStyle | Falsy | RegisteredStyle<ViewStyle>> | readonly (ViewStyle | ... 1 more ... | RegisteredStyle<...>)[]'.
  Type 'TextStyle' is not assignable to type 'ViewStyle | Falsy | RegisteredStyle<ViewStyle> | RecursiveArray<ViewStyle | Falsy | RegisteredStyle<ViewStyle>> | readonly (ViewStyle | ... 1 more ... | RegisteredStyle<...>)[]'.
    Type 'TextStyle' is not assignable to type 'ViewStyle'.
      Types of property 'cursor' are incompatible.
        Type 'string | undefined' is not assignable to type 'CursorValue | undefined'.
          Type 'string' is not assignable to type 'CursorValue | undefined'.
components/ui/EnhancedDropdown.tsx(334,3): error TS2322: Type '{ color: string; fontSize: number; fontWeight: string; lineHeight: number; letterSpacing: number; }' is not assignable to type 'ViewStyle | TextStyle | ImageStyle'.
  Type '{ color: string; fontSize: number; fontWeight: string; lineHeight: number; letterSpacing: number; }' is not assignable to type 'TextStyle'.
    Types of property 'fontWeight' are incompatible.
      Type 'string' is not assignable to type '100 | 300 | "light" | "400" | "500" | "600" | "700" | 200 | 400 | 500 | 800 | "normal" | "100" | "200" | "300" | "800" | "900" | "bold" | "medium" | "black" | 600 | 700 | 900 | "ultralight" | ... 6 more ... | undefined'.
components/ui/EnhancedDropdown.tsx(351,46): error TS2551: Property 'minHeight' does not exist on type '{ height: number; paddingHorizontal: number; borderRadius: number; }'. Did you mean 'height'?
components/ui/EnhancedDropdown.tsx(416,3): error TS2322: Type '{ color: string; fontSize: number; fontWeight: string; lineHeight: number; }' is not assignable to type 'ViewStyle | TextStyle | ImageStyle'.
  Type '{ color: string; fontSize: number; fontWeight: string; lineHeight: number; }' is not assignable to type 'TextStyle'.
    Types of property 'fontWeight' are incompatible.
      Type 'string' is not assignable to type '100 | 300 | "light" | "400" | "500" | "600" | "700" | 200 | 400 | 500 | 800 | "normal" | "100" | "200" | "300" | "800" | "900" | "bold" | "medium" | "black" | 600 | 700 | 900 | "ultralight" | ... 6 more ... | undefined'.
components/ui/EnhancedDropdown.tsx(499,3): error TS2322: Type '{ color: string; textAlign: "center"; fontSize: number; fontWeight: string; lineHeight: number; letterSpacing: number; }' is not assignable to type 'ViewStyle | TextStyle | ImageStyle'.
  Type '{ color: string; textAlign: "center"; fontSize: number; fontWeight: string; lineHeight: number; letterSpacing: number; }' is not assignable to type 'TextStyle'.
    Types of property 'fontWeight' are incompatible.
      Type 'string' is not assignable to type '100 | 300 | "light" | "400" | "500" | "600" | "700" | 200 | 400 | 500 | 800 | "normal" | "100" | "200" | "300" | "800" | "900" | "bold" | "medium" | "black" | 600 | 700 | 900 | "ultralight" | ... 6 more ... | undefined'.
components/ui/EnhancedSelection.tsx(71,11): error TS2769: No overload matches this call.
  Overload 1 of 2, '(props: ViewProps): View', gave the following error.
    Type 'ViewStyle | TextStyle | ImageStyle' is not assignable to type 'StyleProp<ViewStyle>'.
      Type 'TextStyle' is not assignable to type 'StyleProp<ViewStyle>'.
        Type 'TextStyle' is not assignable to type 'ViewStyle'.
          Types of property 'cursor' are incompatible.
            Type 'string | undefined' is not assignable to type 'CursorValue | undefined'.
              Type 'string' is not assignable to type 'CursorValue | undefined'.
  Overload 2 of 2, '(props: ViewProps, context: any): View', gave the following error.
    Type 'ViewStyle | TextStyle | ImageStyle' is not assignable to type 'StyleProp<ViewStyle>'.
      Type 'TextStyle' is not assignable to type 'StyleProp<ViewStyle>'.
        Type 'TextStyle' is not assignable to type 'ViewStyle'.
          Types of property 'cursor' are incompatible.
            Type 'string | undefined' is not assignable to type 'CursorValue | undefined'.
              Type 'string' is not assignable to type 'CursorValue | undefined'.
components/ui/EnhancedSelection.tsx(72,13): error TS2769: No overload matches this call.
  Overload 1 of 2, '(props: ViewProps): View', gave the following error.
    Type 'ViewStyle | TextStyle | ImageStyle' is not assignable to type 'StyleProp<ViewStyle>'.
      Type 'TextStyle' is not assignable to type 'StyleProp<ViewStyle>'.
        Type 'TextStyle' is not assignable to type 'ViewStyle'.
          Types of property 'cursor' are incompatible.
            Type 'string | undefined' is not assignable to type 'CursorValue | undefined'.
              Type 'string' is not assignable to type 'CursorValue | undefined'.
  Overload 2 of 2, '(props: ViewProps, context: any): View', gave the following error.
    Type 'ViewStyle | TextStyle | ImageStyle' is not assignable to type 'StyleProp<ViewStyle>'.
      Type 'TextStyle' is not assignable to type 'StyleProp<ViewStyle>'.
        Type 'TextStyle' is not assignable to type 'ViewStyle'.
          Types of property 'cursor' are incompatible.
            Type 'string | undefined' is not assignable to type 'CursorValue | undefined'.
              Type 'string' is not assignable to type 'CursorValue | undefined'.
components/ui/EnhancedSelection.tsx(79,13): error TS2322: Type 'ViewStyle | TextStyle | ImageStyle' is not assignable to type 'StyleProp<ViewStyle>'.
  Type 'TextStyle' is not assignable to type 'StyleProp<ViewStyle>'.
    Type 'TextStyle' is not assignable to type 'ViewStyle'.
      Types of property 'cursor' are incompatible.
        Type 'string | undefined' is not assignable to type 'CursorValue | undefined'.
          Type 'string' is not assignable to type 'CursorValue | undefined'.
components/ui/EnhancedSelection.tsx(82,15): error TS2769: No overload matches this call.
  Overload 1 of 2, '(props: TextProps): Text', gave the following error.
    Type 'ViewStyle | TextStyle | ImageStyle' is not assignable to type 'StyleProp<TextStyle>'.
      Type 'ViewStyle' is not assignable to type 'StyleProp<TextStyle>'.
        Type 'ViewStyle' is not assignable to type 'TextStyle'.
          Types of property 'userSelect' are incompatible.
            Type 'string | undefined' is not assignable to type '"contain" | "none" | "auto" | "text" | "all" | undefined'.
              Type 'string' is not assignable to type '"contain" | "none" | "auto" | "text" | "all" | undefined'.
  Overload 2 of 2, '(props: TextProps, context: any): Text', gave the following error.
    Type 'ViewStyle | TextStyle | ImageStyle' is not assignable to type 'StyleProp<TextStyle>'.
      Type 'ViewStyle' is not assignable to type 'StyleProp<TextStyle>'.
        Type 'ViewStyle' is not assignable to type 'TextStyle'.
          Types of property 'userSelect' are incompatible.
            Type 'string | undefined' is not assignable to type '"contain" | "none" | "auto" | "text" | "all" | undefined'.
              Type 'string' is not assignable to type '"contain" | "none" | "auto" | "text" | "all" | undefined'.
components/ui/EnhancedSelection.tsx(84,30): error TS2769: No overload matches this call.
  Overload 1 of 2, '(props: TextProps): Text', gave the following error.
    Type 'ViewStyle | TextStyle | ImageStyle' is not assignable to type 'StyleProp<TextStyle>'.
      Type 'ViewStyle' is not assignable to type 'StyleProp<TextStyle>'.
        Type 'ViewStyle' is not assignable to type 'TextStyle'.
          Types of property 'userSelect' are incompatible.
            Type 'string | undefined' is not assignable to type '"contain" | "none" | "auto" | "text" | "all" | undefined'.
              Type 'string' is not assignable to type '"contain" | "none" | "auto" | "text" | "all" | undefined'.
  Overload 2 of 2, '(props: TextProps, context: any): Text', gave the following error.
    Type 'ViewStyle | TextStyle | ImageStyle' is not assignable to type 'StyleProp<TextStyle>'.
      Type 'ViewStyle' is not assignable to type 'StyleProp<TextStyle>'.
        Type 'ViewStyle' is not assignable to type 'TextStyle'.
          Types of property 'userSelect' are incompatible.
            Type 'string | undefined' is not assignable to type '"contain" | "none" | "auto" | "text" | "all" | undefined'.
              Type 'string' is not assignable to type '"contain" | "none" | "auto" | "text" | "all" | undefined'.
components/ui/EnhancedSelection.tsx(90,11): error TS2322: Type 'ViewStyle | TextStyle | ImageStyle' is not assignable to type 'ViewStyle | Falsy | RegisteredStyle<ViewStyle> | RecursiveArray<ViewStyle | Falsy | RegisteredStyle<ViewStyle>> | readonly (ViewStyle | ... 1 more ... | RegisteredStyle<...>)[]'.
  Type 'TextStyle' is not assignable to type 'ViewStyle | Falsy | RegisteredStyle<ViewStyle> | RecursiveArray<ViewStyle | Falsy | RegisteredStyle<ViewStyle>> | readonly (ViewStyle | ... 1 more ... | RegisteredStyle<...>)[]'.
    Type 'TextStyle' is not assignable to type 'ViewStyle'.
      Types of property 'cursor' are incompatible.
        Type 'string | undefined' is not assignable to type 'CursorValue | undefined'.
          Type 'string' is not assignable to type 'CursorValue | undefined'.
components/ui/EnhancedSelection.tsx(91,11): error TS2322: Type '"" | ViewStyle | TextStyle | ImageStyle | undefined' is not assignable to type 'ViewStyle | Falsy | RegisteredStyle<ViewStyle> | RecursiveArray<ViewStyle | Falsy | RegisteredStyle<ViewStyle>> | readonly (ViewStyle | ... 1 more ... | RegisteredStyle<...>)[]'.
  Type 'TextStyle' is not assignable to type 'ViewStyle | Falsy | RegisteredStyle<ViewStyle> | RecursiveArray<ViewStyle | Falsy | RegisteredStyle<ViewStyle>> | readonly (ViewStyle | ... 1 more ... | RegisteredStyle<...>)[]'.
    Type 'TextStyle' is not assignable to type 'ViewStyle'.
      Types of property 'cursor' are incompatible.
        Type 'string | undefined' is not assignable to type 'CursorValue | undefined'.
          Type 'string' is not assignable to type 'CursorValue | undefined'.
components/ui/EnhancedSelection.tsx(92,11): error TS2322: Type 'false | ViewStyle | TextStyle | ImageStyle' is not assignable to type 'ViewStyle | Falsy | RegisteredStyle<ViewStyle> | RecursiveArray<ViewStyle | Falsy | RegisteredStyle<ViewStyle>> | readonly (ViewStyle | ... 1 more ... | RegisteredStyle<...>)[]'.
  Type 'TextStyle' is not assignable to type 'ViewStyle | Falsy | RegisteredStyle<ViewStyle> | RecursiveArray<ViewStyle | Falsy | RegisteredStyle<ViewStyle>> | readonly (ViewStyle | ... 1 more ... | RegisteredStyle<...>)[]'.
    Type 'TextStyle' is not assignable to type 'ViewStyle'.
      Types of property 'cursor' are incompatible.
        Type 'string | undefined' is not assignable to type 'CursorValue | undefined'.
          Type 'string' is not assignable to type 'CursorValue | undefined'.
components/ui/EnhancedSelection.tsx(97,10): error TS2769: No overload matches this call.
  Overload 2 of 2, '(props: TextProps, context: any): Text', gave the following error.
    Type 'ViewStyle | TextStyle | ImageStyle' is not assignable to type 'TextStyle | Falsy | RegisteredStyle<TextStyle> | RecursiveArray<TextStyle | Falsy | RegisteredStyle<TextStyle>> | readonly (TextStyle | ... 1 more ... | RegisteredStyle<...>)[]'.
      Type 'ViewStyle' is not assignable to type 'TextStyle | Falsy | RegisteredStyle<TextStyle> | RecursiveArray<TextStyle | Falsy | RegisteredStyle<TextStyle>> | readonly (TextStyle | ... 1 more ... | RegisteredStyle<...>)[]'.
        Type 'ViewStyle' is not assignable to type 'TextStyle'.
          Types of property 'userSelect' are incompatible.
            Type 'string | undefined' is not assignable to type '"contain" | "none" | "auto" | "text" | "all" | undefined'.
              Type 'string' is not assignable to type '"contain" | "none" | "auto" | "text" | "all" | undefined'.
  Overload 2 of 2, '(props: TextProps, context: any): Text', gave the following error.
    Type 'false | ViewStyle | TextStyle | ImageStyle' is not assignable to type 'TextStyle | Falsy | RegisteredStyle<TextStyle> | RecursiveArray<TextStyle | Falsy | RegisteredStyle<TextStyle>> | readonly (TextStyle | ... 1 more ... | RegisteredStyle<...>)[]'.
      Type 'ViewStyle' is not assignable to type 'TextStyle | Falsy | RegisteredStyle<TextStyle> | RecursiveArray<TextStyle | Falsy | RegisteredStyle<TextStyle>> | readonly (TextStyle | ... 1 more ... | RegisteredStyle<...>)[]'.
        Type 'ViewStyle' is not assignable to type 'TextStyle'.
          Types of property 'userSelect' are incompatible.
            Type 'string | undefined' is not assignable to type '"contain" | "none" | "auto" | "text" | "all" | undefined'.
              Type 'string' is not assignable to type '"contain" | "none" | "auto" | "text" | "all" | undefined'.
  Overload 2 of 2, '(props: TextProps, context: any): Text', gave the following error.
    Type 'false | ViewStyle | TextStyle | ImageStyle' is not assignable to type 'TextStyle | Falsy | RegisteredStyle<TextStyle> | RecursiveArray<TextStyle | Falsy | RegisteredStyle<TextStyle>> | readonly (TextStyle | ... 1 more ... | RegisteredStyle<...>)[]'.
      Type 'ViewStyle' is not assignable to type 'TextStyle | Falsy | RegisteredStyle<TextStyle> | RecursiveArray<TextStyle | Falsy | RegisteredStyle<TextStyle>> | readonly (TextStyle | ... 1 more ... | RegisteredStyle<...>)[]'.
        Type 'ViewStyle' is not assignable to type 'TextStyle'.
          Types of property 'userSelect' are incompatible.
            Type 'string | undefined' is not assignable to type '"contain" | "none" | "auto" | "text" | "all" | undefined'.
              Type 'string' is not assignable to type '"contain" | "none" | "auto" | "text" | "all" | undefined'.
components/ui/EnhancedSelection.tsx(112,23): error TS2769: No overload matches this call.
  Overload 1 of 2, '(props: TextProps): Text', gave the following error.
    Type 'ViewStyle | TextStyle | ImageStyle' is not assignable to type 'StyleProp<TextStyle>'.
      Type 'ViewStyle' is not assignable to type 'StyleProp<TextStyle>'.
        Type 'ViewStyle' is not assignable to type 'TextStyle'.
          Types of property 'userSelect' are incompatible.
            Type 'string | undefined' is not assignable to type '"contain" | "none" | "auto" | "text" | "all" | undefined'.
              Type 'string' is not assignable to type '"contain" | "none" | "auto" | "text" | "all" | undefined'.
  Overload 2 of 2, '(props: TextProps, context: any): Text', gave the following error.
    Type 'ViewStyle | TextStyle | ImageStyle' is not assignable to type 'StyleProp<TextStyle>'.
      Type 'ViewStyle' is not assignable to type 'StyleProp<TextStyle>'.
        Type 'ViewStyle' is not assignable to type 'TextStyle'.
          Types of property 'userSelect' are incompatible.
            Type 'string | undefined' is not assignable to type '"contain" | "none" | "auto" | "text" | "all" | undefined'.
              Type 'string' is not assignable to type '"contain" | "none" | "auto" | "text" | "all" | undefined'.
components/ui/EnhancedSelection.tsx(120,15): error TS2769: No overload matches this call.
  Overload 1 of 2, '(props: ViewProps): View', gave the following error.
    Type 'ViewStyle | TextStyle | ImageStyle' is not assignable to type 'StyleProp<ViewStyle>'.
      Type 'TextStyle' is not assignable to type 'StyleProp<ViewStyle>'.
        Type 'TextStyle' is not assignable to type 'ViewStyle'.
          Types of property 'cursor' are incompatible.
            Type 'string | undefined' is not assignable to type 'CursorValue | undefined'.
              Type 'string' is not assignable to type 'CursorValue | undefined'.
  Overload 2 of 2, '(props: ViewProps, context: any): View', gave the following error.
    Type 'ViewStyle | TextStyle | ImageStyle' is not assignable to type 'StyleProp<ViewStyle>'.
      Type 'TextStyle' is not assignable to type 'StyleProp<ViewStyle>'.
        Type 'TextStyle' is not assignable to type 'ViewStyle'.
          Types of property 'cursor' are incompatible.
            Type 'string | undefined' is not assignable to type 'CursorValue | undefined'.
              Type 'string' is not assignable to type 'CursorValue | undefined'.
components/ui/EnhancedSelection.tsx(121,17): error TS2769: No overload matches this call.
  Overload 1 of 2, '(props: ViewProps): View', gave the following error.
    Type 'ViewStyle | TextStyle | ImageStyle' is not assignable to type 'StyleProp<ViewStyle>'.
      Type 'TextStyle' is not assignable to type 'StyleProp<ViewStyle>'.
        Type 'TextStyle' is not assignable to type 'ViewStyle'.
          Types of property 'cursor' are incompatible.
            Type 'string | undefined' is not assignable to type 'CursorValue | undefined'.
              Type 'string' is not assignable to type 'CursorValue | undefined'.
  Overload 2 of 2, '(props: ViewProps, context: any): View', gave the following error.
    Type 'ViewStyle | TextStyle | ImageStyle' is not assignable to type 'StyleProp<ViewStyle>'.
      Type 'TextStyle' is not assignable to type 'StyleProp<ViewStyle>'.
        Type 'TextStyle' is not assignable to type 'ViewStyle'.
          Types of property 'cursor' are incompatible.
            Type 'string | undefined' is not assignable to type 'CursorValue | undefined'.
              Type 'string' is not assignable to type 'CursorValue | undefined'.
components/ui/EnhancedSelection.tsx(122,19): error TS2769: No overload matches this call.
  Overload 1 of 2, '(props: ViewProps): View', gave the following error.
    Type 'ViewStyle | TextStyle | ImageStyle' is not assignable to type 'StyleProp<ViewStyle>'.
      Type 'TextStyle' is not assignable to type 'StyleProp<ViewStyle>'.
        Type 'TextStyle' is not assignable to type 'ViewStyle'.
          Types of property 'cursor' are incompatible.
            Type 'string | undefined' is not assignable to type 'CursorValue | undefined'.
              Type 'string' is not assignable to type 'CursorValue | undefined'.
  Overload 2 of 2, '(props: ViewProps, context: any): View', gave the following error.
    Type 'ViewStyle | TextStyle | ImageStyle' is not assignable to type 'StyleProp<ViewStyle>'.
      Type 'TextStyle' is not assignable to type 'StyleProp<ViewStyle>'.
        Type 'TextStyle' is not assignable to type 'ViewStyle'.
          Types of property 'cursor' are incompatible.
            Type 'string | undefined' is not assignable to type 'CursorValue | undefined'.
              Type 'string' is not assignable to type 'CursorValue | undefined'.
components/ui/EnhancedSelection.tsx(123,21): error TS2769: No overload matches this call.
  Overload 1 of 2, '(props: TextProps): Text', gave the following error.
    Type 'ViewStyle | TextStyle | ImageStyle' is not assignable to type 'StyleProp<TextStyle>'.
      Type 'ViewStyle' is not assignable to type 'StyleProp<TextStyle>'.
        Type 'ViewStyle' is not assignable to type 'TextStyle'.
          Types of property 'userSelect' are incompatible.
            Type 'string | undefined' is not assignable to type '"contain" | "none" | "auto" | "text" | "all" | undefined'.
              Type 'string' is not assignable to type '"contain" | "none" | "auto" | "text" | "all" | undefined'.
  Overload 2 of 2, '(props: TextProps, context: any): Text', gave the following error.
    Type 'ViewStyle | TextStyle | ImageStyle' is not assignable to type 'StyleProp<TextStyle>'.
      Type 'ViewStyle' is not assignable to type 'StyleProp<TextStyle>'.
        Type 'ViewStyle' is not assignable to type 'TextStyle'.
          Types of property 'userSelect' are incompatible.
            Type 'string | undefined' is not assignable to type '"contain" | "none" | "auto" | "text" | "all" | undefined'.
              Type 'string' is not assignable to type '"contain" | "none" | "auto" | "text" | "all" | undefined'.
components/ui/EnhancedSelection.tsx(124,72): error TS2322: Type 'ViewStyle | TextStyle | ImageStyle' is not assignable to type 'StyleProp<ViewStyle>'.
  Type 'TextStyle' is not assignable to type 'StyleProp<ViewStyle>'.
    Type 'TextStyle' is not assignable to type 'ViewStyle'.
      Types of property 'cursor' are incompatible.
        Type 'string | undefined' is not assignable to type 'CursorValue | undefined'.
          Type 'string' is not assignable to type 'CursorValue | undefined'.
components/ui/EnhancedSelection.tsx(130,21): error TS2769: No overload matches this call.
  Overload 1 of 2, '(props: ViewProps): View', gave the following error.
    Type 'ViewStyle | TextStyle | ImageStyle' is not assignable to type 'StyleProp<ViewStyle>'.
      Type 'TextStyle' is not assignable to type 'StyleProp<ViewStyle>'.
        Type 'TextStyle' is not assignable to type 'ViewStyle'.
          Types of property 'cursor' are incompatible.
            Type 'string | undefined' is not assignable to type 'CursorValue | undefined'.
              Type 'string' is not assignable to type 'CursorValue | undefined'.
  Overload 2 of 2, '(props: ViewProps, context: any): View', gave the following error.
    Type 'ViewStyle | TextStyle | ImageStyle' is not assignable to type 'StyleProp<ViewStyle>'.
      Type 'TextStyle' is not assignable to type 'StyleProp<ViewStyle>'.
        Type 'TextStyle' is not assignable to type 'ViewStyle'.
          Types of property 'cursor' are incompatible.
            Type 'string | undefined' is not assignable to type 'CursorValue | undefined'.
              Type 'string' is not assignable to type 'CursorValue | undefined'.
components/ui/EnhancedSelection.tsx(133,19): error TS2769: No overload matches this call.
  Overload 1 of 2, '(props: TextInputProps): TextInput', gave the following error.
    Type 'ViewStyle | TextStyle | ImageStyle' is not assignable to type 'StyleProp<TextStyle>'.
      Type 'ViewStyle' is not assignable to type 'StyleProp<TextStyle>'.
        Type 'ViewStyle' is not assignable to type 'TextStyle'.
          Types of property 'userSelect' are incompatible.
            Type 'string | undefined' is not assignable to type '"contain" | "none" | "auto" | "text" | "all" | undefined'.
              Type 'string' is not assignable to type '"contain" | "none" | "auto" | "text" | "all" | undefined'.
  Overload 2 of 2, '(props: TextInputProps, context: any): TextInput', gave the following error.
    Type 'ViewStyle | TextStyle | ImageStyle' is not assignable to type 'StyleProp<TextStyle>'.
      Type 'ViewStyle' is not assignable to type 'StyleProp<TextStyle>'.
        Type 'ViewStyle' is not assignable to type 'TextStyle'.
          Types of property 'userSelect' are incompatible.
            Type 'string | undefined' is not assignable to type '"contain" | "none" | "auto" | "text" | "all" | undefined'.
              Type 'string' is not assignable to type '"contain" | "none" | "auto" | "text" | "all" | undefined'.
components/ui/EnhancedSelection.tsx(145,15): error TS2322: Type '{ data: SelectionOption[]; keyExtractor: (item: SelectionOption) => string; estimatedItemSize: number; renderItem: ({ item }: ListRenderItemInfo<SelectionOption>) => Element; ItemSeparatorComponent: () => Element; ListEmptyComponent: Element; }' is not assignable to type 'IntrinsicAttributes & FlashListProps<SelectionOption> & { ref?: Ref<FlashListRef<SelectionOption>> | undefined; }'.
  Property 'estimatedItemSize' does not exist on type 'IntrinsicAttributes & FlashListProps<SelectionOption> & { ref?: Ref<FlashListRef<SelectionOption>> | undefined; }'.
components/ui/EnhancedSelection.tsx(149,21): error TS2322: Type 'ViewStyle | TextStyle | ImageStyle' is not assignable to type 'ViewStyle | Falsy | RegisteredStyle<ViewStyle> | RecursiveArray<ViewStyle | Falsy | RegisteredStyle<ViewStyle>> | readonly (ViewStyle | ... 1 more ... | RegisteredStyle<...>)[]'.
  Type 'TextStyle' is not assignable to type 'ViewStyle | Falsy | RegisteredStyle<ViewStyle> | RecursiveArray<ViewStyle | Falsy | RegisteredStyle<ViewStyle>> | readonly (ViewStyle | ... 1 more ... | RegisteredStyle<...>)[]'.
    Type 'TextStyle' is not assignable to type 'ViewStyle'.
      Types of property 'cursor' are incompatible.
        Type 'string | undefined' is not assignable to type 'CursorValue | undefined'.
          Type 'string' is not assignable to type 'CursorValue | undefined'.
components/ui/EnhancedSelection.tsx(150,21): error TS2322: Type 'false | ViewStyle | TextStyle | ImageStyle' is not assignable to type 'ViewStyle | Falsy | RegisteredStyle<ViewStyle> | RecursiveArray<ViewStyle | Falsy | RegisteredStyle<ViewStyle>> | readonly (ViewStyle | ... 1 more ... | RegisteredStyle<...>)[]'.
  Type 'TextStyle' is not assignable to type 'ViewStyle | Falsy | RegisteredStyle<ViewStyle> | RecursiveArray<ViewStyle | Falsy | RegisteredStyle<ViewStyle>> | readonly (ViewStyle | ... 1 more ... | RegisteredStyle<...>)[]'.
    Type 'TextStyle' is not assignable to type 'ViewStyle'.
      Types of property 'cursor' are incompatible.
        Type 'string | undefined' is not assignable to type 'CursorValue | undefined'.
          Type 'string' is not assignable to type 'CursorValue | undefined'.
components/ui/EnhancedSelection.tsx(155,22): error TS2769: No overload matches this call.
  Overload 2 of 2, '(props: TextProps, context: any): Text', gave the following error.
    Type 'ViewStyle | TextStyle | ImageStyle' is not assignable to type 'TextStyle | Falsy | RegisteredStyle<TextStyle> | RecursiveArray<TextStyle | Falsy | RegisteredStyle<TextStyle>> | readonly (TextStyle | ... 1 more ... | RegisteredStyle<...>)[]'.
      Type 'ViewStyle' is not assignable to type 'TextStyle | Falsy | RegisteredStyle<TextStyle> | RecursiveArray<TextStyle | Falsy | RegisteredStyle<TextStyle>> | readonly (TextStyle | ... 1 more ... | RegisteredStyle<...>)[]'.
        Type 'ViewStyle' is not assignable to type 'TextStyle'.
          Types of property 'userSelect' are incompatible.
            Type 'string | undefined' is not assignable to type '"contain" | "none" | "auto" | "text" | "all" | undefined'.
              Type 'string' is not assignable to type '"contain" | "none" | "auto" | "text" | "all" | undefined'.
  Overload 2 of 2, '(props: TextProps, context: any): Text', gave the following error.
    Type 'false | ViewStyle | TextStyle | ImageStyle' is not assignable to type 'TextStyle | Falsy | RegisteredStyle<TextStyle> | RecursiveArray<TextStyle | Falsy | RegisteredStyle<TextStyle>> | readonly (TextStyle | ... 1 more ... | RegisteredStyle<...>)[]'.
      Type 'ViewStyle' is not assignable to type 'TextStyle | Falsy | RegisteredStyle<TextStyle> | RecursiveArray<TextStyle | Falsy | RegisteredStyle<TextStyle>> | readonly (TextStyle | ... 1 more ... | RegisteredStyle<...>)[]'.
        Type 'ViewStyle' is not assignable to type 'TextStyle'.
          Types of property 'userSelect' are incompatible.
            Type 'string | undefined' is not assignable to type '"contain" | "none" | "auto" | "text" | "all" | undefined'.
              Type 'string' is not assignable to type '"contain" | "none" | "auto" | "text" | "all" | undefined'.
components/ui/EnhancedSelection.tsx(160,29): error TS2769: No overload matches this call.
  Overload 1 of 2, '(props: TextProps): Text', gave the following error.
    Type 'ViewStyle | TextStyle | ImageStyle' is not assignable to type 'StyleProp<TextStyle>'.
      Type 'ViewStyle' is not assignable to type 'StyleProp<TextStyle>'.
        Type 'ViewStyle' is not assignable to type 'TextStyle'.
          Types of property 'userSelect' are incompatible.
            Type 'string | undefined' is not assignable to type '"contain" | "none" | "auto" | "text" | "all" | undefined'.
              Type 'string' is not assignable to type '"contain" | "none" | "auto" | "text" | "all" | undefined'.
  Overload 2 of 2, '(props: TextProps, context: any): Text', gave the following error.
    Type 'ViewStyle | TextStyle | ImageStyle' is not assignable to type 'StyleProp<TextStyle>'.
      Type 'ViewStyle' is not assignable to type 'StyleProp<TextStyle>'.
        Type 'ViewStyle' is not assignable to type 'TextStyle'.
          Types of property 'userSelect' are incompatible.
            Type 'string | undefined' is not assignable to type '"contain" | "none" | "auto" | "text" | "all" | undefined'.
              Type 'string' is not assignable to type '"contain" | "none" | "auto" | "text" | "all" | undefined'.
components/ui/EnhancedSelection.tsx(168,51): error TS2769: No overload matches this call.
  Overload 1 of 2, '(props: ViewProps): View', gave the following error.
    Type 'ViewStyle | TextStyle | ImageStyle' is not assignable to type 'StyleProp<ViewStyle>'.
      Type 'TextStyle' is not assignable to type 'StyleProp<ViewStyle>'.
        Type 'TextStyle' is not assignable to type 'ViewStyle'.
          Types of property 'cursor' are incompatible.
            Type 'string | undefined' is not assignable to type 'CursorValue | undefined'.
              Type 'string' is not assignable to type 'CursorValue | undefined'.
  Overload 2 of 2, '(props: ViewProps, context: any): View', gave the following error.
    Type 'ViewStyle | TextStyle | ImageStyle' is not assignable to type 'StyleProp<ViewStyle>'.
      Type 'TextStyle' is not assignable to type 'StyleProp<ViewStyle>'.
        Type 'TextStyle' is not assignable to type 'ViewStyle'.
          Types of property 'cursor' are incompatible.
            Type 'string | undefined' is not assignable to type 'CursorValue | undefined'.
              Type 'string' is not assignable to type 'CursorValue | undefined'.
components/ui/EnhancedSelection.tsx(170,23): error TS2769: No overload matches this call.
  Overload 1 of 2, '(props: ViewProps): View', gave the following error.
    Type 'ViewStyle | TextStyle | ImageStyle' is not assignable to type 'StyleProp<ViewStyle>'.
      Type 'TextStyle' is not assignable to type 'StyleProp<ViewStyle>'.
        Type 'TextStyle' is not assignable to type 'ViewStyle'.
          Types of property 'cursor' are incompatible.
            Type 'string | undefined' is not assignable to type 'CursorValue | undefined'.
              Type 'string' is not assignable to type 'CursorValue | undefined'.
  Overload 2 of 2, '(props: ViewProps, context: any): View', gave the following error.
    Type 'ViewStyle | TextStyle | ImageStyle' is not assignable to type 'StyleProp<ViewStyle>'.
      Type 'TextStyle' is not assignable to type 'StyleProp<ViewStyle>'.
        Type 'TextStyle' is not assignable to type 'ViewStyle'.
          Types of property 'cursor' are incompatible.
            Type 'string | undefined' is not assignable to type 'CursorValue | undefined'.
              Type 'string' is not assignable to type 'CursorValue | undefined'.
components/ui/EnhancedSelection.tsx(171,25): error TS2769: No overload matches this call.
  Overload 1 of 2, '(props: TextProps): Text', gave the following error.
    Type 'ViewStyle | TextStyle | ImageStyle' is not assignable to type 'StyleProp<TextStyle>'.
      Type 'ViewStyle' is not assignable to type 'StyleProp<TextStyle>'.
        Type 'ViewStyle' is not assignable to type 'TextStyle'.
          Types of property 'userSelect' are incompatible.
            Type 'string | undefined' is not assignable to type '"contain" | "none" | "auto" | "text" | "all" | undefined'.
              Type 'string' is not assignable to type '"contain" | "none" | "auto" | "text" | "all" | undefined'.
  Overload 2 of 2, '(props: TextProps, context: any): Text', gave the following error.
    Type 'ViewStyle | TextStyle | ImageStyle' is not assignable to type 'StyleProp<TextStyle>'.
      Type 'ViewStyle' is not assignable to type 'StyleProp<TextStyle>'.
        Type 'ViewStyle' is not assignable to type 'TextStyle'.
          Types of property 'userSelect' are incompatible.
            Type 'string | undefined' is not assignable to type '"contain" | "none" | "auto" | "text" | "all" | undefined'.
              Type 'string' is not assignable to type '"contain" | "none" | "auto" | "text" | "all" | undefined'.
components/ui/EnhancedSelection.tsx(194,3): error TS2322: Type '{ color: string; fontSize: number; fontWeight: string; lineHeight: number; letterSpacing: number; }' is not assignable to type 'ViewStyle | TextStyle | ImageStyle'.
  Type '{ color: string; fontSize: number; fontWeight: string; lineHeight: number; letterSpacing: number; }' is not assignable to type 'TextStyle'.
    Types of property 'fontWeight' are incompatible.
      Type 'string' is not assignable to type '100 | 300 | "light" | "400" | "500" | "600" | "700" | 200 | 400 | 500 | 800 | "normal" | "100" | "200" | "300" | "800" | "900" | "bold" | "medium" | "black" | 600 | 700 | 900 | "ultralight" | ... 6 more ... | undefined'.
components/ui/EnhancedSelection.tsx(211,46): error TS2551: Property 'minHeight' does not exist on type '{ height: number; paddingHorizontal: number; borderRadius: number; }'. Did you mean 'height'?
components/ui/FormLayout.tsx(90,21): error TS2769: No overload matches this call.
  Overload 1 of 2, '(props: ViewProps): View', gave the following error.
    Type '{ width: "100%" | `calc(33.333% - ${number}px)` | `calc(50% - ${number}px)`; }' is not assignable to type 'StyleProp<ViewStyle>'.
      Types of property 'width' are incompatible.
        Type '"100%" | `calc(33.333% - ${number}px)` | `calc(50% - ${number}px)`' is not assignable to type 'DimensionValue | undefined'.
          Type '`calc(33.333% - ${number}px)`' is not assignable to type 'DimensionValue | undefined'.
  Overload 2 of 2, '(props: ViewProps, context: any): View', gave the following error.
    Type '{ width: "100%" | `calc(33.333% - ${number}px)` | `calc(50% - ${number}px)`; }' is not assignable to type 'StyleProp<ViewStyle>'.
      Types of property 'width' are incompatible.
        Type '"100%" | `calc(33.333% - ${number}px)` | `calc(50% - ${number}px)`' is not assignable to type 'DimensionValue | undefined'.
          Type '`calc(33.333% - ${number}px)`' is not assignable to type 'DimensionValue | undefined'.
components/ui/FormModal.tsx(209,23): error TS2769: No overload matches this call.
  Overload 1 of 2, '(props: ViewProps): View', gave the following error.
    Type '{ flex: number; backgroundColor: string; justifyContent: string; alignItems: string; }' is not assignable to type 'StyleProp<ViewStyle>'.
      Type '{ flex: number; backgroundColor: string; justifyContent: string; alignItems: string; }' is not assignable to type 'ViewStyle'.
        Types of property 'alignItems' are incompatible.
          Type 'string' is not assignable to type 'FlexAlignType | undefined'.
  Overload 2 of 2, '(props: ViewProps, context: any): View', gave the following error.
    Type '{ flex: number; backgroundColor: string; justifyContent: string; alignItems: string; }' is not assignable to type 'StyleProp<ViewStyle>'.
      Type '{ flex: number; backgroundColor: string; justifyContent: string; alignItems: string; }' is not assignable to type 'ViewStyle'.
        Types of property 'alignItems' are incompatible.
          Type 'string' is not assignable to type 'FlexAlignType | undefined'.
components/ui/FormModal.tsx(210,35): error TS2769: No overload matches this call.
  Overload 1 of 2, '(props: ViewProps): View', gave the following error.
    Type '{ backgroundColor: string; borderRadius: number; maxHeight: string; shadowColor: string; shadowOpacity: number; shadowRadius: number; shadowOffset: { width: number; height: number; }; elevation: number; }' is not assignable to type 'ViewStyle | Falsy | RegisteredStyle<ViewStyle> | RecursiveArray<ViewStyle | Falsy | RegisteredStyle<ViewStyle>> | readonly (ViewStyle | ... 1 more ... | RegisteredStyle<...>)[]'.
      Type '{ backgroundColor: string; borderRadius: number; maxHeight: string; shadowColor: string; shadowOpacity: number; shadowRadius: number; shadowOffset: { width: number; height: number; }; elevation: number; }' is not assignable to type 'ViewStyle'.
        Types of property 'maxHeight' are incompatible.
          Type 'string' is not assignable to type 'DimensionValue | undefined'.
  Overload 2 of 2, '(props: ViewProps, context: any): View', gave the following error.
    Type '{ backgroundColor: string; borderRadius: number; maxHeight: string; shadowColor: string; shadowOpacity: number; shadowRadius: number; shadowOffset: { width: number; height: number; }; elevation: number; }' is not assignable to type 'ViewStyle | Falsy | RegisteredStyle<ViewStyle> | RecursiveArray<ViewStyle | Falsy | RegisteredStyle<ViewStyle>> | readonly (ViewStyle | ... 1 more ... | RegisteredStyle<...>)[]'.
      Type '{ backgroundColor: string; borderRadius: number; maxHeight: string; shadowColor: string; shadowOpacity: number; shadowRadius: number; shadowOffset: { width: number; height: number; }; elevation: number; }' is not assignable to type 'ViewStyle'.
        Types of property 'maxHeight' are incompatible.
          Type 'string' is not assignable to type 'DimensionValue | undefined'.
components/ui/FormModal.tsx(217,41): error TS2322: Type 'string' is not assignable to type '"sort" | "map" | "filter" | "abc" | "web" | "tag" | "group" | "download" | "style" | "accessible" | "scale" | "animation" | "opacity" | "visibility" | "height" | "margin" | "padding" | ... 2216 more ... | "zoom-out-map"'.
components/ui/FormModal.tsx(270,33): error TS2322: Type '(() => void) | undefined' is not assignable to type '() => void'.
  Type 'undefined' is not assignable to type '() => void'.
components/ui/HeaderButtons.tsx(3,28): error TS2307: Cannot find module '@/components/IconSymbol' or its corresponding type declarations.
components/ui/LoadingOverlay.tsx(21,29): error TS2769: No overload matches this call.
  Overload 1 of 2, '(props: TextProps): Text', gave the following error.
    Type '{ color: string; fontSize: number; fontWeight: string; lineHeight: number; letterSpacing: number; marginTop: number; }' is not assignable to type 'StyleProp<TextStyle>'.
      Type '{ color: string; fontSize: number; fontWeight: string; lineHeight: number; letterSpacing: number; marginTop: number; }' is not assignable to type 'TextStyle'.
        Types of property 'fontWeight' are incompatible.
          Type 'string' is not assignable to type '100 | 300 | "light" | "400" | "500" | "600" | "700" | 200 | 400 | 500 | 800 | "normal" | "100" | "200" | "300" | "800" | "900" | "bold" | "medium" | "black" | 600 | 700 | 900 | "ultralight" | ... 6 more ... | undefined'.
  Overload 2 of 2, '(props: TextProps, context: any): Text', gave the following error.
    Type '{ color: string; fontSize: number; fontWeight: string; lineHeight: number; letterSpacing: number; marginTop: number; }' is not assignable to type 'StyleProp<TextStyle>'.
      Type '{ color: string; fontSize: number; fontWeight: string; lineHeight: number; letterSpacing: number; marginTop: number; }' is not assignable to type 'TextStyle'.
        Types of property 'fontWeight' are incompatible.
          Type 'string' is not assignable to type '100 | 300 | "light" | "400" | "500" | "600" | "700" | 200 | 400 | 500 | 800 | "normal" | "100" | "200" | "300" | "800" | "900" | "bold" | "medium" | "black" | 600 | 700 | 900 | "ultralight" | ... 6 more ... | undefined'.
components/ui/LoadingOverlay.tsx(41,17): error TS2769: No overload matches this call.
  Overload 1 of 2, '(specifics: ({ native?: { shadowColor: string; shadowOffset: { width: number; height: number; }; shadowOpacity: number; shadowRadius: number; elevation?: undefined; boxShadow?: undefined; } | { elevation: number; ... 4 more ...; boxShadow?: undefined; } | { ...; } | { ...; } | undefined; ... 4 more ...; windows?: { ...; } | ... 3 more ... | undefined; } & { ...; }) | { ...; }): { ...; } | ... 2 more ... | { ...; }', gave the following error.
    Type '{ boxShadow: string | undefined; }' is not assignable to type '{ shadowColor: string; shadowOffset: { width: number; height: number; }; shadowOpacity: number; shadowRadius: number; elevation?: undefined; boxShadow?: undefined; } | { elevation: number; shadowColor?: undefined; shadowOffset?: undefined; shadowOpacity?: undefined; shadowRadius?: undefined; boxShadow?: undefined; }...'.
      Type '{ boxShadow: string | undefined; }' is not assignable to type '{ shadowColor: string; shadowOffset: { width: number; height: number; }; shadowOpacity: number; shadowRadius: number; elevation?: undefined; boxShadow?: undefined; } | { elevation: number; shadowColor?: undefined; shadowOffset?: undefined; shadowOpacity?: undefined; shadowRadius?: undefined; boxShadow?: undefined; }...'.
        Type '{ boxShadow: string | undefined; }' is missing the following properties from type '{ shadowColor: string; shadowOffset: { width: number; height: number; }; shadowOpacity: number; shadowRadius: number; elevation: number; boxShadow?: undefined; }': shadowColor, shadowOffset, shadowOpacity, shadowRadius, elevation
  Overload 2 of 2, '(specifics: { native?: { boxShadow: string | undefined; } | undefined; web?: { boxShadow: string | undefined; } | undefined; android?: { boxShadow: string | undefined; } | undefined; ios?: { boxShadow: string | undefined; } | undefined; macos?: { ...; } | undefined; windows?: { ...; } | undefined; }): { ...; } | undefined', gave the following error.
    Object literal may only specify known properties, and 'default' does not exist in type '{ native?: { boxShadow: string | undefined; } | undefined; web?: { boxShadow: string | undefined; } | undefined; android?: { boxShadow: string | undefined; } | undefined; ios?: { boxShadow: string | undefined; } | undefined; macos?: { ...; } | undefined; windows?: { ...; } | undefined; }'.
components/ui/LocationAutocomplete.tsx(37,22): error TS2749: 'GooglePlacesAutocomplete' refers to a value, but is being used as a type here. Did you mean 'typeof GooglePlacesAutocomplete'?
components/ui/LocationAutocomplete.tsx(48,66): error TS2322: Type '(ViewStyle | { zIndex: number; } | undefined)[]' is not assignable to type 'ViewStyle'.
  Types of property 'filter' are incompatible.
    Type '{ <S extends ViewStyle | { zIndex: number; } | undefined>(predicate: (value: ViewStyle | { zIndex: number; } | undefined, index: number, array: (ViewStyle | { zIndex: number; } | undefined)[]) => value is S, thisArg?: any): S[]; (predicate: (value: ViewStyle | ... 1 more ... | undefined, index: number, array: (ViewS...' is not assignable to type 'string | readonly FilterFunction[] | undefined'.
components/ui/LocationAutocomplete.tsx(78,64): error TS2322: Type '(ViewStyle | { zIndex: number; } | undefined)[]' is not assignable to type 'ViewStyle'.
  Types of property 'filter' are incompatible.
    Type '{ <S extends ViewStyle | { zIndex: number; } | undefined>(predicate: (value: ViewStyle | { zIndex: number; } | undefined, index: number, array: (ViewStyle | { zIndex: number; } | undefined)[]) => value is S, thisArg?: any): S[]; (predicate: (value: ViewStyle | ... 1 more ... | undefined, index: number, array: (ViewS...' is not assignable to type 'string | readonly FilterFunction[] | undefined'.
components/ui/ModernSelect.tsx(32,15): error TS2769: No overload matches this call.
  Overload 1 of 2, '(props: ViewProps): View', gave the following error.
    Type 'ViewStyle | TextStyle | ImageStyle' is not assignable to type 'StyleProp<ViewStyle>'.
      Type 'TextStyle' is not assignable to type 'StyleProp<ViewStyle>'.
        Type 'TextStyle' is not assignable to type 'ViewStyle'.
          Types of property 'cursor' are incompatible.
            Type 'string | undefined' is not assignable to type 'CursorValue | undefined'.
              Type 'string' is not assignable to type 'CursorValue | undefined'.
  Overload 2 of 2, '(props: ViewProps, context: any): View', gave the following error.
    Type 'ViewStyle | TextStyle | ImageStyle' is not assignable to type 'StyleProp<ViewStyle>'.
      Type 'TextStyle' is not assignable to type 'StyleProp<ViewStyle>'.
        Type 'TextStyle' is not assignable to type 'ViewStyle'.
          Types of property 'cursor' are incompatible.
            Type 'string | undefined' is not assignable to type 'CursorValue | undefined'.
              Type 'string' is not assignable to type 'CursorValue | undefined'.
components/ui/ModernSelect.tsx(33,19): error TS2769: No overload matches this call.
  Overload 1 of 2, '(props: TextProps): Text', gave the following error.
    Type 'ViewStyle | TextStyle | ImageStyle' is not assignable to type 'StyleProp<TextStyle>'.
      Type 'ViewStyle' is not assignable to type 'StyleProp<TextStyle>'.
        Type 'ViewStyle' is not assignable to type 'TextStyle'.
          Types of property 'userSelect' are incompatible.
            Type 'string | undefined' is not assignable to type '"contain" | "none" | "auto" | "text" | "all" | undefined'.
              Type 'string' is not assignable to type '"contain" | "none" | "auto" | "text" | "all" | undefined'.
  Overload 2 of 2, '(props: TextProps, context: any): Text', gave the following error.
    Type 'ViewStyle | TextStyle | ImageStyle' is not assignable to type 'StyleProp<TextStyle>'.
      Type 'ViewStyle' is not assignable to type 'StyleProp<TextStyle>'.
        Type 'ViewStyle' is not assignable to type 'TextStyle'.
          Types of property 'userSelect' are incompatible.
            Type 'string | undefined' is not assignable to type '"contain" | "none" | "auto" | "text" | "all" | undefined'.
              Type 'string' is not assignable to type '"contain" | "none" | "auto" | "text" | "all" | undefined'.
components/ui/ModernSelect.tsx(35,17): error TS2322: Type 'ViewStyle | TextStyle | ImageStyle' is not assignable to type 'StyleProp<ViewStyle>'.
  Type 'TextStyle' is not assignable to type 'StyleProp<ViewStyle>'.
    Type 'TextStyle' is not assignable to type 'ViewStyle'.
      Types of property 'cursor' are incompatible.
        Type 'string | undefined' is not assignable to type 'CursorValue | undefined'.
          Type 'string' is not assignable to type 'CursorValue | undefined'.
components/ui/ModernSelect.tsx(38,23): error TS2769: No overload matches this call.
  Overload 1 of 2, '(props: TextProps): Text', gave the following error.
    Type 'ViewStyle | TextStyle | ImageStyle' is not assignable to type 'StyleProp<TextStyle>'.
      Type 'ViewStyle' is not assignable to type 'StyleProp<TextStyle>'.
        Type 'ViewStyle' is not assignable to type 'TextStyle'.
          Types of property 'userSelect' are incompatible.
            Type 'string | undefined' is not assignable to type '"contain" | "none" | "auto" | "text" | "all" | undefined'.
              Type 'string' is not assignable to type '"contain" | "none" | "auto" | "text" | "all" | undefined'.
  Overload 2 of 2, '(props: TextProps, context: any): Text', gave the following error.
    Type 'ViewStyle | TextStyle | ImageStyle' is not assignable to type 'StyleProp<TextStyle>'.
      Type 'ViewStyle' is not assignable to type 'StyleProp<TextStyle>'.
        Type 'ViewStyle' is not assignable to type 'TextStyle'.
          Types of property 'userSelect' are incompatible.
            Type 'string | undefined' is not assignable to type '"contain" | "none" | "auto" | "text" | "all" | undefined'.
              Type 'string' is not assignable to type '"contain" | "none" | "auto" | "text" | "all" | undefined'.
components/ui/ModernSelect.tsx(54,23): error TS2769: No overload matches this call.
  Overload 1 of 2, '(props: ViewProps): View', gave the following error.
    Type 'ViewStyle | TextStyle | ImageStyle' is not assignable to type 'StyleProp<ViewStyle>'.
      Type 'TextStyle' is not assignable to type 'StyleProp<ViewStyle>'.
        Type 'TextStyle' is not assignable to type 'ViewStyle'.
          Types of property 'cursor' are incompatible.
            Type 'string | undefined' is not assignable to type 'CursorValue | undefined'.
              Type 'string' is not assignable to type 'CursorValue | undefined'.
  Overload 2 of 2, '(props: ViewProps, context: any): View', gave the following error.
    Type 'ViewStyle | TextStyle | ImageStyle' is not assignable to type 'StyleProp<ViewStyle>'.
      Type 'TextStyle' is not assignable to type 'StyleProp<ViewStyle>'.
        Type 'TextStyle' is not assignable to type 'ViewStyle'.
          Types of property 'cursor' are incompatible.
            Type 'string | undefined' is not assignable to type 'CursorValue | undefined'.
              Type 'string' is not assignable to type 'CursorValue | undefined'.
components/ui/ModernSelect.tsx(55,27): error TS2769: No overload matches this call.
  Overload 1 of 2, '(props: ViewProps): View', gave the following error.
    Type 'ViewStyle | TextStyle | ImageStyle' is not assignable to type 'StyleProp<ViewStyle>'.
      Type 'TextStyle' is not assignable to type 'StyleProp<ViewStyle>'.
        Type 'TextStyle' is not assignable to type 'ViewStyle'.
          Types of property 'cursor' are incompatible.
            Type 'string | undefined' is not assignable to type 'CursorValue | undefined'.
              Type 'string' is not assignable to type 'CursorValue | undefined'.
  Overload 2 of 2, '(props: ViewProps, context: any): View', gave the following error.
    Type 'ViewStyle | TextStyle | ImageStyle' is not assignable to type 'StyleProp<ViewStyle>'.
      Type 'TextStyle' is not assignable to type 'StyleProp<ViewStyle>'.
        Type 'TextStyle' is not assignable to type 'ViewStyle'.
          Types of property 'cursor' are incompatible.
            Type 'string | undefined' is not assignable to type 'CursorValue | undefined'.
              Type 'string' is not assignable to type 'CursorValue | undefined'.
components/ui/ModernSelect.tsx(57,35): error TS2769: No overload matches this call.
  Overload 1 of 2, '(props: ViewProps): View', gave the following error.
    Type 'ViewStyle | TextStyle | ImageStyle' is not assignable to type 'StyleProp<ViewStyle>'.
      Type 'TextStyle' is not assignable to type 'StyleProp<ViewStyle>'.
        Type 'TextStyle' is not assignable to type 'ViewStyle'.
          Types of property 'cursor' are incompatible.
            Type 'string | undefined' is not assignable to type 'CursorValue | undefined'.
              Type 'string' is not assignable to type 'CursorValue | undefined'.
  Overload 2 of 2, '(props: ViewProps, context: any): View', gave the following error.
    Type 'ViewStyle | TextStyle | ImageStyle' is not assignable to type 'StyleProp<ViewStyle>'.
      Type 'TextStyle' is not assignable to type 'StyleProp<ViewStyle>'.
        Type 'TextStyle' is not assignable to type 'ViewStyle'.
          Types of property 'cursor' are incompatible.
            Type 'string | undefined' is not assignable to type 'CursorValue | undefined'.
              Type 'string' is not assignable to type 'CursorValue | undefined'.
components/ui/ModernSelect.tsx(60,37): error TS2769: No overload matches this call.
  Overload 1 of 2, '(props: TextInputProps): TextInput', gave the following error.
    Type 'ViewStyle | TextStyle | ImageStyle' is not assignable to type 'StyleProp<TextStyle>'.
      Type 'ViewStyle' is not assignable to type 'StyleProp<TextStyle>'.
        Type 'ViewStyle' is not assignable to type 'TextStyle'.
          Types of property 'userSelect' are incompatible.
            Type 'string | undefined' is not assignable to type '"contain" | "none" | "auto" | "text" | "all" | undefined'.
              Type 'string' is not assignable to type '"contain" | "none" | "auto" | "text" | "all" | undefined'.
  Overload 2 of 2, '(props: TextInputProps, context: any): TextInput', gave the following error.
    Type 'ViewStyle | TextStyle | ImageStyle' is not assignable to type 'StyleProp<TextStyle>'.
      Type 'ViewStyle' is not assignable to type 'StyleProp<TextStyle>'.
        Type 'ViewStyle' is not assignable to type 'TextStyle'.
          Types of property 'userSelect' are incompatible.
            Type 'string | undefined' is not assignable to type '"contain" | "none" | "auto" | "text" | "all" | undefined'.
              Type 'string' is not assignable to type '"contain" | "none" | "auto" | "text" | "all" | undefined'.
components/ui/ModernSelect.tsx(68,35): error TS2769: No overload matches this call.
  Overload 1 of 2, '(props: TextProps): Text', gave the following error.
    Type 'ViewStyle | TextStyle | ImageStyle' is not assignable to type 'StyleProp<TextStyle>'.
      Type 'ViewStyle' is not assignable to type 'StyleProp<TextStyle>'.
        Type 'ViewStyle' is not assignable to type 'TextStyle'.
          Types of property 'userSelect' are incompatible.
            Type 'string | undefined' is not assignable to type '"contain" | "none" | "auto" | "text" | "all" | undefined'.
              Type 'string' is not assignable to type '"contain" | "none" | "auto" | "text" | "all" | undefined'.
  Overload 2 of 2, '(props: TextProps, context: any): Text', gave the following error.
    Type 'ViewStyle | TextStyle | ImageStyle' is not assignable to type 'StyleProp<TextStyle>'.
      Type 'ViewStyle' is not assignable to type 'StyleProp<TextStyle>'.
        Type 'ViewStyle' is not assignable to type 'TextStyle'.
          Types of property 'userSelect' are incompatible.
            Type 'string | undefined' is not assignable to type '"contain" | "none" | "auto" | "text" | "all" | undefined'.
              Type 'string' is not assignable to type '"contain" | "none" | "auto" | "text" | "all" | undefined'.
components/ui/ModernSelect.tsx(70,77): error TS2322: Type 'ViewStyle | TextStyle | ImageStyle' is not assignable to type 'StyleProp<ViewStyle>'.
  Type 'TextStyle' is not assignable to type 'StyleProp<ViewStyle>'.
    Type 'TextStyle' is not assignable to type 'ViewStyle'.
      Types of property 'cursor' are incompatible.
        Type 'string | undefined' is not assignable to type 'CursorValue | undefined'.
          Type 'string' is not assignable to type 'CursorValue | undefined'.
components/ui/ModernSelect.tsx(71,35): error TS2769: No overload matches this call.
  Overload 1 of 2, '(props: TextProps): Text', gave the following error.
    Type 'ViewStyle | TextStyle | ImageStyle' is not assignable to type 'StyleProp<TextStyle>'.
      Type 'ViewStyle' is not assignable to type 'StyleProp<TextStyle>'.
        Type 'ViewStyle' is not assignable to type 'TextStyle'.
          Types of property 'userSelect' are incompatible.
            Type 'string | undefined' is not assignable to type '"contain" | "none" | "auto" | "text" | "all" | undefined'.
              Type 'string' is not assignable to type '"contain" | "none" | "auto" | "text" | "all" | undefined'.
  Overload 2 of 2, '(props: TextProps, context: any): Text', gave the following error.
    Type 'ViewStyle | TextStyle | ImageStyle' is not assignable to type 'StyleProp<TextStyle>'.
      Type 'ViewStyle' is not assignable to type 'StyleProp<TextStyle>'.
        Type 'ViewStyle' is not assignable to type 'TextStyle'.
          Types of property 'userSelect' are incompatible.
            Type 'string | undefined' is not assignable to type '"contain" | "none" | "auto" | "text" | "all" | undefined'.
              Type 'string' is not assignable to type '"contain" | "none" | "auto" | "text" | "all" | undefined'.
components/ui/ModernSelect.tsx(79,33): error TS2322: Type 'ViewStyle | TextStyle | ImageStyle' is not assignable to type 'StyleProp<ViewStyle>'.
  Type 'TextStyle' is not assignable to type 'StyleProp<ViewStyle>'.
    Type 'TextStyle' is not assignable to type 'ViewStyle'.
      Types of property 'cursor' are incompatible.
        Type 'string | undefined' is not assignable to type 'CursorValue | undefined'.
          Type 'string' is not assignable to type 'CursorValue | undefined'.
components/ui/ModernSelect.tsx(85,39): error TS2769: No overload matches this call.
  Overload 1 of 2, '(props: TextProps): Text', gave the following error.
    Type 'ViewStyle | TextStyle | ImageStyle' is not assignable to type 'StyleProp<TextStyle>'.
      Type 'ViewStyle' is not assignable to type 'StyleProp<TextStyle>'.
        Type 'ViewStyle' is not assignable to type 'TextStyle'.
          Types of property 'userSelect' are incompatible.
            Type 'string | undefined' is not assignable to type '"contain" | "none" | "auto" | "text" | "all" | undefined'.
              Type 'string' is not assignable to type '"contain" | "none" | "auto" | "text" | "all" | undefined'.
  Overload 2 of 2, '(props: TextProps, context: any): Text', gave the following error.
    Type 'ViewStyle | TextStyle | ImageStyle' is not assignable to type 'StyleProp<TextStyle>'.
      Type 'ViewStyle' is not assignable to type 'StyleProp<TextStyle>'.
        Type 'ViewStyle' is not assignable to type 'TextStyle'.
          Types of property 'userSelect' are incompatible.
            Type 'string | undefined' is not assignable to type '"contain" | "none" | "auto" | "text" | "all" | undefined'.
              Type 'string' is not assignable to type '"contain" | "none" | "auto" | "text" | "all" | undefined'.
components/ui/ModernSelect.tsx(139,5): error TS2322: Type '{ color: string; fontSize: number; fontWeight: string; lineHeight: number; letterSpacing: number; }' is not assignable to type 'ViewStyle | TextStyle | ImageStyle'.
  Type '{ color: string; fontSize: number; fontWeight: string; lineHeight: number; letterSpacing: number; }' is not assignable to type 'TextStyle'.
    Types of property 'fontWeight' are incompatible.
      Type 'string' is not assignable to type '100 | 300 | "light" | "400" | "500" | "600" | "700" | 200 | 400 | 500 | 800 | "normal" | "100" | "200" | "300" | "800" | "900" | "bold" | "medium" | "black" | 600 | 700 | 900 | "ultralight" | ... 6 more ... | undefined'.
components/ui/ModernSelect.tsx(162,5): error TS2322: Type '{ color: string; fontSize: number; fontWeight: string; lineHeight: number; letterSpacing: number; }' is not assignable to type 'ViewStyle | TextStyle | ImageStyle'.
  Type '{ color: string; fontSize: number; fontWeight: string; lineHeight: number; letterSpacing: number; }' is not assignable to type 'TextStyle'.
    Types of property 'fontWeight' are incompatible.
      Type 'string' is not assignable to type '100 | 300 | "light" | "400" | "500" | "600" | "700" | 200 | 400 | 500 | 800 | "normal" | "100" | "200" | "300" | "800" | "900" | "bold" | "medium" | "black" | 600 | 700 | 900 | "ultralight" | ... 6 more ... | undefined'.
components/ui/ModernSelect.tsx(174,5): error TS2322: Type '{ color: string; fontSize: number; fontWeight: string; lineHeight: number; letterSpacing: number; }' is not assignable to type 'ViewStyle | TextStyle | ImageStyle'.
  Type '{ color: string; fontSize: number; fontWeight: string; lineHeight: number; letterSpacing: number; }' is not assignable to type 'TextStyle'.
    Types of property 'fontWeight' are incompatible.
      Type 'string' is not assignable to type '100 | 300 | "light" | "400" | "500" | "600" | "700" | 200 | 400 | 500 | 800 | "normal" | "100" | "200" | "300" | "800" | "900" | "bold" | "medium" | "black" | 600 | 700 | 900 | "ultralight" | ... 6 more ... | undefined'.
components/ui/PhoneInput.tsx(86,15): error TS2769: No overload matches this call.
  Overload 1 of 2, '(props: ViewProps): View', gave the following error.
    Type 'ViewStyle | TextStyle | ImageStyle' is not assignable to type 'StyleProp<ViewStyle>'.
      Type 'TextStyle' is not assignable to type 'StyleProp<ViewStyle>'.
        Type 'TextStyle' is not assignable to type 'ViewStyle'.
          Types of property 'cursor' are incompatible.
            Type 'string | undefined' is not assignable to type 'CursorValue | undefined'.
              Type 'string' is not assignable to type 'CursorValue | undefined'.
  Overload 2 of 2, '(props: ViewProps, context: any): View', gave the following error.
    Type 'ViewStyle | TextStyle | ImageStyle' is not assignable to type 'StyleProp<ViewStyle>'.
      Type 'TextStyle' is not assignable to type 'StyleProp<ViewStyle>'.
        Type 'TextStyle' is not assignable to type 'ViewStyle'.
          Types of property 'cursor' are incompatible.
            Type 'string | undefined' is not assignable to type 'CursorValue | undefined'.
              Type 'string' is not assignable to type 'CursorValue | undefined'.
components/ui/PhoneInput.tsx(87,27): error TS2769: No overload matches this call.
  Overload 1 of 2, '(props: ViewProps): View', gave the following error.
    Type 'ViewStyle | TextStyle | ImageStyle' is not assignable to type 'ViewStyle | Falsy | RegisteredStyle<ViewStyle> | RecursiveArray<ViewStyle | Falsy | RegisteredStyle<ViewStyle>> | readonly (ViewStyle | ... 1 more ... | RegisteredStyle<...>)[]'.
      Type 'TextStyle' is not assignable to type 'ViewStyle | Falsy | RegisteredStyle<ViewStyle> | RecursiveArray<ViewStyle | Falsy | RegisteredStyle<ViewStyle>> | readonly (ViewStyle | ... 1 more ... | RegisteredStyle<...>)[]'.
        Type 'TextStyle' is not assignable to type 'ViewStyle'.
          Types of property 'cursor' are incompatible.
            Type 'string | undefined' is not assignable to type 'CursorValue | undefined'.
              Type 'string' is not assignable to type 'CursorValue | undefined'.
  Overload 2 of 2, '(props: ViewProps, context: any): View', gave the following error.
    Type 'ViewStyle | TextStyle | ImageStyle' is not assignable to type 'ViewStyle | Falsy | RegisteredStyle<ViewStyle> | RecursiveArray<ViewStyle | Falsy | RegisteredStyle<ViewStyle>> | readonly (ViewStyle | ... 1 more ... | RegisteredStyle<...>)[]'.
      Type 'TextStyle' is not assignable to type 'ViewStyle | Falsy | RegisteredStyle<ViewStyle> | RecursiveArray<ViewStyle | Falsy | RegisteredStyle<ViewStyle>> | readonly (ViewStyle | ... 1 more ... | RegisteredStyle<...>)[]'.
        Type 'TextStyle' is not assignable to type 'ViewStyle'.
          Types of property 'cursor' are incompatible.
            Type 'string | undefined' is not assignable to type 'CursorValue | undefined'.
              Type 'string' is not assignable to type 'CursorValue | undefined'.
components/ui/PhoneInput.tsx(89,21): error TS2322: Type 'ViewStyle | TextStyle | ImageStyle' is not assignable to type 'StyleProp<ViewStyle>'.
  Type 'TextStyle' is not assignable to type 'StyleProp<ViewStyle>'.
    Type 'TextStyle' is not assignable to type 'ViewStyle'.
      Types of property 'cursor' are incompatible.
        Type 'string | undefined' is not assignable to type 'CursorValue | undefined'.
          Type 'string' is not assignable to type 'CursorValue | undefined'.
components/ui/PhoneInput.tsx(92,27): error TS2769: No overload matches this call.
  Overload 1 of 2, '(props: TextProps): Text', gave the following error.
    Type 'ViewStyle | TextStyle | ImageStyle' is not assignable to type 'StyleProp<TextStyle>'.
      Type 'ViewStyle' is not assignable to type 'StyleProp<TextStyle>'.
        Type 'ViewStyle' is not assignable to type 'TextStyle'.
          Types of property 'userSelect' are incompatible.
            Type 'string | undefined' is not assignable to type '"contain" | "none" | "auto" | "text" | "all" | undefined'.
              Type 'string' is not assignable to type '"contain" | "none" | "auto" | "text" | "all" | undefined'.
  Overload 2 of 2, '(props: TextProps, context: any): Text', gave the following error.
    Type 'ViewStyle | TextStyle | ImageStyle' is not assignable to type 'StyleProp<TextStyle>'.
      Type 'ViewStyle' is not assignable to type 'StyleProp<TextStyle>'.
        Type 'ViewStyle' is not assignable to type 'TextStyle'.
          Types of property 'userSelect' are incompatible.
            Type 'string | undefined' is not assignable to type '"contain" | "none" | "auto" | "text" | "all" | undefined'.
              Type 'string' is not assignable to type '"contain" | "none" | "auto" | "text" | "all" | undefined'.
components/ui/PhoneInput.tsx(93,35): error TS2769: No overload matches this call.
  Overload 1 of 2, '(props: TextProps): Text', gave the following error.
    Type 'ViewStyle | TextStyle | ImageStyle' is not assignable to type 'TextStyle | Falsy | RegisteredStyle<TextStyle> | RecursiveArray<TextStyle | Falsy | RegisteredStyle<TextStyle>> | readonly (TextStyle | ... 1 more ... | RegisteredStyle<...>)[]'.
      Type 'ViewStyle' is not assignable to type 'TextStyle | Falsy | RegisteredStyle<TextStyle> | RecursiveArray<TextStyle | Falsy | RegisteredStyle<TextStyle>> | readonly (TextStyle | ... 1 more ... | RegisteredStyle<...>)[]'.
        Type 'ViewStyle' is not assignable to type 'TextStyle'.
          Types of property 'userSelect' are incompatible.
            Type 'string | undefined' is not assignable to type '"contain" | "none" | "auto" | "text" | "all" | undefined'.
              Type 'string' is not assignable to type '"contain" | "none" | "auto" | "text" | "all" | undefined'.
  Overload 2 of 2, '(props: TextProps, context: any): Text', gave the following error.
    Type 'ViewStyle | TextStyle | ImageStyle' is not assignable to type 'TextStyle | Falsy | RegisteredStyle<TextStyle> | RecursiveArray<TextStyle | Falsy | RegisteredStyle<TextStyle>> | readonly (TextStyle | ... 1 more ... | RegisteredStyle<...>)[]'.
      Type 'ViewStyle' is not assignable to type 'TextStyle | Falsy | RegisteredStyle<TextStyle> | RecursiveArray<TextStyle | Falsy | RegisteredStyle<TextStyle>> | readonly (TextStyle | ... 1 more ... | RegisteredStyle<...>)[]'.
        Type 'ViewStyle' is not assignable to type 'TextStyle'.
          Types of property 'userSelect' are incompatible.
            Type 'string | undefined' is not assignable to type '"contain" | "none" | "auto" | "text" | "all" | undefined'.
              Type 'string' is not assignable to type '"contain" | "none" | "auto" | "text" | "all" | undefined'.
components/ui/PhoneInput.tsx(102,31): error TS2769: No overload matches this call.
  Overload 1 of 2, '(props: ViewProps): View', gave the following error.
    Type 'ViewStyle | TextStyle | ImageStyle' is not assignable to type 'ViewStyle | Falsy | RegisteredStyle<ViewStyle> | RecursiveArray<ViewStyle | Falsy | RegisteredStyle<ViewStyle>> | readonly (ViewStyle | ... 1 more ... | RegisteredStyle<...>)[]'.
      Type 'TextStyle' is not assignable to type 'ViewStyle | Falsy | RegisteredStyle<ViewStyle> | RecursiveArray<ViewStyle | Falsy | RegisteredStyle<ViewStyle>> | readonly (ViewStyle | ... 1 more ... | RegisteredStyle<...>)[]'.
        Type 'TextStyle' is not assignable to type 'ViewStyle'.
          Types of property 'cursor' are incompatible.
            Type 'string | undefined' is not assignable to type 'CursorValue | undefined'.
              Type 'string' is not assignable to type 'CursorValue | undefined'.
  Overload 2 of 2, '(props: ViewProps, context: any): View', gave the following error.
    Type 'ViewStyle | TextStyle | ImageStyle' is not assignable to type 'ViewStyle | Falsy | RegisteredStyle<ViewStyle> | RecursiveArray<ViewStyle | Falsy | RegisteredStyle<ViewStyle>> | readonly (ViewStyle | ... 1 more ... | RegisteredStyle<...>)[]'.
      Type 'TextStyle' is not assignable to type 'ViewStyle | Falsy | RegisteredStyle<ViewStyle> | RecursiveArray<ViewStyle | Falsy | RegisteredStyle<ViewStyle>> | readonly (ViewStyle | ... 1 more ... | RegisteredStyle<...>)[]'.
        Type 'TextStyle' is not assignable to type 'ViewStyle'.
          Types of property 'cursor' are incompatible.
            Type 'string | undefined' is not assignable to type 'CursorValue | undefined'.
              Type 'string' is not assignable to type 'CursorValue | undefined'.
components/ui/PhoneInput.tsx(105,29): error TS2769: No overload matches this call.
  Overload 1 of 2, '(props: TextInputProps): TextInput', gave the following error.
    Type 'ViewStyle | TextStyle | ImageStyle' is not assignable to type 'TextStyle | Falsy | RegisteredStyle<TextStyle> | RecursiveArray<TextStyle | Falsy | RegisteredStyle<TextStyle>> | readonly (TextStyle | ... 1 more ... | RegisteredStyle<...>)[]'.
      Type 'ViewStyle' is not assignable to type 'TextStyle | Falsy | RegisteredStyle<TextStyle> | RecursiveArray<TextStyle | Falsy | RegisteredStyle<TextStyle>> | readonly (TextStyle | ... 1 more ... | RegisteredStyle<...>)[]'.
        Type 'ViewStyle' is not assignable to type 'TextStyle'.
          Types of property 'userSelect' are incompatible.
            Type 'string | undefined' is not assignable to type '"contain" | "none" | "auto" | "text" | "all" | undefined'.
              Type 'string' is not assignable to type '"contain" | "none" | "auto" | "text" | "all" | undefined'.
  Overload 2 of 2, '(props: TextInputProps, context: any): TextInput', gave the following error.
    Type 'ViewStyle | TextStyle | ImageStyle' is not assignable to type 'TextStyle | Falsy | RegisteredStyle<TextStyle> | RecursiveArray<TextStyle | Falsy | RegisteredStyle<TextStyle>> | readonly (TextStyle | ... 1 more ... | RegisteredStyle<...>)[]'.
      Type 'ViewStyle' is not assignable to type 'TextStyle | Falsy | RegisteredStyle<TextStyle> | RecursiveArray<TextStyle | Falsy | RegisteredStyle<TextStyle>> | readonly (TextStyle | ... 1 more ... | RegisteredStyle<...>)[]'.
        Type 'ViewStyle' is not assignable to type 'TextStyle'.
          Types of property 'userSelect' are incompatible.
            Type 'string | undefined' is not assignable to type '"contain" | "none" | "auto" | "text" | "all" | undefined'.
              Type 'string' is not assignable to type '"contain" | "none" | "auto" | "text" | "all" | undefined'.
components/ui/PhoneInput.tsx(113,37): error TS2769: No overload matches this call.
  Overload 1 of 2, '(props: TextProps): Text', gave the following error.
    Type 'ViewStyle | TextStyle | ImageStyle' is not assignable to type 'TextStyle | Falsy | RegisteredStyle<TextStyle> | RecursiveArray<TextStyle | Falsy | RegisteredStyle<TextStyle>> | readonly (TextStyle | ... 1 more ... | RegisteredStyle<...>)[]'.
      Type 'ViewStyle' is not assignable to type 'TextStyle | Falsy | RegisteredStyle<TextStyle> | RecursiveArray<TextStyle | Falsy | RegisteredStyle<TextStyle>> | readonly (TextStyle | ... 1 more ... | RegisteredStyle<...>)[]'.
        Type 'ViewStyle' is not assignable to type 'TextStyle'.
          Types of property 'userSelect' are incompatible.
            Type 'string | undefined' is not assignable to type '"contain" | "none" | "auto" | "text" | "all" | undefined'.
              Type 'string' is not assignable to type '"contain" | "none" | "auto" | "text" | "all" | undefined'.
  Overload 2 of 2, '(props: TextProps, context: any): Text', gave the following error.
    Type 'ViewStyle | TextStyle | ImageStyle' is not assignable to type 'TextStyle | Falsy | RegisteredStyle<TextStyle> | RecursiveArray<TextStyle | Falsy | RegisteredStyle<TextStyle>> | readonly (TextStyle | ... 1 more ... | RegisteredStyle<...>)[]'.
      Type 'ViewStyle' is not assignable to type 'TextStyle | Falsy | RegisteredStyle<TextStyle> | RecursiveArray<TextStyle | Falsy | RegisteredStyle<TextStyle>> | readonly (TextStyle | ... 1 more ... | RegisteredStyle<...>)[]'.
        Type 'ViewStyle' is not assignable to type 'TextStyle'.
          Types of property 'userSelect' are incompatible.
            Type 'string | undefined' is not assignable to type '"contain" | "none" | "auto" | "text" | "all" | undefined'.
              Type 'string' is not assignable to type '"contain" | "none" | "auto" | "text" | "all" | undefined'.
components/ui/PhoneInput.tsx(121,31): error TS2769: No overload matches this call.
  Overload 1 of 2, '(props: ViewProps): View', gave the following error.
    Type 'ViewStyle | TextStyle | ImageStyle' is not assignable to type 'ViewStyle | Falsy | RegisteredStyle<ViewStyle> | RecursiveArray<ViewStyle | Falsy | RegisteredStyle<ViewStyle>> | readonly (ViewStyle | ... 1 more ... | RegisteredStyle<...>)[]'.
      Type 'TextStyle' is not assignable to type 'ViewStyle | Falsy | RegisteredStyle<ViewStyle> | RecursiveArray<ViewStyle | Falsy | RegisteredStyle<ViewStyle>> | readonly (ViewStyle | ... 1 more ... | RegisteredStyle<...>)[]'.
        Type 'TextStyle' is not assignable to type 'ViewStyle'.
          Types of property 'cursor' are incompatible.
            Type 'string | undefined' is not assignable to type 'CursorValue | undefined'.
              Type 'string' is not assignable to type 'CursorValue | undefined'.
  Overload 2 of 2, '(props: ViewProps, context: any): View', gave the following error.
    Type 'ViewStyle | TextStyle | ImageStyle' is not assignable to type 'ViewStyle | Falsy | RegisteredStyle<ViewStyle> | RecursiveArray<ViewStyle | Falsy | RegisteredStyle<ViewStyle>> | readonly (ViewStyle | ... 1 more ... | RegisteredStyle<...>)[]'.
      Type 'TextStyle' is not assignable to type 'ViewStyle | Falsy | RegisteredStyle<ViewStyle> | RecursiveArray<ViewStyle | Falsy | RegisteredStyle<ViewStyle>> | readonly (ViewStyle | ... 1 more ... | RegisteredStyle<...>)[]'.
        Type 'TextStyle' is not assignable to type 'ViewStyle'.
          Types of property 'cursor' are incompatible.
            Type 'string | undefined' is not assignable to type 'CursorValue | undefined'.
              Type 'string' is not assignable to type 'CursorValue | undefined'.
components/ui/PhoneInput.tsx(122,35): error TS2769: No overload matches this call.
  Overload 1 of 2, '(props: ViewProps): View', gave the following error.
    Type 'ViewStyle | TextStyle | ImageStyle' is not assignable to type 'ViewStyle | Falsy | RegisteredStyle<ViewStyle> | RecursiveArray<ViewStyle | Falsy | RegisteredStyle<ViewStyle>> | readonly (ViewStyle | ... 1 more ... | RegisteredStyle<...>)[]'.
      Type 'TextStyle' is not assignable to type 'ViewStyle | Falsy | RegisteredStyle<ViewStyle> | RecursiveArray<ViewStyle | Falsy | RegisteredStyle<ViewStyle>> | readonly (ViewStyle | ... 1 more ... | RegisteredStyle<...>)[]'.
        Type 'TextStyle' is not assignable to type 'ViewStyle'.
          Types of property 'cursor' are incompatible.
            Type 'string | undefined' is not assignable to type 'CursorValue | undefined'.
              Type 'string' is not assignable to type 'CursorValue | undefined'.
  Overload 2 of 2, '(props: ViewProps, context: any): View', gave the following error.
    Type 'ViewStyle | TextStyle | ImageStyle' is not assignable to type 'ViewStyle | Falsy | RegisteredStyle<ViewStyle> | RecursiveArray<ViewStyle | Falsy | RegisteredStyle<ViewStyle>> | readonly (ViewStyle | ... 1 more ... | RegisteredStyle<...>)[]'.
      Type 'TextStyle' is not assignable to type 'ViewStyle | Falsy | RegisteredStyle<ViewStyle> | RecursiveArray<ViewStyle | Falsy | RegisteredStyle<ViewStyle>> | readonly (ViewStyle | ... 1 more ... | RegisteredStyle<...>)[]'.
        Type 'TextStyle' is not assignable to type 'ViewStyle'.
          Types of property 'cursor' are incompatible.
            Type 'string | undefined' is not assignable to type 'CursorValue | undefined'.
              Type 'string' is not assignable to type 'CursorValue | undefined'.
components/ui/PhoneInput.tsx(123,39): error TS2769: No overload matches this call.
  Overload 1 of 2, '(props: TextProps): Text', gave the following error.
    Type 'ViewStyle | TextStyle | ImageStyle' is not assignable to type 'TextStyle | Falsy | RegisteredStyle<TextStyle> | RecursiveArray<TextStyle | Falsy | RegisteredStyle<TextStyle>> | readonly (TextStyle | ... 1 more ... | RegisteredStyle<...>)[]'.
      Type 'ViewStyle' is not assignable to type 'TextStyle | Falsy | RegisteredStyle<TextStyle> | RecursiveArray<TextStyle | Falsy | RegisteredStyle<TextStyle>> | readonly (TextStyle | ... 1 more ... | RegisteredStyle<...>)[]'.
        Type 'ViewStyle' is not assignable to type 'TextStyle'.
          Types of property 'userSelect' are incompatible.
            Type 'string | undefined' is not assignable to type '"contain" | "none" | "auto" | "text" | "all" | undefined'.
              Type 'string' is not assignable to type '"contain" | "none" | "auto" | "text" | "all" | undefined'.
  Overload 2 of 2, '(props: TextProps, context: any): Text', gave the following error.
    Type 'ViewStyle | TextStyle | ImageStyle' is not assignable to type 'TextStyle | Falsy | RegisteredStyle<TextStyle> | RecursiveArray<TextStyle | Falsy | RegisteredStyle<TextStyle>> | readonly (TextStyle | ... 1 more ... | RegisteredStyle<...>)[]'.
      Type 'ViewStyle' is not assignable to type 'TextStyle | Falsy | RegisteredStyle<TextStyle> | RecursiveArray<TextStyle | Falsy | RegisteredStyle<TextStyle>> | readonly (TextStyle | ... 1 more ... | RegisteredStyle<...>)[]'.
        Type 'ViewStyle' is not assignable to type 'TextStyle'.
          Types of property 'userSelect' are incompatible.
            Type 'string | undefined' is not assignable to type '"contain" | "none" | "auto" | "text" | "all" | undefined'.
              Type 'string' is not assignable to type '"contain" | "none" | "auto" | "text" | "all" | undefined'.
components/ui/PhoneInput.tsx(128,35): error TS2769: No overload matches this call.
  Overload 1 of 2, '(props: ViewProps): View', gave the following error.
    Type 'ViewStyle | TextStyle | ImageStyle' is not assignable to type 'ViewStyle | Falsy | RegisteredStyle<ViewStyle> | RecursiveArray<ViewStyle | Falsy | RegisteredStyle<ViewStyle>> | readonly (ViewStyle | ... 1 more ... | RegisteredStyle<...>)[]'.
      Type 'TextStyle' is not assignable to type 'ViewStyle | Falsy | RegisteredStyle<ViewStyle> | RecursiveArray<ViewStyle | Falsy | RegisteredStyle<ViewStyle>> | readonly (ViewStyle | ... 1 more ... | RegisteredStyle<...>)[]'.
        Type 'TextStyle' is not assignable to type 'ViewStyle'.
          Types of property 'cursor' are incompatible.
            Type 'string | undefined' is not assignable to type 'CursorValue | undefined'.
              Type 'string' is not assignable to type 'CursorValue | undefined'.
  Overload 2 of 2, '(props: ViewProps, context: any): View', gave the following error.
    Type 'ViewStyle | TextStyle | ImageStyle' is not assignable to type 'ViewStyle | Falsy | RegisteredStyle<ViewStyle> | RecursiveArray<ViewStyle | Falsy | RegisteredStyle<ViewStyle>> | readonly (ViewStyle | ... 1 more ... | RegisteredStyle<...>)[]'.
      Type 'TextStyle' is not assignable to type 'ViewStyle | Falsy | RegisteredStyle<ViewStyle> | RecursiveArray<ViewStyle | Falsy | RegisteredStyle<ViewStyle>> | readonly (ViewStyle | ... 1 more ... | RegisteredStyle<...>)[]'.
        Type 'TextStyle' is not assignable to type 'ViewStyle'.
          Types of property 'cursor' are incompatible.
            Type 'string | undefined' is not assignable to type 'CursorValue | undefined'.
              Type 'string' is not assignable to type 'CursorValue | undefined'.
components/ui/PhoneInput.tsx(131,37): error TS2769: No overload matches this call.
  Overload 1 of 2, '(props: TextInputProps): TextInput', gave the following error.
    Type 'ViewStyle | TextStyle | ImageStyle' is not assignable to type 'TextStyle | Falsy | RegisteredStyle<TextStyle> | RecursiveArray<TextStyle | Falsy | RegisteredStyle<TextStyle>> | readonly (TextStyle | ... 1 more ... | RegisteredStyle<...>)[]'.
      Type 'ViewStyle' is not assignable to type 'TextStyle | Falsy | RegisteredStyle<TextStyle> | RecursiveArray<TextStyle | Falsy | RegisteredStyle<TextStyle>> | readonly (TextStyle | ... 1 more ... | RegisteredStyle<...>)[]'.
        Type 'ViewStyle' is not assignable to type 'TextStyle'.
          Types of property 'userSelect' are incompatible.
            Type 'string | undefined' is not assignable to type '"contain" | "none" | "auto" | "text" | "all" | undefined'.
              Type 'string' is not assignable to type '"contain" | "none" | "auto" | "text" | "all" | undefined'.
  Overload 2 of 2, '(props: TextInputProps, context: any): TextInput', gave the following error.
    Type 'ViewStyle | TextStyle | ImageStyle' is not assignable to type 'TextStyle | Falsy | RegisteredStyle<TextStyle> | RecursiveArray<TextStyle | Falsy | RegisteredStyle<TextStyle>> | readonly (TextStyle | ... 1 more ... | RegisteredStyle<...>)[]'.
      Type 'ViewStyle' is not assignable to type 'TextStyle | Falsy | RegisteredStyle<TextStyle> | RecursiveArray<TextStyle | Falsy | RegisteredStyle<TextStyle>> | readonly (TextStyle | ... 1 more ... | RegisteredStyle<...>)[]'.
        Type 'ViewStyle' is not assignable to type 'TextStyle'.
          Types of property 'userSelect' are incompatible.
            Type 'string | undefined' is not assignable to type '"contain" | "none" | "auto" | "text" | "all" | undefined'.
              Type 'string' is not assignable to type '"contain" | "none" | "auto" | "text" | "all" | undefined'.
components/ui/PhoneInput.tsx(147,25): error TS2322: Type '{ data: Country[]; keyExtractor: (item: Country) => string; estimatedItemSize: number; keyboardShouldPersistTaps: "handled"; renderItem: ({ item }: ListRenderItemInfo<Country>) => Element; }' is not assignable to type 'IntrinsicAttributes & FlashListProps<Country> & { ref?: Ref<FlashListRef<Country>> | undefined; }'.
  Property 'estimatedItemSize' does not exist on type 'IntrinsicAttributes & FlashListProps<Country> & { ref?: Ref<FlashListRef<Country>> | undefined; }'.
components/ui/PhoneInput.tsx(151,41): error TS2322: Type 'ViewStyle | TextStyle | ImageStyle' is not assignable to type 'ViewStyle | Falsy | RegisteredStyle<ViewStyle> | RecursiveArray<ViewStyle | Falsy | RegisteredStyle<ViewStyle>> | readonly (ViewStyle | ... 1 more ... | RegisteredStyle<...>)[]'.
  Type 'TextStyle' is not assignable to type 'ViewStyle | Falsy | RegisteredStyle<ViewStyle> | RecursiveArray<ViewStyle | Falsy | RegisteredStyle<ViewStyle>> | readonly (ViewStyle | ... 1 more ... | RegisteredStyle<...>)[]'.
    Type 'TextStyle' is not assignable to type 'ViewStyle'.
      Types of property 'cursor' are incompatible.
        Type 'string | undefined' is not assignable to type 'CursorValue | undefined'.
          Type 'string' is not assignable to type 'CursorValue | undefined'.
components/ui/PhoneInput.tsx(154,39): error TS2769: No overload matches this call.
  Overload 1 of 2, '(props: TextProps): Text', gave the following error.
    Type 'ViewStyle | TextStyle | ImageStyle' is not assignable to type 'StyleProp<TextStyle>'.
      Type 'ViewStyle' is not assignable to type 'StyleProp<TextStyle>'.
        Type 'ViewStyle' is not assignable to type 'TextStyle'.
          Types of property 'userSelect' are incompatible.
            Type 'string | undefined' is not assignable to type '"contain" | "none" | "auto" | "text" | "all" | undefined'.
              Type 'string' is not assignable to type '"contain" | "none" | "auto" | "text" | "all" | undefined'.
  Overload 2 of 2, '(props: TextProps, context: any): Text', gave the following error.
    Type 'ViewStyle | TextStyle | ImageStyle' is not assignable to type 'StyleProp<TextStyle>'.
      Type 'ViewStyle' is not assignable to type 'StyleProp<TextStyle>'.
        Type 'ViewStyle' is not assignable to type 'TextStyle'.
          Types of property 'userSelect' are incompatible.
            Type 'string | undefined' is not assignable to type '"contain" | "none" | "auto" | "text" | "all" | undefined'.
              Type 'string' is not assignable to type '"contain" | "none" | "auto" | "text" | "all" | undefined'.
components/ui/PhoneInput.tsx(155,47): error TS2769: No overload matches this call.
  Overload 1 of 2, '(props: TextProps): Text', gave the following error.
    Type 'ViewStyle | TextStyle | ImageStyle' is not assignable to type 'TextStyle | Falsy | RegisteredStyle<TextStyle> | RecursiveArray<TextStyle | Falsy | RegisteredStyle<TextStyle>> | readonly (TextStyle | ... 1 more ... | RegisteredStyle<...>)[]'.
      Type 'ViewStyle' is not assignable to type 'TextStyle | Falsy | RegisteredStyle<TextStyle> | RecursiveArray<TextStyle | Falsy | RegisteredStyle<TextStyle>> | readonly (TextStyle | ... 1 more ... | RegisteredStyle<...>)[]'.
        Type 'ViewStyle' is not assignable to type 'TextStyle'.
          Types of property 'userSelect' are incompatible.
            Type 'string | undefined' is not assignable to type '"contain" | "none" | "auto" | "text" | "all" | undefined'.
              Type 'string' is not assignable to type '"contain" | "none" | "auto" | "text" | "all" | undefined'.
  Overload 2 of 2, '(props: TextProps, context: any): Text', gave the following error.
    Type 'ViewStyle | TextStyle | ImageStyle' is not assignable to type 'TextStyle | Falsy | RegisteredStyle<TextStyle> | RecursiveArray<TextStyle | Falsy | RegisteredStyle<TextStyle>> | readonly (TextStyle | ... 1 more ... | RegisteredStyle<...>)[]'.
      Type 'ViewStyle' is not assignable to type 'TextStyle | Falsy | RegisteredStyle<TextStyle> | RecursiveArray<TextStyle | Falsy | RegisteredStyle<TextStyle>> | readonly (TextStyle | ... 1 more ... | RegisteredStyle<...>)[]'.
        Type 'ViewStyle' is not assignable to type 'TextStyle'.
          Types of property 'userSelect' are incompatible.
            Type 'string | undefined' is not assignable to type '"contain" | "none" | "auto" | "text" | "all" | undefined'.
              Type 'string' is not assignable to type '"contain" | "none" | "auto" | "text" | "all" | undefined'.
components/ui/PhoneInput.tsx(156,47): error TS2769: No overload matches this call.
  Overload 1 of 2, '(props: TextProps): Text', gave the following error.
    Type 'ViewStyle | TextStyle | ImageStyle' is not assignable to type 'TextStyle | Falsy | RegisteredStyle<TextStyle> | RecursiveArray<TextStyle | Falsy | RegisteredStyle<TextStyle>> | readonly (TextStyle | ... 1 more ... | RegisteredStyle<...>)[]'.
      Type 'ViewStyle' is not assignable to type 'TextStyle | Falsy | RegisteredStyle<TextStyle> | RecursiveArray<TextStyle | Falsy | RegisteredStyle<TextStyle>> | readonly (TextStyle | ... 1 more ... | RegisteredStyle<...>)[]'.
        Type 'ViewStyle' is not assignable to type 'TextStyle'.
          Types of property 'userSelect' are incompatible.
            Type 'string | undefined' is not assignable to type '"contain" | "none" | "auto" | "text" | "all" | undefined'.
              Type 'string' is not assignable to type '"contain" | "none" | "auto" | "text" | "all" | undefined'.
  Overload 2 of 2, '(props: TextProps, context: any): Text', gave the following error.
    Type 'ViewStyle | TextStyle | ImageStyle' is not assignable to type 'TextStyle | Falsy | RegisteredStyle<TextStyle> | RecursiveArray<TextStyle | Falsy | RegisteredStyle<TextStyle>> | readonly (TextStyle | ... 1 more ... | RegisteredStyle<...>)[]'.
      Type 'ViewStyle' is not assignable to type 'TextStyle | Falsy | RegisteredStyle<TextStyle> | RecursiveArray<TextStyle | Falsy | RegisteredStyle<TextStyle>> | readonly (TextStyle | ... 1 more ... | RegisteredStyle<...>)[]'.
        Type 'ViewStyle' is not assignable to type 'TextStyle'.
          Types of property 'userSelect' are incompatible.
            Type 'string | undefined' is not assignable to type '"contain" | "none" | "auto" | "text" | "all" | undefined'.
              Type 'string' is not assignable to type '"contain" | "none" | "auto" | "text" | "all" | undefined'.
components/ui/PhoneInput.tsx(232,5): error TS2322: Type '{ fontSize: number; fontWeight: string; lineHeight: number; }' is not assignable to type 'ViewStyle | TextStyle | ImageStyle'.
  Type '{ fontSize: number; fontWeight: string; lineHeight: number; }' is not assignable to type 'TextStyle'.
    Types of property 'fontWeight' are incompatible.
      Type 'string' is not assignable to type '100 | 300 | "light" | "400" | "500" | "600" | "700" | 200 | 400 | 500 | 800 | "normal" | "100" | "200" | "300" | "800" | "900" | "bold" | "medium" | "black" | 600 | 700 | 900 | "ultralight" | ... 6 more ... | undefined'.
components/ui/PhoneInput.tsx(250,5): error TS2322: Type '{ color: string; fontSize: number; fontWeight: string; lineHeight: number; letterSpacing: number; }' is not assignable to type 'ViewStyle | TextStyle | ImageStyle'.
  Type '{ color: string; fontSize: number; fontWeight: string; lineHeight: number; letterSpacing: number; }' is not assignable to type 'TextStyle'.
    Types of property 'fontWeight' are incompatible.
      Type 'string' is not assignable to type '100 | 300 | "light" | "400" | "500" | "600" | "700" | 200 | 400 | 500 | 800 | "normal" | "100" | "200" | "300" | "800" | "900" | "bold" | "medium" | "black" | 600 | 700 | 900 | "ultralight" | ... 6 more ... | undefined'.
components/ui/PlacesAutocomplete.tsx(279,9): error TS2322: Type 'number' is not assignable to type 'Timeout'.
components/ui/PlacesAutocomplete.tsx(460,25): error TS2322: Type '{ data: Prediction[]; keyExtractor: (item: Prediction) => string; estimatedItemSize: number; renderItem: ({ item }: ListRenderItemInfo<Prediction>) => Element; style: { ...; }; keyboardShouldPersistTaps: "handled"; nestedScrollEnabled: true; }' is not assignable to type 'IntrinsicAttributes & FlashListProps<Prediction> & { ref?: Ref<FlashListRef<Prediction>> | undefined; }'.
  Property 'estimatedItemSize' does not exist on type 'IntrinsicAttributes & FlashListProps<Prediction> & { ref?: Ref<FlashListRef<Prediction>> | undefined; }'.
components/ui/QuickActionMenu.tsx(30,15): error TS2344: Type 'string' does not satisfy the constraint '__routes<string>'.
components/ui/QuickActionMenu.tsx(170,15): error TS2769: No overload matches this call.
  Overload 1 of 2, '(props: ViewProps): View', gave the following error.
    Type 'ViewStyle | TextStyle | ImageStyle' is not assignable to type 'StyleProp<ViewStyle>'.
      Type 'TextStyle' is not assignable to type 'StyleProp<ViewStyle>'.
        Type 'TextStyle' is not assignable to type 'ViewStyle'.
          Types of property 'cursor' are incompatible.
            Type 'string | undefined' is not assignable to type 'CursorValue | undefined'.
              Type 'string' is not assignable to type 'CursorValue | undefined'.
  Overload 2 of 2, '(props: ViewProps, context: any): View', gave the following error.
    Type 'ViewStyle | TextStyle | ImageStyle' is not assignable to type 'StyleProp<ViewStyle>'.
      Type 'TextStyle' is not assignable to type 'StyleProp<ViewStyle>'.
        Type 'TextStyle' is not assignable to type 'ViewStyle'.
          Types of property 'cursor' are incompatible.
            Type 'string | undefined' is not assignable to type 'CursorValue | undefined'.
              Type 'string' is not assignable to type 'CursorValue | undefined'.
components/ui/QuickActionMenu.tsx(171,17): error TS2769: No overload matches this call.
  Overload 1 of 2, '(props: ViewProps): View', gave the following error.
    Type 'ViewStyle | TextStyle | ImageStyle' is not assignable to type 'StyleProp<ViewStyle>'.
      Type 'TextStyle' is not assignable to type 'StyleProp<ViewStyle>'.
        Type 'TextStyle' is not assignable to type 'ViewStyle'.
          Types of property 'cursor' are incompatible.
            Type 'string | undefined' is not assignable to type 'CursorValue | undefined'.
              Type 'string' is not assignable to type 'CursorValue | undefined'.
  Overload 2 of 2, '(props: ViewProps, context: any): View', gave the following error.
    Type 'ViewStyle | TextStyle | ImageStyle' is not assignable to type 'StyleProp<ViewStyle>'.
      Type 'TextStyle' is not assignable to type 'StyleProp<ViewStyle>'.
        Type 'TextStyle' is not assignable to type 'ViewStyle'.
          Types of property 'cursor' are incompatible.
            Type 'string | undefined' is not assignable to type 'CursorValue | undefined'.
              Type 'string' is not assignable to type 'CursorValue | undefined'.
components/ui/QuickActionMenu.tsx(172,19): error TS2769: No overload matches this call.
  Overload 1 of 2, '(props: TextProps): Text', gave the following error.
    Type 'ViewStyle | TextStyle | ImageStyle' is not assignable to type 'StyleProp<TextStyle>'.
      Type 'ViewStyle' is not assignable to type 'StyleProp<TextStyle>'.
        Type 'ViewStyle' is not assignable to type 'TextStyle'.
          Types of property 'userSelect' are incompatible.
            Type 'string | undefined' is not assignable to type '"contain" | "none" | "auto" | "text" | "all" | undefined'.
              Type 'string' is not assignable to type '"contain" | "none" | "auto" | "text" | "all" | undefined'.
  Overload 2 of 2, '(props: TextProps, context: any): Text', gave the following error.
    Type 'ViewStyle | TextStyle | ImageStyle' is not assignable to type 'StyleProp<TextStyle>'.
      Type 'ViewStyle' is not assignable to type 'StyleProp<TextStyle>'.
        Type 'ViewStyle' is not assignable to type 'TextStyle'.
          Types of property 'userSelect' are incompatible.
            Type 'string | undefined' is not assignable to type '"contain" | "none" | "auto" | "text" | "all" | undefined'.
              Type 'string' is not assignable to type '"contain" | "none" | "auto" | "text" | "all" | undefined'.
components/ui/QuickActionMenu.tsx(183,23): error TS2769: No overload matches this call.
  Overload 1 of 2, '(props: ScrollViewProps): ScrollView', gave the following error.
    Type 'ViewStyle | TextStyle | ImageStyle' is not assignable to type 'StyleProp<ViewStyle>'.
      Type 'TextStyle' is not assignable to type 'StyleProp<ViewStyle>'.
        Type 'TextStyle' is not assignable to type 'ViewStyle'.
          Types of property 'cursor' are incompatible.
            Type 'string | undefined' is not assignable to type 'CursorValue | undefined'.
              Type 'string' is not assignable to type 'CursorValue | undefined'.
  Overload 2 of 2, '(props: ScrollViewProps, context: any): ScrollView', gave the following error.
    Type 'ViewStyle | TextStyle | ImageStyle' is not assignable to type 'StyleProp<ViewStyle>'.
      Type 'TextStyle' is not assignable to type 'StyleProp<ViewStyle>'.
        Type 'TextStyle' is not assignable to type 'ViewStyle'.
          Types of property 'cursor' are incompatible.
            Type 'string | undefined' is not assignable to type 'CursorValue | undefined'.
              Type 'string' is not assignable to type 'CursorValue | undefined'.
components/ui/QuickActionMenu.tsx(187,17): error TS2322: Type 'ViewStyle | TextStyle | ImageStyle' is not assignable to type 'StyleProp<ViewStyle>'.
  Type 'TextStyle' is not assignable to type 'StyleProp<ViewStyle>'.
    Type 'TextStyle' is not assignable to type 'ViewStyle'.
      Types of property 'cursor' are incompatible.
        Type 'string | undefined' is not assignable to type 'CursorValue | undefined'.
          Type 'string' is not assignable to type 'CursorValue | undefined'.
components/ui/QuickActionMenu.tsx(190,23): error TS2769: No overload matches this call.
  Overload 1 of 2, '(props: ViewProps): View', gave the following error.
    Type 'ViewStyle | TextStyle | ImageStyle' is not assignable to type 'StyleProp<ViewStyle>'.
      Type 'TextStyle' is not assignable to type 'StyleProp<ViewStyle>'.
        Type 'TextStyle' is not assignable to type 'ViewStyle'.
          Types of property 'cursor' are incompatible.
            Type 'string | undefined' is not assignable to type 'CursorValue | undefined'.
              Type 'string' is not assignable to type 'CursorValue | undefined'.
  Overload 2 of 2, '(props: ViewProps, context: any): View', gave the following error.
    Type 'ViewStyle | TextStyle | ImageStyle' is not assignable to type 'StyleProp<ViewStyle>'.
      Type 'TextStyle' is not assignable to type 'StyleProp<ViewStyle>'.
        Type 'TextStyle' is not assignable to type 'ViewStyle'.
          Types of property 'cursor' are incompatible.
            Type 'string | undefined' is not assignable to type 'CursorValue | undefined'.
              Type 'string' is not assignable to type 'CursorValue | undefined'.
components/ui/QuickActionMenu.tsx(192,60): error TS2769: No overload matches this call.
  Overload 1 of 2, '(props: ImageProps): Image', gave the following error.
    Type 'ViewStyle | TextStyle | ImageStyle' is not assignable to type 'StyleProp<ImageStyle>'.
      Type 'ViewStyle' is not assignable to type 'StyleProp<ImageStyle>'.
        Type 'ViewStyle' is not assignable to type 'ImageStyle'.
          Types of property 'overflow' are incompatible.
            Type '"hidden" | "visible" | "scroll" | undefined' is not assignable to type '"hidden" | "visible" | undefined'.
              Type '"scroll"' is not assignable to type '"hidden" | "visible" | undefined'.
  Overload 2 of 2, '(props: ImageProps, context: any): Image', gave the following error.
    Type 'ViewStyle | TextStyle | ImageStyle' is not assignable to type 'StyleProp<ImageStyle>'.
      Type 'ViewStyle' is not assignable to type 'StyleProp<ImageStyle>'.
        Type 'ViewStyle' is not assignable to type 'ImageStyle'.
          Types of property 'overflow' are incompatible.
            Type '"hidden" | "visible" | "scroll" | undefined' is not assignable to type '"hidden" | "visible" | undefined'.
              Type '"scroll"' is not assignable to type '"hidden" | "visible" | undefined'.
components/ui/QuickActionMenu.tsx(194,27): error TS2769: No overload matches this call.
  Overload 1 of 2, '(props: TextProps): Text', gave the following error.
    Type 'ViewStyle | TextStyle | ImageStyle' is not assignable to type 'StyleProp<TextStyle>'.
      Type 'ViewStyle' is not assignable to type 'StyleProp<TextStyle>'.
        Type 'ViewStyle' is not assignable to type 'TextStyle'.
          Types of property 'userSelect' are incompatible.
            Type 'string | undefined' is not assignable to type '"contain" | "none" | "auto" | "text" | "all" | undefined'.
              Type 'string' is not assignable to type '"contain" | "none" | "auto" | "text" | "all" | undefined'.
  Overload 2 of 2, '(props: TextProps, context: any): Text', gave the following error.
    Type 'ViewStyle | TextStyle | ImageStyle' is not assignable to type 'StyleProp<TextStyle>'.
      Type 'ViewStyle' is not assignable to type 'StyleProp<TextStyle>'.
        Type 'ViewStyle' is not assignable to type 'TextStyle'.
          Types of property 'userSelect' are incompatible.
            Type 'string | undefined' is not assignable to type '"contain" | "none" | "auto" | "text" | "all" | undefined'.
              Type 'string' is not assignable to type '"contain" | "none" | "auto" | "text" | "all" | undefined'.
components/ui/QuickActionMenu.tsx(199,23): error TS2769: No overload matches this call.
  Overload 1 of 2, '(props: ViewProps): View', gave the following error.
    Type 'ViewStyle | TextStyle | ImageStyle' is not assignable to type 'StyleProp<ViewStyle>'.
      Type 'TextStyle' is not assignable to type 'StyleProp<ViewStyle>'.
        Type 'TextStyle' is not assignable to type 'ViewStyle'.
          Types of property 'cursor' are incompatible.
            Type 'string | undefined' is not assignable to type 'CursorValue | undefined'.
              Type 'string' is not assignable to type 'CursorValue | undefined'.
  Overload 2 of 2, '(props: ViewProps, context: any): View', gave the following error.
    Type 'ViewStyle | TextStyle | ImageStyle' is not assignable to type 'StyleProp<ViewStyle>'.
      Type 'TextStyle' is not assignable to type 'StyleProp<ViewStyle>'.
        Type 'TextStyle' is not assignable to type 'ViewStyle'.
          Types of property 'cursor' are incompatible.
            Type 'string | undefined' is not assignable to type 'CursorValue | undefined'.
              Type 'string' is not assignable to type 'CursorValue | undefined'.
components/ui/QuickActionMenu.tsx(200,25): error TS2769: No overload matches this call.
  Overload 1 of 2, '(props: TextProps): Text', gave the following error.
    Type 'ViewStyle | TextStyle | ImageStyle' is not assignable to type 'StyleProp<TextStyle>'.
      Type 'ViewStyle' is not assignable to type 'StyleProp<TextStyle>'.
        Type 'ViewStyle' is not assignable to type 'TextStyle'.
          Types of property 'userSelect' are incompatible.
            Type 'string | undefined' is not assignable to type '"contain" | "none" | "auto" | "text" | "all" | undefined'.
              Type 'string' is not assignable to type '"contain" | "none" | "auto" | "text" | "all" | undefined'.
  Overload 2 of 2, '(props: TextProps, context: any): Text', gave the following error.
    Type 'ViewStyle | TextStyle | ImageStyle' is not assignable to type 'StyleProp<TextStyle>'.
      Type 'ViewStyle' is not assignable to type 'StyleProp<TextStyle>'.
        Type 'ViewStyle' is not assignable to type 'TextStyle'.
          Types of property 'userSelect' are incompatible.
            Type 'string | undefined' is not assignable to type '"contain" | "none" | "auto" | "text" | "all" | undefined'.
              Type 'string' is not assignable to type '"contain" | "none" | "auto" | "text" | "all" | undefined'.
components/ui/QuickActionMenu.tsx(201,25): error TS2769: No overload matches this call.
  Overload 1 of 2, '(props: TextProps): Text', gave the following error.
    Type 'ViewStyle | TextStyle | ImageStyle' is not assignable to type 'StyleProp<TextStyle>'.
      Type 'ViewStyle' is not assignable to type 'StyleProp<TextStyle>'.
        Type 'ViewStyle' is not assignable to type 'TextStyle'.
          Types of property 'userSelect' are incompatible.
            Type 'string | undefined' is not assignable to type '"contain" | "none" | "auto" | "text" | "all" | undefined'.
              Type 'string' is not assignable to type '"contain" | "none" | "auto" | "text" | "all" | undefined'.
  Overload 2 of 2, '(props: TextProps, context: any): Text', gave the following error.
    Type 'ViewStyle | TextStyle | ImageStyle' is not assignable to type 'StyleProp<TextStyle>'.
      Type 'ViewStyle' is not assignable to type 'StyleProp<TextStyle>'.
        Type 'ViewStyle' is not assignable to type 'TextStyle'.
          Types of property 'userSelect' are incompatible.
            Type 'string | undefined' is not assignable to type '"contain" | "none" | "auto" | "text" | "all" | undefined'.
              Type 'string' is not assignable to type '"contain" | "none" | "auto" | "text" | "all" | undefined'.
components/ui/QuickActionMenu.tsx(211,13): error TS2769: No overload matches this call.
  Overload 1 of 2, '(props: ViewProps): View', gave the following error.
    Type 'ViewStyle | TextStyle | ImageStyle' is not assignable to type 'StyleProp<ViewStyle>'.
      Type 'TextStyle' is not assignable to type 'StyleProp<ViewStyle>'.
        Type 'TextStyle' is not assignable to type 'ViewStyle'.
          Types of property 'cursor' are incompatible.
            Type 'string | undefined' is not assignable to type 'CursorValue | undefined'.
              Type 'string' is not assignable to type 'CursorValue | undefined'.
  Overload 2 of 2, '(props: ViewProps, context: any): View', gave the following error.
    Type 'ViewStyle | TextStyle | ImageStyle' is not assignable to type 'StyleProp<ViewStyle>'.
      Type 'TextStyle' is not assignable to type 'StyleProp<ViewStyle>'.
        Type 'TextStyle' is not assignable to type 'ViewStyle'.
          Types of property 'cursor' are incompatible.
            Type 'string | undefined' is not assignable to type 'CursorValue | undefined'.
              Type 'string' is not assignable to type 'CursorValue | undefined'.
components/ui/QuickActionMenu.tsx(212,15): error TS2769: No overload matches this call.
  Overload 1 of 2, '(props: ViewProps): View', gave the following error.
    Type 'ViewStyle | TextStyle | ImageStyle' is not assignable to type 'StyleProp<ViewStyle>'.
      Type 'TextStyle' is not assignable to type 'StyleProp<ViewStyle>'.
        Type 'TextStyle' is not assignable to type 'ViewStyle'.
          Types of property 'cursor' are incompatible.
            Type 'string | undefined' is not assignable to type 'CursorValue | undefined'.
              Type 'string' is not assignable to type 'CursorValue | undefined'.
  Overload 2 of 2, '(props: ViewProps, context: any): View', gave the following error.
    Type 'ViewStyle | TextStyle | ImageStyle' is not assignable to type 'StyleProp<ViewStyle>'.
      Type 'TextStyle' is not assignable to type 'StyleProp<ViewStyle>'.
        Type 'TextStyle' is not assignable to type 'ViewStyle'.
          Types of property 'cursor' are incompatible.
            Type 'string | undefined' is not assignable to type 'CursorValue | undefined'.
              Type 'string' is not assignable to type 'CursorValue | undefined'.
components/ui/QuickActionMenu.tsx(213,17): error TS2769: No overload matches this call.
  Overload 1 of 2, '(props: TextProps): Text', gave the following error.
    Type 'ViewStyle | TextStyle | ImageStyle' is not assignable to type 'StyleProp<TextStyle>'.
      Type 'ViewStyle' is not assignable to type 'StyleProp<TextStyle>'.
        Type 'ViewStyle' is not assignable to type 'TextStyle'.
          Types of property 'userSelect' are incompatible.
            Type 'string | undefined' is not assignable to type '"contain" | "none" | "auto" | "text" | "all" | undefined'.
              Type 'string' is not assignable to type '"contain" | "none" | "auto" | "text" | "all" | undefined'.
  Overload 2 of 2, '(props: TextProps, context: any): Text', gave the following error.
    Type 'ViewStyle | TextStyle | ImageStyle' is not assignable to type 'StyleProp<TextStyle>'.
      Type 'ViewStyle' is not assignable to type 'StyleProp<TextStyle>'.
        Type 'ViewStyle' is not assignable to type 'TextStyle'.
          Types of property 'userSelect' are incompatible.
            Type 'string | undefined' is not assignable to type '"contain" | "none" | "auto" | "text" | "all" | undefined'.
              Type 'string' is not assignable to type '"contain" | "none" | "auto" | "text" | "all" | undefined'.
components/ui/QuickActionMenu.tsx(226,15): error TS2769: No overload matches this call.
  Overload 1 of 2, '(props: TextProps): Text', gave the following error.
    Type 'ViewStyle | TextStyle | ImageStyle' is not assignable to type 'StyleProp<TextStyle>'.
      Type 'ViewStyle' is not assignable to type 'StyleProp<TextStyle>'.
        Type 'ViewStyle' is not assignable to type 'TextStyle'.
          Types of property 'userSelect' are incompatible.
            Type 'string | undefined' is not assignable to type '"contain" | "none" | "auto" | "text" | "all" | undefined'.
              Type 'string' is not assignable to type '"contain" | "none" | "auto" | "text" | "all" | undefined'.
  Overload 2 of 2, '(props: TextProps, context: any): Text', gave the following error.
    Type 'ViewStyle | TextStyle | ImageStyle' is not assignable to type 'StyleProp<TextStyle>'.
      Type 'ViewStyle' is not assignable to type 'StyleProp<TextStyle>'.
        Type 'ViewStyle' is not assignable to type 'TextStyle'.
          Types of property 'userSelect' are incompatible.
            Type 'string | undefined' is not assignable to type '"contain" | "none" | "auto" | "text" | "all" | undefined'.
              Type 'string' is not assignable to type '"contain" | "none" | "auto" | "text" | "all" | undefined'.
components/ui/QuickActionMenu.tsx(228,21): error TS2769: No overload matches this call.
  Overload 1 of 2, '(props: ScrollViewProps): ScrollView', gave the following error.
    Type 'ViewStyle | TextStyle | ImageStyle' is not assignable to type 'StyleProp<ViewStyle>'.
      Type 'TextStyle' is not assignable to type 'StyleProp<ViewStyle>'.
        Type 'TextStyle' is not assignable to type 'ViewStyle'.
          Types of property 'cursor' are incompatible.
            Type 'string | undefined' is not assignable to type 'CursorValue | undefined'.
              Type 'string' is not assignable to type 'CursorValue | undefined'.
  Overload 2 of 2, '(props: ScrollViewProps, context: any): ScrollView', gave the following error.
    Type 'ViewStyle | TextStyle | ImageStyle' is not assignable to type 'StyleProp<ViewStyle>'.
      Type 'TextStyle' is not assignable to type 'StyleProp<ViewStyle>'.
        Type 'TextStyle' is not assignable to type 'ViewStyle'.
          Types of property 'cursor' are incompatible.
            Type 'string | undefined' is not assignable to type 'CursorValue | undefined'.
              Type 'string' is not assignable to type 'CursorValue | undefined'.
components/ui/QuickActionMenu.tsx(233,17): error TS2322: Type 'ViewStyle | TextStyle | ImageStyle' is not assignable to type 'ViewStyle | Falsy | RegisteredStyle<ViewStyle> | RecursiveArray<ViewStyle | Falsy | RegisteredStyle<ViewStyle>> | readonly (ViewStyle | ... 1 more ... | RegisteredStyle<...>)[]'.
  Type 'TextStyle' is not assignable to type 'ViewStyle | Falsy | RegisteredStyle<ViewStyle> | RecursiveArray<ViewStyle | Falsy | RegisteredStyle<ViewStyle>> | readonly (ViewStyle | ... 1 more ... | RegisteredStyle<...>)[]'.
    Type 'TextStyle' is not assignable to type 'ViewStyle'.
      Types of property 'cursor' are incompatible.
        Type 'string | undefined' is not assignable to type 'CursorValue | undefined'.
          Type 'string' is not assignable to type 'CursorValue | undefined'.
components/ui/QuickActionMenu.tsx(234,17): error TS2322: Type 'false | ViewStyle | TextStyle | ImageStyle' is not assignable to type 'ViewStyle | Falsy | RegisteredStyle<ViewStyle> | RecursiveArray<ViewStyle | Falsy | RegisteredStyle<ViewStyle>> | readonly (ViewStyle | ... 1 more ... | RegisteredStyle<...>)[]'.
  Type 'TextStyle' is not assignable to type 'ViewStyle | Falsy | RegisteredStyle<ViewStyle> | RecursiveArray<ViewStyle | Falsy | RegisteredStyle<ViewStyle>> | readonly (ViewStyle | ... 1 more ... | RegisteredStyle<...>)[]'.
    Type 'TextStyle' is not assignable to type 'ViewStyle'.
      Types of property 'cursor' are incompatible.
        Type 'string | undefined' is not assignable to type 'CursorValue | undefined'.
          Type 'string' is not assignable to type 'CursorValue | undefined'.
components/ui/QuickActionMenu.tsx(235,17): error TS2322: Type 'false | ViewStyle | TextStyle | ImageStyle' is not assignable to type 'ViewStyle | Falsy | RegisteredStyle<ViewStyle> | RecursiveArray<ViewStyle | Falsy | RegisteredStyle<ViewStyle>> | readonly (ViewStyle | ... 1 more ... | RegisteredStyle<...>)[]'.
  Type 'TextStyle' is not assignable to type 'ViewStyle | Falsy | RegisteredStyle<ViewStyle> | RecursiveArray<ViewStyle | Falsy | RegisteredStyle<ViewStyle>> | readonly (ViewStyle | ... 1 more ... | RegisteredStyle<...>)[]'.
    Type 'TextStyle' is not assignable to type 'ViewStyle'.
      Types of property 'cursor' are incompatible.
        Type 'string | undefined' is not assignable to type 'CursorValue | undefined'.
          Type 'string' is not assignable to type 'CursorValue | undefined'.
components/ui/QuickActionMenu.tsx(239,29): error TS2769: No overload matches this call.
  Overload 1 of 2, '(props: ViewProps): View', gave the following error.
    Type 'ViewStyle | TextStyle | ImageStyle' is not assignable to type 'ViewStyle | Falsy | RegisteredStyle<ViewStyle> | RecursiveArray<ViewStyle | Falsy | RegisteredStyle<ViewStyle>> | readonly (ViewStyle | ... 1 more ... | RegisteredStyle<...>)[]'.
      Type 'TextStyle' is not assignable to type 'ViewStyle | Falsy | RegisteredStyle<ViewStyle> | RecursiveArray<ViewStyle | Falsy | RegisteredStyle<ViewStyle>> | readonly (ViewStyle | ... 1 more ... | RegisteredStyle<...>)[]'.
        Type 'TextStyle' is not assignable to type 'ViewStyle'.
          Types of property 'cursor' are incompatible.
            Type 'string | undefined' is not assignable to type 'CursorValue | undefined'.
              Type 'string' is not assignable to type 'CursorValue | undefined'.
  Overload 2 of 2, '(props: ViewProps, context: any): View', gave the following error.
    Type 'ViewStyle | TextStyle | ImageStyle' is not assignable to type 'ViewStyle | Falsy | RegisteredStyle<ViewStyle> | RecursiveArray<ViewStyle | Falsy | RegisteredStyle<ViewStyle>> | readonly (ViewStyle | ... 1 more ... | RegisteredStyle<...>)[]'.
      Type 'TextStyle' is not assignable to type 'ViewStyle | Falsy | RegisteredStyle<ViewStyle> | RecursiveArray<ViewStyle | Falsy | RegisteredStyle<ViewStyle>> | readonly (ViewStyle | ... 1 more ... | RegisteredStyle<...>)[]'.
        Type 'TextStyle' is not assignable to type 'ViewStyle'.
          Types of property 'cursor' are incompatible.
            Type 'string | undefined' is not assignable to type 'CursorValue | undefined'.
              Type 'string' is not assignable to type 'CursorValue | undefined'.
components/ui/QuickActionMenu.tsx(248,21): error TS2769: No overload matches this call.
  Overload 1 of 2, '(props: ViewProps): View', gave the following error.
    Type 'ViewStyle | TextStyle | ImageStyle' is not assignable to type 'StyleProp<ViewStyle>'.
      Type 'TextStyle' is not assignable to type 'StyleProp<ViewStyle>'.
        Type 'TextStyle' is not assignable to type 'ViewStyle'.
          Types of property 'cursor' are incompatible.
            Type 'string | undefined' is not assignable to type 'CursorValue | undefined'.
              Type 'string' is not assignable to type 'CursorValue | undefined'.
  Overload 2 of 2, '(props: ViewProps, context: any): View', gave the following error.
    Type 'ViewStyle | TextStyle | ImageStyle' is not assignable to type 'StyleProp<ViewStyle>'.
      Type 'TextStyle' is not assignable to type 'StyleProp<ViewStyle>'.
        Type 'TextStyle' is not assignable to type 'ViewStyle'.
          Types of property 'cursor' are incompatible.
            Type 'string | undefined' is not assignable to type 'CursorValue | undefined'.
              Type 'string' is not assignable to type 'CursorValue | undefined'.
components/ui/QuickActionMenu.tsx(249,23): error TS2769: No overload matches this call.
  Overload 1 of 2, '(props: TextProps): Text', gave the following error.
    Type 'ViewStyle | TextStyle | ImageStyle' is not assignable to type 'StyleProp<TextStyle>'.
      Type 'ViewStyle' is not assignable to type 'StyleProp<TextStyle>'.
        Type 'ViewStyle' is not assignable to type 'TextStyle'.
          Types of property 'userSelect' are incompatible.
            Type 'string | undefined' is not assignable to type '"contain" | "none" | "auto" | "text" | "all" | undefined'.
              Type 'string' is not assignable to type '"contain" | "none" | "auto" | "text" | "all" | undefined'.
  Overload 2 of 2, '(props: TextProps, context: any): Text', gave the following error.
    Type 'ViewStyle | TextStyle | ImageStyle' is not assignable to type 'StyleProp<TextStyle>'.
      Type 'ViewStyle' is not assignable to type 'StyleProp<TextStyle>'.
        Type 'ViewStyle' is not assignable to type 'TextStyle'.
          Types of property 'userSelect' are incompatible.
            Type 'string | undefined' is not assignable to type '"contain" | "none" | "auto" | "text" | "all" | undefined'.
              Type 'string' is not assignable to type '"contain" | "none" | "auto" | "text" | "all" | undefined'.
components/ui/QuickActionMenu.tsx(250,23): error TS2769: No overload matches this call.
  Overload 1 of 2, '(props: TextProps): Text', gave the following error.
    Type 'ViewStyle | TextStyle | ImageStyle' is not assignable to type 'StyleProp<TextStyle>'.
      Type 'ViewStyle' is not assignable to type 'StyleProp<TextStyle>'.
        Type 'ViewStyle' is not assignable to type 'TextStyle'.
          Types of property 'userSelect' are incompatible.
            Type 'string | undefined' is not assignable to type '"contain" | "none" | "auto" | "text" | "all" | undefined'.
              Type 'string' is not assignable to type '"contain" | "none" | "auto" | "text" | "all" | undefined'.
  Overload 2 of 2, '(props: TextProps, context: any): Text', gave the following error.
    Type 'ViewStyle | TextStyle | ImageStyle' is not assignable to type 'StyleProp<TextStyle>'.
      Type 'ViewStyle' is not assignable to type 'StyleProp<TextStyle>'.
        Type 'ViewStyle' is not assignable to type 'TextStyle'.
          Types of property 'userSelect' are incompatible.
            Type 'string | undefined' is not assignable to type '"contain" | "none" | "auto" | "text" | "all" | undefined'.
              Type 'string' is not assignable to type '"contain" | "none" | "auto" | "text" | "all" | undefined'.
components/ui/QuickActionMenu.tsx(275,13): error TS2769: No overload matches this call.
  Overload 1 of 2, '(props: ViewProps): View', gave the following error.
    Type 'ViewStyle | TextStyle | ImageStyle' is not assignable to type 'StyleProp<ViewStyle>'.
      Type 'TextStyle' is not assignable to type 'StyleProp<ViewStyle>'.
        Type 'TextStyle' is not assignable to type 'ViewStyle'.
          Types of property 'cursor' are incompatible.
            Type 'string | undefined' is not assignable to type 'CursorValue | undefined'.
              Type 'string' is not assignable to type 'CursorValue | undefined'.
  Overload 2 of 2, '(props: ViewProps, context: any): View', gave the following error.
    Type 'ViewStyle | TextStyle | ImageStyle' is not assignable to type 'StyleProp<ViewStyle>'.
      Type 'TextStyle' is not assignable to type 'StyleProp<ViewStyle>'.
        Type 'TextStyle' is not assignable to type 'ViewStyle'.
          Types of property 'cursor' are incompatible.
            Type 'string | undefined' is not assignable to type 'CursorValue | undefined'.
              Type 'string' is not assignable to type 'CursorValue | undefined'.
components/ui/QuickActionMenu.tsx(278,13): error TS2322: Type 'ViewStyle | TextStyle | ImageStyle' is not assignable to type 'false | "" | RegisteredStyle<ViewStyle> | Value | WithAnimatedObject<ViewStyle> | AnimatedInterpolation<string | number> | WithAnimatedArray<...> | readonly (false | ... 6 more ... | undefined)[] | null | undefined'.
  Type 'TextStyle' is not assignable to type 'false | "" | RegisteredStyle<ViewStyle> | Value | WithAnimatedObject<ViewStyle> | AnimatedInterpolation<string | number> | WithAnimatedArray<...> | readonly (false | ... 6 more ... | undefined)[] | null | undefined'.
    Type 'TextStyle' is not assignable to type 'WithAnimatedObject<ViewStyle>'.
      Types of property 'cursor' are incompatible.
        Type 'string | undefined' is not assignable to type '"pointer" | "auto" | Value | AnimatedInterpolation<string | number> | undefined'.
          Type 'string' is not assignable to type '"pointer" | "auto" | Value | AnimatedInterpolation<string | number> | undefined'.
components/ui/QuickActionMenu.tsx(282,22): error TS2322: Type 'ViewStyle | TextStyle | ImageStyle' is not assignable to type 'StyleProp<ViewStyle> | ((state: PressableStateCallbackType) => StyleProp<ViewStyle>)'.
  Type 'TextStyle' is not assignable to type 'StyleProp<ViewStyle> | ((state: PressableStateCallbackType) => StyleProp<ViewStyle>)'.
    Type 'TextStyle' is not assignable to type 'ViewStyle'.
      Types of property 'cursor' are incompatible.
        Type 'string | undefined' is not assignable to type 'CursorValue | undefined'.
          Type 'string' is not assignable to type 'CursorValue | undefined'.
components/ui/QuickActionMenu.tsx(287,13): error TS2322: Type 'ViewStyle | TextStyle | ImageStyle' is not assignable to type 'false | "" | RegisteredStyle<ViewStyle> | Value | WithAnimatedObject<ViewStyle> | AnimatedInterpolation<string | number> | WithAnimatedArray<...> | readonly (false | ... 6 more ... | undefined)[] | null | undefined'.
  Type 'TextStyle' is not assignable to type 'false | "" | RegisteredStyle<ViewStyle> | Value | WithAnimatedObject<ViewStyle> | AnimatedInterpolation<string | number> | WithAnimatedArray<...> | readonly (false | ... 6 more ... | undefined)[] | null | undefined'.
    Type 'TextStyle' is not assignable to type 'WithAnimatedObject<ViewStyle>'.
      Types of property 'cursor' are incompatible.
        Type 'string | undefined' is not assignable to type '"pointer" | "auto" | Value | AnimatedInterpolation<string | number> | undefined'.
          Type 'string' is not assignable to type '"pointer" | "auto" | Value | AnimatedInterpolation<string | number> | undefined'.
components/ui/QuickActionMenu.tsx(311,7): error TS2322: Type 'ViewStyle | TextStyle | ImageStyle' is not assignable to type 'StyleProp<ViewStyle>'.
  Type 'TextStyle' is not assignable to type 'StyleProp<ViewStyle>'.
    Type 'TextStyle' is not assignable to type 'ViewStyle'.
      Types of property 'cursor' are incompatible.
        Type 'string | undefined' is not assignable to type 'CursorValue | undefined'.
          Type 'string' is not assignable to type 'CursorValue | undefined'.
components/ui/QuickActionMenu.tsx(315,13): error TS2769: No overload matches this call.
  Overload 1 of 2, '(props: ViewProps): View', gave the following error.
    Type 'ViewStyle | TextStyle | ImageStyle' is not assignable to type 'StyleProp<ViewStyle>'.
      Type 'TextStyle' is not assignable to type 'StyleProp<ViewStyle>'.
        Type 'TextStyle' is not assignable to type 'ViewStyle'.
          Types of property 'cursor' are incompatible.
            Type 'string | undefined' is not assignable to type 'CursorValue | undefined'.
              Type 'string' is not assignable to type 'CursorValue | undefined'.
  Overload 2 of 2, '(props: ViewProps, context: any): View', gave the following error.
    Type 'ViewStyle | TextStyle | ImageStyle' is not assignable to type 'StyleProp<ViewStyle>'.
      Type 'TextStyle' is not assignable to type 'StyleProp<ViewStyle>'.
        Type 'TextStyle' is not assignable to type 'ViewStyle'.
          Types of property 'cursor' are incompatible.
            Type 'string | undefined' is not assignable to type 'CursorValue | undefined'.
              Type 'string' is not assignable to type 'CursorValue | undefined'.
components/ui/QuickActionMenu.tsx(360,3): error TS2322: Type '{ color: string; fontSize: number; fontWeight: string; lineHeight: number; }' is not assignable to type 'ViewStyle | TextStyle | ImageStyle'.
  Type '{ color: string; fontSize: number; fontWeight: string; lineHeight: number; }' is not assignable to type 'TextStyle'.
    Types of property 'fontWeight' are incompatible.
      Type 'string' is not assignable to type '100 | 300 | "light" | "400" | "500" | "600" | "700" | 200 | 400 | 500 | 800 | "normal" | "100" | "200" | "300" | "800" | "900" | "bold" | "medium" | "black" | 600 | 700 | 900 | "ultralight" | ... 6 more ... | undefined'.
components/ui/QuickActionMenu.tsx(409,3): error TS2322: Type '{ color: string; fontSize: number; fontWeight: string; lineHeight: number; letterSpacing: number; }' is not assignable to type 'ViewStyle | TextStyle | ImageStyle'.
  Type '{ color: string; fontSize: number; fontWeight: string; lineHeight: number; letterSpacing: number; }' is not assignable to type 'TextStyle'.
    Types of property 'fontWeight' are incompatible.
      Type 'string' is not assignable to type '100 | 300 | "light" | "400" | "500" | "600" | "700" | 200 | 400 | 500 | 800 | "normal" | "100" | "200" | "300" | "800" | "900" | "bold" | "medium" | "black" | 600 | 700 | 900 | "ultralight" | ... 6 more ... | undefined'.
components/ui/QuickActionMenu.tsx(453,3): error TS2322: Type '{ color: string; fontSize: number; fontWeight: string; lineHeight: number; letterSpacing: number; }' is not assignable to type 'ViewStyle | TextStyle | ImageStyle'.
  Type '{ color: string; fontSize: number; fontWeight: string; lineHeight: number; letterSpacing: number; }' is not assignable to type 'TextStyle'.
    Types of property 'fontWeight' are incompatible.
      Type 'string' is not assignable to type '100 | 300 | "light" | "400" | "500" | "600" | "700" | 200 | 400 | 500 | 800 | "normal" | "100" | "200" | "300" | "800" | "900" | "bold" | "medium" | "black" | 600 | 700 | 900 | "ultralight" | ... 6 more ... | undefined'.
components/ui/SearchableSelect.tsx(53,61): error TS2339: Property 'statusError' does not exist on type '{ primary: string; primaryLight: string; primaryDark: string; background: string; backgroundGradientStart: string; backgroundGradientEnd: string; card: string; text: string; textSecondary: string; ... 12 more ...; errorLight: string; }'.
components/ui/SearchableSelect.tsx(82,15): error TS2322: Type '{ data: SearchableSelectItem[]; keyExtractor: (item: SearchableSelectItem) => string; estimatedItemSize: number; renderItem: ({ item }: ListRenderItemInfo<SearchableSelectItem>) => Element; keyboardShouldPersistTaps: "handled"; }' is not assignable to type 'IntrinsicAttributes & FlashListProps<SearchableSelectItem> & { ref?: Ref<FlashListRef<SearchableSelectItem>> | undefined; }'.
  Property 'estimatedItemSize' does not exist on type 'IntrinsicAttributes & FlashListProps<SearchableSelectItem> & { ref?: Ref<FlashListRef<SearchableSelectItem>> | undefined; }'.
components/ui/SharePassportModal.tsx(18,10): error TS2305: Module '"@/contexts/ToastContext"' has no exported member 'showToast'.
components/ui/SharePassportModal.tsx(34,20): error TS2367: This comparison appears to be unintentional because the types 'Readonly<{ colors: { primary: { 50: string; 100: string; 200: string; 300: string; 400: string; 500: string; 600: string; 700: string; 800: string; 900: string; }; secondary: { paw: string; pawLight: string; pawDark: string; ... 5 more ...; sunDark: string; }; ... 8 more ...; overlay: { ...; }; }; ... 8 more ...; co...' and 'string' have no overlap.
components/ui/SharePassportModal.tsx(185,41): error TS2820: Type '"content_copy"' is not assignable to type '"sort" | "map" | "filter" | "abc" | "web" | "tag" | "group" | "download" | "style" | "accessible" | "scale" | "animation" | "opacity" | "visibility" | "height" | "margin" | "padding" | ... 2216 more ... | "zoom-out-map"'. Did you mean '"content-copy"'?
components/ui/SkeletonLoader.tsx(48,17): error TS2322: Type '{ width: string | number; height: string | number; borderRadius: number; opacity: Animated.AnimatedInterpolation<string | number>; }' is not assignable to type 'false | "" | RegisteredStyle<ViewStyle> | Value | WithAnimatedObject<ViewStyle> | AnimatedInterpolation<string | number> | WithAnimatedArray<...> | readonly (false | ... 6 more ... | undefined)[] | null | undefined'.
  Types of property 'width' are incompatible.
    Type 'string | number' is not assignable to type 'number | "auto" | `${number}%` | Value | AnimatedInterpolation<string | number> | WithAnimatedObject<AnimatedNode> | null | undefined'.
      Type 'string' is not assignable to type 'number | "auto" | `${number}%` | Value | AnimatedInterpolation<string | number> | WithAnimatedObject<AnimatedNode> | null | undefined'.
components/widgets/AddMedicationSheet.tsx(6,10): error TS2305: Module '"@/components/forms"' has no exported member 'FormField'.
components/widgets/AddMedicationSheet.tsx(6,21): error TS2305: Module '"@/components/forms"' has no exported member 'FormDatePicker'.
components/widgets/AddMedicationSheet.tsx(163,29): error TS2322: Type '"outline"' is not assignable to type '"outlined"'.
components/widgets/AppointmentCalendar.tsx(7,21): error TS2305: Module '"@/hooks/useEvents"' has no exported member 'Event'.
components/widgets/AppointmentCalendar.tsx(21,20): error TS2304: Cannot find name 'events'.
components/widgets/AppointmentCalendar.tsx(21,34): error TS7006: Parameter 'e' implicitly has an 'any' type.
components/widgets/AppointmentCalendar.tsx(23,13): error TS2304: Cannot find name 'selectedPet'.
components/widgets/AppointmentCalendar.tsx(24,20): error TS2304: Cannot find name 'events'.
components/widgets/AppointmentCalendar.tsx(24,34): error TS7006: Parameter 'e' implicitly has an 'any' type.
components/widgets/AppointmentCalendar.tsx(24,51): error TS2304: Cannot find name 'selectedPet'.
components/widgets/AppointmentCalendar.tsx(26,16): error TS2304: Cannot find name 'events'.
components/widgets/AppointmentCalendar.tsx(27,9): error TS2304: Cannot find name 'events'.
components/widgets/AppointmentCalendar.tsx(27,24): error TS2304: Cannot find name 'selectedPet'.
components/widgets/AppointmentCalendar.tsx(33,32): error TS7006: Parameter 'event' implicitly has an 'any' type.
components/widgets/AppointmentCalendar.tsx(86,49): error TS7006: Parameter 'e' implicitly has an 'any' type.
components/widgets/AppointmentCalendar.tsx(93,17): error TS2322: Type '{ backgroundColor: string; calendarBackground: string; textSectionTitleColor: string; selectedDayBackgroundColor: string; selectedDayTextColor: string; todayTextColor: string; dayTextColor: string; ... 7 more ...; textMonthFontSize: number; }' is not assignable to type 'Theme'.
  Types of property 'textMonthFontWeight' are incompatible.
    Type 'string' is not assignable to type '100 | 300 | "light" | "400" | "500" | "600" | "700" | 200 | 400 | 500 | 800 | "normal" | "100" | "200" | "300" | "800" | "900" | "bold" | "medium" | "black" | 600 | 700 | 900 | "ultralight" | ... 6 more ... | undefined'.
components/widgets/AppointmentCalendar.tsx(150,5): error TS2322: Type '{ color: string; fontSize: number; fontWeight: string; lineHeight: number; letterSpacing: number; }' is not assignable to type 'ViewStyle | TextStyle | ImageStyle'.
  Type '{ color: string; fontSize: number; fontWeight: string; lineHeight: number; letterSpacing: number; }' is not assignable to type 'TextStyle'.
    Types of property 'fontWeight' are incompatible.
      Type 'string' is not assignable to type '100 | 300 | "light" | "400" | "500" | "600" | "700" | 200 | 400 | 500 | 800 | "normal" | "100" | "200" | "300" | "800" | "900" | "bold" | "medium" | "black" | 600 | 700 | 900 | "ultralight" | ... 6 more ... | undefined'.
components/widgets/MedicationSchedule.tsx(93,17): error TS2322: Type '{ backgroundColor: string; calendarBackground: string; textSectionTitleColor: string; selectedDayBackgroundColor: string; selectedDayTextColor: string; todayTextColor: string; dayTextColor: string; ... 7 more ...; textMonthFontSize: number; }' is not assignable to type 'Theme'.
  Types of property 'textMonthFontWeight' are incompatible.
    Type 'string' is not assignable to type '100 | 300 | "light" | "400" | "500" | "600" | "700" | 200 | 400 | 500 | 800 | "normal" | "100" | "200" | "300" | "800" | "900" | "bold" | "medium" | "black" | 600 | 700 | 900 | "ultralight" | ... 6 more ... | undefined'.
components/widgets/MedicationSchedule.tsx(158,5): error TS2322: Type '{ color: string; fontSize: number; fontWeight: string; lineHeight: number; letterSpacing: number; }' is not assignable to type 'ViewStyle | TextStyle | ImageStyle'.
  Type '{ color: string; fontSize: number; fontWeight: string; lineHeight: number; letterSpacing: number; }' is not assignable to type 'TextStyle'.
    Types of property 'fontWeight' are incompatible.
      Type 'string' is not assignable to type '100 | 300 | "light" | "400" | "500" | "600" | "700" | 200 | 400 | 500 | 800 | "normal" | "100" | "200" | "300" | "800" | "900" | "bold" | "medium" | "black" | 600 | 700 | 900 | "ultralight" | ... 6 more ... | undefined'.
components/widgets/MedicationSchedule.tsx(180,5): error TS2322: Type '{ color: string; fontSize: number; fontWeight: string; lineHeight: number; letterSpacing: number; }' is not assignable to type 'ViewStyle | TextStyle | ImageStyle'.
  Type '{ color: string; fontSize: number; fontWeight: string; lineHeight: number; letterSpacing: number; }' is not assignable to type 'TextStyle'.
    Types of property 'fontWeight' are incompatible.
      Type 'string' is not assignable to type '100 | 300 | "light" | "400" | "500" | "600" | "700" | 200 | 400 | 500 | 800 | "normal" | "100" | "200" | "300" | "800" | "900" | "bold" | "medium" | "black" | 600 | 700 | 900 | "ultralight" | ... 6 more ... | undefined'.
components/widgets/MedicationSchedule.tsx(205,5): error TS2322: Type '{ color: string; fontSize: number; fontWeight: string; lineHeight: number; letterSpacing: number; }' is not assignable to type 'ViewStyle | TextStyle | ImageStyle'.
  Type '{ color: string; fontSize: number; fontWeight: string; lineHeight: number; letterSpacing: number; }' is not assignable to type 'TextStyle'.
    Types of property 'fontWeight' are incompatible.
      Type 'string' is not assignable to type '100 | 300 | "light" | "400" | "500" | "600" | "700" | 200 | 400 | 500 | 800 | "normal" | "100" | "200" | "300" | "800" | "900" | "bold" | "medium" | "black" | 600 | 700 | 900 | "ultralight" | ... 6 more ... | undefined'.
components/widgets/PetHealthStatusWidget.tsx(40,27): error TS2322: Type '"$2xl"' is not assignable to type '"unset" | GetThemeValueForKey<"fontSize"> | undefined'.
components/widgets/PetHealthStatusWidget.tsx(46,35): error TS2322: Type '"$sm"' is not assignable to type '"unset" | GetThemeValueForKey<"fontSize"> | undefined'.
components/widgets/PetKeyInfoWidget.tsx(19,27): error TS2322: Type '"$xl"' is not assignable to type '"unset" | GetThemeValueForKey<"fontSize"> | undefined'.
components/widgets/PetKeyInfoWidget.tsx(23,31): error TS2322: Type '"$sm"' is not assignable to type '"unset" | GetThemeValueForKey<"fontSize"> | undefined'.
components/widgets/PetKeyInfoWidget.tsx(52,35): error TS2322: Type '"$sm"' is not assignable to type '"unset" | GetThemeValueForKey<"fontSize"> | undefined'.
components/widgets/PetKeyInfoWidget.tsx(52,67): error TS2322: Type '"monospace"' is not assignable to type '"unset" | GetThemeValueForKey<"fontFamily"> | undefined'.
components/widgets/PetKeyInfoWidget.tsx(82,31): error TS2322: Type '"$base"' is not assignable to type '"unset" | GetThemeValueForKey<"fontSize"> | undefined'.
components/widgets/PetKeyInfoWidget.tsx(105,31): error TS2322: Type '"$base"' is not assignable to type '"unset" | GetThemeValueForKey<"fontSize"> | undefined'.
components/widgets/PetKeyInfoWidget.tsx(123,31): error TS2322: Type '"$base"' is not assignable to type '"unset" | GetThemeValueForKey<"fontSize"> | undefined'.
components/widgets/PetKeyInfoWidget.tsx(138,31): error TS2322: Type '"$base"' is not assignable to type '"unset" | GetThemeValueForKey<"fontSize"> | undefined'.
components/widgets/PetMedicationsWidget.tsx(17,27): error TS2322: Type '"$xl"' is not assignable to type '"unset" | GetThemeValueForKey<"fontSize"> | undefined'.
components/widgets/PetMedicationsWidget.tsx(21,31): error TS2322: Type '"$sm"' is not assignable to type '"unset" | GetThemeValueForKey<"fontSize"> | undefined'.
components/widgets/PetMedicationsWidget.tsx(50,43): error TS2322: Type '"$base"' is not assignable to type '"unset" | GetThemeValueForKey<"fontSize"> | undefined'.
components/widgets/PetMedicationsWidget.tsx(53,43): error TS2322: Type '"$sm"' is not assignable to type '"unset" | GetThemeValueForKey<"fontSize"> | undefined'.
components/widgets/PetMedicationsWidget.tsx(57,40): error TS2322: Type '{ children: string; variant: string; }' is not assignable to type 'IntrinsicAttributes & Omit<RNTamaguiTextNonStyleProps, "unstyled" | keyof TextStylePropsBase> & ... 5 more ... & RefAttributes<...>'.
  Property 'variant' does not exist on type 'IntrinsicAttributes & Omit<RNTamaguiTextNonStyleProps, "unstyled" | keyof TextStylePropsBase> & ... 5 more ... & RefAttributes<...>'.
components/widgets/PetMedicationsWidget.tsx(61,31): error TS2322: Type '"$sm"' is not assignable to type '"unset" | GetThemeValueForKey<"fontSize"> | undefined'.
components/widgets/PetPastConditionsWidget.tsx(14,23): error TS2322: Type '"$xl"' is not assignable to type '"unset" | GetThemeValueForKey<"fontSize"> | undefined'.
components/widgets/PetPastConditionsWidget.tsx(49,43): error TS2322: Type '"$base"' is not assignable to type '"unset" | GetThemeValueForKey<"fontSize"> | undefined'.
components/widgets/PetPastConditionsWidget.tsx(52,44): error TS2322: Type '{ children: string; variant: string; size: string; }' is not assignable to type 'IntrinsicAttributes & Omit<RNTamaguiTextNonStyleProps, "unstyled" | keyof TextStylePropsBase> & ... 5 more ... & RefAttributes<...>'.
  Property 'variant' does not exist on type 'IntrinsicAttributes & Omit<RNTamaguiTextNonStyleProps, "unstyled" | keyof TextStylePropsBase> & ... 5 more ... & RefAttributes<...>'.
components/widgets/PetPastConditionsWidget.tsx(54,39): error TS2322: Type '"$sm"' is not assignable to type '"unset" | GetThemeValueForKey<"fontSize"> | undefined'.
components/widgets/PetUpcomingEventsWidget.tsx(17,27): error TS2322: Type '"$xl"' is not assignable to type '"unset" | GetThemeValueForKey<"fontSize"> | undefined'.
components/widgets/PetUpcomingEventsWidget.tsx(21,31): error TS2322: Type '"$sm"' is not assignable to type '"unset" | GetThemeValueForKey<"fontSize"> | undefined'.
components/widgets/PetUpcomingEventsWidget.tsx(50,43): error TS2322: Type '"$base"' is not assignable to type '"unset" | GetThemeValueForKey<"fontSize"> | undefined'.
components/widgets/PetUpcomingEventsWidget.tsx(53,43): error TS2322: Type '"$sm"' is not assignable to type '"unset" | GetThemeValueForKey<"fontSize"> | undefined'.
components/widgets/PetUpcomingEventsWidget.tsx(65,31): error TS2322: Type '"$sm"' is not assignable to type '"unset" | GetThemeValueForKey<"fontSize"> | undefined'.
components/widgets/PetVaccinationsWidget.tsx(17,27): error TS2322: Type '"$xl"' is not assignable to type '"unset" | GetThemeValueForKey<"fontSize"> | undefined'.
components/widgets/PetVaccinationsWidget.tsx(21,31): error TS2322: Type '"$sm"' is not assignable to type '"unset" | GetThemeValueForKey<"fontSize"> | undefined'.
components/widgets/PetVaccinationsWidget.tsx(50,43): error TS2322: Type '"$base"' is not assignable to type '"unset" | GetThemeValueForKey<"fontSize"> | undefined'.
components/widgets/PetVaccinationsWidget.tsx(53,43): error TS2322: Type '"$sm"' is not assignable to type '"unset" | GetThemeValueForKey<"fontSize"> | undefined'.
components/widgets/PetVaccinationsWidget.tsx(64,40): error TS2322: Type '{ children: string; variant: string; }' is not assignable to type 'IntrinsicAttributes & Omit<RNTamaguiTextNonStyleProps, "unstyled" | keyof TextStylePropsBase> & ... 5 more ... & RefAttributes<...>'.
  Property 'variant' does not exist on type 'IntrinsicAttributes & Omit<RNTamaguiTextNonStyleProps, "unstyled" | keyof TextStylePropsBase> & ... 5 more ... & RefAttributes<...>'.
components/widgets/PetVaccinationsWidget.tsx(68,31): error TS2322: Type '"$sm"' is not assignable to type '"unset" | GetThemeValueForKey<"fontSize"> | undefined'.
contexts/AuthContext.tsx(41,23): error TS2339: Property 'email' does not exist on type '{ address: string | null; bio: string | null; country_code: string | null; created_at: string | null; date_of_birth: string | null; first_name: string | null; gender: string | null; ... 11 more ...; website: string | null; }'.
contexts/AuthContext.tsx(42,27): error TS2339: Property 'full_name' does not exist on type '{ address: string | null; bio: string | null; country_code: string | null; created_at: string | null; date_of_birth: string | null; first_name: string | null; gender: string | null; ... 11 more ...; website: string | null; }'.
contexts/AuthContext.tsx(134,9): error TS2353: Object literal may only specify known properties, and 'skipBrowserRedirect' does not exist in type '{ captchaToken?: string | undefined; }'.
design-system/DesignSystemProvider.tsx(2,20): error TS2307: Cannot find module '../tamagui.config' or its corresponding type declarations.
hooks/domain/useHealthMutationsV2.ts(13,25): error TS2769: No overload matches this call.
  Overload 1 of 2, '(values: { administered_by?: string | null | undefined; administered_time?: string | null | undefined; administering_vet?: string | null | undefined; batch_number?: string | null | undefined; ... 30 more ...; vaccine_name: string; }, options?: { ...; } | undefined): PostgrestFilterBuilder<...>', gave the following error.
    Argument of type 'Omit<Vaccination, "id" | "created_at" | "updated_at">' is not assignable to parameter of type '{ administered_by?: string | null | undefined; administered_time?: string | null | undefined; administering_vet?: string | null | undefined; batch_number?: string | null | undefined; ... 30 more ...; vaccine_name: string; }'.
      Type 'Omit<Vaccination, "id" | "created_at" | "updated_at">' is missing the following properties from type '{ administered_by?: string | null | undefined; administered_time?: string | null | undefined; administering_vet?: string | null | undefined; batch_number?: string | null | undefined; ... 30 more ...; vaccine_name: string; }': category, date_given
  Overload 2 of 2, '(values: { administered_by?: string | null | undefined; administered_time?: string | null | undefined; administering_vet?: string | null | undefined; batch_number?: string | null | undefined; ... 30 more ...; vaccine_name: string; }[], options?: { ...; } | undefined): PostgrestFilterBuilder<...>', gave the following error.
    Argument of type 'Omit<Vaccination, "id" | "created_at" | "updated_at">' is not assignable to parameter of type '{ administered_by?: string | null | undefined; administered_time?: string | null | undefined; administering_vet?: string | null | undefined; batch_number?: string | null | undefined; ... 30 more ...; vaccine_name: string; }[]'.
      Type 'Omit<Vaccination, "id" | "created_at" | "updated_at">' is missing the following properties from type '{ administered_by?: string | null | undefined; administered_time?: string | null | undefined; administering_vet?: string | null | undefined; batch_number?: string | null | undefined; ... 30 more ...; vaccine_name: string; }[]': length, pop, push, concat, and 35 more.
hooks/domain/useHealthMutationsV2.ts(70,25): error TS2769: No overload matches this call.
  Overload 1 of 2, '(values: { attachments?: Json | undefined; business_email?: string | null | undefined; business_lat?: number | null | undefined; business_lng?: number | null | undefined; business_name?: string | ... 1 more ... | undefined; ... 32 more ...; visit_time?: string | ... 1 more ... | undefined; }, options?: { ...; } | undefined): PostgrestFilterBuilder<...>', gave the following error.
    Argument of type 'Omit<MedicalVisit, "id" | "created_at" | "updated_at">' is not assignable to parameter of type '{ attachments?: Json | undefined; business_email?: string | null | undefined; business_lat?: number | null | undefined; business_lng?: number | null | undefined; business_name?: string | ... 1 more ... | undefined; ... 32 more ...; visit_time?: string | ... 1 more ... | undefined; }'.
      Property 'date' is missing in type 'Omit<MedicalVisit, "id" | "created_at" | "updated_at">' but required in type '{ attachments?: Json | undefined; business_email?: string | null | undefined; business_lat?: number | null | undefined; business_lng?: number | null | undefined; business_name?: string | ... 1 more ... | undefined; ... 32 more ...; visit_time?: string | ... 1 more ... | undefined; }'.
  Overload 2 of 2, '(values: { attachments?: Json | undefined; business_email?: string | null | undefined; business_lat?: number | null | undefined; business_lng?: number | null | undefined; business_name?: string | ... 1 more ... | undefined; ... 32 more ...; visit_time?: string | ... 1 more ... | undefined; }[], options?: { ...; } | undefined): PostgrestFilterBuilder<...>', gave the following error.
    Argument of type 'Omit<MedicalVisit, "id" | "created_at" | "updated_at">' is not assignable to parameter of type '{ attachments?: Json | undefined; business_email?: string | null | undefined; business_lat?: number | null | undefined; business_lng?: number | null | undefined; business_name?: string | ... 1 more ... | undefined; ... 32 more ...; visit_time?: string | ... 1 more ... | undefined; }[]'.
      Type 'Omit<MedicalVisit, "id" | "created_at" | "updated_at">' is missing the following properties from type '{ attachments?: Json | undefined; business_email?: string | null | undefined; business_lat?: number | null | undefined; business_lng?: number | null | undefined; business_name?: string | ... 1 more ... | undefined; ... 32 more ...; visit_time?: string | ... 1 more ... | undefined; }[]': length, pop, push, concat, and 35 more.
hooks/domain/useHealthMutationsV2.ts(88,25): error TS2345: Argument of type 'Partial<MedicalVisit>' is not assignable to parameter of type '{ attachments?: Json | undefined; business_email?: string | null | undefined; business_lat?: number | null | undefined; business_lng?: number | null | undefined; business_name?: string | ... 1 more ... | undefined; ... 32 more ...; visit_time?: string | ... 1 more ... | undefined; }'.
  Types of property 'reason' are incompatible.
    Type 'string | null | undefined' is not assignable to type 'string | undefined'.
      Type 'null' is not assignable to type 'string | undefined'.
hooks/domain/useHealthMutationsV2.ts(243,25): error TS2769: No overload matches this call.
  Overload 1 of 2, '(values: { allergen: string; allergy_alert_enabled?: boolean | null | undefined; allergy_type?: string | null | undefined; avoidance_measures?: Json | undefined; created_at?: string | null | undefined; ... 27 more ...; vet_aware?: boolean | ... 1 more ... | undefined; }, options?: { ...; } | undefined): PostgrestFilterBuilder<...>', gave the following error.
    Argument of type 'Omit<Allergy, "id" | "created_at" | "updated_at">' is not assignable to parameter of type '{ allergen: string; allergy_alert_enabled?: boolean | null | undefined; allergy_type?: string | null | undefined; avoidance_measures?: Json | undefined; created_at?: string | null | undefined; ... 27 more ...; vet_aware?: boolean | ... 1 more ... | undefined; }'.
      Property 'allergen' is missing in type 'Omit<Allergy, "id" | "created_at" | "updated_at">' but required in type '{ allergen: string; allergy_alert_enabled?: boolean | null | undefined; allergy_type?: string | null | undefined; avoidance_measures?: Json | undefined; created_at?: string | null | undefined; ... 27 more ...; vet_aware?: boolean | ... 1 more ... | undefined; }'.
  Overload 2 of 2, '(values: { allergen: string; allergy_alert_enabled?: boolean | null | undefined; allergy_type?: string | null | undefined; avoidance_measures?: Json | undefined; created_at?: string | null | undefined; ... 27 more ...; vet_aware?: boolean | ... 1 more ... | undefined; }[], options?: { ...; } | undefined): PostgrestFilterBuilder<...>', gave the following error.
    Argument of type 'Omit<Allergy, "id" | "created_at" | "updated_at">' is not assignable to parameter of type '{ allergen: string; allergy_alert_enabled?: boolean | null | undefined; allergy_type?: string | null | undefined; avoidance_measures?: Json | undefined; created_at?: string | null | undefined; ... 27 more ...; vet_aware?: boolean | ... 1 more ... | undefined; }[]'.
      Type 'Omit<Allergy, "id" | "created_at" | "updated_at">' is missing the following properties from type '{ allergen: string; allergy_alert_enabled?: boolean | null | undefined; allergy_type?: string | null | undefined; avoidance_measures?: Json | undefined; created_at?: string | null | undefined; ... 27 more ...; vet_aware?: boolean | ... 1 more ... | undefined; }[]': length, pop, push, concat, and 35 more.
hooks/domain/useHealthMutationsV2.ts(261,25): error TS2345: Argument of type 'Partial<Allergy>' is not assignable to parameter of type '{ allergen?: string | undefined; allergy_alert_enabled?: boolean | null | undefined; allergy_type?: string | null | undefined; avoidance_measures?: Json | undefined; created_at?: string | ... 1 more ... | undefined; ... 27 more ...; vet_aware?: boolean | ... 1 more ... | undefined; }'.
  Types of property 'type' are incompatible.
    Type 'string | null | undefined' is not assignable to type 'string | undefined'.
      Type 'null' is not assignable to type 'string | undefined'.
hooks/domain/useHealthMutationsV2.ts(301,25): error TS2769: No overload matches this call.
  Overload 1 of 2, '(values: { activity_data?: Json | undefined; activity_type: string; created_at?: string | null | undefined; id?: string | undefined; pet_id?: string | null | undefined; profile_id: string; }, options?: { ...; } | undefined): PostgrestFilterBuilder<...>', gave the following error.
    Argument of type '{ pet_id: string; activity_type: string; title: string; description?: string | undefined; metadata?: any; }' is not assignable to parameter of type '{ activity_data?: Json | undefined; activity_type: string; created_at?: string | null | undefined; id?: string | undefined; pet_id?: string | null | undefined; profile_id: string; }'.
      Property 'profile_id' is missing in type '{ pet_id: string; activity_type: string; title: string; description?: string | undefined; metadata?: any; }' but required in type '{ activity_data?: Json | undefined; activity_type: string; created_at?: string | null | undefined; id?: string | undefined; pet_id?: string | null | undefined; profile_id: string; }'.
  Overload 2 of 2, '(values: { activity_data?: Json | undefined; activity_type: string; created_at?: string | null | undefined; id?: string | undefined; pet_id?: string | null | undefined; profile_id: string; }[], options?: { ...; } | undefined): PostgrestFilterBuilder<...>', gave the following error.
    Argument of type '{ pet_id: string; activity_type: string; title: string; description?: string | undefined; metadata?: any; }' is not assignable to parameter of type '{ activity_data?: Json | undefined; activity_type: string; created_at?: string | null | undefined; id?: string | undefined; pet_id?: string | null | undefined; profile_id: string; }[]'.
      Type '{ pet_id: string; activity_type: string; title: string; description?: string | undefined; metadata?: any; }' is missing the following properties from type '{ activity_data?: Json | undefined; activity_type: string; created_at?: string | null | undefined; id?: string | undefined; pet_id?: string | null | undefined; profile_id: string; }[]': length, pop, push, concat, and 35 more.
hooks/domain/useHealthV2.ts(14,19): error TS2304: Cannot find name 'BehaviorTag'.
hooks/domain/useHealthV2.ts(65,27): error TS2769: No overload matches this call.
  Overload 1 of 2, '(relation: "content" | "settings" | "notifications" | "pets" | "profiles" | "documents" | "users" | "roles" | "activity_logs" | "allergies" | "audit_logs" | "behavior_tags" | "breeds" | ... 25 more ... | "weight_entries"): PostgrestQueryBuilder<...>', gave the following error.
    Argument of type '"weight_logs"' is not assignable to parameter of type '"content" | "settings" | "notifications" | "pets" | "profiles" | "documents" | "users" | "roles" | "activity_logs" | "allergies" | "audit_logs" | "behavior_tags" | "breeds" | ... 25 more ... | "weight_entries"'.
  Overload 2 of 2, '(relation: never): PostgrestQueryBuilder<{ PostgrestVersion: "13.0.5"; }, { Tables: { activity_logs: { Row: { activity_data: Json; activity_type: string; created_at: string | null; id: string; pet_id: string | null; profile_id: string; }; Insert: { ...; }; Update: { ...; }; Relationships: [...]; }; ... 37 more ...; weight_entries: { ...; }; }; Views: {}; Functions: { ...; }; Enums: {}; CompositeTypes: {}; }, never, never, never>', gave the following error.
    Argument of type '"weight_logs"' is not assignable to parameter of type 'never'.
hooks/domain/useHealthV2.ts(77,31): error TS2352: Conversion of type '{ provider_name: any; administered_by: string | null; administered_time: string | null; administering_vet: string | null; batch_number: string | null; category: string; certificate_document_id: string | null; ... 29 more ...; providers: SelectQueryError<...>; }[]' to type '(Vaccination & { provider_name?: string | undefined; })[]' may be a mistake because neither type sufficiently overlaps with the other. If this was intentional, convert the expression to 'unknown' first.
  Type '{ provider_name: any; administered_by: string | null; administered_time: string | null; administering_vet: string | null; batch_number: string | null; category: string; certificate_document_id: string | null; ... 29 more ...; providers: SelectQueryError<...>; }' is not comparable to type 'Vaccination & { provider_name?: string | undefined; }'.
    Type '{ provider_name: any; administered_by: string | null; administered_time: string | null; administering_vet: string | null; batch_number: string | null; category: string; certificate_document_id: string | null; ... 29 more ...; providers: SelectQueryError<...>; }' is missing the following properties from type 'Vaccination': administered_date, valid_until, provider_id, status
hooks/domain/useHealthV2.ts(81,25): error TS2352: Conversion of type '{ clinic_name: any; attachments: Json; business_email: string | null; business_lat: number | null; business_lng: number | null; business_name: string | null; business_phone: string | null; ... 31 more ...; providers: SelectQueryError<...>; }[]' to type '(MedicalVisit & { clinic_name?: string | undefined; })[]' may be a mistake because neither type sufficiently overlaps with the other. If this was intentional, convert the expression to 'unknown' first.
  Type '{ clinic_name: any; attachments: Json | null; business_email: string | null; business_lat: number | null; business_lng: number | null; business_name: string | null; business_phone: string | null; ... 31 more ...; providers: SelectQueryError<...>; }' is not comparable to type 'MedicalVisit & { clinic_name?: string | undefined; }'.
    Type '{ clinic_name: any; attachments: Json; business_email: string | null; business_lat: number | null; business_lng: number | null; business_name: string | null; business_phone: string | null; ... 31 more ...; providers: SelectQueryError<...>; }' is missing the following properties from type 'MedicalVisit': visit_date, visit_type, treatment_summary, provider_id, and 2 more.
hooks/domain/useHealthV2.ts(85,30): error TS2352: Conversion of type '{ administration_instructions: string | null; administration_times: Json; attachments: string[] | null; auto_refill: boolean | null; best_time_to_give: Json; condition_being_treated: string | null; ... 40 more ...; updated_at: string | null; }[]' to type 'Medication[]' may be a mistake because neither type sufficiently overlaps with the other. If this was intentional, convert the expression to 'unknown' first.
  Type '{ administration_instructions: string | null; administration_times: Json; attachments: string[] | null; auto_refill: boolean | null; best_time_to_give: Json; condition_being_treated: string | null; ... 40 more ...; updated_at: string | null; }' is missing the following properties from type 'Medication': dosage, instructions, provider_id
hooks/domain/useHealthV2.ts(86,28): error TS2352: Conversion of type '{ allergen: string; allergy_alert_enabled: boolean | null; allergy_type: string | null; avoidance_measures: Json; created_at: string | null; current_treatment: Json; ... 26 more ...; vet_aware: boolean | null; }[]' to type 'Allergy[]' may be a mistake because neither type sufficiently overlaps with the other. If this was intentional, convert the expression to 'unknown' first.
  Type '{ allergen: string; allergy_alert_enabled: boolean | null; allergy_type: string | null; avoidance_measures: Json; created_at: string | null; current_treatment: Json; ... 26 more ...; vet_aware: boolean | null; }' is missing the following properties from type 'Allergy': name, severity, reaction
hooks/domain/useHealthV2.ts(87,29): error TS2352: Conversion of type '{ created_at: string | null; diagnosed_date: string | null; id: string; name: string; notes: string | null; pet_id: string; resolved_date: string | null; severity: string | null; status: string | null; treatment_plan: string | null; updated_at: string | null; }[]' to type 'Condition[]' may be a mistake because neither type sufficiently overlaps with the other. If this was intentional, convert the expression to 'unknown' first.
  Property 'description' is missing in type '{ created_at: string | null; diagnosed_date: string | null; id: string; name: string; notes: string | null; pet_id: string; resolved_date: string | null; severity: string | null; status: string | null; treatment_plan: string | null; updated_at: string | null; }' but required in type 'Condition'.
hooks/domain/useHealthV2.ts(88,29): error TS2352: Conversion of type '{ activity_data: Json; activity_type: string; created_at: string | null; id: string; pet_id: string | null; profile_id: string; }[]' to type 'ActivityLog[]' may be a mistake because neither type sufficiently overlaps with the other. If this was intentional, convert the expression to 'unknown' first.
  Type '{ activity_data: Json; activity_type: string; created_at: string | null; id: string; pet_id: string | null; profile_id: string; }' is missing the following properties from type 'ActivityLog': created_by, title, description, metadata
hooks/domain/useHealthV2.ts(89,29): error TS2352: Conversion of type '({ address: string | null; bio: string | null; country_code: string | null; created_at: string | null; date_of_birth: string | null; first_name: string | null; gender: string | null; ... 11 more ...; website: string | null; } | ... 37 more ... | { ...; })[]' to type 'WeightLog[]' may be a mistake because neither type sufficiently overlaps with the other. If this was intentional, convert the expression to 'unknown' first.
  Type '{ address: string | null; bio: string | null; country_code: string | null; created_at: string | null; date_of_birth: string | null; first_name: string | null; gender: string | null; ... 11 more ...; website: string | null; } | ... 37 more ... | { ...; }' is not comparable to type 'WeightLog'.
    Type '{ address: string | null; city: string | null; clinic_name: string; country: string | null; created_at: string | null; email: string | null; id: string; is_primary: boolean | null; ... 9 more ...; zip_code: string | null; }' is missing the following properties from type 'WeightLog': weight, unit, recorded_date, notes
hooks/domain/useHealthV2.ts(90,60): error TS2304: Cannot find name 'BehaviorTag'.
hooks/passport/useAllergies.ts(42,19): error TS2322: Type '{ id: string; type: AllergyType; allergen: any; reactionDescription: string; severity: AllergySeverity; notes: string | null; }[]' is not assignable to type 'Allergy[]'.
  Type '{ id: string; type: AllergyType; allergen: any; reactionDescription: string; severity: AllergySeverity; notes: string | null; }' is not assignable to type 'Allergy'.
    Types of property 'notes' are incompatible.
      Type 'string | null' is not assignable to type 'string | undefined'.
        Type 'null' is not assignable to type 'string | undefined'.
hooks/passport/useAllergies.ts(45,29): error TS2339: Property 'name' does not exist on type '{ allergen: string; allergy_alert_enabled: boolean | null; allergy_type: string | null; avoidance_measures: Json; created_at: string | null; current_treatment: Json; ... 26 more ...; vet_aware: boolean | null; }'.
hooks/passport/useAllergies.ts(45,39): error TS2339: Property 'allergen_name' does not exist on type '{ allergen: string; allergy_alert_enabled: boolean | null; allergy_type: string | null; avoidance_measures: Json; created_at: string | null; current_treatment: Json; ... 26 more ...; vet_aware: boolean | null; }'.
hooks/passport/useAllergies.ts(47,50): error TS2339: Property 'severity' does not exist on type '{ allergen: string; allergy_alert_enabled: boolean | null; allergy_type: string | null; avoidance_measures: Json; created_at: string | null; current_treatment: Json; ... 26 more ...; vet_aware: boolean | null; }'.
hooks/passport/useBodyCondition.ts(37,23): error TS2769: No overload matches this call.
  Overload 1 of 2, '(relation: "content" | "settings" | "notifications" | "pets" | "profiles" | "documents" | "users" | "roles" | "activity_logs" | "allergies" | "audit_logs" | "behavior_tags" | "breeds" | ... 25 more ... | "weight_entries"): PostgrestQueryBuilder<...>', gave the following error.
    Argument of type '"body_condition_scores"' is not assignable to parameter of type '"content" | "settings" | "notifications" | "pets" | "profiles" | "documents" | "users" | "roles" | "activity_logs" | "allergies" | "audit_logs" | "behavior_tags" | "breeds" | ... 25 more ... | "weight_entries"'.
  Overload 2 of 2, '(relation: never): PostgrestQueryBuilder<{ PostgrestVersion: "13.0.5"; }, { Tables: { activity_logs: { Row: { activity_data: Json; activity_type: string; created_at: string | null; id: string; pet_id: string | null; profile_id: string; }; Insert: { ...; }; Update: { ...; }; Relationships: [...]; }; ... 37 more ...; weight_entries: { ...; }; }; Views: {}; Functions: { ...; }; Enums: {}; CompositeTypes: {}; }, never, never, never>', gave the following error.
    Argument of type '"body_condition_scores"' is not assignable to parameter of type 'never'.
hooks/passport/useBodyCondition.ts(44,19): error TS2322: Type '{ id: string | number; petId: any; score: any; scaleType: "9-point"; assessedDate: Date; category: BCSCategory; notes: any; }[]' is not assignable to type 'BodyConditionRecord[]'.
  Type '{ id: string | number; petId: any; score: any; scaleType: "9-point"; assessedDate: Date; category: BCSCategory; notes: any; }' is not assignable to type 'BodyConditionRecord'.
    Types of property 'id' are incompatible.
      Type 'string | number' is not assignable to type 'string'.
        Type 'number' is not assignable to type 'string'.
hooks/passport/useBodyCondition.ts(46,26): error TS2339: Property 'pet_id' does not exist on type '{ address: string | null; bio: string | null; country_code: string | null; created_at: string | null; date_of_birth: string | null; first_name: string | null; gender: string | null; ... 11 more ...; website: string | null; } | ... 37 more ... | { ...; }'.
  Property 'pet_id' does not exist on type '{ address: string | null; bio: string | null; country_code: string | null; created_at: string | null; date_of_birth: string | null; first_name: string | null; gender: string | null; ... 11 more ...; website: string | null; }'.
hooks/passport/useBodyCondition.ts(47,26): error TS2339: Property 'score' does not exist on type '{ address: string | null; bio: string | null; country_code: string | null; created_at: string | null; date_of_birth: string | null; first_name: string | null; gender: string | null; ... 11 more ...; website: string | null; } | ... 37 more ... | { ...; }'.
  Property 'score' does not exist on type '{ address: string | null; bio: string | null; country_code: string | null; created_at: string | null; date_of_birth: string | null; first_name: string | null; gender: string | null; ... 11 more ...; website: string | null; }'.
hooks/passport/useBodyCondition.ts(49,42): error TS2339: Property 'assessed_date' does not exist on type '{ address: string | null; bio: string | null; country_code: string | null; created_at: string | null; date_of_birth: string | null; first_name: string | null; gender: string | null; ... 11 more ...; website: string | null; } | ... 37 more ... | { ...; }'.
  Property 'assessed_date' does not exist on type '{ address: string | null; bio: string | null; country_code: string | null; created_at: string | null; date_of_birth: string | null; first_name: string | null; gender: string | null; ... 11 more ...; website: string | null; }'.
hooks/passport/useBodyCondition.ts(50,44): error TS2339: Property 'score' does not exist on type '{ address: string | null; bio: string | null; country_code: string | null; created_at: string | null; date_of_birth: string | null; first_name: string | null; gender: string | null; ... 11 more ...; website: string | null; } | ... 37 more ... | { ...; }'.
  Property 'score' does not exist on type '{ address: string | null; bio: string | null; country_code: string | null; created_at: string | null; date_of_birth: string | null; first_name: string | null; gender: string | null; ... 11 more ...; website: string | null; }'.
hooks/passport/useBodyCondition.ts(51,26): error TS2339: Property 'notes' does not exist on type '{ address: string | null; bio: string | null; country_code: string | null; created_at: string | null; date_of_birth: string | null; first_name: string | null; gender: string | null; ... 11 more ...; website: string | null; } | ... 37 more ... | { ...; }'.
  Property 'notes' does not exist on type '{ address: string | null; bio: string | null; country_code: string | null; created_at: string | null; date_of_birth: string | null; first_name: string | null; gender: string | null; ... 11 more ...; website: string | null; }'.
hooks/passport/useBodyCondition.ts(70,23): error TS2769: No overload matches this call.
  Overload 1 of 2, '(relation: "content" | "settings" | "notifications" | "pets" | "profiles" | "documents" | "users" | "roles" | "activity_logs" | "allergies" | "audit_logs" | "behavior_tags" | "breeds" | ... 25 more ... | "weight_entries"): PostgrestQueryBuilder<...>', gave the following error.
    Argument of type '"body_condition_scores"' is not assignable to parameter of type '"content" | "settings" | "notifications" | "pets" | "profiles" | "documents" | "users" | "roles" | "activity_logs" | "allergies" | "audit_logs" | "behavior_tags" | "breeds" | ... 25 more ... | "weight_entries"'.
  Overload 2 of 2, '(relation: never): PostgrestQueryBuilder<{ PostgrestVersion: "13.0.5"; }, { Tables: { activity_logs: { Row: { activity_data: Json; activity_type: string; created_at: string | null; id: string; pet_id: string | null; profile_id: string; }; Insert: { ...; }; Update: { ...; }; Relationships: [...]; }; ... 37 more ...; weight_entries: { ...; }; }; Views: {}; Functions: { ...; }; Enums: {}; CompositeTypes: {}; }, never, never, never>', gave the following error.
    Argument of type '"body_condition_scores"' is not assignable to parameter of type 'never'.
hooks/passport/useBodyCondition.ts(90,23): error TS2769: No overload matches this call.
  Overload 1 of 2, '(relation: "content" | "settings" | "notifications" | "pets" | "profiles" | "documents" | "users" | "roles" | "activity_logs" | "allergies" | "audit_logs" | "behavior_tags" | "breeds" | ... 25 more ... | "weight_entries"): PostgrestQueryBuilder<...>', gave the following error.
    Argument of type '"body_condition_scores"' is not assignable to parameter of type '"content" | "settings" | "notifications" | "pets" | "profiles" | "documents" | "users" | "roles" | "activity_logs" | "allergies" | "audit_logs" | "behavior_tags" | "breeds" | ... 25 more ... | "weight_entries"'.
  Overload 2 of 2, '(relation: never): PostgrestQueryBuilder<{ PostgrestVersion: "13.0.5"; }, { Tables: { activity_logs: { Row: { activity_data: Json; activity_type: string; created_at: string | null; id: string; pet_id: string | null; profile_id: string; }; Insert: { ...; }; Update: { ...; }; Relationships: [...]; }; ... 37 more ...; weight_entries: { ...; }; }; Views: {}; Functions: { ...; }; Enums: {}; CompositeTypes: {}; }, never, never, never>', gave the following error.
    Argument of type '"body_condition_scores"' is not assignable to parameter of type 'never'.
hooks/passport/useConditions.ts(15,23): error TS2769: No overload matches this call.
  Overload 1 of 2, '(relation: "content" | "settings" | "notifications" | "pets" | "profiles" | "documents" | "users" | "roles" | "activity_logs" | "allergies" | "audit_logs" | "behavior_tags" | "breeds" | ... 25 more ... | "weight_entries"): PostgrestQueryBuilder<...>', gave the following error.
    Argument of type '"medical_conditions"' is not assignable to parameter of type '"content" | "settings" | "notifications" | "pets" | "profiles" | "documents" | "users" | "roles" | "activity_logs" | "allergies" | "audit_logs" | "behavior_tags" | "breeds" | ... 25 more ... | "weight_entries"'.
  Overload 2 of 2, '(relation: never): PostgrestQueryBuilder<{ PostgrestVersion: "13.0.5"; }, { Tables: { activity_logs: { Row: { activity_data: Json; activity_type: string; created_at: string | null; id: string; pet_id: string | null; profile_id: string; }; Insert: { ...; }; Update: { ...; }; Relationships: [...]; }; ... 37 more ...; weight_entries: { ...; }; }; Views: {}; Functions: { ...; }; Enums: {}; CompositeTypes: {}; }, never, never, never>', gave the following error.
    Argument of type '"medical_conditions"' is not assignable to parameter of type 'never'.
hooks/passport/useConditions.ts(22,27): error TS2345: Argument of type '{ id: string | number; petId: any; conditionName: any; diagnosedDate: Date | undefined; status: any; notes: any; }[]' is not assignable to parameter of type 'SetStateAction<MedicalCondition[]>'.
  Type '{ id: string | number; petId: any; conditionName: any; diagnosedDate: Date | undefined; status: any; notes: any; }[]' is not assignable to type 'MedicalCondition[]'.
    Type '{ id: string | number; petId: any; conditionName: any; diagnosedDate: Date | undefined; status: any; notes: any; }' is not assignable to type 'MedicalCondition'.
      Types of property 'id' are incompatible.
        Type 'string | number' is not assignable to type 'string'.
          Type 'number' is not assignable to type 'string'.
hooks/passport/useConditions.ts(24,26): error TS2339: Property 'pet_id' does not exist on type '{ address: string | null; bio: string | null; country_code: string | null; created_at: string | null; date_of_birth: string | null; first_name: string | null; gender: string | null; ... 11 more ...; website: string | null; } | ... 37 more ... | { ...; }'.
  Property 'pet_id' does not exist on type '{ address: string | null; bio: string | null; country_code: string | null; created_at: string | null; date_of_birth: string | null; first_name: string | null; gender: string | null; ... 11 more ...; website: string | null; }'.
hooks/passport/useConditions.ts(25,34): error TS2339: Property 'condition_name' does not exist on type '{ address: string | null; bio: string | null; country_code: string | null; created_at: string | null; date_of_birth: string | null; first_name: string | null; gender: string | null; ... 11 more ...; website: string | null; } | ... 37 more ... | { ...; }'.
  Property 'condition_name' does not exist on type '{ address: string | null; bio: string | null; country_code: string | null; created_at: string | null; date_of_birth: string | null; first_name: string | null; gender: string | null; ... 11 more ...; website: string | null; }'.
hooks/passport/useConditions.ts(26,34): error TS2339: Property 'diagnosed_date' does not exist on type '{ address: string | null; bio: string | null; country_code: string | null; created_at: string | null; date_of_birth: string | null; first_name: string | null; gender: string | null; ... 11 more ...; website: string | null; } | ... 37 more ... | { ...; }'.
  Property 'diagnosed_date' does not exist on type '{ address: string | null; bio: string | null; country_code: string | null; created_at: string | null; date_of_birth: string | null; first_name: string | null; gender: string | null; ... 11 more ...; website: string | null; }'.
hooks/passport/useConditions.ts(26,62): error TS2339: Property 'diagnosed_date' does not exist on type '{ address: string | null; bio: string | null; country_code: string | null; created_at: string | null; date_of_birth: string | null; first_name: string | null; gender: string | null; ... 11 more ...; website: string | null; } | ... 37 more ... | { ...; }'.
  Property 'diagnosed_date' does not exist on type '{ address: string | null; bio: string | null; country_code: string | null; created_at: string | null; date_of_birth: string | null; first_name: string | null; gender: string | null; ... 11 more ...; website: string | null; }'.
hooks/passport/useConditions.ts(27,27): error TS2339: Property 'status' does not exist on type '{ address: string | null; bio: string | null; country_code: string | null; created_at: string | null; date_of_birth: string | null; first_name: string | null; gender: string | null; ... 11 more ...; website: string | null; } | ... 37 more ... | { ...; }'.
  Property 'status' does not exist on type '{ address: string | null; bio: string | null; country_code: string | null; created_at: string | null; date_of_birth: string | null; first_name: string | null; gender: string | null; ... 11 more ...; website: string | null; }'.
hooks/passport/useConditions.ts(28,26): error TS2339: Property 'notes' does not exist on type '{ address: string | null; bio: string | null; country_code: string | null; created_at: string | null; date_of_birth: string | null; first_name: string | null; gender: string | null; ... 11 more ...; website: string | null; } | ... 37 more ... | { ...; }'.
  Property 'notes' does not exist on type '{ address: string | null; bio: string | null; country_code: string | null; created_at: string | null; date_of_birth: string | null; first_name: string | null; gender: string | null; ... 11 more ...; website: string | null; }'.
hooks/passport/useConditions.ts(43,19): error TS2769: No overload matches this call.
  Overload 1 of 2, '(relation: "content" | "settings" | "notifications" | "pets" | "profiles" | "documents" | "users" | "roles" | "activity_logs" | "allergies" | "audit_logs" | "behavior_tags" | "breeds" | ... 25 more ... | "weight_entries"): PostgrestQueryBuilder<...>', gave the following error.
    Argument of type '"medical_conditions"' is not assignable to parameter of type '"content" | "settings" | "notifications" | "pets" | "profiles" | "documents" | "users" | "roles" | "activity_logs" | "allergies" | "audit_logs" | "behavior_tags" | "breeds" | ... 25 more ... | "weight_entries"'.
  Overload 2 of 2, '(relation: never): PostgrestQueryBuilder<{ PostgrestVersion: "13.0.5"; }, { Tables: { activity_logs: { Row: { activity_data: Json; activity_type: string; created_at: string | null; id: string; pet_id: string | null; profile_id: string; }; Insert: { ...; }; Update: { ...; }; Relationships: [...]; }; ... 37 more ...; weight_entries: { ...; }; }; Views: {}; Functions: { ...; }; Enums: {}; CompositeTypes: {}; }, never, never, never>', gave the following error.
    Argument of type '"medical_conditions"' is not assignable to parameter of type 'never'.
hooks/passport/useConditions.ts(58,19): error TS2769: No overload matches this call.
  Overload 1 of 2, '(relation: "content" | "settings" | "notifications" | "pets" | "profiles" | "documents" | "users" | "roles" | "activity_logs" | "allergies" | "audit_logs" | "behavior_tags" | "breeds" | ... 25 more ... | "weight_entries"): PostgrestQueryBuilder<...>', gave the following error.
    Argument of type '"medical_conditions"' is not assignable to parameter of type '"content" | "settings" | "notifications" | "pets" | "profiles" | "documents" | "users" | "roles" | "activity_logs" | "allergies" | "audit_logs" | "behavior_tags" | "breeds" | ... 25 more ... | "weight_entries"'.
  Overload 2 of 2, '(relation: never): PostgrestQueryBuilder<{ PostgrestVersion: "13.0.5"; }, { Tables: { activity_logs: { Row: { activity_data: Json; activity_type: string; created_at: string | null; id: string; pet_id: string | null; profile_id: string; }; Insert: { ...; }; Update: { ...; }; Relationships: [...]; }; ... 37 more ...; weight_entries: { ...; }; }; Views: {}; Functions: { ...; }; Enums: {}; CompositeTypes: {}; }, never, never, never>', gave the following error.
    Argument of type '"medical_conditions"' is not assignable to parameter of type 'never'.
hooks/passport/useConditions.ts(74,19): error TS2769: No overload matches this call.
  Overload 1 of 2, '(relation: "content" | "settings" | "notifications" | "pets" | "profiles" | "documents" | "users" | "roles" | "activity_logs" | "allergies" | "audit_logs" | "behavior_tags" | "breeds" | ... 25 more ... | "weight_entries"): PostgrestQueryBuilder<...>', gave the following error.
    Argument of type '"medical_conditions"' is not assignable to parameter of type '"content" | "settings" | "notifications" | "pets" | "profiles" | "documents" | "users" | "roles" | "activity_logs" | "allergies" | "audit_logs" | "behavior_tags" | "breeds" | ... 25 more ... | "weight_entries"'.
  Overload 2 of 2, '(relation: never): PostgrestQueryBuilder<{ PostgrestVersion: "13.0.5"; }, { Tables: { activity_logs: { Row: { activity_data: Json; activity_type: string; created_at: string | null; id: string; pet_id: string | null; profile_id: string; }; Insert: { ...; }; Update: { ...; }; Relationships: [...]; }; ... 37 more ...; weight_entries: { ...; }; }; Views: {}; Functions: { ...; }; Enums: {}; CompositeTypes: {}; }, never, never, never>', gave the following error.
    Argument of type '"medical_conditions"' is not assignable to parameter of type 'never'.
hooks/passport/useEmergencyContacts.ts(35,23): error TS2769: No overload matches this call.
  Overload 1 of 2, '(relation: "content" | "settings" | "notifications" | "pets" | "profiles" | "documents" | "users" | "roles" | "activity_logs" | "allergies" | "audit_logs" | "behavior_tags" | "breeds" | ... 25 more ... | "weight_entries"): PostgrestQueryBuilder<...>', gave the following error.
    Argument of type '"emergency_contacts"' is not assignable to parameter of type '"content" | "settings" | "notifications" | "pets" | "profiles" | "documents" | "users" | "roles" | "activity_logs" | "allergies" | "audit_logs" | "behavior_tags" | "breeds" | ... 25 more ... | "weight_entries"'.
  Overload 2 of 2, '(relation: never): PostgrestQueryBuilder<{ PostgrestVersion: "13.0.5"; }, { Tables: { activity_logs: { Row: { activity_data: Json; activity_type: string; created_at: string | null; id: string; pet_id: string | null; profile_id: string; }; Insert: { ...; }; Update: { ...; }; Relationships: [...]; }; ... 37 more ...; weight_entries: { ...; }; }; Views: {}; Functions: { ...; }; Enums: {}; CompositeTypes: {}; }, never, never, never>', gave the following error.
    Argument of type '"emergency_contacts"' is not assignable to parameter of type 'never'.
hooks/passport/useEmergencyContacts.ts(42,19): error TS2322: Type '{ id: string | number; contactType: EmergencyContactType; name: any; relationship: any; phone: any; email: any; address: any; isPrimary: any; }[]' is not assignable to type 'EmergencyContact[]'.
  Type '{ id: string | number; contactType: EmergencyContactType; name: any; relationship: any; phone: any; email: any; address: any; isPrimary: any; }' is not assignable to type 'EmergencyContact'.
    Types of property 'id' are incompatible.
      Type 'string | number' is not assignable to type 'string'.
        Type 'number' is not assignable to type 'string'.
hooks/passport/useEmergencyContacts.ts(44,39): error TS2339: Property 'contact_type' does not exist on type '{ address: string | null; bio: string | null; country_code: string | null; created_at: string | null; date_of_birth: string | null; first_name: string | null; gender: string | null; ... 11 more ...; website: string | null; } | ... 37 more ... | { ...; }'.
  Property 'contact_type' does not exist on type '{ address: string | null; bio: string | null; country_code: string | null; created_at: string | null; date_of_birth: string | null; first_name: string | null; gender: string | null; ... 11 more ...; website: string | null; }'.
hooks/passport/useEmergencyContacts.ts(45,31): error TS2339: Property 'name' does not exist on type '{ address: string | null; bio: string | null; country_code: string | null; created_at: string | null; date_of_birth: string | null; first_name: string | null; gender: string | null; ... 11 more ...; website: string | null; } | ... 37 more ... | { ...; }'.
  Property 'name' does not exist on type '{ address: string | null; bio: string | null; country_code: string | null; created_at: string | null; date_of_birth: string | null; first_name: string | null; gender: string | null; ... 11 more ...; website: string | null; }'.
hooks/passport/useEmergencyContacts.ts(46,39): error TS2339: Property 'relationship' does not exist on type '{ address: string | null; bio: string | null; country_code: string | null; created_at: string | null; date_of_birth: string | null; first_name: string | null; gender: string | null; ... 11 more ...; website: string | null; } | ... 37 more ... | { ...; }'.
  Property 'relationship' does not exist on type '{ address: string | null; bio: string | null; country_code: string | null; created_at: string | null; date_of_birth: string | null; first_name: string | null; gender: string | null; ... 11 more ...; website: string | null; }'.
hooks/passport/useEmergencyContacts.ts(47,32): error TS2339: Property 'phone' does not exist on type '{ address: string | null; bio: string | null; country_code: string | null; created_at: string | null; date_of_birth: string | null; first_name: string | null; gender: string | null; ... 11 more ...; website: string | null; } | ... 37 more ... | { ...; }'.
  Property 'phone' does not exist on type '{ allergen: string; allergy_alert_enabled: boolean | null; allergy_type: string | null; avoidance_measures: Json; created_at: string | null; current_treatment: Json; ... 26 more ...; vet_aware: boolean | null; }'.
hooks/passport/useEmergencyContacts.ts(48,32): error TS2339: Property 'email' does not exist on type '{ address: string | null; bio: string | null; country_code: string | null; created_at: string | null; date_of_birth: string | null; first_name: string | null; gender: string | null; ... 11 more ...; website: string | null; } | ... 37 more ... | { ...; }'.
  Property 'email' does not exist on type '{ address: string | null; bio: string | null; country_code: string | null; created_at: string | null; date_of_birth: string | null; first_name: string | null; gender: string | null; ... 11 more ...; website: string | null; }'.
hooks/passport/useEmergencyContacts.ts(49,34): error TS2339: Property 'address' does not exist on type '{ address: string | null; bio: string | null; country_code: string | null; created_at: string | null; date_of_birth: string | null; first_name: string | null; gender: string | null; ... 11 more ...; website: string | null; } | ... 37 more ... | { ...; }'.
  Property 'address' does not exist on type '{ allergen: string; allergy_alert_enabled: boolean | null; allergy_type: string | null; avoidance_measures: Json; created_at: string | null; current_treatment: Json; ... 26 more ...; vet_aware: boolean | null; }'.
hooks/passport/useEmergencyContacts.ts(50,36): error TS2339: Property 'is_primary' does not exist on type '{ address: string | null; bio: string | null; country_code: string | null; created_at: string | null; date_of_birth: string | null; first_name: string | null; gender: string | null; ... 11 more ...; website: string | null; } | ... 37 more ... | { ...; }'.
  Property 'is_primary' does not exist on type '{ address: string | null; bio: string | null; country_code: string | null; created_at: string | null; date_of_birth: string | null; first_name: string | null; gender: string | null; ... 11 more ...; website: string | null; }'.
hooks/passport/useEmergencyContacts.ts(74,27): error TS2769: No overload matches this call.
  Overload 1 of 2, '(relation: "content" | "settings" | "notifications" | "pets" | "profiles" | "documents" | "users" | "roles" | "activity_logs" | "allergies" | "audit_logs" | "behavior_tags" | "breeds" | ... 25 more ... | "weight_entries"): PostgrestQueryBuilder<...>', gave the following error.
    Argument of type '"emergency_contacts"' is not assignable to parameter of type '"content" | "settings" | "notifications" | "pets" | "profiles" | "documents" | "users" | "roles" | "activity_logs" | "allergies" | "audit_logs" | "behavior_tags" | "breeds" | ... 25 more ... | "weight_entries"'.
  Overload 2 of 2, '(relation: never): PostgrestQueryBuilder<{ PostgrestVersion: "13.0.5"; }, { Tables: { activity_logs: { Row: { activity_data: Json; activity_type: string; created_at: string | null; id: string; pet_id: string | null; profile_id: string; }; Insert: { ...; }; Update: { ...; }; Relationships: [...]; }; ... 37 more ...; weight_entries: { ...; }; }; Views: {}; Functions: { ...; }; Enums: {}; CompositeTypes: {}; }, never, never, never>', gave the following error.
    Argument of type '"emergency_contacts"' is not assignable to parameter of type 'never'.
hooks/passport/useEmergencyContacts.ts(80,23): error TS2769: No overload matches this call.
  Overload 1 of 2, '(relation: "content" | "settings" | "notifications" | "pets" | "profiles" | "documents" | "users" | "roles" | "activity_logs" | "allergies" | "audit_logs" | "behavior_tags" | "breeds" | ... 25 more ... | "weight_entries"): PostgrestQueryBuilder<...>', gave the following error.
    Argument of type '"emergency_contacts"' is not assignable to parameter of type '"content" | "settings" | "notifications" | "pets" | "profiles" | "documents" | "users" | "roles" | "activity_logs" | "allergies" | "audit_logs" | "behavior_tags" | "breeds" | ... 25 more ... | "weight_entries"'.
  Overload 2 of 2, '(relation: never): PostgrestQueryBuilder<{ PostgrestVersion: "13.0.5"; }, { Tables: { activity_logs: { Row: { activity_data: Json; activity_type: string; created_at: string | null; id: string; pet_id: string | null; profile_id: string; }; Insert: { ...; }; Update: { ...; }; Relationships: [...]; }; ... 37 more ...; weight_entries: { ...; }; }; Views: {}; Functions: { ...; }; Enums: {}; CompositeTypes: {}; }, never, never, never>', gave the following error.
    Argument of type '"emergency_contacts"' is not assignable to parameter of type 'never'.
hooks/passport/useEmergencyContacts.ts(108,27): error TS2769: No overload matches this call.
  Overload 1 of 2, '(relation: "content" | "settings" | "notifications" | "pets" | "profiles" | "documents" | "users" | "roles" | "activity_logs" | "allergies" | "audit_logs" | "behavior_tags" | "breeds" | ... 25 more ... | "weight_entries"): PostgrestQueryBuilder<...>', gave the following error.
    Argument of type '"emergency_contacts"' is not assignable to parameter of type '"content" | "settings" | "notifications" | "pets" | "profiles" | "documents" | "users" | "roles" | "activity_logs" | "allergies" | "audit_logs" | "behavior_tags" | "breeds" | ... 25 more ... | "weight_entries"'.
  Overload 2 of 2, '(relation: never): PostgrestQueryBuilder<{ PostgrestVersion: "13.0.5"; }, { Tables: { activity_logs: { Row: { activity_data: Json; activity_type: string; created_at: string | null; id: string; pet_id: string | null; profile_id: string; }; Insert: { ...; }; Update: { ...; }; Relationships: [...]; }; ... 37 more ...; weight_entries: { ...; }; }; Views: {}; Functions: { ...; }; Enums: {}; CompositeTypes: {}; }, never, never, never>', gave the following error.
    Argument of type '"emergency_contacts"' is not assignable to parameter of type 'never'.
hooks/passport/useEmergencyContacts.ts(124,23): error TS2769: No overload matches this call.
  Overload 1 of 2, '(relation: "content" | "settings" | "notifications" | "pets" | "profiles" | "documents" | "users" | "roles" | "activity_logs" | "allergies" | "audit_logs" | "behavior_tags" | "breeds" | ... 25 more ... | "weight_entries"): PostgrestQueryBuilder<...>', gave the following error.
    Argument of type '"emergency_contacts"' is not assignable to parameter of type '"content" | "settings" | "notifications" | "pets" | "profiles" | "documents" | "users" | "roles" | "activity_logs" | "allergies" | "audit_logs" | "behavior_tags" | "breeds" | ... 25 more ... | "weight_entries"'.
  Overload 2 of 2, '(relation: never): PostgrestQueryBuilder<{ PostgrestVersion: "13.0.5"; }, { Tables: { activity_logs: { Row: { activity_data: Json; activity_type: string; created_at: string | null; id: string; pet_id: string | null; profile_id: string; }; Insert: { ...; }; Update: { ...; }; Relationships: [...]; }; ... 37 more ...; weight_entries: { ...; }; }; Views: {}; Functions: { ...; }; Enums: {}; CompositeTypes: {}; }, never, never, never>', gave the following error.
    Argument of type '"emergency_contacts"' is not assignable to parameter of type 'never'.
hooks/passport/useEmergencyContacts.ts(140,23): error TS2769: No overload matches this call.
  Overload 1 of 2, '(relation: "content" | "settings" | "notifications" | "pets" | "profiles" | "documents" | "users" | "roles" | "activity_logs" | "allergies" | "audit_logs" | "behavior_tags" | "breeds" | ... 25 more ... | "weight_entries"): PostgrestQueryBuilder<...>', gave the following error.
    Argument of type '"emergency_contacts"' is not assignable to parameter of type '"content" | "settings" | "notifications" | "pets" | "profiles" | "documents" | "users" | "roles" | "activity_logs" | "allergies" | "audit_logs" | "behavior_tags" | "breeds" | ... 25 more ... | "weight_entries"'.
  Overload 2 of 2, '(relation: never): PostgrestQueryBuilder<{ PostgrestVersion: "13.0.5"; }, { Tables: { activity_logs: { Row: { activity_data: Json; activity_type: string; created_at: string | null; id: string; pet_id: string | null; profile_id: string; }; Insert: { ...; }; Update: { ...; }; Relationships: [...]; }; ... 37 more ...; weight_entries: { ...; }; }; Views: {}; Functions: { ...; }; Enums: {}; CompositeTypes: {}; }, never, never, never>', gave the following error.
    Argument of type '"emergency_contacts"' is not assignable to parameter of type 'never'.
hooks/passport/useHealthScore.ts(35,23): error TS2769: No overload matches this call.
  Overload 1 of 2, '(relation: "content" | "settings" | "notifications" | "pets" | "profiles" | "documents" | "users" | "roles" | "activity_logs" | "allergies" | "audit_logs" | "behavior_tags" | "breeds" | ... 25 more ... | "weight_entries"): PostgrestQueryBuilder<...>', gave the following error.
    Argument of type '"health_scores"' is not assignable to parameter of type '"content" | "settings" | "notifications" | "pets" | "profiles" | "documents" | "users" | "roles" | "activity_logs" | "allergies" | "audit_logs" | "behavior_tags" | "breeds" | ... 25 more ... | "weight_entries"'.
  Overload 2 of 2, '(relation: never): PostgrestQueryBuilder<{ PostgrestVersion: "13.0.5"; }, { Tables: { activity_logs: { Row: { activity_data: Json; activity_type: string; created_at: string | null; id: string; pet_id: string | null; profile_id: string; }; Insert: { ...; }; Update: { ...; }; Relationships: [...]; }; ... 37 more ...; weight_entries: { ...; }; }; Views: {}; Functions: { ...; }; Enums: {}; CompositeTypes: {}; }, never, never, never>', gave the following error.
    Argument of type '"health_scores"' is not assignable to parameter of type 'never'.
hooks/passport/useHealthScore.ts(54,26): error TS2345: Argument of type '"calculate_health_score"' is not assignable to parameter of type '"get_public_pet_details" | "get_user_details" | "get_user_id_by_email" | "has_pet_access" | "request_co_ownership"'.
hooks/passport/useHealthScore.ts(58,46): error TS2339: Property 'length' does not exist on type 'string | number | true | { [key: string]: Json | undefined; } | Json[] | { email: string; first_name: string; id: string; last_name: string; }[]'.
  Property 'length' does not exist on type 'number'.
hooks/passport/useHealthScore.ts(63,31): error TS2769: No overload matches this call.
  Overload 1 of 2, '(relation: "content" | "settings" | "notifications" | "pets" | "profiles" | "documents" | "users" | "roles" | "activity_logs" | "allergies" | "audit_logs" | "behavior_tags" | "breeds" | ... 25 more ... | "weight_entries"): PostgrestQueryBuilder<...>', gave the following error.
    Argument of type '"health_scores"' is not assignable to parameter of type '"content" | "settings" | "notifications" | "pets" | "profiles" | "documents" | "users" | "roles" | "activity_logs" | "allergies" | "audit_logs" | "behavior_tags" | "breeds" | ... 25 more ... | "weight_entries"'.
  Overload 2 of 2, '(relation: never): PostgrestQueryBuilder<{ PostgrestVersion: "13.0.5"; }, { Tables: { activity_logs: { Row: { activity_data: Json; activity_type: string; created_at: string | null; id: string; pet_id: string | null; profile_id: string; }; Insert: { ...; }; Update: { ...; }; Relationships: [...]; }; ... 37 more ...; weight_entries: { ...; }; }; Views: {}; Functions: { ...; }; Enums: {}; CompositeTypes: {}; }, never, never, never>', gave the following error.
    Argument of type '"health_scores"' is not assignable to parameter of type 'never'.
hooks/passport/useHealthScore.ts(99,23): error TS2769: No overload matches this call.
  Overload 1 of 2, '(relation: "content" | "settings" | "notifications" | "pets" | "profiles" | "documents" | "users" | "roles" | "activity_logs" | "allergies" | "audit_logs" | "behavior_tags" | "breeds" | ... 25 more ... | "weight_entries"): PostgrestQueryBuilder<...>', gave the following error.
    Argument of type '"health_risks"' is not assignable to parameter of type '"content" | "settings" | "notifications" | "pets" | "profiles" | "documents" | "users" | "roles" | "activity_logs" | "allergies" | "audit_logs" | "behavior_tags" | "breeds" | ... 25 more ... | "weight_entries"'.
  Overload 2 of 2, '(relation: never): PostgrestQueryBuilder<{ PostgrestVersion: "13.0.5"; }, { Tables: { activity_logs: { Row: { activity_data: Json; activity_type: string; created_at: string | null; id: string; pet_id: string | null; profile_id: string; }; Insert: { ...; }; Update: { ...; }; Relationships: [...]; }; ... 37 more ...; weight_entries: { ...; }; }; Views: {}; Functions: { ...; }; Enums: {}; CompositeTypes: {}; }, never, never, never>', gave the following error.
    Argument of type '"health_risks"' is not assignable to parameter of type 'never'.
hooks/passport/useHealthScore.ts(107,23): error TS2769: No overload matches this call.
  Overload 1 of 2, '(relation: "content" | "settings" | "notifications" | "pets" | "profiles" | "documents" | "users" | "roles" | "activity_logs" | "allergies" | "audit_logs" | "behavior_tags" | "breeds" | ... 25 more ... | "weight_entries"): PostgrestQueryBuilder<...>', gave the following error.
    Argument of type '"health_recommendations"' is not assignable to parameter of type '"content" | "settings" | "notifications" | "pets" | "profiles" | "documents" | "users" | "roles" | "activity_logs" | "allergies" | "audit_logs" | "behavior_tags" | "breeds" | ... 25 more ... | "weight_entries"'.
  Overload 2 of 2, '(relation: never): PostgrestQueryBuilder<{ PostgrestVersion: "13.0.5"; }, { Tables: { activity_logs: { Row: { activity_data: Json; activity_type: string; created_at: string | null; id: string; pet_id: string | null; profile_id: string; }; Insert: { ...; }; Update: { ...; }; Relationships: [...]; }; ... 37 more ...; weight_entries: { ...; }; }; Views: {}; Functions: { ...; }; Enums: {}; CompositeTypes: {}; }, never, never, never>', gave the following error.
    Argument of type '"health_recommendations"' is not assignable to parameter of type 'never'.
hooks/passport/usePassport.ts(93,23): error TS2769: No overload matches this call.
  Overload 1 of 2, '(relation: "content" | "settings" | "notifications" | "pets" | "profiles" | "documents" | "users" | "roles" | "activity_logs" | "allergies" | "audit_logs" | "behavior_tags" | "breeds" | ... 25 more ... | "weight_entries"): PostgrestQueryBuilder<...>', gave the following error.
    Argument of type '"body_condition_scores"' is not assignable to parameter of type '"content" | "settings" | "notifications" | "pets" | "profiles" | "documents" | "users" | "roles" | "activity_logs" | "allergies" | "audit_logs" | "behavior_tags" | "breeds" | ... 25 more ... | "weight_entries"'.
  Overload 2 of 2, '(relation: never): PostgrestQueryBuilder<{ PostgrestVersion: "13.0.5"; }, { Tables: { activity_logs: { Row: { activity_data: Json; activity_type: string; created_at: string | null; id: string; pet_id: string | null; profile_id: string; }; Insert: { ...; }; Update: { ...; }; Relationships: [...]; }; ... 37 more ...; weight_entries: { ...; }; }; Views: {}; Functions: { ...; }; Enums: {}; CompositeTypes: {}; }, never, never, never>', gave the following error.
    Argument of type '"body_condition_scores"' is not assignable to parameter of type 'never'.
hooks/passport/usePassport.ts(113,23): error TS2769: No overload matches this call.
  Overload 1 of 2, '(relation: "content" | "settings" | "notifications" | "pets" | "profiles" | "documents" | "users" | "roles" | "activity_logs" | "allergies" | "audit_logs" | "behavior_tags" | "breeds" | ... 25 more ... | "weight_entries"): PostgrestQueryBuilder<...>', gave the following error.
    Argument of type '"health_scores"' is not assignable to parameter of type '"content" | "settings" | "notifications" | "pets" | "profiles" | "documents" | "users" | "roles" | "activity_logs" | "allergies" | "audit_logs" | "behavior_tags" | "breeds" | ... 25 more ... | "weight_entries"'.
  Overload 2 of 2, '(relation: never): PostgrestQueryBuilder<{ PostgrestVersion: "13.0.5"; }, { Tables: { activity_logs: { Row: { activity_data: Json; activity_type: string; created_at: string | null; id: string; pet_id: string | null; profile_id: string; }; Insert: { ...; }; Update: { ...; }; Relationships: [...]; }; ... 37 more ...; weight_entries: { ...; }; }; Views: {}; Functions: { ...; }; Enums: {}; CompositeTypes: {}; }, never, never, never>', gave the following error.
    Argument of type '"health_scores"' is not assignable to parameter of type 'never'.
hooks/passport/usePassport.ts(123,23): error TS2769: No overload matches this call.
  Overload 1 of 2, '(relation: "content" | "settings" | "notifications" | "pets" | "profiles" | "documents" | "users" | "roles" | "activity_logs" | "allergies" | "audit_logs" | "behavior_tags" | "breeds" | ... 25 more ... | "weight_entries"): PostgrestQueryBuilder<...>', gave the following error.
    Argument of type '"health_risks"' is not assignable to parameter of type '"content" | "settings" | "notifications" | "pets" | "profiles" | "documents" | "users" | "roles" | "activity_logs" | "allergies" | "audit_logs" | "behavior_tags" | "breeds" | ... 25 more ... | "weight_entries"'.
  Overload 2 of 2, '(relation: never): PostgrestQueryBuilder<{ PostgrestVersion: "13.0.5"; }, { Tables: { activity_logs: { Row: { activity_data: Json; activity_type: string; created_at: string | null; id: string; pet_id: string | null; profile_id: string; }; Insert: { ...; }; Update: { ...; }; Relationships: [...]; }; ... 37 more ...; weight_entries: { ...; }; }; Views: {}; Functions: { ...; }; Enums: {}; CompositeTypes: {}; }, never, never, never>', gave the following error.
    Argument of type '"health_risks"' is not assignable to parameter of type 'never'.
hooks/passport/usePassport.ts(133,23): error TS2769: No overload matches this call.
  Overload 1 of 2, '(relation: "content" | "settings" | "notifications" | "pets" | "profiles" | "documents" | "users" | "roles" | "activity_logs" | "allergies" | "audit_logs" | "behavior_tags" | "breeds" | ... 25 more ... | "weight_entries"): PostgrestQueryBuilder<...>', gave the following error.
    Argument of type '"health_recommendations"' is not assignable to parameter of type '"content" | "settings" | "notifications" | "pets" | "profiles" | "documents" | "users" | "roles" | "activity_logs" | "allergies" | "audit_logs" | "behavior_tags" | "breeds" | ... 25 more ... | "weight_entries"'.
  Overload 2 of 2, '(relation: never): PostgrestQueryBuilder<{ PostgrestVersion: "13.0.5"; }, { Tables: { activity_logs: { Row: { activity_data: Json; activity_type: string; created_at: string | null; id: string; pet_id: string | null; profile_id: string; }; Insert: { ...; }; Update: { ...; }; Relationships: [...]; }; ... 37 more ...; weight_entries: { ...; }; }; Views: {}; Functions: { ...; }; Enums: {}; CompositeTypes: {}; }, never, never, never>', gave the following error.
    Argument of type '"health_recommendations"' is not assignable to parameter of type 'never'.
hooks/passport/usePassport.ts(144,23): error TS2769: No overload matches this call.
  Overload 1 of 2, '(relation: "content" | "settings" | "notifications" | "pets" | "profiles" | "documents" | "users" | "roles" | "activity_logs" | "allergies" | "audit_logs" | "behavior_tags" | "breeds" | ... 25 more ... | "weight_entries"): PostgrestQueryBuilder<...>', gave the following error.
    Argument of type '"emergency_contacts"' is not assignable to parameter of type '"content" | "settings" | "notifications" | "pets" | "profiles" | "documents" | "users" | "roles" | "activity_logs" | "allergies" | "audit_logs" | "behavior_tags" | "breeds" | ... 25 more ... | "weight_entries"'.
  Overload 2 of 2, '(relation: never): PostgrestQueryBuilder<{ PostgrestVersion: "13.0.5"; }, { Tables: { activity_logs: { Row: { activity_data: Json; activity_type: string; created_at: string | null; id: string; pet_id: string | null; profile_id: string; }; Insert: { ...; }; Update: { ...; }; Relationships: [...]; }; ... 37 more ...; weight_entries: { ...; }; }; Views: {}; Functions: { ...; }; Enums: {}; CompositeTypes: {}; }, never, never, never>', gave the following error.
    Argument of type '"emergency_contacts"' is not assignable to parameter of type 'never'.
hooks/passport/usePassport.ts(153,23): error TS2769: No overload matches this call.
  Overload 1 of 2, '(relation: "content" | "settings" | "notifications" | "pets" | "profiles" | "documents" | "users" | "roles" | "activity_logs" | "allergies" | "audit_logs" | "behavior_tags" | "breeds" | ... 25 more ... | "weight_entries"): PostgrestQueryBuilder<...>', gave the following error.
    Argument of type '"medical_conditions"' is not assignable to parameter of type '"content" | "settings" | "notifications" | "pets" | "profiles" | "documents" | "users" | "roles" | "activity_logs" | "allergies" | "audit_logs" | "behavior_tags" | "breeds" | ... 25 more ... | "weight_entries"'.
  Overload 2 of 2, '(relation: never): PostgrestQueryBuilder<{ PostgrestVersion: "13.0.5"; }, { Tables: { activity_logs: { Row: { activity_data: Json; activity_type: string; created_at: string | null; id: string; pet_id: string | null; profile_id: string; }; Insert: { ...; }; Update: { ...; }; Relationships: [...]; }; ... 37 more ...; weight_entries: { ...; }; }; Views: {}; Functions: { ...; }; Enums: {}; CompositeTypes: {}; }, never, never, never>', gave the following error.
    Argument of type '"medical_conditions"' is not assignable to parameter of type 'never'.
hooks/passport/useSharePassport.ts(53,23): error TS2769: No overload matches this call.
  Overload 1 of 2, '(relation: "content" | "settings" | "notifications" | "pets" | "profiles" | "documents" | "users" | "roles" | "activity_logs" | "allergies" | "audit_logs" | "behavior_tags" | "breeds" | ... 25 more ... | "weight_entries"): PostgrestQueryBuilder<...>', gave the following error.
    Argument of type '"share_links"' is not assignable to parameter of type '"content" | "settings" | "notifications" | "pets" | "profiles" | "documents" | "users" | "roles" | "activity_logs" | "allergies" | "audit_logs" | "behavior_tags" | "breeds" | ... 25 more ... | "weight_entries"'.
  Overload 2 of 2, '(relation: never): PostgrestQueryBuilder<{ PostgrestVersion: "13.0.5"; }, { Tables: { activity_logs: { Row: { activity_data: Json; activity_type: string; created_at: string | null; id: string; pet_id: string | null; profile_id: string; }; Insert: { ...; }; Update: { ...; }; Relationships: [...]; }; ... 37 more ...; weight_entries: { ...; }; }; Views: {}; Functions: { ...; }; Enums: {}; CompositeTypes: {}; }, never, never, never>', gave the following error.
    Argument of type '"share_links"' is not assignable to parameter of type 'never'.
hooks/passport/useSharePassport.ts(60,28): error TS2345: Argument of type '({ address: string | null; bio: string | null; country_code: string | null; created_at: string | null; date_of_birth: string | null; first_name: string | null; gender: string | null; ... 11 more ...; website: string | null; } | ... 37 more ... | { ...; })[]' is not assignable to parameter of type 'SetStateAction<ShareLink[]>'.
  Type '({ address: string | null; bio: string | null; country_code: string | null; created_at: string | null; date_of_birth: string | null; first_name: string | null; gender: string | null; ... 11 more ...; website: string | null; } | ... 37 more ... | { ...; })[]' is not assignable to type 'ShareLink[]'.
    Type '{ address: string | null; bio: string | null; country_code: string | null; created_at: string | null; date_of_birth: string | null; first_name: string | null; gender: string | null; ... 11 more ...; website: string | null; } | ... 37 more ... | { ...; }' is not assignable to type 'ShareLink'.
      Type '{ address: string | null; bio: string | null; country_code: string | null; created_at: string | null; date_of_birth: string | null; first_name: string | null; gender: string | null; ... 11 more ...; website: string | null; }' is missing the following properties from type 'ShareLink': token, permissions, active, expires_at, accessed_count
hooks/passport/useSharePassport.ts(78,23): error TS2769: No overload matches this call.
  Overload 1 of 2, '(relation: "content" | "settings" | "notifications" | "pets" | "profiles" | "documents" | "users" | "roles" | "activity_logs" | "allergies" | "audit_logs" | "behavior_tags" | "breeds" | ... 25 more ... | "weight_entries"): PostgrestQueryBuilder<...>', gave the following error.
    Argument of type '"share_links"' is not assignable to parameter of type '"content" | "settings" | "notifications" | "pets" | "profiles" | "documents" | "users" | "roles" | "activity_logs" | "allergies" | "audit_logs" | "behavior_tags" | "breeds" | ... 25 more ... | "weight_entries"'.
  Overload 2 of 2, '(relation: never): PostgrestQueryBuilder<{ PostgrestVersion: "13.0.5"; }, { Tables: { activity_logs: { Row: { activity_data: Json; activity_type: string; created_at: string | null; id: string; pet_id: string | null; profile_id: string; }; Insert: { ...; }; Update: { ...; }; Relationships: [...]; }; ... 37 more ...; weight_entries: { ...; }; }; Views: {}; Functions: { ...; }; Enums: {}; CompositeTypes: {}; }, never, never, never>', gave the following error.
    Argument of type '"share_links"' is not assignable to parameter of type 'never'.
hooks/passport/useSharePassport.ts(119,23): error TS2769: No overload matches this call.
  Overload 1 of 2, '(relation: "content" | "settings" | "notifications" | "pets" | "profiles" | "documents" | "users" | "roles" | "activity_logs" | "allergies" | "audit_logs" | "behavior_tags" | "breeds" | ... 25 more ... | "weight_entries"): PostgrestQueryBuilder<...>', gave the following error.
    Argument of type '"share_links"' is not assignable to parameter of type '"content" | "settings" | "notifications" | "pets" | "profiles" | "documents" | "users" | "roles" | "activity_logs" | "allergies" | "audit_logs" | "behavior_tags" | "breeds" | ... 25 more ... | "weight_entries"'.
  Overload 2 of 2, '(relation: never): PostgrestQueryBuilder<{ PostgrestVersion: "13.0.5"; }, { Tables: { activity_logs: { Row: { activity_data: Json; activity_type: string; created_at: string | null; id: string; pet_id: string | null; profile_id: string; }; Insert: { ...; }; Update: { ...; }; Relationships: [...]; }; ... 37 more ...; weight_entries: { ...; }; }; Views: {}; Functions: { ...; }; Enums: {}; CompositeTypes: {}; }, never, never, never>', gave the following error.
    Argument of type '"share_links"' is not assignable to parameter of type 'never'.
hooks/passport/useSharePassport.ts(120,27): error TS2353: Object literal may only specify known properties, and 'active' does not exist in type '{ activity_data?: Json | undefined; activity_type?: string | undefined; created_at?: string | null | undefined; id?: string | undefined; pet_id?: string | null | undefined; profile_id?: string | undefined; } | ... 37 more ... | { ...; }'.
hooks/passport/useTreatments.ts(34,19): error TS2322: Type '{ id: string; treatmentName: string; category: string; startDate: Date; endDate: Date | undefined; dosage: string; frequency: string; timeOfDay: string | null; vet: string | null; ... 8 more ...; notes: string | null; }[]' is not assignable to type 'Treatment[]'.
  Type '{ id: string; treatmentName: string; category: string; startDate: Date; endDate: Date | undefined; dosage: string; frequency: string; timeOfDay: string | null; vet: string | null; ... 8 more ...; notes: string | null; }' is not assignable to type 'Treatment'.
    Types of property 'category' are incompatible.
      Type 'string' is not assignable to type 'TreatmentCategory'.
hooks/passport/useTreatments.ts(44,33): error TS2339: Property 'prescribed_by' does not exist on type '{ category: string; cost: number | null; created_at: string | null; currency: string | null; dosage: string | null; dosage_unit: string | null; dosage_value: number | null; end_date: string | null; ... 11 more ...; vet: string | null; }'.
hooks/passport/useTreatments.ts(45,39): error TS2339: Property 'prescription_number' does not exist on type '{ category: string; cost: number | null; created_at: string | null; currency: string | null; dosage: string | null; dosage_unit: string | null; dosage_value: number | null; end_date: string | null; ... 11 more ...; vet: string | null; }'.
hooks/passport/useTreatments.ts(46,29): error TS2339: Property 'pharmacy' does not exist on type '{ category: string; cost: number | null; created_at: string | null; currency: string | null; dosage: string | null; dosage_unit: string | null; dosage_value: number | null; end_date: string | null; ... 11 more ...; vet: string | null; }'.
hooks/passport/useTreatments.ts(47,37): error TS2339: Property 'refills_remaining' does not exist on type '{ category: string; cost: number | null; created_at: string | null; currency: string | null; dosage: string | null; dosage_unit: string | null; dosage_value: number | null; end_date: string | null; ... 11 more ...; vet: string | null; }'.
hooks/passport/useTreatments.ts(49,29): error TS2339: Property 'with_food' does not exist on type '{ category: string; cost: number | null; created_at: string | null; currency: string | null; dosage: string | null; dosage_unit: string | null; dosage_value: number | null; end_date: string | null; ... 11 more ...; vet: string | null; }'.
hooks/passport/useTreatments.ts(50,32): error TS2339: Property 'side_effects' does not exist on type '{ category: string; cost: number | null; created_at: string | null; currency: string | null; dosage: string | null; dosage_unit: string | null; dosage_value: number | null; end_date: string | null; ... 11 more ...; vet: string | null; }'.
hooks/passport/useTreatments.ts(51,40): error TS2339: Property 'special_instructions' does not exist on type '{ category: string; cost: number | null; created_at: string | null; currency: string | null; dosage: string | null; dosage_unit: string | null; dosage_value: number | null; end_date: string | null; ... 11 more ...; vet: string | null; }'.
hooks/passport/useTreatments.ts(84,38): error TS2339: Property 'prescriptionNumber' does not exist on type 'TreatmentFormData'.
hooks/passport/useVaccinations.ts(64,19): error TS2322: Type '{ id: string; vaccineName: string; category: string; dateGiven: Date; nextDueDate: Date | undefined; doseNumber: number | null; administeringVet: string | null; clinic: any; ... 7 more ...; status: { ...; }; }[]' is not assignable to type 'Vaccination[]'.
  Type '{ id: string; vaccineName: string; category: string; dateGiven: Date; nextDueDate: Date | undefined; doseNumber: number | null; administeringVet: string | null; clinic: any; ... 7 more ...; status: { ...; }; }' is not assignable to type 'Vaccination'.
    Types of property 'category' are incompatible.
      Type 'string' is not assignable to type 'VaccineCategory'.
hooks/passport/useVaccinations.ts(91,33): error TS2339: Property 'clinic' does not exist on type '{ administered_by: string | null; administered_time: string | null; administering_vet: string | null; batch_number: string | null; category: string; certificate_document_id: string | null; ... 28 more ...; vaccine_name: string; }'.
hooks/passport/useVaccinations.ts(93,36): error TS2339: Property 'lot_number' does not exist on type '{ administered_by: string | null; administered_time: string | null; administering_vet: string | null; batch_number: string | null; category: string; certificate_document_id: string | null; ... 28 more ...; vaccine_name: string; }'.
hooks/passport/useVaccinations.ts(95,40): error TS2339: Property 'injection_site' does not exist on type '{ administered_by: string | null; administered_time: string | null; administering_vet: string | null; batch_number: string | null; category: string; certificate_document_id: string | null; ... 28 more ...; vaccine_name: string; }'.
hooks/passport/useVaccinations.ts(96,44): error TS2339: Property 'certificate_number' does not exist on type '{ administered_by: string | null; administered_time: string | null; administering_vet: string | null; batch_number: string | null; category: string; certificate_document_id: string | null; ... 28 more ...; vaccine_name: string; }'.
hooks/passport/useVaccinations.ts(97,44): error TS2339: Property 'required_for_travel' does not exist on type '{ administered_by: string | null; administered_time: string | null; administering_vet: string | null; batch_number: string | null; category: string; certificate_document_id: string | null; ... 28 more ...; vaccine_name: string; }'.
hooks/passport/useVaccinations.ts(156,13): error TS2322: Type 'boolean | undefined' is not assignable to type 'boolean'.
  Type 'undefined' is not assignable to type 'boolean'.
hooks/passport/useVaccinations.ts(170,18): error TS2769: No overload matches this call.
  Overload 1 of 2, '(values: { administered_by?: string | null | undefined; administered_time?: string | null | undefined; administering_vet?: string | null | undefined; batch_number?: string | null | undefined; ... 30 more ...; vaccine_name: string; }, options?: { ...; } | undefined): PostgrestFilterBuilder<...>', gave the following error.
    Object literal may only specify known properties, and 'clinic' does not exist in type '{ administered_by?: string | null | undefined; administered_time?: string | null | undefined; administering_vet?: string | null | undefined; batch_number?: string | null | undefined; ... 30 more ...; vaccine_name: string; }'.
  Overload 2 of 2, '(values: { administered_by?: string | null | undefined; administered_time?: string | null | undefined; administering_vet?: string | null | undefined; batch_number?: string | null | undefined; ... 30 more ...; vaccine_name: string; }[], options?: { ...; } | undefined): PostgrestFilterBuilder<...>', gave the following error.
    Object literal may only specify known properties, and 'pet_id' does not exist in type '{ administered_by?: string | null | undefined; administered_time?: string | null | undefined; administering_vet?: string | null | undefined; batch_number?: string | null | undefined; ... 30 more ...; vaccine_name: string; }[]'.
hooks/passport/useWeightHistory.ts(15,23): error TS2769: No overload matches this call.
  Overload 1 of 2, '(relation: "content" | "settings" | "notifications" | "pets" | "profiles" | "documents" | "users" | "roles" | "activity_logs" | "allergies" | "audit_logs" | "behavior_tags" | "breeds" | ... 25 more ... | "weight_entries"): PostgrestQueryBuilder<...>', gave the following error.
    Argument of type '"weight_history"' is not assignable to parameter of type '"content" | "settings" | "notifications" | "pets" | "profiles" | "documents" | "users" | "roles" | "activity_logs" | "allergies" | "audit_logs" | "behavior_tags" | "breeds" | ... 25 more ... | "weight_entries"'.
  Overload 2 of 2, '(relation: never): PostgrestQueryBuilder<{ PostgrestVersion: "13.0.5"; }, { Tables: { activity_logs: { Row: { activity_data: Json; activity_type: string; created_at: string | null; id: string; pet_id: string | null; profile_id: string; }; Insert: { ...; }; Update: { ...; }; Relationships: [...]; }; ... 37 more ...; weight_entries: { ...; }; }; Views: {}; Functions: { ...; }; Enums: {}; CompositeTypes: {}; }, never, never, never>', gave the following error.
    Argument of type '"weight_history"' is not assignable to parameter of type 'never'.
hooks/passport/useWeightHistory.ts(22,19): error TS2322: Type '{ id: string | number; petId: any; weight: number; unit: any; date: any; notes: any; createdAt: any; }[]' is not assignable to type 'WeightRecord[]'.
  Type '{ id: string | number; petId: any; weight: number; unit: any; date: any; notes: any; createdAt: any; }' is not assignable to type 'WeightRecord'.
    Types of property 'id' are incompatible.
      Type 'string | number' is not assignable to type 'string'.
        Type 'number' is not assignable to type 'string'.
hooks/passport/useWeightHistory.ts(24,29): error TS2339: Property 'pet_id' does not exist on type '{ address: string | null; bio: string | null; country_code: string | null; created_at: string | null; date_of_birth: string | null; first_name: string | null; gender: string | null; ... 11 more ...; website: string | null; } | ... 37 more ... | { ...; }'.
  Property 'pet_id' does not exist on type '{ address: string | null; bio: string | null; country_code: string | null; created_at: string | null; date_of_birth: string | null; first_name: string | null; gender: string | null; ... 11 more ...; website: string | null; }'.
hooks/passport/useWeightHistory.ts(25,37): error TS2339: Property 'weight' does not exist on type '{ address: string | null; bio: string | null; country_code: string | null; created_at: string | null; date_of_birth: string | null; first_name: string | null; gender: string | null; ... 11 more ...; website: string | null; } | ... 37 more ... | { ...; }'.
  Property 'weight' does not exist on type '{ address: string | null; bio: string | null; country_code: string | null; created_at: string | null; date_of_birth: string | null; first_name: string | null; gender: string | null; ... 11 more ...; website: string | null; }'.
hooks/passport/useWeightHistory.ts(26,28): error TS2339: Property 'unit' does not exist on type '{ address: string | null; bio: string | null; country_code: string | null; created_at: string | null; date_of_birth: string | null; first_name: string | null; gender: string | null; ... 11 more ...; website: string | null; } | ... 37 more ... | { ...; }'.
  Property 'unit' does not exist on type '{ address: string | null; bio: string | null; country_code: string | null; created_at: string | null; date_of_birth: string | null; first_name: string | null; gender: string | null; ... 11 more ...; website: string | null; }'.
hooks/passport/useWeightHistory.ts(27,28): error TS2339: Property 'date' does not exist on type '{ address: string | null; bio: string | null; country_code: string | null; created_at: string | null; date_of_birth: string | null; first_name: string | null; gender: string | null; ... 11 more ...; website: string | null; } | ... 37 more ... | { ...; }'.
  Property 'date' does not exist on type '{ address: string | null; bio: string | null; country_code: string | null; created_at: string | null; date_of_birth: string | null; first_name: string | null; gender: string | null; ... 11 more ...; website: string | null; }'.
hooks/passport/useWeightHistory.ts(28,29): error TS2339: Property 'notes' does not exist on type '{ address: string | null; bio: string | null; country_code: string | null; created_at: string | null; date_of_birth: string | null; first_name: string | null; gender: string | null; ... 11 more ...; website: string | null; } | ... 37 more ... | { ...; }'.
  Property 'notes' does not exist on type '{ address: string | null; bio: string | null; country_code: string | null; created_at: string | null; date_of_birth: string | null; first_name: string | null; gender: string | null; ... 11 more ...; website: string | null; }'.
hooks/passport/useWeightHistory.ts(29,33): error TS2339: Property 'created_at' does not exist on type '{ address: string | null; bio: string | null; country_code: string | null; created_at: string | null; date_of_birth: string | null; first_name: string | null; gender: string | null; ... 11 more ...; website: string | null; } | ... 37 more ... | { ...; }'.
  Property 'created_at' does not exist on type '{ id: string; name: string; species: string; }'.
hooks/passport/useWeightHistory.ts(50,23): error TS2769: No overload matches this call.
  Overload 1 of 2, '(relation: "content" | "settings" | "notifications" | "pets" | "profiles" | "documents" | "users" | "roles" | "activity_logs" | "allergies" | "audit_logs" | "behavior_tags" | "breeds" | ... 25 more ... | "weight_entries"): PostgrestQueryBuilder<...>', gave the following error.
    Argument of type '"weight_history"' is not assignable to parameter of type '"content" | "settings" | "notifications" | "pets" | "profiles" | "documents" | "users" | "roles" | "activity_logs" | "allergies" | "audit_logs" | "behavior_tags" | "breeds" | ... 25 more ... | "weight_entries"'.
  Overload 2 of 2, '(relation: never): PostgrestQueryBuilder<{ PostgrestVersion: "13.0.5"; }, { Tables: { activity_logs: { Row: { activity_data: Json; activity_type: string; created_at: string | null; id: string; pet_id: string | null; profile_id: string; }; Insert: { ...; }; Update: { ...; }; Relationships: [...]; }; ... 37 more ...; weight_entries: { ...; }; }; Views: {}; Functions: { ...; }; Enums: {}; CompositeTypes: {}; }, never, never, never>', gave the following error.
    Argument of type '"weight_history"' is not assignable to parameter of type 'never'.
hooks/passport/useWeightHistory.ts(82,23): error TS2769: No overload matches this call.
  Overload 1 of 2, '(relation: "content" | "settings" | "notifications" | "pets" | "profiles" | "documents" | "users" | "roles" | "activity_logs" | "allergies" | "audit_logs" | "behavior_tags" | "breeds" | ... 25 more ... | "weight_entries"): PostgrestQueryBuilder<...>', gave the following error.
    Argument of type '"weight_history"' is not assignable to parameter of type '"content" | "settings" | "notifications" | "pets" | "profiles" | "documents" | "users" | "roles" | "activity_logs" | "allergies" | "audit_logs" | "behavior_tags" | "breeds" | ... 25 more ... | "weight_entries"'.
  Overload 2 of 2, '(relation: never): PostgrestQueryBuilder<{ PostgrestVersion: "13.0.5"; }, { Tables: { activity_logs: { Row: { activity_data: Json; activity_type: string; created_at: string | null; id: string; pet_id: string | null; profile_id: string; }; Insert: { ...; }; Update: { ...; }; Relationships: [...]; }; ... 37 more ...; weight_entries: { ...; }; }; Views: {}; Functions: { ...; }; Enums: {}; CompositeTypes: {}; }, never, never, never>', gave the following error.
    Argument of type '"weight_history"' is not assignable to parameter of type 'never'.
hooks/useActivityFeed.ts(67,37): error TS2339: Property 'pets' does not exist on type 'SelectQueryError<"column 'action_type' does not exist on 'activity_logs'.">'.
hooks/useActivityFeed.ts(68,41): error TS2339: Property 'details' does not exist on type 'SelectQueryError<"column 'action_type' does not exist on 'activity_logs'.">'.
hooks/useActivityFeed.ts(71,33): error TS2339: Property 'id' does not exist on type 'SelectQueryError<"column 'action_type' does not exist on 'activity_logs'.">'.
hooks/useActivityFeed.ts(72,51): error TS2339: Property 'action_type' does not exist on type 'SelectQueryError<"column 'action_type' does not exist on 'activity_logs'.">'.
hooks/useActivityFeed.ts(73,36): error TS2339: Property 'pet_id' does not exist on type 'SelectQueryError<"column 'action_type' does not exist on 'activity_logs'.">'.
hooks/useActivityFeed.ts(76,53): error TS2339: Property 'action_type' does not exist on type 'SelectQueryError<"column 'action_type' does not exist on 'activity_logs'.">'.
hooks/useActivityFeed.ts(77,65): error TS2339: Property 'action_type' does not exist on type 'SelectQueryError<"column 'action_type' does not exist on 'activity_logs'.">'.
hooks/useActivityFeed.ts(78,40): error TS2339: Property 'created_at' does not exist on type 'SelectQueryError<"column 'action_type' does not exist on 'activity_logs'.">'.
hooks/useActivityFeed.ts(80,51): error TS2339: Property 'action_type' does not exist on type 'SelectQueryError<"column 'action_type' does not exist on 'activity_logs'.">'.
hooks/useAllergies.ts(69,84): error TS2339: Property 'name' does not exist on type 'Partial<Allergy>'.
hooks/useAllergies.ts(72,79): error TS2339: Property 'reaction' does not exist on type 'Partial<Allergy>'.
hooks/useAllergies.ts(118,84): error TS2339: Property 'name' does not exist on type 'Partial<Allergy>'.
hooks/useAllergies.ts(121,79): error TS2339: Property 'reaction' does not exist on type 'Partial<Allergy>'.
hooks/useCoOwners.ts(60,17): error TS2322: Type 'string | undefined' is not assignable to type 'JsonType'.
  Type 'undefined' is not assignable to type 'JsonType'.
hooks/useDashboardData.ts(19,56): error TS2554: Expected 1 arguments, but got 0.
hooks/useForm.ts(26,5): error TS2322: Type 'UseFormReturn<T, any, TFieldValues>' is not assignable to type 'UseFormReturn<T>'.
  Types of property 'handleSubmit' are incompatible.
    Type 'UseFormHandleSubmit<T, TFieldValues>' is not assignable to type 'UseFormHandleSubmit<T, T>'.
      Types of parameters 'onValid' and 'onValid' are incompatible.
        Types of parameters 'data' and 'data' are incompatible.
          Type 'TFieldValues' is not assignable to type 'T'.
            'TFieldValues' is assignable to the constraint of type 'T', but 'T' could be instantiated with a different subtype of constraint 'FieldValues'.
hooks/useForm.ts(28,9): error TS2322: Type 'Resolver<FieldValues, any, T>' is not assignable to type 'Resolver<T, any, T>'.
  Types of parameters 'options' and 'options' are incompatible.
    Type 'ResolverOptions<T>' is not assignable to type 'ResolverOptions<FieldValues>'.
      Type 'FieldValues' is not assignable to type 'T'.
        'FieldValues' is assignable to the constraint of type 'T', but 'T' could be instantiated with a different subtype of constraint 'FieldValues'.
hooks/useForm.ts(28,31): error TS2769: No overload matches this call.
  Overload 1 of 4, '(schema: Zod3Type<T, FieldValues>, schemaOptions?: ParseParams | undefined, resolverOptions?: NonRawResolverOptions | undefined): Resolver<...>', gave the following error.
    Argument of type 'ZodType<T, unknown, $ZodTypeInternals<T, unknown>>' is not assignable to parameter of type 'Zod3Type<T, FieldValues>'.
      Types of property '_input' are incompatible.
        Type 'unknown' is not assignable to type 'FieldValues'.
  Overload 2 of 4, '(schema: $ZodType<unknown, FieldValues, $ZodTypeInternals<unknown, FieldValues>>, schemaOptions?: ParseContext<$ZodIssue> | undefined, resolverOptions?: NonRawResolverOptions | undefined): Resolver<...>', gave the following error.
    Argument of type 'ZodType<T, unknown, $ZodTypeInternals<T, unknown>>' is not assignable to parameter of type '$ZodType<unknown, FieldValues, $ZodTypeInternals<unknown, FieldValues>>'.
      Types of property '_zod' are incompatible.
        Type '$ZodTypeInternals<T, unknown>' is not assignable to type '$ZodTypeInternals<unknown, FieldValues>'.
          Type 'unknown' is not assignable to type 'FieldValues'.
hooks/useHealthDashboard.ts(31,23): error TS2769: No overload matches this call.
  Overload 1 of 2, '(relation: "content" | "settings" | "notifications" | "pets" | "profiles" | "documents" | "users" | "roles" | "activity_logs" | "allergies" | "audit_logs" | "behavior_tags" | "breeds" | ... 25 more ... | "weight_entries"): PostgrestQueryBuilder<...>', gave the following error.
    Argument of type '"view_vaccination_status"' is not assignable to parameter of type '"content" | "settings" | "notifications" | "pets" | "profiles" | "documents" | "users" | "roles" | "activity_logs" | "allergies" | "audit_logs" | "behavior_tags" | "breeds" | ... 25 more ... | "weight_entries"'.
  Overload 2 of 2, '(relation: never): PostgrestQueryBuilder<{ PostgrestVersion: "13.0.5"; }, { Tables: { activity_logs: { Row: { activity_data: Json; activity_type: string; created_at: string | null; id: string; pet_id: string | null; profile_id: string; }; Insert: { ...; }; Update: { ...; }; Relationships: [...]; }; ... 37 more ...; weight_entries: { ...; }; }; Views: {}; Functions: { ...; }; Enums: {}; CompositeTypes: {}; }, never, never, never>', gave the following error.
    Argument of type '"view_vaccination_status"' is not assignable to parameter of type 'never'.
hooks/useHealthDashboard.ts(35,23): error TS2769: No overload matches this call.
  Overload 1 of 2, '(relation: "content" | "settings" | "notifications" | "pets" | "profiles" | "documents" | "users" | "roles" | "activity_logs" | "allergies" | "audit_logs" | "behavior_tags" | "breeds" | ... 25 more ... | "weight_entries"): PostgrestQueryBuilder<...>', gave the following error.
    Argument of type '"view_medication_tracker"' is not assignable to parameter of type '"content" | "settings" | "notifications" | "pets" | "profiles" | "documents" | "users" | "roles" | "activity_logs" | "allergies" | "audit_logs" | "behavior_tags" | "breeds" | ... 25 more ... | "weight_entries"'.
  Overload 2 of 2, '(relation: never): PostgrestQueryBuilder<{ PostgrestVersion: "13.0.5"; }, { Tables: { activity_logs: { Row: { activity_data: Json; activity_type: string; created_at: string | null; id: string; pet_id: string | null; profile_id: string; }; Insert: { ...; }; Update: { ...; }; Relationships: [...]; }; ... 37 more ...; weight_entries: { ...; }; }; Views: {}; Functions: { ...; }; Enums: {}; CompositeTypes: {}; }, never, never, never>', gave the following error.
    Argument of type '"view_medication_tracker"' is not assignable to parameter of type 'never'.
hooks/useHealthDashboard.ts(48,35): error TS2352: Conversion of type '({ address: string | null; bio: string | null; country_code: string | null; created_at: string | null; date_of_birth: string | null; first_name: string | null; gender: string | null; ... 11 more ...; website: string | null; } | ... 37 more ... | { ...; })[]' to type 'VaccinationStatusView[]' may be a mistake because neither type sufficiently overlaps with the other. If this was intentional, convert the expression to 'unknown' first.
  Type '{ address: string | null; bio: string | null; country_code: string | null; created_at: string | null; date_of_birth: string | null; first_name: string | null; gender: string | null; ... 11 more ...; website: string | null; } | ... 37 more ... | { ...; }' is not comparable to type 'VaccinationStatusView'.
    Type '{ address: string | null; city: string | null; clinic_name: string; country: string | null; created_at: string | null; email: string | null; id: string; is_primary: boolean | null; ... 9 more ...; zip_code: string | null; }' is missing the following properties from type 'VaccinationStatusView': vaccine_name, date_given, next_due_date, status_code, and 2 more.
hooks/useHealthDashboard.ts(49,34): error TS2352: Conversion of type '({ address: string | null; bio: string | null; country_code: string | null; created_at: string | null; date_of_birth: string | null; first_name: string | null; gender: string | null; ... 11 more ...; website: string | null; } | ... 37 more ... | { ...; })[]' to type 'MedicationTrackerView[]' may be a mistake because neither type sufficiently overlaps with the other. If this was intentional, convert the expression to 'unknown' first.
  Type '{ address: string | null; bio: string | null; country_code: string | null; created_at: string | null; date_of_birth: string | null; first_name: string | null; gender: string | null; ... 11 more ...; website: string | null; } | ... 37 more ... | { ...; }' is not comparable to type 'MedicationTrackerView'.
    Type '{ address: string | null; city: string | null; clinic_name: string; country: string | null; created_at: string | null; email: string | null; id: string; is_primary: boolean | null; ... 9 more ...; zip_code: string | null; }' is missing the following properties from type 'MedicationTrackerView': medication_name, frequency, start_date, end_date, and 3 more.
hooks/useHealthMetrics.ts(46,60): error TS2554: Expected 1 arguments, but got 0.
hooks/useHealthMetrics.ts(47,56): error TS2554: Expected 1 arguments, but got 0.
hooks/useHealthMetrics.ts(48,48): error TS2554: Expected 1 arguments, but got 0.
hooks/useHealthMetrics.ts(49,13): error TS2339: Property 'entries' does not exist on type '{ weightEntries: { created_at: string | null; date: string; id: string; notes: string | null; pet_id: string; weight: number; }[]; loading: boolean; addWeightEntry: (weightData: Omit<{ created_at?: string | null | undefined; ... 4 more ...; weight: number; }, "id" | ... 1 more ... | "created_at">) => Promise<...>; u...'.
hooks/useHealthMetrics.ts(49,64): error TS2554: Expected 1 arguments, but got 0.
hooks/useHealthMetrics.ts(151,24): error TS2551: Property 'visit_date' does not exist on type '{ attachments: Json; business_email: string | null; business_lat: number | null; business_lng: number | null; business_name: string | null; business_phone: string | null; ... 31 more ...; visit_time: string | null; }'. Did you mean 'visit_time'?
hooks/useHealthMetrics.ts(151,59): error TS2551: Property 'visit_date' does not exist on type '{ attachments: Json; business_email: string | null; business_lat: number | null; business_lng: number | null; business_name: string | null; business_phone: string | null; ... 31 more ...; visit_time: string | null; }'. Did you mean 'visit_time'?
hooks/useHealthMetrics.ts(156,50): error TS2551: Property 'visit_date' does not exist on type '{ attachments: Json; business_email: string | null; business_lat: number | null; business_lng: number | null; business_name: string | null; business_phone: string | null; ... 31 more ...; visit_time: string | null; }'. Did you mean 'visit_time'?
hooks/useInsights.ts(27,30): error TS2554: Expected 1 arguments, but got 0.
hooks/useInsights.ts(28,28): error TS2554: Expected 1 arguments, but got 0.
hooks/useMedicalVisits.ts(41,7): error TS2304: Cannot find name 'posthog'.
hooks/useMedicalVisits.ts(64,7): error TS2304: Cannot find name 'posthog'.
hooks/useMedications.ts(44,28): error TS2345: Argument of type '{ administration_instructions: string | null; administration_times: Json; attachments: string[] | null; auto_refill: boolean | null; best_time_to_give: Json; condition_being_treated: string | null; ... 40 more ...; updated_at: string | null; }[]' is not assignable to parameter of type 'SetStateAction<Medication[]>'.
  Type '{ administration_instructions: string | null; administration_times: Json; attachments: string[] | null; auto_refill: boolean | null; best_time_to_give: Json; condition_being_treated: string | null; ... 40 more ...; updated_at: string | null; }[]' is not assignable to type 'Medication[]'.
    Property 'medication_name' is missing in type '{ administration_instructions: string | null; administration_times: Json; attachments: string[] | null; auto_refill: boolean | null; best_time_to_give: Json; condition_being_treated: string | null; ... 40 more ...; updated_at: string | null; }' but required in type 'Medication'.
hooks/useMedications.ts(56,25): error TS2769: No overload matches this call.
  Overload 1 of 2, '(values: { administration_instructions?: string | null | undefined; administration_times?: Json | undefined; attachments?: string[] | null | undefined; auto_refill?: boolean | null | undefined; ... 42 more ...; updated_at?: string | ... 1 more ... | undefined; }, options?: { ...; } | undefined): PostgrestFilterBuilder<...>', gave the following error.
    Argument of type 'Omit<Medication, "id" | "created_at">' is not assignable to parameter of type '{ administration_instructions?: string | null | undefined; administration_times?: Json | undefined; attachments?: string[] | null | undefined; auto_refill?: boolean | null | undefined; ... 42 more ...; updated_at?: string | ... 1 more ... | undefined; }'.
      Property 'name' is missing in type 'Omit<Medication, "id" | "created_at">' but required in type '{ administration_instructions?: string | null | undefined; administration_times?: Json | undefined; attachments?: string[] | null | undefined; auto_refill?: boolean | null | undefined; ... 42 more ...; updated_at?: string | ... 1 more ... | undefined; }'.
  Overload 2 of 2, '(values: { administration_instructions?: string | null | undefined; administration_times?: Json | undefined; attachments?: string[] | null | undefined; auto_refill?: boolean | null | undefined; ... 42 more ...; updated_at?: string | ... 1 more ... | undefined; }[], options?: { ...; } | undefined): PostgrestFilterBuilder<...>', gave the following error.
    Argument of type 'Omit<Medication, "id" | "created_at">' is not assignable to parameter of type '{ administration_instructions?: string | null | undefined; administration_times?: Json | undefined; attachments?: string[] | null | undefined; auto_refill?: boolean | null | undefined; ... 42 more ...; updated_at?: string | ... 1 more ... | undefined; }[]'.
      Type 'Omit<Medication, "id" | "created_at">' is missing the following properties from type '{ administration_instructions?: string | null | undefined; administration_times?: Json | undefined; attachments?: string[] | null | undefined; auto_refill?: boolean | null | undefined; ... 42 more ...; updated_at?: string | ... 1 more ... | undefined; }[]': length, pop, push, concat, and 35 more.
hooks/useMedications.ts(62,13): error TS2304: Cannot find name 'posthog'.
hooks/useMedications.ts(67,29): error TS2741: Property 'medication_name' is missing in type '{ administration_instructions: string | null; administration_times: Json; attachments: string[] | null; auto_refill: boolean | null; best_time_to_give: Json; condition_being_treated: string | null; ... 40 more ...; updated_at: string | null; }' but required in type 'Medication'.
hooks/useMedications.ts(85,13): error TS2304: Cannot find name 'posthog'.
hooks/useMedications.ts(90,28): error TS2345: Argument of type '({ administration_instructions: string | null; administration_times: Json; attachments: string[] | null; auto_refill: boolean | null; best_time_to_give: Json; condition_being_treated: string | null; ... 40 more ...; updated_at: string | null; } | Medication)[]' is not assignable to parameter of type 'SetStateAction<Medication[]>'.
  Type '({ administration_instructions: string | null; administration_times: Json; attachments: string[] | null; auto_refill: boolean | null; best_time_to_give: Json; condition_being_treated: string | null; ... 40 more ...; updated_at: string | null; } | Medication)[]' is not assignable to type 'Medication[]'.
    Type '{ administration_instructions: string | null; administration_times: Json; attachments: string[] | null; auto_refill: boolean | null; best_time_to_give: Json; condition_being_treated: string | null; ... 40 more ...; updated_at: string | null; } | Medication' is not assignable to type 'Medication'.
      Property 'medication_name' is missing in type '{ administration_instructions: string | null; administration_times: Json; attachments: string[] | null; auto_refill: boolean | null; best_time_to_give: Json; condition_being_treated: string | null; ... 40 more ...; updated_at: string | null; }' but required in type 'Medication'.
hooks/useMedications.ts(106,13): error TS2304: Cannot find name 'posthog'.
hooks/useNotifications.ts(76,7): error TS2304: Cannot find name 'posthog'.
hooks/useNotifications.ts(92,24): error TS2345: Argument of type 'string | undefined' is not assignable to parameter of type 'string'.
  Type 'undefined' is not assignable to type 'string'.
hooks/useNotifications.ts(97,7): error TS2304: Cannot find name 'posthog'.
hooks/useNotifications.ts(114,7): error TS2304: Cannot find name 'posthog'.
hooks/useNotifications.ts(129,24): error TS2345: Argument of type 'string | undefined' is not assignable to parameter of type 'string'.
  Type 'undefined' is not assignable to type 'string'.
hooks/useNotifications.ts(133,7): error TS2304: Cannot find name 'posthog'.
hooks/usePetBehavior.ts(34,29): error TS2345: Argument of type '{ created_at: string | null; id: string; notes: string | null; pet_id: string; tag: string; }[]' is not assignable to parameter of type 'SetStateAction<BehaviorTag[]>'.
  Type '{ created_at: string | null; id: string; notes: string | null; pet_id: string; tag: string; }[]' is not assignable to type 'BehaviorTag[]'.
    Type '{ created_at: string | null; id: string; notes: string | null; pet_id: string; tag: string; }' is not assignable to type 'BehaviorTag'.
      Types of property 'created_at' are incompatible.
        Type 'string | null' is not assignable to type 'string'.
          Type 'null' is not assignable to type 'string'.
hooks/usePetHealthData.ts(90,72): error TS2551: Property 'allergy_name' does not exist on type 'Allergy'. Did you mean 'allergen_name'?
hooks/usePetProfileData.ts(3,54): error TS2305: Module '"@/types"' has no exported member 'ActivityFeedItem'.
hooks/usePets.ts(41,25): error TS2352: Conversion of type '{ co_owner_email: string; co_owner_id: string | null; created_at: string | null; created_by: string | null; id: string; invite_token: string | null; main_owner_id: string; permissions: Json; role: string | null; status: string; updated_at: string | null; valid_until: string | null; }[]' to type 'CoOwner[]' may be a mistake because neither type sufficiently overlaps with the other. If this was intentional, convert the expression to 'unknown' first.
  Type '{ co_owner_email: string; co_owner_id: string | null; created_at: string | null; created_by: string | null; id: string; invite_token: string | null; main_owner_id: string; permissions: Json; role: string | null; status: string; updated_at: string | null; valid_until: string | null; }' is not comparable to type 'CoOwner'.
    Types of property 'permissions' are incompatible.
      Type 'Json' is not comparable to type 'CoOwnerPermissions | undefined'.
        Type 'Json[]' is missing the following properties from type 'CoOwnerPermissions': scope, pet_ids, access_level
hooks/usePets.ts(72,35): error TS2339: Property 'role' does not exist on type 'CoOwner'.
hooks/usePetSharing.ts(38,42): error TS2304: Cannot find name 'ShareToken'.
hooks/usePetSharing.ts(48,23): error TS2769: No overload matches this call.
  Overload 1 of 2, '(relation: "content" | "settings" | "notifications" | "pets" | "profiles" | "documents" | "users" | "roles" | "activity_logs" | "allergies" | "audit_logs" | "behavior_tags" | "breeds" | ... 25 more ... | "weight_entries"): PostgrestQueryBuilder<...>', gave the following error.
    Argument of type '"pet_share_tokens"' is not assignable to parameter of type '"content" | "settings" | "notifications" | "pets" | "profiles" | "documents" | "users" | "roles" | "activity_logs" | "allergies" | "audit_logs" | "behavior_tags" | "breeds" | ... 25 more ... | "weight_entries"'.
  Overload 2 of 2, '(relation: never): PostgrestQueryBuilder<{ PostgrestVersion: "13.0.5"; }, { Tables: { activity_logs: { Row: { activity_data: Json; activity_type: string; created_at: string | null; id: string; pet_id: string | null; profile_id: string; }; Insert: { ...; }; Update: { ...; }; Relationships: [...]; }; ... 37 more ...; weight_entries: { ...; }; }; Views: {}; Functions: { ...; }; Enums: {}; CompositeTypes: {}; }, never, never, never>', gave the following error.
    Argument of type '"pet_share_tokens"' is not assignable to parameter of type 'never'.
hooks/usePetSharing.ts(87,23): error TS2769: No overload matches this call.
  Overload 1 of 2, '(relation: "content" | "settings" | "notifications" | "pets" | "profiles" | "documents" | "users" | "roles" | "activity_logs" | "allergies" | "audit_logs" | "behavior_tags" | "breeds" | ... 25 more ... | "weight_entries"): PostgrestQueryBuilder<...>', gave the following error.
    Argument of type '"pet_share_tokens"' is not assignable to parameter of type '"content" | "settings" | "notifications" | "pets" | "profiles" | "documents" | "users" | "roles" | "activity_logs" | "allergies" | "audit_logs" | "behavior_tags" | "breeds" | ... 25 more ... | "weight_entries"'.
  Overload 2 of 2, '(relation: never): PostgrestQueryBuilder<{ PostgrestVersion: "13.0.5"; }, { Tables: { activity_logs: { Row: { activity_data: Json; activity_type: string; created_at: string | null; id: string; pet_id: string | null; profile_id: string; }; Insert: { ...; }; Update: { ...; }; Relationships: [...]; }; ... 37 more ...; weight_entries: { ...; }; }; Views: {}; Functions: { ...; }; Enums: {}; CompositeTypes: {}; }, never, never, never>', gave the following error.
    Argument of type '"pet_share_tokens"' is not assignable to parameter of type 'never'.
hooks/usePetSharing.ts(105,56): error TS1323: Dynamic imports are only supported when the '--module' flag is set to 'es2020', 'es2022', 'esnext', 'commonjs', 'amd', 'system', 'umd', 'node16', 'node18', 'node20', or 'nodenext'.
hooks/usePetSharing.ts(106,46): error TS2339: Property 'init' does not exist on type 'typeof PostHog'.
hooks/usePetSharing.ts(134,23): error TS2769: No overload matches this call.
  Overload 1 of 2, '(relation: "content" | "settings" | "notifications" | "pets" | "profiles" | "documents" | "users" | "roles" | "activity_logs" | "allergies" | "audit_logs" | "behavior_tags" | "breeds" | ... 25 more ... | "weight_entries"): PostgrestQueryBuilder<...>', gave the following error.
    Argument of type '"pet_share_tokens"' is not assignable to parameter of type '"content" | "settings" | "notifications" | "pets" | "profiles" | "documents" | "users" | "roles" | "activity_logs" | "allergies" | "audit_logs" | "behavior_tags" | "breeds" | ... 25 more ... | "weight_entries"'.
  Overload 2 of 2, '(relation: never): PostgrestQueryBuilder<{ PostgrestVersion: "13.0.5"; }, { Tables: { activity_logs: { Row: { activity_data: Json; activity_type: string; created_at: string | null; id: string; pet_id: string | null; profile_id: string; }; Insert: { ...; }; Update: { ...; }; Relationships: [...]; }; ... 37 more ...; weight_entries: { ...; }; }; Views: {}; Functions: { ...; }; Enums: {}; CompositeTypes: {}; }, never, never, never>', gave the following error.
    Argument of type '"pet_share_tokens"' is not assignable to parameter of type 'never'.
hooks/usePetSharing.ts(162,23): error TS2769: No overload matches this call.
  Overload 1 of 2, '(relation: "content" | "settings" | "notifications" | "pets" | "profiles" | "documents" | "users" | "roles" | "activity_logs" | "allergies" | "audit_logs" | "behavior_tags" | "breeds" | ... 25 more ... | "weight_entries"): PostgrestQueryBuilder<...>', gave the following error.
    Argument of type '"pet_share_tokens"' is not assignable to parameter of type '"content" | "settings" | "notifications" | "pets" | "profiles" | "documents" | "users" | "roles" | "activity_logs" | "allergies" | "audit_logs" | "behavior_tags" | "breeds" | ... 25 more ... | "weight_entries"'.
  Overload 2 of 2, '(relation: never): PostgrestQueryBuilder<{ PostgrestVersion: "13.0.5"; }, { Tables: { activity_logs: { Row: { activity_data: Json; activity_type: string; created_at: string | null; id: string; pet_id: string | null; profile_id: string; }; Insert: { ...; }; Update: { ...; }; Relationships: [...]; }; ... 37 more ...; weight_entries: { ...; }; }; Views: {}; Functions: { ...; }; Enums: {}; CompositeTypes: {}; }, never, never, never>', gave the following error.
    Argument of type '"pet_share_tokens"' is not assignable to parameter of type 'never'.
hooks/usePetSharing.ts(174,56): error TS1323: Dynamic imports are only supported when the '--module' flag is set to 'es2020', 'es2022', 'esnext', 'commonjs', 'amd', 'system', 'umd', 'node16', 'node18', 'node20', or 'nodenext'.
hooks/usePetSharing.ts(175,46): error TS2339: Property 'init' does not exist on type 'typeof PostHog'.
hooks/usePetSharing.ts(199,23): error TS2769: No overload matches this call.
  Overload 1 of 2, '(relation: "content" | "settings" | "notifications" | "pets" | "profiles" | "documents" | "users" | "roles" | "activity_logs" | "allergies" | "audit_logs" | "behavior_tags" | "breeds" | ... 25 more ... | "weight_entries"): PostgrestQueryBuilder<...>', gave the following error.
    Argument of type '"pet_share_tokens"' is not assignable to parameter of type '"content" | "settings" | "notifications" | "pets" | "profiles" | "documents" | "users" | "roles" | "activity_logs" | "allergies" | "audit_logs" | "behavior_tags" | "breeds" | ... 25 more ... | "weight_entries"'.
  Overload 2 of 2, '(relation: never): PostgrestQueryBuilder<{ PostgrestVersion: "13.0.5"; }, { Tables: { activity_logs: { Row: { activity_data: Json; activity_type: string; created_at: string | null; id: string; pet_id: string | null; profile_id: string; }; Insert: { ...; }; Update: { ...; }; Relationships: [...]; }; ... 37 more ...; weight_entries: { ...; }; }; Views: {}; Functions: { ...; }; Enums: {}; CompositeTypes: {}; }, never, never, never>', gave the following error.
    Argument of type '"pet_share_tokens"' is not assignable to parameter of type 'never'.
hooks/usePetSharing.ts(211,56): error TS1323: Dynamic imports are only supported when the '--module' flag is set to 'es2020', 'es2022', 'esnext', 'commonjs', 'amd', 'system', 'umd', 'node16', 'node18', 'node20', or 'nodenext'.
hooks/usePetSharing.ts(212,46): error TS2339: Property 'init' does not exist on type 'typeof PostHog'.
hooks/usePetSharing.ts(237,23): error TS2769: No overload matches this call.
  Overload 1 of 2, '(relation: "content" | "settings" | "notifications" | "pets" | "profiles" | "documents" | "users" | "roles" | "activity_logs" | "allergies" | "audit_logs" | "behavior_tags" | "breeds" | ... 25 more ... | "weight_entries"): PostgrestQueryBuilder<...>', gave the following error.
    Argument of type '"pet_share_tokens"' is not assignable to parameter of type '"content" | "settings" | "notifications" | "pets" | "profiles" | "documents" | "users" | "roles" | "activity_logs" | "allergies" | "audit_logs" | "behavior_tags" | "breeds" | ... 25 more ... | "weight_entries"'.
  Overload 2 of 2, '(relation: never): PostgrestQueryBuilder<{ PostgrestVersion: "13.0.5"; }, { Tables: { activity_logs: { Row: { activity_data: Json; activity_type: string; created_at: string | null; id: string; pet_id: string | null; profile_id: string; }; Insert: { ...; }; Update: { ...; }; Relationships: [...]; }; ... 37 more ...; weight_entries: { ...; }; }; Views: {}; Functions: { ...; }; Enums: {}; CompositeTypes: {}; }, never, never, never>', gave the following error.
    Argument of type '"pet_share_tokens"' is not assignable to parameter of type 'never'.
hooks/usePetSharing.ts(249,23): error TS2769: No overload matches this call.
  Overload 1 of 2, '(relation: "content" | "settings" | "notifications" | "pets" | "profiles" | "documents" | "users" | "roles" | "activity_logs" | "allergies" | "audit_logs" | "behavior_tags" | "breeds" | ... 25 more ... | "weight_entries"): PostgrestQueryBuilder<...>', gave the following error.
    Argument of type '"pet_share_tokens"' is not assignable to parameter of type '"content" | "settings" | "notifications" | "pets" | "profiles" | "documents" | "users" | "roles" | "activity_logs" | "allergies" | "audit_logs" | "behavior_tags" | "breeds" | ... 25 more ... | "weight_entries"'.
  Overload 2 of 2, '(relation: never): PostgrestQueryBuilder<{ PostgrestVersion: "13.0.5"; }, { Tables: { activity_logs: { Row: { activity_data: Json; activity_type: string; created_at: string | null; id: string; pet_id: string | null; profile_id: string; }; Insert: { ...; }; Update: { ...; }; Relationships: [...]; }; ... 37 more ...; weight_entries: { ...; }; }; Views: {}; Functions: { ...; }; Enums: {}; CompositeTypes: {}; }, never, never, never>', gave the following error.
    Argument of type '"pet_share_tokens"' is not assignable to parameter of type 'never'.
hooks/usePetSharing.ts(251,21): error TS2353: Object literal may only specify known properties, and 'accessed_count' does not exist in type '{ activity_data?: Json | undefined; activity_type?: string | undefined; created_at?: string | null | undefined; id?: string | undefined; pet_id?: string | null | undefined; profile_id?: string | undefined; } | ... 37 more ... | { ...; }'.
hooks/usePetSharing.ts(251,47): error TS2339: Property 'accessed_count' does not exist on type '{ address: string | null; bio: string | null; country_code: string | null; created_at: string | null; date_of_birth: string | null; first_name: string | null; gender: string | null; ... 11 more ...; website: string | null; } | ... 37 more ... | { ...; }'.
  Property 'accessed_count' does not exist on type '{ address: string | null; bio: string | null; country_code: string | null; created_at: string | null; date_of_birth: string | null; first_name: string | null; gender: string | null; ... 11 more ...; website: string | null; }'.
hooks/usePetSharing.ts(260,37): error TS2339: Property 'pet_id' does not exist on type '{ address: string | null; bio: string | null; country_code: string | null; created_at: string | null; date_of_birth: string | null; first_name: string | null; gender: string | null; ... 11 more ...; website: string | null; } | ... 37 more ... | { ...; }'.
  Property 'pet_id' does not exist on type '{ address: string | null; bio: string | null; country_code: string | null; created_at: string | null; date_of_birth: string | null; first_name: string | null; gender: string | null; ... 11 more ...; website: string | null; }'.
hooks/usePetSharing.ts(267,19): error TS2322: Type '{ id: string; name: string; species: string; breed: string | null; gender: string | null; date_of_birth: string | null; photo_url: string | null; microchip_number: string | null; }' is not assignable to type 'SharedPetData'.
  Types of property 'breed' are incompatible.
    Type 'string | null' is not assignable to type 'string | undefined'.
      Type 'null' is not assignable to type 'string | undefined'.
hooks/usePetSharing.ts(270,27): error TS2339: Property 'permission_level' does not exist on type '{ address: string | null; bio: string | null; country_code: string | null; created_at: string | null; date_of_birth: string | null; first_name: string | null; gender: string | null; ... 11 more ...; website: string | null; } | ... 37 more ... | { ...; }'.
  Property 'permission_level' does not exist on type '{ address: string | null; bio: string | null; country_code: string | null; created_at: string | null; date_of_birth: string | null; first_name: string | null; gender: string | null; ... 11 more ...; website: string | null; }'.
hooks/usePetSharing.ts(275,45): error TS2339: Property 'pet_id' does not exist on type '{ address: string | null; bio: string | null; country_code: string | null; created_at: string | null; date_of_birth: string | null; first_name: string | null; gender: string | null; ... 11 more ...; website: string | null; } | ... 37 more ... | { ...; }'.
  Property 'pet_id' does not exist on type '{ address: string | null; bio: string | null; country_code: string | null; created_at: string | null; date_of_birth: string | null; first_name: string | null; gender: string | null; ... 11 more ...; website: string | null; }'.
hooks/usePetSharing.ts(281,45): error TS2339: Property 'pet_id' does not exist on type '{ address: string | null; bio: string | null; country_code: string | null; created_at: string | null; date_of_birth: string | null; first_name: string | null; gender: string | null; ... 11 more ...; website: string | null; } | ... 37 more ... | { ...; }'.
  Property 'pet_id' does not exist on type '{ address: string | null; bio: string | null; country_code: string | null; created_at: string | null; date_of_birth: string | null; first_name: string | null; gender: string | null; ... 11 more ...; website: string | null; }'.
hooks/usePetSharing.ts(288,45): error TS2339: Property 'pet_id' does not exist on type '{ address: string | null; bio: string | null; country_code: string | null; created_at: string | null; date_of_birth: string | null; first_name: string | null; gender: string | null; ... 11 more ...; website: string | null; } | ... 37 more ... | { ...; }'.
  Property 'pet_id' does not exist on type '{ address: string | null; bio: string | null; country_code: string | null; created_at: string | null; date_of_birth: string | null; first_name: string | null; gender: string | null; ... 11 more ...; website: string | null; }'.
hooks/usePetSharing.ts(295,45): error TS2339: Property 'pet_id' does not exist on type '{ address: string | null; bio: string | null; country_code: string | null; created_at: string | null; date_of_birth: string | null; first_name: string | null; gender: string | null; ... 11 more ...; website: string | null; } | ... 37 more ... | { ...; }'.
  Property 'pet_id' does not exist on type '{ address: string | null; bio: string | null; country_code: string | null; created_at: string | null; date_of_birth: string | null; first_name: string | null; gender: string | null; ... 11 more ...; website: string | null; }'.
hooks/usePetSharing.ts(301,45): error TS2339: Property 'pet_id' does not exist on type '{ address: string | null; bio: string | null; country_code: string | null; created_at: string | null; date_of_birth: string | null; first_name: string | null; gender: string | null; ... 11 more ...; website: string | null; } | ... 37 more ... | { ...; }'.
  Property 'pet_id' does not exist on type '{ address: string | null; bio: string | null; country_code: string | null; created_at: string | null; date_of_birth: string | null; first_name: string | null; gender: string | null; ... 11 more ...; website: string | null; }'.
hooks/usePriorities.ts(22,56): error TS2554: Expected 1 arguments, but got 0.
hooks/usePriorities.ts(23,48): error TS2554: Expected 1 arguments, but got 0.
hooks/usePriorities.ts(77,55): error TS2551: Property 'next_dose_date' does not exist on type '{ category: string; cost: number | null; created_at: string | null; currency: string | null; dosage: string | null; dosage_unit: string | null; dosage_value: number | null; end_date: string | null; ... 11 more ...; vet: string | null; }'. Did you mean 'next_due_date'?
hooks/usePriorities.ts(84,90): error TS2551: Property 'next_dose_date' does not exist on type '{ category: string; cost: number | null; created_at: string | null; currency: string | null; dosage: string | null; dosage_unit: string | null; dosage_value: number | null; end_date: string | null; ... 11 more ...; vet: string | null; }'. Did you mean 'next_due_date'?
hooks/usePriorities.ts(86,36): error TS2551: Property 'next_dose_date' does not exist on type '{ category: string; cost: number | null; created_at: string | null; currency: string | null; dosage: string | null; dosage_unit: string | null; dosage_value: number | null; end_date: string | null; ... 11 more ...; vet: string | null; }'. Did you mean 'next_due_date'?
hooks/usePriorities.ts(87,51): error TS2551: Property 'next_dose_date' does not exist on type '{ category: string; cost: number | null; created_at: string | null; currency: string | null; dosage: string | null; dosage_unit: string | null; dosage_value: number | null; end_date: string | null; ... 11 more ...; vet: string | null; }'. Did you mean 'next_due_date'?
hooks/usePriorities.ts(98,40): error TS2551: Property 'visit_date' does not exist on type '{ attachments: Json; business_email: string | null; business_lat: number | null; business_lng: number | null; business_name: string | null; business_phone: string | null; ... 31 more ...; visit_time: string | null; }'. Did you mean 'visit_time'?
hooks/usePriorities.ts(105,91): error TS2551: Property 'visit_date' does not exist on type '{ attachments: Json; business_email: string | null; business_lat: number | null; business_lng: number | null; business_name: string | null; business_phone: string | null; ... 31 more ...; visit_time: string | null; }'. Did you mean 'visit_time'?
hooks/usePriorities.ts(107,36): error TS2551: Property 'visit_date' does not exist on type '{ attachments: Json; business_email: string | null; business_lat: number | null; business_lng: number | null; business_name: string | null; business_phone: string | null; ... 31 more ...; visit_time: string | null; }'. Did you mean 'visit_time'?
hooks/usePriorityAlerts.ts(93,71): error TS2339: Property 'pet_id' does not exist on type 'SelectQueryError<"column 'treatment_type' does not exist on 'treatments'.">'.
hooks/usePriorityAlerts.ts(94,48): error TS2339: Property 'next_appointment_date' does not exist on type 'SelectQueryError<"column 'treatment_type' does not exist on 'treatments'.">'.
hooks/usePriorityAlerts.ts(96,60): error TS2339: Property 'next_appointment_date' does not exist on type 'SelectQueryError<"column 'treatment_type' does not exist on 'treatments'.">'.
hooks/usePriorityAlerts.ts(100,43): error TS2339: Property 'id' does not exist on type 'SelectQueryError<"column 'treatment_type' does not exist on 'treatments'.">'.
hooks/usePriorityAlerts.ts(102,49): error TS2339: Property 'treatment_type' does not exist on type 'SelectQueryError<"column 'treatment_type' does not exist on 'treatments'.">'.
hooks/usePriorityAlerts.ts(106,48): error TS2339: Property 'next_appointment_date' does not exist on type 'SelectQueryError<"column 'treatment_type' does not exist on 'treatments'.">'.
hooks/useProfile.ts(27,18): error TS2345: Argument of type '{ address: string | null; bio: string | null; country_code: string | null; created_at: string | null; date_of_birth: string | null; first_name: string | null; gender: string | null; ... 11 more ...; website: string | null; }' is not assignable to parameter of type 'SetStateAction<Profile | null>'.
  Type '{ address: string | null; bio: string | null; country_code: string | null; created_at: string | null; date_of_birth: string | null; first_name: string | null; gender: string | null; ... 11 more ...; website: string | null; }' is not assignable to type 'Profile'.
    Type '{ address: string | null; bio: string | null; country_code: string | null; created_at: string | null; date_of_birth: string | null; first_name: string | null; gender: string | null; ... 11 more ...; website: string | null; }' is not assignable to type '{ gender?: "female" | "male" | "non_binary" | "prefer_not_to_say" | null | undefined; }'.
      Types of property 'gender' are incompatible.
        Type 'string | null' is not assignable to type '"female" | "male" | "non_binary" | "prefer_not_to_say" | null | undefined'.
          Type 'string' is not assignable to type '"female" | "male" | "non_binary" | "prefer_not_to_say" | null | undefined'.
hooks/useProfile.ts(74,29): error TS2339: Property 'full_name' does not exist on type 'Partial<Profile>'.
hooks/usePublicShare.ts(54,10): error TS2769: No overload matches this call.
  Overload 1 of 2, '(values: { created_at?: string | null | undefined; created_by: string; id?: string | undefined; pet_id: string; settings?: Json | undefined; token: string; valid_until?: string | null | undefined; views?: number | ... 1 more ... | undefined; }, options?: { ...; } | undefined): PostgrestFilterBuilder<...>', gave the following error.
    Type 'string | undefined' is not assignable to type 'string'.
      Type 'undefined' is not assignable to type 'string'.
  Overload 2 of 2, '(values: { created_at?: string | null | undefined; created_by: string; id?: string | undefined; pet_id: string; settings?: Json | undefined; token: string; valid_until?: string | null | undefined; views?: number | ... 1 more ... | undefined; }[], options?: { ...; } | undefined): PostgrestFilterBuilder<...>', gave the following error.
    Object literal may only specify known properties, and 'pet_id' does not exist in type '{ created_at?: string | null | undefined; created_by: string; id?: string | undefined; pet_id: string; settings?: Json | undefined; token: string; valid_until?: string | null | undefined; views?: number | ... 1 more ... | undefined; }[]'.
hooks/usePublicShare.ts(64,14): error TS2352: Conversion of type '{ created_at: string | null; created_by: string; id: string; pet_id: string; settings: Json; token: string; valid_until: string | null; views: number | null; }' to type 'PublicShare' may be a mistake because neither type sufficiently overlaps with the other. If this was intentional, convert the expression to 'unknown' first.
  Types of property 'settings' are incompatible.
    Type 'Json' is not comparable to type '{ preset: SharePreset; }'.
      Property 'preset' is missing in type 'Json[]' but required in type '{ preset: SharePreset; }'.
hooks/usePublicShare.ts(101,14): error TS2352: Conversion of type '{ created_at: string | null; created_by: string; id: string; pet_id: string; settings: Json; token: string; valid_until: string | null; views: number | null; }[]' to type 'PublicShare[]' may be a mistake because neither type sufficiently overlaps with the other. If this was intentional, convert the expression to 'unknown' first.
  Type '{ created_at: string | null; created_by: string; id: string; pet_id: string; settings: Json; token: string; valid_until: string | null; views: number | null; }' is not comparable to type 'PublicShare'.
    Types of property 'settings' are incompatible.
      Type 'Json' is not comparable to type '{ preset: SharePreset; }'.
        Property 'preset' is missing in type 'Json[]' but required in type '{ preset: SharePreset; }'.
hooks/usePublicShare.ts(117,24): error TS2339: Property 'error' does not exist on type 'string | number | true | { [key: string]: Json | undefined; } | Json[]'.
  Property 'error' does not exist on type 'string'.
hooks/usePublicShare.ts(117,52): error TS2339: Property 'error' does not exist on type 'string | number | true | { [key: string]: Json | undefined; } | Json[]'.
  Property 'error' does not exist on type 'string'.
hooks/usePublicShare.ts(119,14): error TS2352: Conversion of type 'string | number | boolean | { [key: string]: Json | undefined; } | Json[] | null' to type 'PublicPetProfile' may be a mistake because neither type sufficiently overlaps with the other. If this was intentional, convert the expression to 'unknown' first.
  Type 'Json[]' is missing the following properties from type 'PublicPetProfile': pet, owner, settings, details
hooks/useVeterinarians.ts(71,7): error TS2304: Cannot find name 'posthog'.
hooks/useVeterinarians.ts(103,7): error TS2304: Cannot find name 'posthog'.
hooks/useVeterinarians.ts(128,7): error TS2304: Cannot find name 'posthog'.
hooks/useWeightEntries.ts(80,7): error TS2304: Cannot find name 'posthog'.
hooks/useWeightEntries.ts(108,7): error TS2304: Cannot find name 'posthog'.
hooks/useWeightEntries.ts(133,7): error TS2304: Cannot find name 'posthog'.
lib/api.ts(120,9): error TS2322: Type '{ 'Content-Type': undefined; }' is not assignable to type 'HeadersInit | undefined'.
  Type '{ 'Content-Type': undefined; }' is not assignable to type 'undefined'.
lib/posthog.ts(20,41): error TS2339: Property 'init' does not exist on type 'typeof PostHog'.
types/passport.ts(686,62): error TS2677: A type predicate's type must be assignable to its parameter's type.
  Type 'Vaccination' is missing the following properties from type 'MedicalEvent': eventType, eventDate, title, description
utils/validation/schemas.ts(11,16): error TS2769: No overload matches this call.
  Overload 1 of 2, '(values: readonly ["dog", "cat", "bird", "rabbit", "reptile", "other"], params?: string | { error?: string | $ZodErrorMap<$ZodIssueInvalidValue<unknown>> | undefined; message?: string | undefined; } | undefined): ZodEnum<...>', gave the following error.
    Object literal may only specify known properties, and 'errorMap' does not exist in type '{ error?: string | $ZodErrorMap<$ZodIssueInvalidValue<unknown>> | undefined; message?: string | undefined; }'.
  Overload 2 of 2, '(entries: Readonly<Record<string, EnumValue>>, params?: string | { error?: string | $ZodErrorMap<$ZodIssueInvalidValue<unknown>> | undefined; message?: string | undefined; } | undefined): ZodEnum<...>', gave the following error.
    Argument of type 'string[]' is not assignable to parameter of type 'Readonly<Record<string, EnumValue>>'.
      Index signature for type 'string' is missing in type 'string[]'.
utils/validation/schemas.ts(15,15): error TS2769: No overload matches this call.
  Overload 1 of 2, '(values: readonly ["male", "female"], params?: string | { error?: string | $ZodErrorMap<$ZodIssueInvalidValue<unknown>> | undefined; message?: string | undefined; } | undefined): ZodEnum<...>', gave the following error.
    Object literal may only specify known properties, and 'errorMap' does not exist in type '{ error?: string | $ZodErrorMap<$ZodIssueInvalidValue<unknown>> | undefined; message?: string | undefined; }'.
  Overload 2 of 2, '(entries: Readonly<Record<string, EnumValue>>, params?: string | { error?: string | $ZodErrorMap<$ZodIssueInvalidValue<unknown>> | undefined; message?: string | undefined; } | undefined): ZodEnum<...>', gave the following error.
    Argument of type 'string[]' is not assignable to parameter of type 'Readonly<Record<string, EnumValue>>'.
      Index signature for type 'string' is missing in type 'string[]'.
utils/validation/schemas.ts(44,9): error TS2353: Object literal may only specify known properties, and 'required_error' does not exist in type '{ error?: string | $ZodErrorMap<$ZodIssueInvalidType<unknown>> | undefined; message?: string | undefined; }'.
utils/validation/schemas.ts(70,13): error TS2769: No overload matches this call.
  Overload 1 of 2, '(values: readonly ["core", "non_core", "optional"], params?: string | { error?: string | $ZodErrorMap<$ZodIssueInvalidValue<unknown>> | undefined; message?: string | undefined; } | undefined): ZodEnum<...>', gave the following error.
    Object literal may only specify known properties, and 'errorMap' does not exist in type '{ error?: string | $ZodErrorMap<$ZodIssueInvalidValue<unknown>> | undefined; message?: string | undefined; }'.
  Overload 2 of 2, '(entries: Readonly<Record<string, EnumValue>>, params?: string | { error?: string | $ZodErrorMap<$ZodIssueInvalidValue<unknown>> | undefined; message?: string | undefined; } | undefined): ZodEnum<...>', gave the following error.
    Argument of type 'string[]' is not assignable to parameter of type 'Readonly<Record<string, EnumValue>>'.
      Index signature for type 'string' is missing in type 'string[]'.
utils/validation/schemas.ts(74,9): error TS2353: Object literal may only specify known properties, and 'required_error' does not exist in type '{ error?: string | $ZodErrorMap<$ZodIssueInvalidType<unknown>> | undefined; message?: string | undefined; }'.
utils/validation/schemas.ts(102,13): error TS2769: No overload matches this call.
  Overload 1 of 2, '(values: readonly ["vet_appointment", "grooming", "training", "medication", "other"], params?: string | { error?: string | $ZodErrorMap<$ZodIssueInvalidValue<unknown>> | undefined; message?: string | undefined; } | undefined): ZodEnum<...>', gave the following error.
    Object literal may only specify known properties, and 'errorMap' does not exist in type '{ error?: string | $ZodErrorMap<$ZodIssueInvalidValue<unknown>> | undefined; message?: string | undefined; }'.
  Overload 2 of 2, '(entries: Readonly<Record<string, EnumValue>>, params?: string | { error?: string | $ZodErrorMap<$ZodIssueInvalidValue<unknown>> | undefined; message?: string | undefined; } | undefined): ZodEnum<...>', gave the following error.
    Argument of type 'string[]' is not assignable to parameter of type 'Readonly<Record<string, EnumValue>>'.
      Index signature for type 'string' is missing in type 'string[]'.
utils/validation/schemas.ts(106,9): error TS2353: Object literal may only specify known properties, and 'required_error' does not exist in type '{ error?: string | $ZodErrorMap<$ZodIssueInvalidType<unknown>> | undefined; message?: string | undefined; }'.
utils/validation/schemas.ts(132,9): error TS2353: Object literal may only specify known properties, and 'required_error' does not exist in type '{ error?: string | $ZodErrorMap<$ZodIssueInvalidType<unknown>> | undefined; message?: string | undefined; }'.
utils/validation/schemas.ts(159,17): error TS2769: No overload matches this call.
  Overload 1 of 2, '(values: readonly ["medical", "vaccination", "insurance", "adoption", "other"], params?: string | { error?: string | $ZodErrorMap<$ZodIssueInvalidValue<unknown>> | undefined; message?: string | undefined; } | undefined): ZodEnum<...>', gave the following error.
    Object literal may only specify known properties, and 'errorMap' does not exist in type '{ error?: string | $ZodErrorMap<$ZodIssueInvalidValue<unknown>> | undefined; message?: string | undefined; }'.
  Overload 2 of 2, '(entries: Readonly<Record<string, EnumValue>>, params?: string | { error?: string | $ZodErrorMap<$ZodIssueInvalidValue<unknown>> | undefined; message?: string | undefined; } | undefined): ZodEnum<...>', gave the following error.
    Argument of type 'string[]' is not assignable to parameter of type 'Readonly<Record<string, EnumValue>>'.
      Index signature for type 'string' is missing in type 'string[]'.
waggly/documents/architecture/tamagui.config.ts(6,24): error TS2307: Cannot find module './design-system/tokens/colors' or its corresponding type declarations.
waggly/documents/architecture/tamagui.config.ts(7,25): error TS2307: Cannot find module './design-system/tokens/spacing' or its corresponding type declarations.
waggly/documents/architecture/tamagui.config.ts(8,28): error TS2307: Cannot find module './design-system/tokens/typography' or its corresponding type declarations.
waggly/documents/architecture/tamagui.config.ts(9,23): error TS2307: Cannot find module './design-system/tokens/radii' or its corresponding type declarations.
